xacro: in-order processing became default in ROS Melodic. You can drop the option.
xacro: in-order processing became default in ROS Melodic. You can drop the option.
... logging to /data/lzq/.ros/log/f4ba6a5e-25f6-11f1-9841-ef63e69f4ffa/roslaunch-lzq-134979.log
Checking log directory for disk usage. This may take a while.
Press Ctrl-C to interrupt
]2;/data/lzq/ros_motion_planning/src/sim_env/launch/main.launch
[1mstarted roslaunch server http://lzq:36415/[0m

SUMMARY
========

PARAMETERS
 * /gazebo/enable_ros_network: True
 * /robot1/move_base/PIDController/base_frame: base_link
 * /robot1/move_base/PIDController/convert_offset: 0.0
 * /robot1/move_base/PIDController/goal_dist_tolerance: 0.2
 * /robot1/move_base/PIDController/k: 1.0
 * /robot1/move_base/PIDController/k_theta: 0.7
 * /robot1/move_base/PIDController/k_v_d: 0.1
 * /robot1/move_base/PIDController/k_v_i: 0.1
 * /robot1/move_base/PIDController/k_v_p: 1.0
 * /robot1/move_base/PIDController/k_w_d: 0.1
 * /robot1/move_base/PIDController/k_w_i: 0.1
 * /robot1/move_base/PIDController/k_w_p: 1.0
 * /robot1/move_base/PIDController/l: 0.2
 * /robot1/move_base/PIDController/lookahead_time: 0.5
 * /robot1/move_base/PIDController/map_frame: map
 * /robot1/move_base/PIDController/max_lookahead_dist: 0.9
 * /robot1/move_base/PIDController/max_v: 0.5
 * /robot1/move_base/PIDController/max_v_inc: 0.5
 * /robot1/move_base/PIDController/max_w: 1.57
 * /robot1/move_base/PIDController/max_w_inc: 1.57
 * /robot1/move_base/PIDController/min_lookahead_dist: 0.3
 * /robot1/move_base/PIDController/min_v: 0.0
 * /robot1/move_base/PIDController/min_w: 0.0
 * /robot1/move_base/PIDController/rotate_tolerance: 0.5
 * /robot1/move_base/PathPlanner/convert_offset: 0.0
 * /robot1/move_base/PathPlanner/default_tolerance: 0.0
 * /robot1/move_base/PathPlanner/expand_zone: True
 * /robot1/move_base/PathPlanner/hybrid_astar/analytic_expansion_max_length: 5.0
 * /robot1/move_base/PathPlanner/hybrid_astar/analytic_expansion_ratio: 1.5
 * /robot1/move_base/PathPlanner/hybrid_astar/cache_obstacle_heuristic: False
 * /robot1/move_base/PathPlanner/hybrid_astar/change_penalty: 0.4
 * /robot1/move_base/PathPlanner/hybrid_astar/cost_penalty: 2.0
 * /robot1/move_base/PathPlanner/hybrid_astar/curve_sample_ratio: 0.15
 * /robot1/move_base/PathPlanner/hybrid_astar/dim_3_size: 32
 * /robot1/move_base/PathPlanner/hybrid_astar/downsample_obstacle_heuristic: True
 * /robot1/move_base/PathPlanner/hybrid_astar/goal_tolerance: 0.2
 * /robot1/move_base/PathPlanner/hybrid_astar/lookup_table_dim: 20.0
 * /robot1/move_base/PathPlanner/hybrid_astar/max_approach_iterations: 500
 * /robot1/move_base/PathPlanner/hybrid_astar/max_iterations: 20000
 * /robot1/move_base/PathPlanner/hybrid_astar/minimum_turning_radius: 0.3
 * /robot1/move_base/PathPlanner/hybrid_astar/motion_model: 2
 * /robot1/move_base/PathPlanner/hybrid_astar/non_straight_penalty: 1.5
 * /robot1/move_base/PathPlanner/hybrid_astar/retrospective_penalty: 0.025
 * /robot1/move_base/PathPlanner/hybrid_astar/reverse_penalty: 2.5
 * /robot1/move_base/PathPlanner/hybrid_astar/traverse_unknown: False
 * /robot1/move_base/PathPlanner/obstacle_factor: 0.5
 * /robot1/move_base/PathPlanner/outline_map: True
 * /robot1/move_base/PathPlanner/planner_name: theta_star
 * /robot1/move_base/PathPlanner/show_safety_corridor: False
 * /robot1/move_base/base_global_planner: path_planner/Path...
 * /robot1/move_base/base_local_planner: pid_controller/PI...
 * /robot1/move_base/conservative_reset_dist: 3.0
 * /robot1/move_base/controller_frequency: 20.0
 * /robot1/move_base/controller_patience: 15.0
 * /robot1/move_base/global_costmap/footprint: [[-0.21, -0.165],...
 * /robot1/move_base/global_costmap/footprint_padding: 0.1
 * /robot1/move_base/global_costmap/global_frame: map
 * /robot1/move_base/global_costmap/inflation_layer/cost_scaling_factor: 5
 * /robot1/move_base/global_costmap/inflation_layer/enabled: True
 * /robot1/move_base/global_costmap/inflation_layer/inflation_radius: 0.2
 * /robot1/move_base/global_costmap/map_type: costmap
 * /robot1/move_base/global_costmap/meter_scoring: True
 * /robot1/move_base/global_costmap/obstacle_layer/observation_sources: scan
 * /robot1/move_base/global_costmap/obstacle_layer/scan/clearing: True
 * /robot1/move_base/global_costmap/obstacle_layer/scan/data_type: LaserScan
 * /robot1/move_base/global_costmap/obstacle_layer/scan/expected_update_rate: 1
 * /robot1/move_base/global_costmap/obstacle_layer/scan/inf_is_valid: True
 * /robot1/move_base/global_costmap/obstacle_layer/scan/marking: True
 * /robot1/move_base/global_costmap/obstacle_layer/scan/max_obstacle_height: 0.2
 * /robot1/move_base/global_costmap/obstacle_layer/scan/min_obstacle_height: 0.0
 * /robot1/move_base/global_costmap/obstacle_layer/scan/observation_persistence: 0.0
 * /robot1/move_base/global_costmap/obstacle_layer/scan/obstacle_range: 2.5
 * /robot1/move_base/global_costmap/obstacle_layer/scan/raytrace_range: 3.0
 * /robot1/move_base/global_costmap/obstacle_layer/scan/sensor_frame: robot1/base_footp...
 * /robot1/move_base/global_costmap/obstacle_layer/scan/topic: /robot1/scan
 * /robot1/move_base/global_costmap/origin_z: 0.0
 * /robot1/move_base/global_costmap/plugins: [{'name': 'static...
 * /robot1/move_base/global_costmap/publish_frequency: 0.5
 * /robot1/move_base/global_costmap/publish_voxel_map: False
 * /robot1/move_base/global_costmap/robot_base_frame: robot1/base_footp...
 * /robot1/move_base/global_costmap/scan/sensor_frame: robot1/base_scan
 * /robot1/move_base/global_costmap/scan/topic: /robot1/scan
 * /robot1/move_base/global_costmap/static_map/clear_time: 20
 * /robot1/move_base/global_costmap/static_map/enabled: True
 * /robot1/move_base/global_costmap/static_map/publish_static_map: True
 * /robot1/move_base/global_costmap/transform_tolerance: 0.2
 * /robot1/move_base/global_costmap/update_frequency: 1.0
 * /robot1/move_base/global_costmap/z_resolution: 1
 * /robot1/move_base/global_costmap/z_voxels: 2
 * /robot1/move_base/local_costmap/global_frame: robot1/odom
 * /robot1/move_base/local_costmap/height: 3
 * /robot1/move_base/local_costmap/inflation_radius: 0.2
 * /robot1/move_base/local_costmap/plugins: [{'name': 'obstac...
 * /robot1/move_base/local_costmap/publish_frequency: 0.5
 * /robot1/move_base/local_costmap/resolution: 0.05
 * /robot1/move_base/local_costmap/robot_base_frame: robot1/base_footp...
 * /robot1/move_base/local_costmap/rolling_window: True
 * /robot1/move_base/local_costmap/scan/sensor_frame: robot1/base_scan
 * /robot1/move_base/local_costmap/scan/topic: /robot1/scan
 * /robot1/move_base/local_costmap/static_map: False
 * /robot1/move_base/local_costmap/transform_tolerance: 1.0
 * /robot1/move_base/local_costmap/update_frequency: 1.0
 * /robot1/move_base/local_costmap/width: 3
 * /robot1/move_base/oscillation_distance: 0.2
 * /robot1/move_base/oscillation_timeout: 10.0
 * /robot1/move_base/planner_frequency: 2
 * /robot1/move_base/planner_patience: 5.0
 * /robot1/move_base/shutdown_costmaps: False
 * /robot1/move_base/transform_tolerance: 2.0
 * /robot1/robot_description: <?xml version="1....
 * /robot1/tf_map2odom_node/odom_frame_id: robot1/odom
 * /robot1/tf_prefix: robot1
 * /robot2/move_base/NoMaDPlanner/connect_timeout: 5.0
 * /robot2/move_base/NoMaDPlanner/log_plan_summary: False
 * /robot2/move_base/NoMaDPlanner/request_timeout: 3.0
 * /robot2/move_base/NoMaDPlanner/retry_count: 1
 * /robot2/move_base/NoMaDPlanner/service_name: /nomad/make_plan
 * /robot2/move_base/PIDController/base_frame: base_link
 * /robot2/move_base/PIDController/convert_offset: 0.0
 * /robot2/move_base/PIDController/goal_dist_tolerance: 0.2
 * /robot2/move_base/PIDController/k: 1.0
 * /robot2/move_base/PIDController/k_theta: 0.7
 * /robot2/move_base/PIDController/k_v_d: 0.1
 * /robot2/move_base/PIDController/k_v_i: 0.1
 * /robot2/move_base/PIDController/k_v_p: 1.0
 * /robot2/move_base/PIDController/k_w_d: 0.1
 * /robot2/move_base/PIDController/k_w_i: 0.1
 * /robot2/move_base/PIDController/k_w_p: 1.0
 * /robot2/move_base/PIDController/l: 0.2
 * /robot2/move_base/PIDController/lookahead_time: 0.5
 * /robot2/move_base/PIDController/map_frame: map
 * /robot2/move_base/PIDController/max_lookahead_dist: 0.9
 * /robot2/move_base/PIDController/max_v: 0.5
 * /robot2/move_base/PIDController/max_v_inc: 0.5
 * /robot2/move_base/PIDController/max_w: 1.57
 * /robot2/move_base/PIDController/max_w_inc: 1.57
 * /robot2/move_base/PIDController/min_lookahead_dist: 0.3
 * /robot2/move_base/PIDController/min_v: 0.0
 * /robot2/move_base/PIDController/min_w: 0.0
 * /robot2/move_base/PIDController/rotate_tolerance: 0.5
 * /robot2/move_base/PathPlanner/convert_offset: 0.0
 * /robot2/move_base/PathPlanner/default_tolerance: 0.0
 * /robot2/move_base/PathPlanner/expand_zone: True
 * /robot2/move_base/PathPlanner/obstacle_factor: 0.5
 * /robot2/move_base/PathPlanner/outline_map: True
 * /robot2/move_base/PathPlanner/show_safety_corridor: False
 * /robot2/move_base/base_global_planner: nomad_planner/NoM...
 * /robot2/move_base/base_local_planner: pid_controller/PI...
 * /robot2/move_base/conservative_reset_dist: 3.0
 * /robot2/move_base/controller_frequency: 20.0
 * /robot2/move_base/controller_patience: 15.0
 * /robot2/move_base/global_costmap/footprint: [[-0.21, -0.165],...
 * /robot2/move_base/global_costmap/footprint_padding: 0.1
 * /robot2/move_base/global_costmap/global_frame: map
 * /robot2/move_base/global_costmap/inflation_layer/cost_scaling_factor: 5
 * /robot2/move_base/global_costmap/inflation_layer/enabled: True
 * /robot2/move_base/global_costmap/inflation_layer/inflation_radius: 0.2
 * /robot2/move_base/global_costmap/map_type: costmap
 * /robot2/move_base/global_costmap/meter_scoring: True
 * /robot2/move_base/global_costmap/obstacle_layer/observation_sources: scan
 * /robot2/move_base/global_costmap/obstacle_layer/scan/clearing: True
 * /robot2/move_base/global_costmap/obstacle_layer/scan/data_type: LaserScan
 * /robot2/move_base/global_costmap/obstacle_layer/scan/expected_update_rate: 1
 * /robot2/move_base/global_costmap/obstacle_layer/scan/inf_is_valid: True
 * /robot2/move_base/global_costmap/obstacle_layer/scan/marking: True
 * /robot2/move_base/global_costmap/obstacle_layer/scan/max_obstacle_height: 0.2
 * /robot2/move_base/global_costmap/obstacle_layer/scan/min_obstacle_height: 0.0
 * /robot2/move_base/global_costmap/obstacle_layer/scan/observation_persistence: 0.0
 * /robot2/move_base/global_costmap/obstacle_layer/scan/obstacle_range: 2.5
 * /robot2/move_base/global_costmap/obstacle_layer/scan/raytrace_range: 3.0
 * /robot2/move_base/global_costmap/obstacle_layer/scan/sensor_frame: robot2/base_footp...
 * /robot2/move_base/global_costmap/obstacle_layer/scan/topic: /robot2/scan
 * /robot2/move_base/global_costmap/origin_z: 0.0
 * /robot2/move_base/global_costmap/plugins: [{'name': 'static...
 * /robot2/move_base/global_costmap/publish_frequency: 0.5
 * /robot2/move_base/global_costmap/publish_voxel_map: False
 * /robot2/move_base/global_costmap/robot_base_frame: robot2/base_footp...
 * /robot2/move_base/global_costmap/scan/sensor_frame: robot2/base_scan
 * /robot2/move_base/global_costmap/scan/topic: /robot2/scan
 * /robot2/move_base/global_costmap/static_map/clear_time: 20
 * /robot2/move_base/global_costmap/static_map/enabled: True
 * /robot2/move_base/global_costmap/static_map/publish_static_map: True
 * /robot2/move_base/global_costmap/transform_tolerance: 0.2
 * /robot2/move_base/global_costmap/update_frequency: 1.0
 * /robot2/move_base/global_costmap/z_resolution: 1
 * /robot2/move_base/global_costmap/z_voxels: 2
 * /robot2/move_base/local_costmap/global_frame: robot2/odom
 * /robot2/move_base/local_costmap/height: 3
 * /robot2/move_base/local_costmap/inflation_radius: 0.2
 * /robot2/move_base/local_costmap/plugins: [{'name': 'obstac...
 * /robot2/move_base/local_costmap/publish_frequency: 0.5
 * /robot2/move_base/local_costmap/resolution: 0.05
 * /robot2/move_base/local_costmap/robot_base_frame: robot2/base_footp...
 * /robot2/move_base/local_costmap/rolling_window: True
 * /robot2/move_base/local_costmap/scan/sensor_frame: robot2/base_scan
 * /robot2/move_base/local_costmap/scan/topic: /robot2/scan
 * /robot2/move_base/local_costmap/static_map: False
 * /robot2/move_base/local_costmap/transform_tolerance: 1.0
 * /robot2/move_base/local_costmap/update_frequency: 1.0
 * /robot2/move_base/local_costmap/width: 3
 * /robot2/move_base/oscillation_distance: 0.2
 * /robot2/move_base/oscillation_timeout: 10.0
 * /robot2/move_base/planner_frequency: 2
 * /robot2/move_base/planner_patience: 5.0
 * /robot2/move_base/shutdown_costmaps: False
 * /robot2/move_base/transform_tolerance: 2.0
 * /robot2/robot_description: <?xml version="1....
 * /robot2/tf_map2odom_node/odom_frame_id: robot2/odom
 * /robot2/tf_prefix: robot2
 * /rosdistro: noetic
 * /rosversion: 1.17.4
 * /use_sim_time: True

NODES
  /
    gazebo (gazebo_ros/gzserver)
    map_server (map_server/map_server)
    rviz (rviz/rviz)
  /robot1/
    ground_truth_odom_publisher (sim_env/ground_truth_odom_publisher.py)
    joint_state_publisher (joint_state_publisher/joint_state_publisher)
    move_base (move_base/move_base)
    robot_state_publisher (robot_state_publisher/robot_state_publisher)
    tf_map2odom_node (sim_env/tf_map2odom.py)
    urdf_spawner (gazebo_ros/spawn_model)
  /robot2/
    ground_truth_odom_publisher (sim_env/ground_truth_odom_publisher.py)
    joint_state_publisher (joint_state_publisher/joint_state_publisher)
    move_base (move_base/move_base)
    robot_state_publisher (robot_state_publisher/robot_state_publisher)
    tf_map2odom_node (sim_env/tf_map2odom.py)
    urdf_spawner (gazebo_ros/spawn_model)
[33m[WARN] [1774187803.249421708]: link 'base_scan' material 'dark' undefined.[0m
[33m[WARN] [1774187803.249714977]: link 'base_scan' material 'dark' undefined.[0m
[33m[WARN] [1774187803.249887139]: The root link base_footprint has an inertia specified in the URDF, but KDL does not support a root link with an inertia.  As a workaround, you can add an extra dummy link to your URDF.[0m
[33m[WARN] [1774187803.273530338]: link 'base_scan' material 'dark' undefined.[0m
[33m[WARN] [1774187803.274036138]: link 'base_scan' material 'dark' undefined.[0m
[33m[WARN] [1774187803.274302099]: The root link base_footprint has an inertia specified in the URDF, but KDL does not support a root link with an inertia.  As a workaround, you can add an extra dummy link to your URDF.[0m
[33m[WARN] [1774187804.668771126]: link 'base_scan' material 'dark' undefined.[0m
[33m[WARN] [1774187804.668792497]: link 'base_scan' material 'dark' undefined.[0m
Warning: TF_REPEATED_DATA ignoring data with redundant timestamp for frame robot1/odom (parent map) at time 83.282000 according to authority unknown_publisher
         at line 277 in /tmp/binarydeb/ros-noetic-tf2-0.7.10/src/buffer_core.cpp
[33m[WARN] [1774187804.729722444]: TF_REPEATED_DATA ignoring data with redundant timestamp for frame robot1/odom (parent map) at time 83.282000 according to authority unknown_publisher[0m
Warning: TF_REPEATED_DATA ignoring data with redundant timestamp for frame robot1/odom (parent map) at time 83.282000 according to authority unknown_publisher
         at line 277 in /tmp/binarydeb/ros-noetic-tf2-0.7.10/src/buffer_core.cpp
[33m[WARN] [1774187804.897018881, 83.562000000]: Timed out waiting for transform from robot2/base_footprint to map to become available before running costmap, tf error: canTransform: source_frame robot2/base_footprint does not exist.. canTransform returned after 83.562 timeout was 0.1.[0m
[33m[WARN] [1774187804.897972303, 83.564000000]: Timed out waiting for transform from robot1/base_footprint to map to become available before running costmap, tf error: canTransform: source_frame robot1/base_footprint does not exist.. canTransform returned after 83.564 timeout was 0.1.[0m
[33m[WARN] [1774187805.279528623, 83.918000000]: link 'base_scan' material 'dark' undefined.[0m
[33m[WARN] [1774187805.279567805, 83.918000000]: link 'base_scan' material 'dark' undefined.[0m
[INFO] [1774187803.719387, 0.000000]: Loading model XML from ros parameter robot_description
[INFO] [1774187803.722344, 0.000000]: Waiting for service /gazebo/spawn_urdf_model
[INFO] [1774187804.926805, 0.000000]: Calling service /gazebo/spawn_urdf_model
[INFO] [1774187806.690649, 0.000000]: Spawn status: SpawnModel: Successfully spawned entity
[33m[WARN] [1774187806.901212454, 83.918000000]: GazeboRosSkidSteerDrive Plugin (ns = /robot2//) missing <covariance_x>, defaults to 0.000100[0m
[33m[WARN] [1774187806.901246886, 83.918000000]: GazeboRosSkidSteerDrive Plugin (ns = /robot2//) missing <covariance_y>, defaults to 0.000100[0m
[33m[WARN] [1774187806.901258759, 83.918000000]: GazeboRosSkidSteerDrive Plugin (ns = /robot2//) missing <covariance_yaw>, defaults to 0.010000[0m
Warning: TF_REPEATED_DATA ignoring data with redundant timestamp for frame robot2/odom (parent map) at time 83.990000 according to authority unknown_publisher
         at line 277 in /tmp/binarydeb/ros-noetic-tf2-0.7.10/src/buffer_core.cpp
[33m[WARN] [1774187806.913744667, 83.940000000]: TF_REPEATED_DATA ignoring data with redundant timestamp for frame robot2/odom (parent map) at time 83.990000 according to authority unknown_publisher[0m
Warning: TF_REPEATED_DATA ignoring data with redundant timestamp for frame robot2/odom (parent map) at time 83.990000 according to authority unknown_publisher
         at line 277 in /tmp/binarydeb/ros-noetic-tf2-0.7.10/src/buffer_core.cpp
[INFO] [1774187803.749371, 0.000000]: Loading model XML from ros parameter robot_description
[INFO] [1774187803.752222, 0.000000]: Waiting for service /gazebo/spawn_urdf_model
[INFO] [1774187804.956574, 0.000000]: Calling service /gazebo/spawn_urdf_model
[INFO] [1774187807.185263, 84.320000]: Spawn status: SpawnModel: Successfully spawned entity
[33m[WARN] [1774187807.886811965, 84.320000000]: GazeboRosSkidSteerDrive Plugin (ns = /robot1//) missing <covariance_x>, defaults to 0.000100[0m
[33m[WARN] [1774187807.886852334, 84.320000000]: GazeboRosSkidSteerDrive Plugin (ns = /robot1//) missing <covariance_y>, defaults to 0.000100[0m
[33m[WARN] [1774187807.886864207, 84.320000000]: GazeboRosSkidSteerDrive Plugin (ns = /robot1//) missing <covariance_yaw>, defaults to 0.010000[0m
[33m[WARN] [1774187807.940205962, 84.424000000]: global_costmap: Pre-Hydro parameter "static_map" unused since "plugins" is provided[0m
[33m[WARN] [1774187807.940354377, 84.424000000]: global_costmap: Pre-Hydro parameter "map_type" unused since "plugins" is provided[0m
[33m[WARN] [1774187807.941737611, 84.426000000]: global_costmap: Pre-Hydro parameter "static_map" unused since "plugins" is provided[0m
[33m[WARN] [1774187807.942009508, 84.426000000]: global_costmap: Pre-Hydro parameter "map_type" unused since "plugins" is provided[0m
WARNING: Logging before InitGoogleLogging() is written to STDERR
I20260322 21:56:48.237836 135219 path_planner_factory.cpp:308] Using path planner: theta_star
[33m[WARN] [1774187808.242183031, 85.024000000]: local_costmap: Pre-Hydro parameter "static_map" unused since "plugins" is provided[0m
[33m[WARN] [1774187808.731467715, 86.004000000]: The /robot1/scan observation buffer has not been updated for 1.04 seconds, and it should be updated every 1.00 seconds.[0m
[33m[WARN] [1774187813.241829809, 94.984000000]: Timed out waiting for NoMaD service /nomad/make_plan (5.00s).[0m
[33m[WARN] [1774187813.241870178, 94.984000000]: NoMaD service /nomad/make_plan not available yet.[0m
[33m[WARN] [1774187813.243518185, 94.988000000]: local_costmap: Pre-Hydro parameter "static_map" unused since "plugins" is provided[0m
[33m[WARN] [1774187813.751181486, 96.000000000]: The /robot2/scan observation buffer has not been updated for 11.04 seconds, and it should be updated every 1.00 seconds.[0m
[0m[INFO] [1774187807.940990783, 84.424000000]: global_costmap: Using plugin "static_map"[0m
[0m[INFO] [1774187807.946057098, 84.434000000]: Requesting the map...[0m
[0m[INFO] [1774187808.149470773, 84.840000000]: Resizing costmap to 480 X 480 at 0.050000 m/pix[0m
[0m[INFO] [1774187808.199091452, 84.938000000]: Received a 480 X 480 map at 0.050000 m/pix[0m
[0m[INFO] [1774187808.200574420, 84.942000000]: global_costmap: Using plugin "obstacle_layer"[0m
[0m[INFO] [1774187808.203036932, 84.946000000]:     Subscribed to Topics: scan[0m
[0m[INFO] [1774187808.215088279, 84.970000000]: global_costmap: Using plugin "voronoi_layer"[0m
[0m[INFO] [1774187808.217440369, 84.976000000]: global_costmap: Using plugin "inflation_layer"[0m
[0m[INFO] [1774187808.235604065, 85.012000000]: waitForService: Service [/nomad/make_plan] has not been advertised, waiting...[0m
[0m[INFO] [1774187813.241886801, 94.984000000]: NoMaDPlanner initialized for frame map[0m
[0m[INFO] [1774187813.243854198, 94.988000000]: local_costmap: Using plugin "obstacle_layer"[0m
[0m[INFO] [1774187813.244630709, 94.990000000]:     Subscribed to Topics: [0m
[0m[INFO] [1774187813.247045728, 94.994000000]: local_costmap: Using plugin "inflation_layer"[0m
[0m[INFO] [1774187813.258426236, 95.016000000]: Created local_planner pid_controller/PIDController[0m
[0m[INFO] [1774187813.264245315, 95.028000000]: PID Controller initialized![0m
[0m[INFO] [1774187813.764154198, 96.026000000]: Recovery behavior will clear layer 'obstacles'[0m
[0m[INFO] [1774187813.765939934, 96.028000000]: Recovery behavior will clear layer 'obstacles'[0m
[0m[INFO] [1774187813.775616632, 96.048000000]: odom received![0m
[0m[INFO] [1774187822.915174646, 113.920000000]: Got new plan[0m
[0m[INFO] [1774187823.000860324, 114.070000000]: Got new plan[0m
[0m[INFO] [1774187823.278048452, 114.520000000]: Got new plan[0m
[0m[INFO] [1774187823.729421897, 115.320000000]: Got new plan[0m
[0m[INFO] [1774187823.978395623, 115.720000000]: Got new plan[0m
[0m[INFO] [1774187824.270766077, 116.220000000]: Got new plan[0m
[0m[INFO] [1774187824.582491115, 116.722000000]: Got new plan[0m
[0m[INFO] [1774187824.889515534, 117.220000000]: Got new plan[0m
[0m[INFO] [1774187825.158400702, 117.670000000]: Got new plan[0m
[0m[INFO] [1774187825.493913797, 118.220000000]: Got new plan[0m
[0m[INFO] [1774187825.679623291, 118.520000000]: Got new plan[0m
[0m[INFO] [1774187825.962510583, 119.020000000]: Got new plan[0m
[0m[INFO] [1774187826.242155291, 119.520000000]: Got new plan[0m
[0m[INFO] [1774187826.524743379, 120.020000000]: Got new plan[0m
[0m[INFO] [1774187826.858857807, 120.570000000]: Got new plan[0m
[0m[INFO] [1774187827.289971936, 121.270000000]: Got new plan[0m
[0m[INFO] [1774187827.560454060, 121.722000000]: Got new plan[0m
[0m[INFO] [1774187827.883326898, 122.270000000]: Got new plan[0m
[0m[INFO] [1774187828.141421662, 122.720000000]: Got new plan[0m
[0m[INFO] [1774187828.293177227, 122.970000000]: Got new plan[0m
[0m[INFO] [1774187828.597758138, 123.470000000]: Got new plan[0m
[0m[INFO] [1774187828.906831887, 123.972000000]: Got new plan[0m
[0m[INFO] [1774187829.210543678, 124.520000000]: Got new plan[0m
[0m[INFO] [1774187829.483514438, 124.970000000]: Got new plan[0m
[0m[INFO] [1774187829.783284311, 125.472000000]: Got new plan[0m
[0m[INFO] [1774187830.205557626, 126.170000000]: Got new plan[0m
[0m[INFO] [1774187830.480367554, 126.670000000]: Got new plan[0m
[0m[INFO] [1774187830.760972816, 127.120000000]: Got new plan[0m
[0m[INFO] [1774187831.090294022, 127.670000000]: Got new plan[0m
[0m[INFO] [1774187831.370748495, 128.120000000]: Got new plan[0m
[0m[INFO] [1774187831.563032214, 128.470000000]: Got new plan[0m
[0m[INFO] [1774187831.840653730, 128.972000000]: Got new plan[0m
[0m[INFO] [1774187832.121282741, 129.470000000]: Got new plan[0m
[0m[INFO] [1774187832.400926272, 129.972000000]: Got new plan[0m
[0m[INFO] [1774187832.668164633, 130.470000000]: Got new plan[0m
[0m[INFO] [1774187832.955112588, 130.970000000]:[0m[INFO] [1774187807.942543804, 84.428000000]: global_costmap: Using plugin "static_map"[0m
[0m[INFO] [1774187807.946735061, 84.436000000]: Requesting the map...[0m
[0m[INFO] [1774187808.149923144, 84.840000000]: Resizing costmap to 480 X 480 at 0.050000 m/pix[0m
[0m[INFO] [1774187808.200431941, 84.942000000]: Received a 480 X 480 map at 0.050000 m/pix[0m
[0m[INFO] [1774187808.202895640, 84.946000000]: global_costmap: Using plugin "obstacle_layer"[0m
[0m[INFO] [1774187808.205716724, 84.950000000]:     Subscribed to Topics: scan[0m
[0m[INFO] [1774187808.215939591, 84.972000000]: global_costmap: Using plugin "voronoi_layer"[0m
[0m[INFO] [1774187808.218229940, 84.976000000]: global_costmap: Using plugin "inflation_layer"[0m
[0m[INFO] [1774187808.242571287, 85.026000000]: local_costmap: Using plugin "obstacle_layer"[0m
[0m[INFO] [1774187808.243283681, 85.026000000]:     Subscribed to Topics: [0m
[0m[INFO] [1774187808.245376935, 85.030000000]: local_costmap: Using plugin "inflation_layer"[0m
[0m[INFO] [1774187808.255899008, 85.052000000]: Created local_planner pid_controller/PIDController[0m
[0m[INFO] [1774187808.260420341, 85.062000000]: PID Controller initialized![0m
[0m[INFO] [1774187808.759055207, 86.056000000]: Recovery behavior will clear layer 'obstacles'[0m
[0m[INFO] [1774187808.760677093, 86.060000000]: Recovery behavior will clear layer 'obstacles'[0m
[0m[INFO] [1774187808.769535724, 86.078000000]: odom received![0m
[0m[INFO] [1774187821.869837164, 112.164000000]: Got new plan[0m
[0m[INFO] [1774187822.151558496, 112.664000000]: Got new plan[0m
[0m[INFO] [1774187822.445056906, 113.164000000]: Got new plan[0m
[0m[INFO] [1774187822.755776275, 113.664000000]: Got new plan[0m
[0m[INFO] [1774187823.060138708, 114.164000000]: Got new plan[0m
[0m[INFO] [1774187823.361282304, 114.664000000]: Got new plan[0m
[0m[INFO] [1774187823.633467046, 115.166000000]: Got new plan[0m
[0m[INFO] [1774187823.938942003, 115.666000000]: Got new plan[0m
[0m[INFO] [1774187824.242822385, 116.164000000]: Got new plan[0m
[0m[INFO] [1774187824.554448875, 116.666000000]: Got new plan[0m
[0m[INFO] [1774187824.848837781, 117.164000000]: Got new plan[0m
[0m[INFO] [1774187825.154909966, 117.664000000]: Got new plan[0m
[0m[INFO] [1774187825.436490013, 118.116000000]: Got new plan[0m
[0m[INFO] [1774187825.733648951, 118.614000000]: Got new plan[0m
[0m[INFO] [1774187826.016749961, 119.114000000]: Got new plan[0m
[0m[INFO] [1774187826.300055193, 119.614000000]: Got new plan[0m
[0m[INFO] [1774187826.582206344, 120.114000000]: Got new plan[0m
[0m[INFO] [1774187826.890057145, 120.614000000]: Got new plan[0m
[0m[INFO] [1774187827.186490630, 121.116000000]: Got new plan[0m
[0m[INFO] [1774187827.493619538, 121.616000000]: Got new plan[0m
[0m[INFO] [1774187827.799755844, 122.114000000]: Got new plan[0m
[0m[INFO] [1774187828.077429595, 122.616000000]: Got new plan[0m
[0m[INFO] [1774187828.233560453, 122.864000000]: Got new plan[0m
[0m[INFO] [1774187828.536121725, 123.364000000]: Got new plan[0m
[0m[INFO] [1774187828.845320143, 123.864000000]: Got new plan[0m
[0m[INFO] [1774187829.120252363, 124.364000000]: Got new plan[0m
[0m[INFO] [1774187829.412551587, 124.864000000]: Got new plan[0m
[0m[INFO] [1774187829.718255709, 125.364000000]: Got new plan[0m
[0m[INFO] [1774187830.034971084, 125.864000000]: Got new plan[0m
[0m[INFO] [1774187830.307033542, 126.364000000]: Got new plan[0m
[0m[INFO] [1774187830.597640829, 126.864000000]: Got new plan[0m
[0m[INFO] [1774187830.902925828, 127.364000000]: Got new plan[0m
[0m[INFO] [1774187831.212530316, 127.866000000]: Got new plan[0m
[0m[INFO] [1774187831.368044956, 128.114000000]: Got new plan[0m
[0m[INFO] [1774187831.639498318, 128.614000000]: Got new plan[0m
[0m[INFO] [1774187831.921662539, 129.114000000]: Got new plan[0m
[0m[INFO] [1774187832.196381046, 129.614000000]: Got new plan[0m
[0m[INFO] [1774187832.474862187, 130.114000000]: Got new plan[0m
[0m[INFO] [1774187832.747766462, 130.614000000]: Got new plan[0m
[0m[E20260322 21:57:19.565632 135388 path_planner_node.cpp:250] Failed to get a path.
[33m[WARN] [1774187839.569295399, 142.216000000]: Map update loop missed its desired rate of 1.0000Hz... the loop actually took 1.2140 seconds[0m
E20260322 21:57:20.540858 135388 path_planner_node.cpp:250] Failed to get a path.
E20260322 21:57:21.516734 135388 path_planner_node.cpp:250] Failed to get a path.
E20260322 21:57:22.493033 135388 path_planner_node.cpp:250] Failed to get a path.
[33m[WARN] [1774187842.497585682, 147.096000000]: Map update loop missed its desired rate of 1.0000Hz... the loop actually took 5.0940 seconds[0m
[33m[WARN] [1774187842.507680320, 147.116000000]: Clearing both costmaps outside a square (3.00m) large centered on the robot.[0m
E20260322 21:57:23.559338 135388 path_planner_node.cpp:250] Failed to get a path.
E20260322 21:57:24.569604 135388 path_planner_node.cpp:250] Failed to get a path.
[33m[WARN] [1774187844.575333318, 150.538000000]: Map update loop missed its desired rate of 1.0000Hz... the loop actually took 2.4420 seconds[0m
 Got new plan[0m
[0m[INFO] [1774187833.226277433, 131.472000000]: Got new plan[0m
[0m[INFO] [1774187833.503413336, 131.970000000]: Got new plan[0m
[0m[INFO] [1774187833.776506398, 132.472000000]: Got new plan[0m
[0m[INFO] [1774187834.047620189, 132.970000000]: Got new plan[0m
[0m[INFO] [1774187834.323015475, 133.472000000]: Got new plan[0m
[0m[INFO] [1774187834.698846584, 134.172000000]: Got new plan[0m
[0m[INFO] [1774187834.867388556, 134.472000000]: Got new plan[0m
[0m[INFO] [1774187835.170651548, 134.970000000]: Got new plan[0m
[0m[INFO] [1774187835.469501255, 135.470000000]: Got new plan[0m
[0m[INFO] [1774187835.747857731, 135.920000000]: Got new plan[0m
[0m[INFO] [1774187836.079546473, 136.472000000]: Got new plan[0m
[0m[INFO] [1774187836.378751191, 136.970000000]: Got new plan[0m
[0m[INFO] [1774187836.679461438, 137.470000000]: Got new plan[0m
[0m[INFO] [1774187836.959819746, 137.920000000]: Got new plan[0m
[0m[INFO] [1774187837.285886507, 138.470000000]: Got new plan[0m
[0m[INFO] [1774187837.587577486, 138.970000000]: Got new plan[0m
[0m[INFO] [1774187837.900028004, 139.470000000]: Got new plan[0m
[0m[INFO] [1774187838.294565427, 140.120000000]: Got new plan[0m
[0m[INFO] [1774187838.476551485, 140.422000000]: Got new plan[0m
[0m[INFO] [1774187838.769216420, 140.920000000]: Got new plan[0m
[0m[INFO] [1774187839.052000437, 141.372000000]: Got new plan[0m
[0m[INFO] [1774187839.351146982, 141.872000000]: Got new plan[0m
[0m[INFO] [1774187839.691619562, 142.420000000]: Got new plan[0m
[0m[INFO] [1774187840.022370325, 142.970000000]: Got new plan[0m
[0m[INFO] [1774187840.322777810, 143.470000000]: Got new plan[0m
[0m[INFO] [1774187840.595368645, 143.972000000]: Got new plan[0m
[0m[INFO] [1774187840.876559274, 144.420000000]: Got new plan[0m
[0m[INFO] [1774187841.205400822, 144.970000000]: Got new plan[0m
[0m[INFO] [1774187841.477956038, 145.420000000]: Got new plan[0m
[0m[INFO] [1774187841.784446192, 145.922000000]: Got new plan[0m
[0m[INFO] [1774187842.055506566, 146.372000000]: Got new plan[0m
[0m[INFO] [1774187842.324517619, 146.820000000]: Got new plan[0m
[0m[INFO] [1774187842.610459927, 147.272000000]: Got new plan[0m
[0m[INFO] [1774187842.918592153, 147.770000000]: Got new plan[0m
[0m[INFO] [1774187843.221728116, 148.270000000]: Got new plan[0m
[0m[INFO] [1774187843.527105750, 148.770000000]: Got new plan[0m
[0m[INFO] [1774187843.827602290, 149.272000000]: Got new plan[0m
[0m[INFO] [1774187843.983743849, 149.522000000]: Got new plan[0m
[0m[INFO] [1774187844.405840288, 150.220000000]: Got new plan[0m
[0m[INFO] [1774187844.685005348, 150.720000000]: Got new plan[0m
[0m[INFO] [1774187844.956040793, 151.170000000]: Got new plan[0m
[0m[INFO] [1774187845.224275340, 151.620000000]: Got new plan[0m
[0m[INFO] [1774187845.503062832, 152.120000000]: Got new plan[0m
[0m[INFO] [1774187845.757342747, 152.570000000]: Got new plan[0m
[0m[INFO] [1774187845.995366994, 152.970000000]: Got new plan[0m
[0m[INFO] [1774187846.326293495, 153.520000000]: Got new plan[0m
[0m[INFO] [1774187846.630287900, 154.020000000]: Got new plan[0m
[0m[INFO] [1774187846.928631825, 154.520000000]: Got new plan[0m
[0m[INFO] [1774187847.233734006, 155.020000000]: Got new plan[0m
[0m[INFO] [1774187847.536816548, 155.520000000]: Got new plan[0m
[0m[INFO] [1774187847.845228992, 156.020000000]: Got new plan[0m
[0m[INFO] [1774187848.091452910, 156.420000000]: Got new plan[0m
[0m[INFO] [1774187848.370241594, 156.870000000]: Got new plan[0m
[0m[INFO] [1774187848.792059022, 157.622000000]: Got new plan[0m
[0m[INFO] [1774187848.973688893, 157.920000000]: Got new plan[0m
[0m[INFO] [1774187849.260502710, 158.422000000]: Got new plan[0m
[0m[INFO] [1774187849.542443744, 158.920000000]: Got new plan[0m
[0m[INFO] [1774187849.829325238, 159.420000000]: Got new plan[0m
[0m[INFO] [1774187850.160349105, 159.970000000]: Got new plan[0m
[0m[INFO] [1774187850.556820710, 160.620000000]: Got new plan[0m
[0m[INFO] [1774187850.835532221, 161.120000000]: Got new Error in XmlRpcClient::writeRequest: write error (Connection refused).
Error in XmlRpcDispatch::work: couldn't find source iterator
plan[0m
[0m[INFO] [1774187851.137840633, 161.620000000]: Got new plan[0m
[0m[INFO] [1774187851.445193990, 162.170000000]: Got new plan[0m
[0m[INFO] [1774187851.717648299, 162.670000000]: Got new plan[0m
[0m[INFO] [1774187851.962181471, 163.120000000]: Got new plan[0m
[0m[INFO] [1774187852.213449153, 163.572000000]: Got new plan[0m
Error in XmlRpcClient::writeRequest: write error (Connection refused).
INFO] [1774187833.030993341, 131.114000000]: Got new plan[0m
[0m[INFO] [1774187833.303313454, 131.614000000]: Got new plan[0m
[0m[INFO] [1774187833.585304329, 132.114000000]: Got new plan[0m
[0m[INFO] [1774187833.854924465, 132.614000000]: Got new plan[0m
[0m[INFO] [1774187834.126219917, 133.114000000]: Got new plan[0m
[0m[INFO] [1774187834.398559028, 133.614000000]: Got new plan[0m
[0m[INFO] [1774187834.669875853, 134.114000000]: Got new plan[0m
[0m[INFO] [1774187834.811325444, 134.364000000]: Got new plan[0m
[0m[INFO] [1774187835.101910179, 134.864000000]: Got new plan[0m
[0m[INFO] [1774187835.412513216, 135.364000000]: Got new plan[0m
[0m[INFO] [1774187835.702973284, 135.866000000]: Got new plan[0m
[0m[INFO] [1774187836.008521878, 136.364000000]: Got new plan[0m
[0m[INFO] [1774187836.315510699, 136.866000000]: Got new plan[0m
[0m[INFO] [1774187836.624197395, 137.364000000]: Got new plan[0m
[0m[INFO] [1774187836.911666592, 137.864000000]: Got new plan[0m
[0m[INFO] [1774187837.218466630, 138.364000000]: Got new plan[0m
[0m[INFO] [1774187837.525102817, 138.864000000]: Got new plan[0m
[0m[INFO] [1774187837.837897660, 139.364000000]: Got new plan[0m
[0m[INFO] [1774187838.139042470, 139.864000000]: Got new plan[0m
[0m[INFO] [1774187838.443332505, 140.364000000]: Got new plan[0m
[0m[INFO] [1774187844.588319093, 150.564000000]: Got new plan[0m
[0m[INFO] [1774187844.891142792, 151.064000000]: Got new plan[0m
[0m[INFO] [1774187845.196045499, 151.564000000]: Got new plan[0m
[0m[INFO] [1774187845.474692886, 152.064000000]: Got new plan[0m
[0m[INFO] [1774187845.753506499, 152.564000000]: Got new plan[0m
[0m[INFO] [1774187846.046028968, 153.064000000]: Got new plan[0m
[0m[INFO] [1774187846.353308702, 153.564000000]: Got new plan[0m
[0m[INFO] [1774187846.658440565, 154.064000000]: Got new plan[0m
[0m[INFO] [1774187846.951055647, 154.564000000]: Got new plan[0m
[0m[INFO] [1774187847.256052156, 155.064000000]: Got new plan[0m
[0m[INFO] [1774187847.566460494, 155.566000000]: Got new plan[0m
[0m[INFO] [1774187847.875933219, 156.064000000]: Got new plan[0m
[0m[INFO] [1774187848.056636975, 156.364000000]: Got new plan[0m
[0m[INFO] [1774187848.367127240, 156.864000000]: Got new plan[0m
[0m[INFO] [1774187848.650697283, 157.366000000]: Got new plan[0m
[0m[INFO] [1774187848.734807393, 157.514000000]: Got new plan[0m
[0m[INFO] [1774187849.028500570, 158.014000000]: Got new plan[0m
[0m[INFO] [1774187849.309587917, 158.514000000]: Got new plan[0m
[0m[INFO] [1774187849.594376157, 159.016000000]: Got new plan[0m
[0m[INFO] [1774187849.875654663, 159.514000000]: Got new plan[0m
[0m[INFO] [1774187850.183902074, 160.018000000]: Got new plan[0m
[0m[INFO] [1774187850.491108201, 160.514000000]: Got new plan[0m
[0m[INFO] [1774187850.773501607, 161.016000000]: Got new plan[0m
[0m[INFO] [1774187851.079037168, 161.514000000]: Got new plan[0m
[0m[INFO] [1774187851.347486630, 162.016000000]: Got new plan[0m
[0m[INFO] [1774187851.627505388, 162.514000000]: Got new plan[0m
[0m[INFO] [1774187851.905496195, 163.016000000]: Got new plan[0m
[0m[INFO] [1774187852.184496229, 163.514000000]: Got new plan[0m
Error in XmlRpcClient::writeRequest: write error (Connection refused).
Error in XmlRpcDispatch::work: couldn't find source iterator
Error in XmlRpcDispatch::work: couldn't find source iterator
Error in XmlRpcClient::writeRequest: write error (Connection refused).
Error in XmlRpcDispatch::work: couldn't find source iterator
Error in XmlRpcClient::writeRequest: write error (Connection refused).
Error in XmlRpcClient::writeRequest: write error (Connection refused).
Error in XmlRpcDispatch::work: couldn't find source iterator
Error in XmlRpcDispatch::work: couldn't find source iterator
Error in XmlRpcClient::writeRequest: write error (Connection refused).
Error in XmlRpcDispatch::work: couldn't find source iterator
Error in XmlRpcClient::writeRequest: write error (Connection refused).
Error in XmlRpcClient::writeRequest: write error (Connection refused).
Error in XmlRpcDispatch::work: couldn't find source iterator
Error in XmlRpcDispatch::work: couldn't find source iterator
Error in XmlRpcClient::writeRequest: write error (Connection refused).
Error in XmlRpcDispatch::work: couldn't find source iterator
Error in XmlRpcClient::writeRequest: write error (Connection refused).
Error in XmlRpcDispatch::work: couldn't find source iterator
Error in XmlRpcClient::writeRequest: write error (Connection refused).
Error in XmlRpcDispatch::work: couldn't find source iterator
Error in XmlRpcClient::writeRequest: write error (Connection refused).
Error in XmlRpcDispatch::work: couldn't find source iterator
Error in XmlRpcClient::writeRequest: write error (Connection refused).
Error in XmlRpcDispatch::work: couldn't find source iterator
Error in XmlRpcClient::writeRequest: write error (Connection refused).
Error in XmlRpcDispatch::work: couldn't find source iterator
Error in XmlRpcClient::writeRequest: write error (Connection refused).
Error in XmlRpcDispatch::work: couldn't find source iterator
Error in XmlRpcClient::writeRequest: write error (Connection refused).
Error in XmlRpcDispatch::work: couldn't find source iterator
Error in XmlRpcClient::writeRequest: write error (Connection refused).
Error in XmlRpcDispatch::work: couldn't find source iterator
Error in XmlRpcClient::writeRequest: write error (Connection refused).
Error in XmlRpcDispatch::work: couldn't find source iterator
Error in XmlRpcClient::writeRequest: write error (Connection refused).
Error in XmlRpcDispatch::work: couldn't find source iterator
Error in XmlRpcClient::writeRequest: write error (Connection refused).
Error in XmlRpcDispatch::work: couldn't find source iterator
Error in XmlRpcClient::writeRequest: write error (Connection refused).
Error in XmlRpcClient::writeRequest: write error (Connection refused).
Error in XmlRpcDispatch::work: couldn't find source iterator
Error in XmlRpcDispatch::work: couldn't find source iterator
Error in XmlRpcClient::writeRequest: write error (Connection refused).
Error in XmlRpcDispatch::work: couldn't find source iterator
Error in XmlRpcClient::writeRequest: write error (Connection refused).
Error in XmlRpcClient::writeRequest: write error (Connection refused).
Error in XmlRpcDispatch::work: couldn't find source iterator
Error in XmlRpcDispatch::work: couldn't find source iterator
Error in XmlRpcClient::writeRequest: write error (Connection refused).
Error in XmlRpcDispatch::work: couldn't find source iterator
Error in XmlRpcClient::writeRequest: write error (Connection refused).
Error in XmlRpcDispatch::work: couldn't find source iterator
Error in XmlRpcClient::writeRequest: write error (Connection refused).
Error in XmlRpcDispatch::work: couldn't find source iterator
Error in XmlRpcClient::writeRequest: write error (Connection refused).
Error in XmlRpcClient::writeRequest: write error (Connection refused).
Error in XmlRpcDispatch::work: couldn't find source iterator
Error in XmlRpcClient::writeRequest: write error (Connection refused).
Error in XmlRpcDispatch::work: couldn't find source iterator
Error in XmlRpcDispatch::work: couldn't find source iterator
Error in XmlRpcClient::writeRequest: write error (Connection refused).
Error in XmlRpcDispatch::work: couldn't find source iterator
Error in XmlRpcClient::writeRequest: write error (Connection refused).
Error in XmlRpcDispatch::work: couldn't find source iterator
Error in XmlRpcClient::writeRequest: write error (Connection refused).
Error in XmlRpcClient::writeRequest: write error (Connection refused).
Error in XmlRpcDispatch::work: couldn't find source iterator
Error in XmlRpcDispatch::work: couldn't find source iterator
Error in XmlRpcClient::writeRequest: write error (Connection refused).
Error in XmlRpcDispatch::work: couldn't find source iterator
Error in XmlRpcClient::writeRequest: write error (Connection refused).
Error in XmlRpcDispatch::work: couldn't find source iterator
Error in XmlRpcClient::writeRequest: write error (Connection refused).
Error in XmlRpcClient::writeRequest: write error (Connection refused).
Error in XmlRpcDispatch::work: couldn't find source iterator
Error in XmlRpcDispatch::work: couldn't find source iterator
Error in XmlRpcClient::writeRequest: write error (Connection refused).
Error in XmlRpcDispatch::work: couldn't find source iterator
Error in XmlRpcClient::writeRequest: write error (Connection refused).
Error in XmlRpcDispatch::work: couldn't find source iterator
Error in XmlRpcClient::writeRequest: write error (Connection refused).
Error in XmlRpcDispatch::work: couldn't find source iterator
Error in XmlRpcClient::writeRequest: write error (Connection refused).
Error in XmlRpcDispatch::work: couldn't find source iterator
Error in XmlRpcClient::writeRequest: write error (Connection refused).
Error in XmlRpcClient::writeRequest: write error (Connection refused).
Error in XmlRpcDispatch::work: couldn't find source iterator
Error in XmlRpcDispatch::work: couldn't find source iterator
Error in XmlRpcClient::writeRequest: write error (Connection refused).
Error in XmlRpcDispatch::work: couldn't find source iterator
Error in XmlRpcClient::writeRequest: write error (Connection refused).
Error in XmlRpcDispatch::work: couldn't find source iterator
Error in XmlRpcClient::writeRequest: write error (Connection refused).
Error in XmlRpcDispatch::work: couldn't find source iterator
Error in XmlRpcClient::writeRequest: write error (Connection refused).
Error in XmlRpcDispatch::work: couldn't find source iterator
Error in XmlRpcClient::writeRequest: write error (Connection refused).
Error in XmlRpcDispatch::work: couldn't find source iterator
Error in XmlRpcClient::writeRequest: write error (Connection refused).
Error in XmlRpcDispatch::work: couldn't find source iterator
Error in XmlRpcClient::writeRequest: write error (Connection refused).
Error in XmlRpcDispatch::work: couldn't find source iterator
Error in XmlRpcClient::writeRequest: write error (Connection refused).
Error in XmlRpcDispatch::work: couldn't find source iterator
Error in XmlRpcClient::writeRequest: write error (Connection refused).
Error in XmlRpcDispatch::work: couldn't find source iterator
Error in XmlRpcClient::writeRequest: write error (Connection refused).
Error in XmlRpcDispatch::work: couldn't find source iterator
Error in XmlRpcClient::writeRequest: write error (Connection refused).
Error in XmlRpcDispatch::work: couldn't find source iterator
Error in XmlRpcClient::writeRequest: write error (Connection refused).
Error in XmlRpcClient::writeRequest: write error (Connection refused).
Error in XmlRpcDispatch::work: couldn't find source iterator
Error in XmlRpcDispatch::work: couldn't find source iterator
Error in XmlRpcClient::writeRequest: write error (Connection refused).
Error in XmlRpcDispatch::work: couldn't find source iterator
Error in XmlRpcClient::writeRequest: write error (Connection refused).
Error in XmlRpcDispatch::work: couldn't find source iterator
Error in XmlRpcClient::writeRequest: write error (Connection refused).
Error in XmlRpcDispatch::work: couldn't find source iterator
Error in XmlRpcClient::writeRequest: write error (Connection refused).
Error in XmlRpcDispatch::work: couldn't find source iterator
Error in XmlRpcClient::writeRequest: write error (Connection refused).
Error in XmlRpcDispatch::work: couldn't find source iterator
Error in XmlRpcClient::writeRequest: write error (Connection refused).
Error in XmlRpcDispatch::work: couldn't find source iterator
Error in XmlRpcClient::writeRequest: write error (Connection refused).
Error in XmlRpcDispatch::work: couldn't find source iterator
Error in XmlRpcClient::writeRequest: write error (Connection refused).
Error in XmlRpcClient::writeRequest: write error (Connection refused).
Error in XmlRpcDispatch::work: couldn't find source iterator
Error in XmlRpcDispatch::work: couldn't find source iterator
Error in XmlRpcClient::writeRequest: write error (Connection refused).
Error in XmlRpcDispatch::work: couldn't find source iterator
Error in XmlRpcClient::writeRequest: write error (Connection refused).
Error in XmlRpcDispatch::work: couldn't find source iterator
Error in XmlRpcClient::writeRequest: write error (Connection refused).
Error in XmlRpcDispatch::work: couldn't find source iterator
Error in XmlRpcClient::writeRequest: write error (Connection refused).
Error in XmlRpcDispatch::work: couldn't find source iterator
Error in XmlRpcClient::writeRequest: write error (Connection refused).
Error in XmlRpcDispatch::work: couldn't find source iterator
Error in XmlRpcClient::writeRequest: write error (Connection refused).
Error in XmlRpcDispatch::work: couldn't find source iterator
Error in XmlRpcClient::writeRequest: write error (Connection refused).
Error in XmlRpcDispatch::work: couldn't find source iterator
Error in XmlRpcClient::writeRequest: write error (Connection refused).
Error in XmlRpcDispatch::work: couldn't find source iterator
Error in XmlRpcClient::writeRequest: write error (Connection refused).
Error in XmlRpcDispatch::work: couldn't find source iterator
Error in XmlRpcClient::writeRequest: write error (Connection refused).
Error in XmlRpcClient::writeRequest: write error (Connection refused).
Error in XmlRpcDispatch::work: couldn't find source iterator
Error in XmlRpcDispatch::work: couldn't find source iterator
Error in XmlRpcClient::writeRequest: write error (Connection refused).
Error in XmlRpcDispatch::work: couldn't find source iterator
Error in XmlRpcClient::writeRequest: write error (Connection refused).
Error in XmlRpcDispatch::work: couldn't find source iterator
Error in XmlRpcClient::writeRequest: write error (Connection refused).
Error in XmlRpcDispatch::work: couldn't find source iterator
Error in XmlRpcClient::writeRequest: write error (Connection refused).
Error in XmlRpcDispatch::work: couldn't find source iterator
Error in XmlRpcClient::writeRequest: write error (Connection refused).
Error in XmlRpcDispatch::work: couldn't find source iterator
Error in XmlRpcClient::writeRequest: write error (Connection refused).
Error in XmlRpcDispatch::work: couldn't find source iterator
Error in XmlRpcClient::writeRequest: write error (Connection refused).
Error in XmlRpcDispatch::work: couldn't find source iterator
Error in XmlRpcClient::writeRequest: write error (Connection refused).
Error in XmlRpcDispatch::work: couldn't find source iterator
Error in XmlRpcClient::writeRequest: write error (Connection refused).
Error in XmlRpcDispatch::work: couldn't find source iterator
Error in XmlRpcClient::writeRequest: write error (Connection refused).
Error in XmlRpcClient::writeRequest: write error (Connection refused).
Error in XmlRpcDispatch::work: couldn't find source iterator
Error in XmlRpcDispatch::work: couldn't find source iterator
Error in XmlRpcClient::writeRequest: write error (Connection refused).
Error in XmlRpcDispatch::work: couldn't find source iterator
Error in XmlRpcClient::writeRequest: write error (Connection refused).
Error in XmlRpcDispatch::work: couldn't find source iterator
Error in XmlRpcClient::writeRequest: write error (Connection refused).
Error in XmlRpcDispatch::work: couldn't find source iterator
Error in XmlRpcClient::writeRequest: write error (Connection refused).
Error in XmlRpcDispatch::work: couldn't find source iterator
Error in XmlRpcClient::writeRequest: write error (Connection refused).
Error in XmlRpcDispatch::work: couldn't find source iterator
Error in XmlRpcClient::writeRequest: write error (Connection refused).
Error in XmlRpcClient::writeRequest: write error (Connection refused).
Error in XmlRpcDispatch::work: couldn't find source iterator
Error in XmlRpcDispatch::work: couldn't find source iterator
Error in XmlRpcClient::writeRequest: write error (Connection refused).
Error in XmlRpcDispatch::work: couldn't find source iterator
Error in XmlRpcClient::writeRequest: write error (Connection refused).
Error in XmlRpcDispatch::work: couldn't find source iterator
Error in XmlRpcClient::writeRequest: write error (Connection refused).
Error in XmlRpcDispatch::work: couldn't find source iterator
Error in XmlRpcClient::writeRequest: write error (Connection refused).
Error in XmlRpcDispatch::work: couldn't find source iterator
Error in XmlRpcClient::writeRequest: write error (Connection refused).
Error in XmlRpcDispatch::work: couldn't find source iterator
Error in XmlRpcClient::writeRequest: write error (Connection refused).
Error in XmlRpcDispatch::work: couldn't find source iterator
Error in XmlRpcClient::writeRequest: write error (Connection refused).
Error in XmlRpcDispatch::work: couldn't find source iterator
Error in XmlRpcClient::writeRequest: write error (Connection refused).
Error in XmlRpcDispatch::work: couldn't find source iterator
Error in XmlRpcClient::writeRequest: write error (Connection refused).
Error in XmlRpcDispatch::work: couldn't find source iterator
Error in XmlRpcClient::writeRequest: write error (Connection refused).
Error in XmlRpcDispatch::work: couldn't find source iterator
Error in XmlRpcClient::writeRequest: write error (Connection refused).
Error in XmlRpcDispatch::work: couldn't find source iterator
Error in XmlRpcClient::writeRequest: write error (Connection refused).
Error in XmlRpcDispatch::work: couldn't find source iterator
Error in XmlRpcClient::writeRequest: write error (Connection refused).
Error in XmlRpcDispatch::work: couldn't find source iterator
Error in XmlRpcClient::writeRequest: write error (Connection refused).
Error in XmlRpcDispatch::work: couldn't find source iterator
Error in XmlRpcClient::writeRequest: write error (Connection refused).
Error in XmlRpcDispatch::work: couldn't find source iterator
Error in XmlRpcClient::writeRequest: write error (Connection refused).
Error in XmlRpcDispatch::work: couldn't find source iterator
Error in XmlRpcClient::writeRequest: write error (Connection refused).
Error in XmlRpcDispatch::work: couldn't find source iterator
Error in XmlRpcClient::writeRequest: write error (Connection refused).
Error in XmlRpcDispatch::work: couldn't find source iterator
Error in XmlRpcClient::writeRequest: write error (Connection refused).
Error in XmlRpcClient::writeRequest: write error (Connection refused).
Error in XmlRpcDispatch::work: couldn't find source iterator
Error in XmlRpcDispatch::work: couldn't find source iterator
Error in XmlRpcClient::writeRequest: write error (Connection refused).
Error in XmlRpcClient::writeRequest: write error (Connection refused).
Error in XmlRpcDispatch::work: couldn't find source iterator
Error in XmlRpcDispatch::work: couldn't find source iterator
Error in XmlRpcClient::writeRequest: write error (Connection refused).
Error in XmlRpcDispatch::work: couldn't find source iterator
Error in XmlRpcClient::writeRequest: write error (Connection refused).
Error in XmlRpcDispatch::work: couldn't find source iterator
Error in XmlRpcClient::writeRequest: write error (Connection refused).
Error in XmlRpcDispatch::work: couldn't find source iterator
Error in XmlRpcClient::writeRequest: write error (Connection refused).
Error in XmlRpcDispatch::work: couldn't find source iterator
Error in XmlRpcClient::writeRequest: write error (Connection refused).
Error in XmlRpcDispatch::work: couldn't find source iterator
Error in XmlRpcClient::writeRequest: write error (Connection refused).
Error in XmlRpcDispatch::work: couldn't find source iterator
Error in XmlRpcClient::writeRequest: write error (Connection refused).
Error in XmlRpcDispatch::work: couldn't find source iterator
Error in XmlRpcClient::writeRequest: write error (Connection refused).
Error in XmlRpcClient::writeRequest: write error (Connection refused).
Error in XmlRpcDispatch::work: couldn't find source iterator
Error in XmlRpcDispatch::work: couldn't find source iterator
Error in XmlRpcClient::writeRequest: write error (Connection refused).
Error in XmlRpcDispatch::work: couldn't find source iterator
Error in XmlRpcClient::writeRequest: write error (Connection refused).
Error in XmlRpcDispatch::work: couldn't find source iterator
Error in XmlRpcClient::writeRequest: write error (Connection refused).
Error in XmlRpcDispatch::work: couldn't find source iterator
Error in XmlRpcClient::writeRequest: write error (Connection refused).
Error in XmlRpcDispatch::work: couldn't find source iterator
Error in XmlRpcClient::writeRequest: write error (Connection refused).
Error in XmlRpcDispatch::work: couldn't find source iterator
Error in XmlRpcClient::writeRequest: write error (Connection refused).
Error in XmlRpcDispatch::work: couldn't find source iterator
Error in XmlRpcClient::writeRequest: write error (Connection refused).
Error in XmlRpcDispatch::work: couldn't find source iterator
Error in XmlRpcClient::writeRequest: write error (Connection refused).
Error in XmlRpcDispatch::work: couldn't find source iterator
Error in XmlRpcClient::writeRequest: write error (Connection refused).
Error in XmlRpcDispatch::work: couldn't find source iterator
Error in XmlRpcClient::writeRequest: write error (Connection refused).
Error in XmlRpcDispatch::work: couldn't find source iterator
Error in XmlRpcClient::writeRequest: write error (Connection refused).
Error in XmlRpcDispatch::work: couldn't find source iterator
Error in XmlRpcClient::writeRequest: write error (Connection refused).
Error in XmlRpcDispatch::work: couldn't find source iterator
Error in XmlRpcClient::writeRequest: write error (Connection refused).
Error in XmlRpcDispatch::work: couldn't find source iterator
Error in XmlRpcClient::writeRequest: write error (Connection refused).
Error in XmlRpcDispatch::work: couldn't find source iterator
Error in XmlRpcClient::writeRequest: write error (Connection refused).
Error in XmlRpcDispatch::work: couldn't find source iterator
[INFO] [1774187803.770731, 0.000000]: Ground Truth Odom Publisher initialized
[INFO] [1774187803.696561, 0.000000]: Ground Truth Odom Publisher initialized
[31mWARNING: disk usage in log directory [/data/lzq/.ros/log] is over 1GB.
It's recommended that you use the 'rosclean' command.[0m
[31m[rviz-16] escalating to SIGTERM[0m

auto-starting new master
[1mprocess[master]: started with pid [135059][0m
[1mROS_MASTER_URI=http://localhost:11311[0m
]2;/data/lzq/ros_motion_planning/src/sim_env/launch/main.launch http://localhost:11311
[1msetting /run_id to f4ba6a5e-25f6-11f1-9841-ef63e69f4ffa[0m
[1mprocess[rosout-1]: started with pid [135069][0m
started core service [/rosout]
[1mprocess[gazebo-2]: started with pid [135076][0m
[1mprocess[map_server-3]: started with pid [135079][0m
[1mprocess[robot2/robot_state_publisher-4]: started with pid [135081][0m
[1mprocess[robot2/joint_state_publisher-5]: started with pid [135084][0m
[1mprocess[robot2/urdf_spawner-6]: started with pid [135090][0m
[1mprocess[robot2/tf_map2odom_node-7]: started with pid [135099][0m
[1mprocess[robot2/ground_truth_odom_publisher-8]: started with pid [135106][0m
[1mprocess[robot2/move_base-9]: started with pid [135108][0m
[1mprocess[robot1/robot_state_publisher-10]: started with pid [135109][0m
[1mprocess[robot1/joint_state_publisher-11]: started with pid [135110][0m
[1mprocess[robot1/urdf_spawner-12]: started with pid [135111][0m
[1mprocess[robot1/tf_map2odom_node-13]: started with pid [135122][0m
[1mprocess[robot1/ground_truth_odom_publisher-14]: started with pid [135162][0m
[1mprocess[robot1/move_base-15]: started with pid [135219][0m
[1mprocess[rviz-16]: started with pid [135235][0m
[1m[robot2/urdf_spawner-6] process has finished cleanly
log file: /data/lzq/.ros/log/f4ba6a5e-25f6-11f1-9841-ef63e69f4ffa/robot2-urdf_spawner-6*.log[0m
[1m[robot1/urdf_spawner-12] process has finished cleanly
log file: /data/lzq/.ros/log/f4ba6a5e-25f6-11f1-9841-ef63e69f4ffa/robot1-urdf_spawner-12*.log[0m
[rviz-16] killing on exit
[robot1/move_base-15] killing on exit
[robot1/ground_truth_odom_publisher-14] killing on exit
[robot1/joint_state_publisher-11] killing on exit
[robot1/tf_map2odom_node-13] killing on exit
[robot1/robot_state_publisher-10] killing on exit
[robot2/move_base-9] killing on exit
[robot2/ground_truth_odom_publisher-8] killing on exit
[robot2/tf_map2odom_node-7] killing on exit
[robot2/joint_state_publisher-5] killing on exit
[robot2/robot_state_publisher-4] killing on exit
[map_server-3] killing on exit
[gazebo-2] killing on exit
[rosout-1] killing on exit
[master] killing on exit
shutting down processing monitor...
... shutting down processing monitor complete
[1mdone[0m
