xacro: in-order processing became default in ROS Melodic. You can drop the option.
xacro: in-order processing became default in ROS Melodic. You can drop the option.
... logging to /data/lzq/.ros/log/6c976a16-2482-11f1-b59d-97ab0d48338d/roslaunch-lzq-1625989.log
Checking log directory for disk usage. This may take a while.
Press Ctrl-C to interrupt
]2;/data/lzq/ros_motion_planning/src/sim_env/launch/main.launch
[1mstarted roslaunch server http://lzq:43615/[0m

SUMMARY
========

PARAMETERS
 * /gazebo/enable_ros_network: True
 * /robot1/move_base/PIDController/base_frame: base_link
 * /robot1/move_base/PIDController/convert_offset: 0.0
 * /robot1/move_base/PIDController/goal_dist_tolerance: 0.2
 * /robot1/move_base/PIDController/k: 1.0
 * /robot1/move_base/PIDController/k_theta: 0.7
 * /robot1/move_base/PIDController/k_v_d: 0.1
 * /robot1/move_base/PIDController/k_v_i: 0.1
 * /robot1/move_base/PIDController/k_v_p: 1.0
 * /robot1/move_base/PIDController/k_w_d: 0.1
 * /robot1/move_base/PIDController/k_w_i: 0.1
 * /robot1/move_base/PIDController/k_w_p: 1.0
 * /robot1/move_base/PIDController/l: 0.2
 * /robot1/move_base/PIDController/lookahead_time: 0.5
 * /robot1/move_base/PIDController/map_frame: map
 * /robot1/move_base/PIDController/max_lookahead_dist: 0.9
 * /robot1/move_base/PIDController/max_v: 0.5
 * /robot1/move_base/PIDController/max_v_inc: 0.5
 * /robot1/move_base/PIDController/max_w: 1.57
 * /robot1/move_base/PIDController/max_w_inc: 1.57
 * /robot1/move_base/PIDController/min_lookahead_dist: 0.3
 * /robot1/move_base/PIDController/min_v: 0.0
 * /robot1/move_base/PIDController/min_w: 0.0
 * /robot1/move_base/PIDController/rotate_tolerance: 0.5
 * /robot1/move_base/PathPlanner/convert_offset: 0.0
 * /robot1/move_base/PathPlanner/default_tolerance: 0.0
 * /robot1/move_base/PathPlanner/expand_zone: True
 * /robot1/move_base/PathPlanner/hybrid_astar/analytic_expansion_max_length: 5.0
 * /robot1/move_base/PathPlanner/hybrid_astar/analytic_expansion_ratio: 1.5
 * /robot1/move_base/PathPlanner/hybrid_astar/cache_obstacle_heuristic: False
 * /robot1/move_base/PathPlanner/hybrid_astar/change_penalty: 0.4
 * /robot1/move_base/PathPlanner/hybrid_astar/cost_penalty: 2.0
 * /robot1/move_base/PathPlanner/hybrid_astar/curve_sample_ratio: 0.15
 * /robot1/move_base/PathPlanner/hybrid_astar/dim_3_size: 32
 * /robot1/move_base/PathPlanner/hybrid_astar/downsample_obstacle_heuristic: True
 * /robot1/move_base/PathPlanner/hybrid_astar/goal_tolerance: 0.2
 * /robot1/move_base/PathPlanner/hybrid_astar/lookup_table_dim: 20.0
 * /robot1/move_base/PathPlanner/hybrid_astar/max_approach_iterations: 500
 * /robot1/move_base/PathPlanner/hybrid_astar/max_iterations: 20000
 * /robot1/move_base/PathPlanner/hybrid_astar/minimum_turning_radius: 0.3
 * /robot1/move_base/PathPlanner/hybrid_astar/motion_model: 2
 * /robot1/move_base/PathPlanner/hybrid_astar/non_straight_penalty: 1.5
 * /robot1/move_base/PathPlanner/hybrid_astar/retrospective_penalty: 0.025
 * /robot1/move_base/PathPlanner/hybrid_astar/reverse_penalty: 2.5
 * /robot1/move_base/PathPlanner/hybrid_astar/traverse_unknown: False
 * /robot1/move_base/PathPlanner/obstacle_factor: 0.5
 * /robot1/move_base/PathPlanner/outline_map: True
 * /robot1/move_base/PathPlanner/planner_name: theta_star
 * /robot1/move_base/PathPlanner/show_safety_corridor: False
 * /robot1/move_base/base_global_planner: path_planner/Path...
 * /robot1/move_base/base_local_planner: pid_controller/PI...
 * /robot1/move_base/conservative_reset_dist: 3.0
 * /robot1/move_base/controller_frequency: 20.0
 * /robot1/move_base/controller_patience: 15.0
 * /robot1/move_base/global_costmap/footprint: [[-0.21, -0.165],...
 * /robot1/move_base/global_costmap/footprint_padding: 0.1
 * /robot1/move_base/global_costmap/global_frame: map
 * /robot1/move_base/global_costmap/inflation_layer/cost_scaling_factor: 5
 * /robot1/move_base/global_costmap/inflation_layer/enabled: True
 * /robot1/move_base/global_costmap/inflation_layer/inflation_radius: 0.2
 * /robot1/move_base/global_costmap/map_type: costmap
 * /robot1/move_base/global_costmap/meter_scoring: True
 * /robot1/move_base/global_costmap/obstacle_layer/observation_sources: scan
 * /robot1/move_base/global_costmap/obstacle_layer/scan/clearing: True
 * /robot1/move_base/global_costmap/obstacle_layer/scan/data_type: LaserScan
 * /robot1/move_base/global_costmap/obstacle_layer/scan/expected_update_rate: 1
 * /robot1/move_base/global_costmap/obstacle_layer/scan/inf_is_valid: True
 * /robot1/move_base/global_costmap/obstacle_layer/scan/marking: True
 * /robot1/move_base/global_costmap/obstacle_layer/scan/max_obstacle_height: 0.2
 * /robot1/move_base/global_costmap/obstacle_layer/scan/min_obstacle_height: 0.0
 * /robot1/move_base/global_costmap/obstacle_layer/scan/observation_persistence: 0.0
 * /robot1/move_base/global_costmap/obstacle_layer/scan/obstacle_range: 2.5
 * /robot1/move_base/global_costmap/obstacle_layer/scan/raytrace_range: 3.0
 * /robot1/move_base/global_costmap/obstacle_layer/scan/sensor_frame: robot1/base_footp...
 * /robot1/move_base/global_costmap/obstacle_layer/scan/topic: /robot1/scan
 * /robot1/move_base/global_costmap/origin_z: 0.0
 * /robot1/move_base/global_costmap/plugins: [{'name': 'static...
 * /robot1/move_base/global_costmap/publish_frequency: 0.5
 * /robot1/move_base/global_costmap/publish_voxel_map: False
 * /robot1/move_base/global_costmap/robot_base_frame: robot1/base_footp...
 * /robot1/move_base/global_costmap/scan/sensor_frame: robot1/base_scan
 * /robot1/move_base/global_costmap/scan/topic: /robot1/scan
 * /robot1/move_base/global_costmap/static_map/clear_time: 20
 * /robot1/move_base/global_costmap/static_map/enabled: True
 * /robot1/move_base/global_costmap/static_map/publish_static_map: True
 * /robot1/move_base/global_costmap/transform_tolerance: 0.2
 * /robot1/move_base/global_costmap/update_frequency: 1.0
 * /robot1/move_base/global_costmap/z_resolution: 1
 * /robot1/move_base/global_costmap/z_voxels: 2
 * /robot1/move_base/local_costmap/global_frame: robot1/odom
 * /robot1/move_base/local_costmap/height: 3
 * /robot1/move_base/local_costmap/inflation_radius: 0.2
 * /robot1/move_base/local_costmap/plugins: [{'name': 'obstac...
 * /robot1/move_base/local_costmap/publish_frequency: 0.5
 * /robot1/move_base/local_costmap/resolution: 0.05
 * /robot1/move_base/local_costmap/robot_base_frame: robot1/base_footp...
 * /robot1/move_base/local_costmap/rolling_window: True
 * /robot1/move_base/local_costmap/scan/sensor_frame: robot1/base_scan
 * /robot1/move_base/local_costmap/scan/topic: /robot1/scan
 * /robot1/move_base/local_costmap/static_map: False
 * /robot1/move_base/local_costmap/transform_tolerance: 1.0
 * /robot1/move_base/local_costmap/update_frequency: 1.0
 * /robot1/move_base/local_costmap/width: 3
 * /robot1/move_base/oscillation_distance: 0.2
 * /robot1/move_base/oscillation_timeout: 10.0
 * /robot1/move_base/planner_frequency: 2
 * /robot1/move_base/planner_patience: 5.0
 * /robot1/move_base/shutdown_costmaps: False
 * /robot1/move_base/transform_tolerance: 2.0
 * /robot1/robot_description: <?xml version="1....
 * /robot1/tf_map2odom_node/odom_frame_id: robot1/odom
 * /robot1/tf_prefix: robot1
 * /robot2/move_base/NoMaDPlanner/connect_timeout: 5.0
 * /robot2/move_base/NoMaDPlanner/log_plan_summary: False
 * /robot2/move_base/NoMaDPlanner/request_timeout: 3.0
 * /robot2/move_base/NoMaDPlanner/retry_count: 1
 * /robot2/move_base/NoMaDPlanner/service_name: /nomad/make_plan
 * /robot2/move_base/PIDController/base_frame: base_link
 * /robot2/move_base/PIDController/convert_offset: 0.0
 * /robot2/move_base/PIDController/goal_dist_tolerance: 0.2
 * /robot2/move_base/PIDController/k: 1.0
 * /robot2/move_base/PIDController/k_theta: 0.7
 * /robot2/move_base/PIDController/k_v_d: 0.1
 * /robot2/move_base/PIDController/k_v_i: 0.1
 * /robot2/move_base/PIDController/k_v_p: 1.0
 * /robot2/move_base/PIDController/k_w_d: 0.1
 * /robot2/move_base/PIDController/k_w_i: 0.1
 * /robot2/move_base/PIDController/k_w_p: 1.0
 * /robot2/move_base/PIDController/l: 0.2
 * /robot2/move_base/PIDController/lookahead_time: 0.5
 * /robot2/move_base/PIDController/map_frame: map
 * /robot2/move_base/PIDController/max_lookahead_dist: 0.9
 * /robot2/move_base/PIDController/max_v: 0.5
 * /robot2/move_base/PIDController/max_v_inc: 0.5
 * /robot2/move_base/PIDController/max_w: 1.57
 * /robot2/move_base/PIDController/max_w_inc: 1.57
 * /robot2/move_base/PIDController/min_lookahead_dist: 0.3
 * /robot2/move_base/PIDController/min_v: 0.0
 * /robot2/move_base/PIDController/min_w: 0.0
 * /robot2/move_base/PIDController/rotate_tolerance: 0.5
 * /robot2/move_base/PathPlanner/convert_offset: 0.0
 * /robot2/move_base/PathPlanner/default_tolerance: 0.0
 * /robot2/move_base/PathPlanner/expand_zone: True
 * /robot2/move_base/PathPlanner/obstacle_factor: 0.5
 * /robot2/move_base/PathPlanner/outline_map: True
 * /robot2/move_base/PathPlanner/show_safety_corridor: False
 * /robot2/move_base/base_global_planner: nomad_planner/NoM...
 * /robot2/move_base/base_local_planner: pid_controller/PI...
 * /robot2/move_base/conservative_reset_dist: 3.0
 * /robot2/move_base/controller_frequency: 20.0
 * /robot2/move_base/controller_patience: 15.0
 * /robot2/move_base/global_costmap/footprint: [[-0.21, -0.165],...
 * /robot2/move_base/global_costmap/footprint_padding: 0.1
 * /robot2/move_base/global_costmap/global_frame: map
 * /robot2/move_base/global_costmap/inflation_layer/cost_scaling_factor: 5
 * /robot2/move_base/global_costmap/inflation_layer/enabled: True
 * /robot2/move_base/global_costmap/inflation_layer/inflation_radius: 0.2
 * /robot2/move_base/global_costmap/map_type: costmap
 * /robot2/move_base/global_costmap/meter_scoring: True
 * /robot2/move_base/global_costmap/obstacle_layer/observation_sources: scan
 * /robot2/move_base/global_costmap/obstacle_layer/scan/clearing: True
 * /robot2/move_base/global_costmap/obstacle_layer/scan/data_type: LaserScan
 * /robot2/move_base/global_costmap/obstacle_layer/scan/expected_update_rate: 1
 * /robot2/move_base/global_costmap/obstacle_layer/scan/inf_is_valid: True
 * /robot2/move_base/global_costmap/obstacle_layer/scan/marking: True
 * /robot2/move_base/global_costmap/obstacle_layer/scan/max_obstacle_height: 0.2
 * /robot2/move_base/global_costmap/obstacle_layer/scan/min_obstacle_height: 0.0
 * /robot2/move_base/global_costmap/obstacle_layer/scan/observation_persistence: 0.0
 * /robot2/move_base/global_costmap/obstacle_layer/scan/obstacle_range: 2.5
 * /robot2/move_base/global_costmap/obstacle_layer/scan/raytrace_range: 3.0
 * /robot2/move_base/global_costmap/obstacle_layer/scan/sensor_frame: robot2/base_footp...
 * /robot2/move_base/global_costmap/obstacle_layer/scan/topic: /robot2/scan
 * /robot2/move_base/global_costmap/origin_z: 0.0
 * /robot2/move_base/global_costmap/plugins: [{'name': 'static...
 * /robot2/move_base/global_costmap/publish_frequency: 0.5
 * /robot2/move_base/global_costmap/publish_voxel_map: False
 * /robot2/move_base/global_costmap/robot_base_frame: robot2/base_footp...
 * /robot2/move_base/global_costmap/scan/sensor_frame: robot2/base_scan
 * /robot2/move_base/global_costmap/scan/topic: /robot2/scan
 * /robot2/move_base/global_costmap/static_map/clear_time: 20
 * /robot2/move_base/global_costmap/static_map/enabled: True
 * /robot2/move_base/global_costmap/static_map/publish_static_map: True
 * /robot2/move_base/global_costmap/transform_tolerance: 0.2
 * /robot2/move_base/global_costmap/update_frequency: 1.0
 * /robot2/move_base/global_costmap/z_resolution: 1
 * /robot2/move_base/global_costmap/z_voxels: 2
 * /robot2/move_base/local_costmap/global_frame: robot2/odom
 * /robot2/move_base/local_costmap/height: 3
 * /robot2/move_base/local_costmap/inflation_radius: 0.2
 * /robot2/move_base/local_costmap/plugins: [{'name': 'obstac...
 * /robot2/move_base/local_costmap/publish_frequency: 0.5
 * /robot2/move_base/local_costmap/resolution: 0.05
 * /robot2/move_base/local_costmap/robot_base_frame: robot2/base_footp...
 * /robot2/move_base/local_costmap/rolling_window: True
 * /robot2/move_base/local_costmap/scan/sensor_frame: robot2/base_scan
 * /robot2/move_base/local_costmap/scan/topic: /robot2/scan
 * /robot2/move_base/local_costmap/static_map: False
 * /robot2/move_base/local_costmap/transform_tolerance: 1.0
 * /robot2/move_base/local_costmap/update_frequency: 1.0
 * /robot2/move_base/local_costmap/width: 3
 * /robot2/move_base/oscillation_distance: 0.2
 * /robot2/move_base/oscillation_timeout: 10.0
 * /robot2/move_base/planner_frequency: 2
 * /robot2/move_base/planner_patience: 5.0
 * /robot2/move_base/shutdown_costmaps: False
 * /robot2/move_base/transform_tolerance: 2.0
 * /robot2/robot_description: <?xml version="1....
 * /robot2/tf_map2odom_node/odom_frame_id: robot2/odom
 * /robot2/tf_prefix: robot2
 * /rosdistro: noetic
 * /rosversion: 1.17.4
 * /use_sim_time: True

NODES
  /
    gazebo (gazebo_ros/gzserver)
    map_server (map_server/map_server)
    rviz (rviz/rviz)
  /robot1/
    ground_truth_odom_publisher (sim_env/ground_truth_odom_publisher.py)
    joint_state_publisher (joint_state_publisher/joint_state_publisher)
    move_base (move_base/move_base)
    robot_state_publisher (robot_state_publisher/robot_state_publisher)
    tf_map2odom_node (sim_env/tf_map2odom.py)
    urdf_spawner (gazebo_ros/spawn_model)
  /robot2/
    ground_truth_odom_publisher (sim_env/ground_truth_odom_publisher.py)
    joint_state_publisher (joint_state_publisher/joint_state_publisher)
    move_base (move_base/move_base)
    robot_state_publisher (robot_state_publisher/robot_state_publisher)
    tf_map2odom_node (sim_env/tf_map2odom.py)
    urdf_spawner (gazebo_ros/spawn_model)
[33m[WARN] [1774027802.138894453]: link 'base_scan' material 'dark' undefined.[0m
[33m[WARN] [1774027802.139209076]: link 'base_scan' material 'dark' undefined.[0m
[33m[WARN] [1774027802.139394289]: The root link base_footprint has an inertia specified in the URDF, but KDL does not support a root link with an inertia.  As a workaround, you can add an extra dummy link to your URDF.[0m
[33m[WARN] [1774027802.165566234]: link 'base_scan' material 'dark' undefined.[0m
[33m[WARN] [1774027802.166079130]: link 'base_scan' material 'dark' undefined.[0m
[33m[WARN] [1774027802.166374757]: The root link base_footprint has an inertia specified in the URDF, but KDL does not support a root link with an inertia.  As a workaround, you can add an extra dummy link to your URDF.[0m
[33m[WARN] [1774027803.623612176]: link 'base_scan' material 'dark' undefined.[0m
[33m[WARN] [1774027803.623635921]: link 'base_scan' material 'dark' undefined.[0m
[33m[WARN] [1774027803.904713657, 83.608000000]: Timed out waiting for transform from robot2/base_footprint to map to become available before running costmap, tf error: canTransform: target_frame map does not exist. canTransform: source_frame robot2/base_footprint does not exist.. canTransform returned after 83.608 timeout was 0.1.[0m
[33m[WARN] [1774027803.905639720, 83.610000000]: Timed out waiting for transform from robot1/base_footprint to map to become available before running costmap, tf error: canTransform: target_frame map does not exist.. canTransform returned after 83.61 timeout was 0.1.[0m
[33m[WARN] [1774027804.290524322, 83.936000000]: link 'base_scan' material 'dark' undefined.[0m
[33m[WARN] [1774027804.290557565, 83.936000000]: link 'base_scan' material 'dark' undefined.[0m
[INFO] [1774027802.682241, 0.000000]: Loading model XML from ros parameter robot_description
[INFO] [1774027802.686130, 0.000000]: Waiting for service /gazebo/spawn_urdf_model
[INFO] [1774027803.891681, 0.000000]: Calling service /gazebo/spawn_urdf_model
[INFO] [1774027805.689371, 0.000000]: Spawn status: SpawnModel: Successfully spawned entity
[33m[WARN] [1774027805.901617783, 83.936000000]: GazeboRosSkidSteerDrive Plugin (ns = /robot2//) missing <covariance_x>, defaults to 0.000100[0m
[33m[WARN] [1774027805.901646278, 83.936000000]: GazeboRosSkidSteerDrive Plugin (ns = /robot2//) missing <covariance_y>, defaults to 0.000100[0m
[33m[WARN] [1774027805.901658150, 83.936000000]: GazeboRosSkidSteerDrive Plugin (ns = /robot2//) missing <covariance_yaw>, defaults to 0.010000[0m
Warning: TF_REPEATED_DATA ignoring data with redundant timestamp for frame robot2/odom (parent map) at time 84.008000 according to authority unknown_publisherWarning: 
         at line 277 in TF_REPEATED_DATA ignoring data with redundant timestamp for frame robot1/odom (parent map) at time 84.008000 according to authority unknown_publisher/tmp/binarydeb/ros-noetic-tf2-0.7.10/src/buffer_core.cpp

         at line 277 in /tmp/binarydeb/ros-noetic-tf2-0.7.10/src/buffer_core.cpp
Warning: TF_REPEATED_DATA ignoring data with redundant timestamp for frame robot1/odom (parent map) at time 84.008000 according to authority unknown_publisher
Warning:          at line TF_REPEATED_DATA ignoring data with redundant timestamp for frame robot2/odom (parent map) at time 84.008000 according to authority unknown_publisher277
 in [33m[WARN] [1774027805.914399821, 83.958000000]: TF_REPEATED_DATA ignoring data with redundant timestamp for frame robot2/odom (parent map) at time 84.008000 according to authority unknown_publisher[0m
         at line /tmp/binarydeb/ros-noetic-tf2-0.7.10/src/buffer_core.cpp277
 in /tmp/binarydeb/ros-noetic-tf2-0.7.10/src/buffer_core.cpp
[33m[WARN] [1774027805.914456809, 83.958000000]: TF_REPEATED_DATA ignoring data with redundant timestamp for frame robot1/odom (parent map) at time 84.008000 according to authority unknown_publisher[0m
[INFO] [1774027802.687654, 0.000000]: Loading model XML from ros parameter robot_description
[INFO] [1774027802.691477, 0.000000]: Waiting for service /gazebo/spawn_urdf_model
[INFO] [1774027803.896065, 0.000000]: Calling service /gazebo/spawn_urdf_model
[INFO] [1774027806.208016, 84.338000]: Spawn status: SpawnModel: Successfully spawned entity
[33m[WARN] [1774027807.009358417, 84.338000000]: GazeboRosSkidSteerDrive Plugin (ns = /robot1//) missing <covariance_x>, defaults to 0.000100[0m
[33m[WARN] [1774027807.009390473, 84.338000000]: GazeboRosSkidSteerDrive Plugin (ns = /robot1//) missing <covariance_y>, defaults to 0.000100[0m
[33m[WARN] [1774027807.009401159, 84.338000000]: GazeboRosSkidSteerDrive Plugin (ns = /robot1//) missing <covariance_yaw>, defaults to 0.010000[0m
[33m[WARN] [1774027807.061988459, 84.442000000]: global_costmap: Pre-Hydro parameter "static_map" unused since "plugins" is provided[0m
[33m[WARN] [1774027807.062146364, 84.442000000]: global_costmap: Pre-Hydro parameter "map_type" unused since "plugins" is provided[0m
[33m[WARN] [1774027807.063598383, 84.444000000]: global_costmap: Pre-Hydro parameter "static_map" unused since "plugins" is provided[0m
[33m[WARN] [1774027807.063775285, 84.444000000]: global_costmap: Pre-Hydro parameter "map_type" unused since "plugins" is provided[0m
WARNING: Logging before InitGoogleLogging() is written to STDERR
I20260321 01:30:07.304800 1626164 path_planner_factory.cpp:308] Using path planner: theta_star
[33m[WARN] [1774027807.308001756, 84.932000000]: local_costmap: Pre-Hydro parameter "static_map" unused since "plugins" is provided[0m
[33m[WARN] [1774027807.800949666, 85.914000000]: The /robot1/scan observation buffer has not been updated for 1.04 seconds, and it should be updated every 1.00 seconds.[0m
[33m[WARN] [1774027812.316154390, 94.896000000]: Timed out waiting for NoMaD service /nomad/make_plan (5.00s).[0m
[33m[WARN] [1774027812.316199506, 94.896000000]: NoMaD service /nomad/make_plan not available yet.[0m
[33m[WARN] [1774027812.317729885, 94.900000000]: local_costmap: Pre-Hydro parameter "static_map" unused since "plugins" is provided[0m
[33m[WARN] [1774027812.825182756, 95.914000000]: The /robot2/scan observation buffer has not been updated for 11.04 seconds, and it should be updated every 1.00 seconds.[0m
[33m[WARN] [1774027822.667465832, 115.274000000]: Map update loop missed its desired rate of 1.0000Hz... the loop actually took 2.3600 seconds[0m
[0m[INFO] [1774027807.064120777, 84.446000000]: global_costmap: Using plugin "static_map"[0m
[0m[INFO] [1774027807.067492595, 84.452000000]: Requesting the map...[0m
[0m[INFO] [1774027807.219201844, 84.756000000]: Resizing costmap to 480 X 480 at 0.050000 m/pix[0m
[0m[INFO] [1774027807.268804373, 84.854000000]: Received a 480 X 480 map at 0.050000 m/pix[0m
[0m[INFO] [1774027807.270750292, 84.858000000]: global_costmap: Using plugin "obstacle_layer"[0m
[0m[INFO] [1774027807.272478942, 84.862000000]:     Subscribed to Topics: scan[0m
[0m[INFO] [1774027807.282075563, 84.882000000]: global_costmap: Using plugin "voronoi_layer"[0m
[0m[INFO] [1774027807.284515382, 84.886000000]: global_costmap: Using plugin "inflation_layer"[0m
[0m[INFO] [1774027807.308568079, 84.934000000]: local_costmap: Using plugin "obstacle_layer"[0m
[0m[INFO] [1774027807.309733969, 84.936000000]:     Subscribed to Topics: [0m
[0m[INFO] [1774027807.312773354, 84.942000000]: local_costmap: Using plugin "inflation_layer"[0m
[0m[INFO] [1774027807.328616149, 84.974000000]: Created local_planner pid_controller/PIDController[0m
[0m[INFO] [1774027807.334000372, 84.984000000]: PID Controller initialized![0m
[0m[INFO] [1774027807.833088789, 85.980000000]: Recovery behavior will clear layer 'obstacles'[0m
[0m[INFO] [1774027807.834974158, 85.982000000]: Recovery behavior will clear layer 'obstacles'[0m
[0m[INFO] [1774027807.844662198, 86.002000000]: odom received![0m
[0m[INFO] [1774027821.132750222, 112.468000000]: Got new plan[0m
[0m[INFO] [1774027821.417582493, 112.968000000]: Got new plan[0m
[0m[INFO] [1774027821.687059916, 113.470000000]: Got new plan[0m
[0m[INFO] [1774027821.954739824, 113.968000000]: Got new plan[0m
[0m[INFO] [1774027822.228434417, 114.468000000]: Got new plan[0m
[0m[INFO] [1774027822.503229604, 114.968000000]: Got new plan[0m
[0m[INFO] [1774027822.773605804, 115.468000000]: Got new plan[0m
[0m[INFO] [1774027823.045185892, 115.968000000]: Got new plan[0m
[0m[INFO] [1774027823.319945483, 116.468000000]: Got new plan[0m
[0m[INFO] [1774027823.599792490, 116.968000000]: Got new plan[0m
[0m[INFO] [1774027823.871665849, 117.468000000]: Got new plan[0m
[0m[INFO] [1774027824.161113064, 117.970000000]: Got new plan[0m
[0m[INFO] [1774027824.436627775, 118.468000000]: Got new plan[0m
[0m[INFO] [1774027824.695127843, 118.918000000]: Got new plan[0m
[0m[INFO] [1774027824.991317526, 119.420000000]: Got new plan[0m
[0m[INFO] [1774027825.298413417, 119.918000000]: Got new plan[0m
[0m[INFO] [1774027825.589177339, 120.418000000]: Got new plan[0m
[0m[INFO] [1774027825.878523670, 120.918000000]: Got new plan[0m
[0m[INFO] [1774027826.177300434, 121.418000000]: Got new plan[0m
[0m[INFO] [1774027826.466510253, 121.918000000]: Got new plan[0m
[0m[INFO] [1774027826.744346106, 122.418000000]: Got new plan[0m
[0m[INFO] [1774027827.046356984, 122.918000000]: Got new plan[0m
[0m[INFO] [1774027827.354242454, 123.418000000]: Got new plan[0m
[0m[INFO] [1774027827.658352431, 123.918000000]: Got new plan[0m
[0m[INFO] [1774027827.951943270, 124.418000000]: Got new plan[0m
[0m[INFO] [1774027828.236907483, 124.918000000]: Got new plan[0m
[0m[INFO] [1774027828.530744107, 125.418000000]: Got new plan[0m
[0m[INFO] [1774027828.825058011, 125.920000000]: Got new plan[0m
[0m[INFO] [1774027829.131987770, 126.418000000]: Got new plan[0m
[0m[INFO] [1774027829.419765821, 126.918000000]: Got new plan[0m
[0m[INFO] [1774027829.729803846, 127.418000000]: Got new plan[0m
[0m[INFO] [1774027829.754281625, 127.468000000]: Got new plan[0m
[0m[INFO] [1774027830.043169769, 127.968000000]: Got new plan[0m
[0m[INFO] [1774027830.347929251, 128.468000000]: Got new plan[0m
[0m[INFO] [1774027830.647471904, 128.968000000]: Got new plan[0m
[0m[INFO] [1774027830.954113197, 129.468000000]: Got new plan[0m
[0m[INFO] [1774027831.263169401, 129.968000000]: Got new plan[0m
[0m[INFO] [1774027831.561477325, 130.468000000]: Got new plan[0m
[0m[INFO] [1774027831.847898380, 130.968000000]: Got new plan[0m
[0m[[0m[INFO] [1774027807.062756616, 84.442000000]: global_costmap: Using plugin "static_map"[0m
[0m[INFO] [1774027807.067092489, 84.452000000]: Requesting the map...[0m
[0m[INFO] [1774027807.218787491, 84.754000000]: Resizing costmap to 480 X 480 at 0.050000 m/pix[0m
[0m[INFO] [1774027807.268458880, 84.854000000]: Received a 480 X 480 map at 0.050000 m/pix[0m
[0m[INFO] [1774027807.270619693, 84.858000000]: global_costmap: Using plugin "obstacle_layer"[0m
[0m[INFO] [1774027807.272401770, 84.862000000]:     Subscribed to Topics: scan[0m
[0m[INFO] [1774027807.282020949, 84.882000000]: global_costmap: Using plugin "voronoi_layer"[0m
[0m[INFO] [1774027807.284636483, 84.886000000]: global_costmap: Using plugin "inflation_layer"[0m
[0m[INFO] [1774027807.303085313, 84.924000000]: waitForService: Service [/nomad/make_plan] has not been advertised, waiting...[0m
[0m[INFO] [1774027812.316209004, 94.896000000]: NoMaDPlanner initialized for frame map[0m
[0m[INFO] [1774027812.318067066, 94.900000000]: local_costmap: Using plugin "obstacle_layer"[0m
[0m[INFO] [1774027812.318858969, 94.902000000]:     Subscribed to Topics: [0m
[0m[INFO] [1774027812.321377148, 94.906000000]: local_costmap: Using plugin "inflation_layer"[0m
[0m[INFO] [1774027812.333901557, 94.932000000]: Created local_planner pid_controller/PIDController[0m
[0m[INFO] [1774027812.339599220, 94.944000000]: PID Controller initialized![0m
[0m[INFO] [1774027812.832528336, 95.928000000]: Recovery behavior will clear layer 'obstacles'[0m
[0m[INFO] [1774027812.834435076, 95.932000000]: Recovery behavior will clear layer 'obstacles'[0m
[0m[INFO] [1774027812.845677244, 95.954000000]: odom received![0m
[0m[INFO] [1774027822.691259736, 115.322000000]: Got new plan[0m
[0m[INFO] [1774027822.805550257, 115.522000000]: Got new plan[0m
[0m[INFO] [1774027823.047927278, 115.972000000]: Got new plan[0m
[0m[INFO] [1774027823.346930747, 116.522000000]: Got new plan[0m
[0m[INFO] [1774027823.603198743, 116.976000000]: Got new plan[0m
[0m[INFO] [1774027823.903643547, 117.522000000]: Got new plan[0m
[0m[INFO] [1774027824.162160228, 117.972000000]: Got new plan[0m
[0m[INFO] [1774027824.438523832, 118.472000000]: Got new plan[0m
[0m[INFO] [1774027824.750794972, 119.022000000]: Got new plan[0m
[0m[INFO] [1774027825.049369867, 119.524000000]: Got new plan[0m
[0m[INFO] [1774027825.325714497, 119.972000000]: Got new plan[0m
[0m[INFO] [1774027825.631745415, 120.472000000]: Got new plan[0m
[0m[INFO] [1774027825.935940827, 121.022000000]: Got new plan[0m
[0m[INFO] [1774027826.204787916, 121.472000000]: Got new plan[0m
[0m[INFO] [1774027826.522648734, 122.022000000]: Got new plan[0m
[0m[INFO] [1774027826.809643123, 122.522000000]: Got new plan[0m
[0m[INFO] [1774027827.083074241, 122.974000000]: Got new plan[0m
[0m[INFO] [1774027827.415052814, 123.524000000]: Got new plan[0m
[0m[INFO] [1774027827.685229663, 123.972000000]: Got new plan[0m
[0m[INFO] [1774027827.985314823, 124.472000000]: Got new plan[0m
[0m[INFO] [1774027828.293687094, 125.022000000]: Got new plan[0m
[0m[INFO] [1774027828.557537046, 125.472000000]: Got new plan[0m
[0m[INFO] [1774027828.867047902, 125.972000000]: Got new plan[0m
[0m[INFO] [1774027829.167898883, 126.472000000]: Got new plan[0m
[0m[INFO] [1774027829.448294538, 126.976000000]: Got new plan[0m
[0m[INFO] [1774027829.731823378, 127.422000000]: Got new plan[0m
[0m[INFO] [1774027829.865366603, 127.672000000]: Got new plan[0m
[0m[INFO] [1774027830.134006001, 128.124000000]: Got new plan[0m
[0m[INFO] [1774027830.442931586, 128.622000000]: Got new plan[0m
[0m[INFO] [1774027830.773115098, 129.172000000]: Got new plan[0m
[0m[INFO] [1774027831.057730309, 129.622000000]: Got new plan[0m
[0m[INFO] [1774027831.387735758, 130.172000000]: Got new plan[0m
[0m[INFO] [1774027831.671166100, 130.672000000]: Got new plan[0m
[0m[INFO] [1774027831.964922061, 131.172000000]: Got new plan[0m
[0m[INFO] [1774027832.248170771, 131.622000000]: Got new plan[0m
[0m[INFO] [1774027832.576121095, 132.172000000]:E20260321 01:30:44.230350 1626389 path_planner_node.cpp:250] Failed to get a path.
E20260321 01:30:44.327219 1626389 path_planner_node.cpp:250] Failed to get a path.
INFO] [1774027832.139571894, 131.468000000]: Got new plan[0m
[0m[INFO] [1774027832.449652734, 131.968000000]: Got new plan[0m
[0m[INFO] [1774027832.754436010, 132.468000000]: Got new plan[0m
[0m[INFO] [1774027832.779889725, 132.518000000]: Got new plan[0m
[0m[INFO] [1774027833.058106825, 133.018000000]: Got new plan[0m
[0m[INFO] [1774027833.366225145, 133.518000000]: Got new plan[0m
[0m[INFO] [1774027833.679534176, 134.018000000]: Got new plan[0m
[0m[INFO] [1774027833.970731632, 134.518000000]: Got new plan[0m
[0m[INFO] [1774027834.279418673, 135.018000000]: Got new plan[0m
[0m[INFO] [1774027834.583556126, 135.518000000]: Got new plan[0m
[0m[INFO] [1774027834.889322503, 136.018000000]: Got new plan[0m
[0m[INFO] [1774027835.179539318, 136.518000000]: Got new plan[0m
[0m[INFO] [1774027835.484374905, 137.018000000]: Got new plan[0m
[0m[INFO] [1774027835.789506120, 137.518000000]: Got new plan[0m
[0m[INFO] [1774027836.080779614, 138.018000000]: Got new plan[0m
[0m[INFO] [1774027836.385124886, 138.518000000]: Got new plan[0m
[0m[INFO] [1774027836.688616515, 139.018000000]: Got new plan[0m
[0m[INFO] [1774027836.976457650, 139.518000000]: Got new plan[0m
[0m[INFO] [1774027837.272419681, 140.018000000]: Got new plan[0m
[0m[INFO] [1774027837.556808278, 140.518000000]: Got new plan[0m
[0m[INFO] [1774027837.774044109, 140.868000000]: Got new plan[0m
[0m[INFO] [1774027838.069880298, 141.368000000]: Got new plan[0m
[0m[INFO] [1774027838.377425290, 141.872000000]: Got new plan[0m
[0m[INFO] [1774027838.668614550, 142.368000000]: Got new plan[0m
[0m[INFO] [1774027838.972387609, 142.868000000]: Got new plan[0m
[0m[INFO] [1774027839.274177960, 143.368000000]: Got new plan[0m
[0m[INFO] [1774027839.569230596, 143.868000000]: Got new plan[0m
[0m[INFO] [1774027839.872991806, 144.368000000]: Got new plan[0m
[0m[INFO] [1774027840.177392963, 144.868000000]: Got new plan[0m
[0m[INFO] [1774027840.470265808, 145.368000000]: Got new plan[0m
[0m[INFO] [1774027840.770638592, 145.868000000]: Got new plan[0m
[0m[INFO] [1774027840.933688979, 146.118000000]: Got new plan[0m
[0m[INFO] [1774027841.220711009, 146.618000000]: Got new plan[0m
[0m[INFO] [1774027841.522721052, 147.118000000]: Got new plan[0m
[0m[INFO] [1774027841.812258897, 147.618000000]: Got new plan[0m
[0m[INFO] [1774027842.117254917, 148.120000000]: Got new plan[0m
[0m[INFO] [1774027842.181128488, 148.220000000]: Got new plan[0m
[0m[INFO] [1774027842.482053396, 148.722000000]: Got new plan[0m
[0m[INFO] [1774027842.769812744, 149.218000000]: Got new plan[0m
[0m[INFO] [1774027843.074730424, 149.718000000]: Got new plan[0m
[0m[INFO] [1774027843.384748605, 150.218000000]: Got new plan[0m
[0m[INFO] [1774027843.670267609, 150.718000000]: Got new plan[0m
[0m[INFO] [1774027843.978146341, 151.218000000]: Got new plan[0m
[0m[INFO] [1774027844.382243292, 151.918000000]: Got new plan[0m
[0m[INFO] [1774027844.667064207, 152.418000000]: Got new plan[0m
[0m[INFO] [1774027844.969945772, 152.918000000]: Got new plan[0m
[0m[INFO] [1774027845.279130539, 153.420000000]: Got new plan[0m
[0m[INFO] [1774027845.586139056, 153.920000000]: Got new plan[0m
[0m[INFO] [1774027845.874564524, 154.418000000]: Got new plan[0m
[0m[INFO] [1774027846.179551144, 154.918000000]: Got new plan[0m
[0m[INFO] [1774027846.484738422, 155.418000000]: Got new plan[0m
[0m[INFO] [1774027846.774591003, 155.918000000]: Got new plan[0m
[0m[INFO] [1774027847.074664742, 156.418000000]: Got new plan[0m
[0m[INFO] [1774027847.371536449, 156.918000000]: Got new plan[0m
[0m[INFO] [1774027847.662331740, 157.418000000]: Got new plan[0m
[0m[INFO] [1774027847.795708935, 157.618000000]: Got new plan[0m
[0m[INFO] [1774027848.077780219, 158.118000000]: Got new plan[0m
[0m[INFO] [1774027848.347744991, 158.618000000]: Got new plan[0m
[0m[INFO] [1774027848.633171498, 159.122000000]: Got new plan[0m
[0m[INFO] [1774027848.912107234, 159.620000000]: Got new plan[0m
[0m[INFO] [1774027849.193928036, 160.118000000]: Got new plan[0m
[0m[INFO] [17 Got new plan[0m
[0m[INFO] [1774027832.889161779, 132.722000000]: Got new plan[0m
[0m[INFO] [1774027833.158925581, 133.172000000]: Got new plan[0m
[0m[INFO] [1774027833.493800044, 133.722000000]: Got new plan[0m
[0m[INFO] [1774027833.767843935, 134.172000000]: Got new plan[0m
[0m[INFO] [1774027834.069675706, 134.672000000]: Got new plan[0m
[0m[INFO] [1774027834.348300077, 135.122000000]: Got new plan[0m
[0m[INFO] [1774027834.650184105, 135.624000000]: Got new plan[0m
[0m[INFO] [1774027834.977997946, 136.172000000]: Got new plan[0m
[0m[INFO] [1774027835.281199858, 136.672000000]: Got new plan[0m
[0m[INFO] [1774027835.576069563, 137.172000000]: Got new plan[0m
[0m[INFO] [1774027835.879891228, 137.672000000]: Got new plan[0m
[0m[INFO] [1774027836.180189112, 138.172000000]: Got new plan[0m
[0m[INFO] [1774027836.510612607, 138.722000000]: Got new plan[0m
[0m[INFO] [1774027836.774486471, 139.172000000]: Got new plan[0m
[0m[INFO] [1774027837.076724357, 139.676000000]: Got new plan[0m
[0m[INFO] [1774027837.384333438, 140.222000000]: Got new plan[0m
[0m[INFO] [1774027837.645608404, 140.672000000]: Got new plan[0m
[0m[INFO] [1774027837.892063958, 141.072000000]: Got new plan[0m
[0m[INFO] [1774027838.195990165, 141.574000000]: Got new plan[0m
[0m[INFO] [1774027838.492611152, 142.072000000]: Got new plan[0m
[0m[INFO] [1774027838.794934563, 142.572000000]: Got new plan[0m
[0m[INFO] [1774027839.100221389, 143.072000000]: Got new plan[0m
[0m[INFO] [1774027839.400557345, 143.572000000]: Got new plan[0m
[0m[INFO] [1774027839.669733587, 144.022000000]: Got new plan[0m
[0m[INFO] [1774027839.995372489, 144.572000000]: Got new plan[0m
[0m[INFO] [1774027840.304939438, 145.074000000]: Got new plan[0m
[0m[INFO] [1774027840.632012580, 145.624000000]: Got new plan[0m
[0m[INFO] [1774027840.911116735, 146.074000000]: Got new plan[0m
[0m[INFO] [1774027841.075703446, 146.372000000]: Got new plan[0m
[0m[INFO] [1774027841.375186994, 146.872000000]: Got new plan[0m
[0m[INFO] [1774027841.650151185, 147.324000000]: Got new plan[0m
[0m[INFO] [1774027841.975152578, 147.874000000]: Got new plan[0m
[0m[INFO] [1774027842.325386898, 148.472000000]: Got new plan[0m
[0m[INFO] [1774027842.564182325, 148.872000000]: Got new plan[0m
[0m[INFO] [1774027842.867727524, 149.372000000]: Got new plan[0m
[0m[INFO] [1774027843.137203029, 149.822000000]: Got new plan[0m
[0m[INFO] [1774027843.441562713, 150.322000000]: Got new plan[0m
[0m[INFO] [1774027843.738309666, 150.822000000]: Got new plan[0m
[0m[INFO] [1774027844.041676801, 151.322000000]: Got new plan[0m
[0m[INFO] [1774027844.328944666, 151.822000000]: Got new plan[0m
[0m[INFO] [1774027844.499068818, 152.122000000]: Got new plan[0m
[0m[INFO] [1774027844.770752664, 152.572000000]: Got new plan[0m
[0m[INFO] [1774027845.071079244, 153.076000000]: Got new plan[0m
[0m[INFO] [1774027845.373793428, 153.572000000]: Got new plan[0m
[0m[INFO] [1774027845.674070160, 154.072000000]: Got new plan[0m
[0m[INFO] [1774027845.974574847, 154.572000000]: Got new plan[0m
[0m[INFO] [1774027846.304827630, 155.122000000]: Got new plan[0m
[0m[INFO] [1774027846.605757380, 155.622000000]: Got new plan[0m
[0m[INFO] [1774027846.896106238, 156.122000000]: Got new plan[0m
[0m[INFO] [1774027847.221788076, 156.672000000]: Got new plan[0m
[0m[INFO] [1774027847.517668417, 157.172000000]: Got new plan[0m
[0m[INFO] [1774027847.772984709, 157.572000000]: Got new plan[0m
[0m[INFO] [1774027847.989901334, 157.972000000]: Got new plan[0m
[0m[INFO] [1774027848.215480251, 158.372000000]: Got new plan[0m
[0m[INFO] [1774027848.498125000, 158.872000000]: Got new plan[0m
[0m[INFO] [1774027848.770979571, 159.372000000]: Got new plan[0m
[0m[INFO] [1774027849.033303116, 159.822000000]: Got new plan[0m
[0m[INFO] [1774027849.337167851, 160.374000000]: Got new plan[0m
[0m[INFO] [1774027849.618100587, 160.876000000]: Got new plan[0m
[0m[INFO] [1774027849.886196626, 161.372000000]: Got new plan[0m
[0m[INFO] [1774027850.166918041, 161.872000000]: Got new 74027849.469505024, 160.618000000]: Got new plan[0m
[0m[INFO] [1774027849.749130582, 161.120000000]: Got new plan[0m
[0m[INFO] [1774027850.019179671, 161.618000000]: Got new plan[0m
[0m[INFO] [1774027850.301795968, 162.118000000]: Got new plan[0m
[0m[INFO] [1774027850.576847019, 162.618000000]: Got new plan[0m
[0m[INFO] [1774027850.858606112, 163.118000000]: Got new plan[0m
[0m[INFO] [1774027851.150134023, 163.618000000]: Got new plan[0m
[0m[INFO] [1774027851.449215318, 164.118000000]: Got new plan[0m
[0m[INFO] [1774027851.741822463, 164.620000000]: Got new plan[0m
[0m[INFO] [1774027852.036719842, 165.118000000]: Got new plan[0m
[0m[INFO] [1774027852.203201572, 165.372000000]: Got new plan[0m
[0m[INFO] [1774027852.483934911, 165.868000000]: Got new plan[0m
[0m[INFO] [1774027852.781602198, 166.368000000]: Got new plan[0m
[0m[INFO] [1774027853.068344285, 166.868000000]: Got new plan[0m
[0m[INFO] [1774027853.370511326, 167.370000000]: Got new plan[0m
[0m[INFO] [1774027853.659227850, 167.870000000]: Got new plan[0m
[0m[INFO] [1774027853.947716420, 168.370000000]: Got new plan[0m
[0m[INFO] [1774027854.227467930, 168.868000000]: Got new plan[0m
[0m[INFO] [1774027854.503842864, 169.368000000]: Got new plan[0m
[0m[INFO] [1774027854.788882453, 169.868000000]: Got new plan[0m
[0m[INFO] [1774027855.065482973, 170.368000000]: Got new plan[0m
[0m[INFO] [1774027855.345303369, 170.872000000]: Got new plan[0m
[0m[INFO] [1774027855.623022308, 171.368000000]: Got new plan[0m
[0m[INFO] [1774027855.902037739, 171.870000000]: Got new plan[0m
[0m[INFO] [1774027856.187093985, 172.368000000]: Got new plan[0m
[0m[INFO] [1774027856.484830223, 172.868000000]: Got new plan[0m
[0m[INFO] [1774027856.780709579, 173.368000000]: Got new plan[0m
[0m[INFO] [1774027857.052225086, 173.868000000]: Got new plan[0m
[0m[INFO] [1774027857.331754645, 174.370000000]: Got new plan[0m
[0m[INFO] [1774027857.615759004, 174.868000000]: Got new plan[0m
Error in XmlRpcClient::writeRequest: write error (Connection refused).
Error in XmlRpcClient::writeRequest: write error (Connection refused).
Error in XmlRpcDispatch::work: couldn't find source iterator
Error in XmlRpcDispatch::work: couldn't find source iterator
plan[0m
[0m[INFO] [1774027850.442571035, 162.372000000]: Got new plan[0m
[0m[INFO] [1774027850.713510591, 162.872000000]: Got new plan[0m
[0m[INFO] [1774027850.973665043, 163.326000000]: Got new plan[0m
[0m[INFO] [1774027851.308573214, 163.872000000]: Got new plan[0m
[0m[INFO] [1774027851.602019754, 164.372000000]: Got new plan[0m
[0m[INFO] [1774027851.894482053, 164.872000000]: Got new plan[0m
[0m[INFO] [1774027852.203729905, 165.372000000]: Got new plan[0m
[0m[INFO] [1774027852.568726937, 166.022000000]: Got new plan[0m
[0m[INFO] [1774027852.843685424, 166.476000000]: Got new plan[0m
[0m[INFO] [1774027853.129148832, 166.974000000]: Got new plan[0m
[0m[INFO] [1774027853.396955260, 167.422000000]: Got new plan[0m
[0m[INFO] [1774027853.668945607, 167.872000000]: Got new plan[0m
[0m[INFO] [1774027853.948400284, 168.372000000]: Got new plan[0m
[0m[INFO] [1774027854.228751363, 168.872000000]: Got new plan[0m
[0m[INFO] [1774027854.505944322, 169.372000000]: Got new plan[0m
[0m[INFO] [1774027854.792646081, 169.874000000]: Got new plan[0m
[0m[INFO] [1774027855.068010659, 170.372000000]: Got new plan[0m
[0m[INFO] [1774027855.345475523, 170.872000000]: Got new plan[0m
[0m[INFO] [1774027855.624717721, 171.372000000]: Got new plan[0m
[0m[INFO] [1774027855.903462456, 171.872000000]: Got new plan[0m
[0m[INFO] [1774027856.188272939, 172.372000000]: Got new plan[0m
[0m[INFO] [1774027856.486943554, 172.872000000]: Got new plan[0m
[0m[INFO] [1774027856.782699435, 173.372000000]: Got new plan[0m
[0m[INFO] [1774027857.083933360, 173.922000000]: Got new plan[0m
[0m[INFO] [1774027857.362638957, 174.422000000]: Got new plan[0m
[0m[INFO] [1774027857.617788039, 174.872000000]: Got new plan[0m
Error in XmlRpcClient::writeRequest: write error (Connection refused).
Error in XmlRpcDispatch::work: couldn't find source iterator
Error in XmlRpcClient::writeRequest: write error (Connection refused).
Error in XmlRpcDispatch::work: couldn't find source iterator
Error in XmlRpcClient::writeRequest: write error (Connection refused).
Error in XmlRpcDispatch::work: couldn't find source iterator
Error in XmlRpcClient::writeRequest: write error (Connection refused).
Error in XmlRpcDispatch::work: couldn't find source iterator
Error in XmlRpcClient::writeRequest: write error (Connection refused).
Error in XmlRpcDispatch::work: couldn't find source iterator
Error in XmlRpcClient::writeRequest: write error (Connection refused).
Error in XmlRpcClient::writeRequest: write error (Connection refused).
Error in XmlRpcDispatch::work: couldn't find source iterator
Error in XmlRpcDispatch::work: couldn't find source iterator
Error in XmlRpcClient::writeRequest: write error (Connection refused).
Error in XmlRpcDispatch::work: couldn't find source iterator
Error in XmlRpcClient::writeRequest: write error (Connection refused).
Error in XmlRpcDispatch::work: couldn't find source iterator
Error in XmlRpcClient::writeRequest: write error (Connection refused).
Error in XmlRpcDispatch::work: couldn't find source iterator
Error in XmlRpcClient::writeRequest: write error (Connection refused).
Error in XmlRpcDispatch::work: couldn't find source iterator
Error in XmlRpcClient::writeRequest: write error (Connection refused).
Error in XmlRpcDispatch::work: couldn't find source iterator
Error in XmlRpcClient::writeRequest: write error (Connection refused).
Error in XmlRpcClient::writeRequest: write error (Connection refused).
Error in XmlRpcDispatch::work: couldn't find source iterator
Error in XmlRpcDispatch::work: couldn't find source iterator
Error in XmlRpcClient::writeRequest: write error (Connection refused).
Error in XmlRpcDispatch::work: couldn't find source iterator
Error in XmlRpcClient::writeRequest: write error (Connection refused).
Error in XmlRpcDispatch::work: couldn't find source iterator
Error in XmlRpcClient::writeRequest: write error (Connection refused).
Error in XmlRpcClient::writeRequest: write error (Connection refused).
Error in XmlRpcDispatch::work: couldn't find source iterator
Error in XmlRpcDispatch::work: couldn't find source iterator
Error in XmlRpcClient::writeRequest: write error (Connection refused).
Error in XmlRpcDispatch::work: couldn't find source iterator
Error in XmlRpcClient::writeRequest: write error (Connection refused).
Error in XmlRpcDispatch::work: couldn't find source iterator
Error in XmlRpcClient::writeRequest: write error (Connection refused).
Error in XmlRpcDispatch::work: couldn't find source iterator
Error in XmlRpcClient::writeRequest: write error (Connection refused).
Error in XmlRpcDispatch::work: couldn't find source iterator
Error in XmlRpcClient::writeRequest: write error (Connection refused).
Error in XmlRpcDispatch::work: couldn't find source iterator
Error in XmlRpcClient::writeRequest: write error (Connection refused).
Error in XmlRpcDispatch::work: couldn't find source iterator
Error in XmlRpcClient::writeRequest: write error (Connection refused).
Error in XmlRpcDispatch::work: couldn't find source iterator
Error in XmlRpcClient::writeRequest: write error (Connection refused).
Error in XmlRpcDispatch::work: couldn't find source iterator
Error in XmlRpcClient::writeRequest: write error (Connection refused).
Error in XmlRpcDispatch::work: couldn't find source iterator
Error in XmlRpcClient::writeRequest: write error (Connection refused).
Error in XmlRpcDispatch::work: couldn't find source iterator
Error in XmlRpcClient::writeRequest: write error (Connection refused).
Error in XmlRpcClient::writeRequest: write error (Connection refused).
Error in XmlRpcClient::writeRequest: write error (Connection refused).
Error in XmlRpcDispatch::work: couldn't find source iterator
Error in XmlRpcDispatch::work: couldn't find source iterator
Error in XmlRpcDispatch::work: couldn't find source iterator
Error in XmlRpcClient::writeRequest: write error (Connection refused).
Error in XmlRpcClient::writeRequest: write error (Connection refused).
Error in XmlRpcDispatch::work: couldn't find source iterator
Error in XmlRpcDispatch::work: couldn't find source iterator
Error in XmlRpcClient::writeRequest: write error (Connection refused).
Error in XmlRpcClient::writeRequest: write error (Connection refused).
Error in XmlRpcDispatch::work: couldn't find source iterator
Error in XmlRpcDispatch::work: couldn't find source iterator
Error in XmlRpcClient::writeRequest: write error (Connection refused).
Error in XmlRpcClient::writeRequest: write error (Connection refused).
Error in XmlRpcDispatch::work: couldn't find source iterator
Error in XmlRpcDispatch::work: couldn't find source iterator
Error in XmlRpcClient::writeRequest: write error (Connection refused).
Error in XmlRpcDispatch::work: couldn't find source iterator
Error in XmlRpcClient::writeRequest: write error (Connection refused).
Error in XmlRpcDispatch::work: couldn't find source iterator
Error in XmlRpcClient::writeRequest: write error (Connection refused).
Error in XmlRpcDispatch::work: couldn't find source iterator
Error in XmlRpcClient::writeRequest: write error (Connection refused).
Error in XmlRpcClient::writeRequest: write error (Connection refused).
Error in XmlRpcDispatch::work: couldn't find source iterator
Error in XmlRpcDispatch::work: couldn't find source iterator
Error in XmlRpcClient::writeRequest: write error (Connection refused).
Error in XmlRpcClient::writeRequest: write error (Connection refused).
Error in XmlRpcDispatch::work: couldn't find source iterator
Error in XmlRpcDispatch::work: couldn't find source iterator
Error in XmlRpcClient::writeRequest: write error (Connection refused).
Error in XmlRpcClient::writeRequest: write error (Connection refused).
Error in XmlRpcDispatch::work: couldn't find source iterator
Error in XmlRpcDispatch::work: couldn't find source iterator
Error in XmlRpcClient::writeRequest: write error (Connection refused).
Error in XmlRpcDispatch::work: couldn't find source iterator
Error in XmlRpcClient::writeRequest: write error (Connection refused).
Error in XmlRpcDispatch::work: couldn't find source iterator
Error in XmlRpcClient::writeRequest: write error (Connection refused).
Error in XmlRpcDispatch::work: couldn't find source iterator
Error in XmlRpcClient::writeRequest: write error (Connection refused).
Error in XmlRpcDispatch::work: couldn't find source iterator
Error in XmlRpcClient::writeRequest: write error (Connection refused).
Error in XmlRpcDispatch::work: couldn't find source iterator
Error in XmlRpcClient::writeRequest: write error (Connection refused).
Error in XmlRpcDispatch::work: couldn't find source iterator
Error in XmlRpcClient::writeRequest: write error (Connection refused).
Error in XmlRpcDispatch::work: couldn't find source iterator
Error in XmlRpcClient::writeRequest: write error (Connection refused).
Error in XmlRpcDispatch::work: couldn't find source iterator
Error in XmlRpcClient::writeRequest: write error (Connection refused).
Error in XmlRpcDispatch::work: couldn't find source iterator
Error in XmlRpcClient::writeRequest: write error (Connection refused).
Error in XmlRpcDispatch::work: couldn't find source iterator
Error in XmlRpcClient::writeRequest: write error (Connection refused).
Error in XmlRpcDispatch::work: couldn't find source iterator
Error in XmlRpcClient::writeRequest: write error (Connection refused).
Error in XmlRpcDispatch::work: couldn't find source iterator
Error in XmlRpcClient::writeRequest: write error (Connection refused).
Error in XmlRpcDispatch::work: couldn't find source iterator
Error in XmlRpcClient::writeRequest: write error (Connection refused).
Error in XmlRpcDispatch::work: couldn't find source iterator
Error in XmlRpcClient::writeRequest: write error (Connection refused).
Error in XmlRpcDispatch::work: couldn't find source iterator
Error in XmlRpcClient::writeRequest: write error (Connection refused).
Error in XmlRpcDispatch::work: couldn't find source iterator
Error in XmlRpcClient::writeRequest: write error (Connection refused).
Error in XmlRpcDispatch::work: couldn't find source iterator
Error in XmlRpcClient::writeRequest: write error (Connection refused).
Error in XmlRpcDispatch::work: couldn't find source iterator
Error in XmlRpcClient::writeRequest: write error (Connection refused).
Error in XmlRpcDispatch::work: couldn't find source iterator
Error in XmlRpcClient::writeRequest: write error (Connection refused).
Error in XmlRpcDispatch::work: couldn't find source iterator
Error in XmlRpcClient::writeRequest: write error (Connection refused).
Error in XmlRpcDispatch::work: couldn't find source iterator
Error in XmlRpcClient::writeRequest: write error (Connection refused).
Error in XmlRpcDispatch::work: couldn't find source iterator
Error in XmlRpcClient::writeRequest: write error (Connection refused).
Error in XmlRpcClient::writeRequest: write error (Connection refused).
Error in XmlRpcDispatch::work: couldn't find source iterator
Error in XmlRpcDispatch::work: couldn't find source iterator
Error in XmlRpcClient::writeRequest: write error (Connection refused).
Error in XmlRpcClient::writeRequest: write error (Connection refused).
Error in XmlRpcDispatch::work: couldn't find source iterator
Error in XmlRpcDispatch::work: couldn't find source iterator
Error in XmlRpcClient::writeRequest: write error (Connection refused).
Error in XmlRpcClient::writeRequest: write error (Connection refused).
Error in XmlRpcDispatch::work: couldn't find source iterator
Error in XmlRpcDispatch::work: couldn't find source iterator
Error in XmlRpcClient::writeRequest: write error (Connection refused).
Error in XmlRpcDispatch::work: couldn't find source iterator
Error in XmlRpcClient::writeRequest: write error (Connection refused).
Error in XmlRpcDispatch::work: couldn't find source iterator
Error in XmlRpcClient::writeRequest: write error (Connection refused).
Error in XmlRpcDispatch::work: couldn't find source iterator
Error in XmlRpcClient::writeRequest: write error (Connection refused).
Error in XmlRpcDispatch::work: couldn't find source iterator
Error in XmlRpcClient::writeRequest: write error (Connection refused).
Error in XmlRpcDispatch::work: couldn't find source iterator
Error in XmlRpcClient::writeRequest: write error (Connection refused).
Error in XmlRpcClient::writeRequest: write error (Connection refused).
Error in XmlRpcDispatch::work: couldn't find source iterator
Error in XmlRpcDispatch::work: couldn't find source iterator
Error in XmlRpcClient::writeRequest: write error (Connection refused).
Error in XmlRpcDispatch::work: couldn't find source iterator
Error in XmlRpcClient::writeRequest: write error (Connection refused).
Error in XmlRpcDispatch::work: couldn't find source iterator
Error in XmlRpcClient::writeRequest: write error (Connection refused).
Error in XmlRpcDispatch::work: couldn't find source iterator
Error in XmlRpcClient::writeRequest: write error (Connection refused).
Error in XmlRpcDispatch::work: couldn't find source iterator
Error in XmlRpcClient::writeRequest: write error (Connection refused).
Error in XmlRpcDispatch::work: couldn't find source iterator
Error in XmlRpcClient::writeRequest: write error (Connection refused).
Error in XmlRpcDispatch::work: couldn't find source iterator
Error in XmlRpcClient::writeRequest: write error (Connection refused).
Error in XmlRpcDispatch::work: couldn't find source iterator
Error in XmlRpcClient::writeRequest: write error (Connection refused).
Error in XmlRpcDispatch::work: couldn't find source iterator
Error in XmlRpcClient::writeRequest: write error (Connection refused).
Error in XmlRpcDispatch::work: couldn't find source iterator
Error in XmlRpcClient::writeRequest: write error (Connection refused).
Error in XmlRpcDispatch::work: couldn't find source iterator
Error in XmlRpcClient::writeRequest: write error (Connection refused).
Error in XmlRpcDispatch::work: couldn't find source iterator
Error in XmlRpcClient::writeRequest: write error (Connection refused).
Error in XmlRpcDispatch::work: couldn't find source iterator
Error in XmlRpcClient::writeRequest: write error (Connection refused).
Error in XmlRpcDispatch::work: couldn't find source iterator
Error in XmlRpcClient::writeRequest: write error (Connection refused).
Error in XmlRpcClient::writeRequest: write error (Connection refused).
Error in XmlRpcDispatch::work: couldn't find source iterator
Error in XmlRpcDispatch::work: couldn't find source iterator
Error in XmlRpcClient::writeRequest: write error (Connection refused).
Error in XmlRpcDispatch::work: couldn't find source iterator
Error in XmlRpcClient::writeRequest: write error (Connection refused).
Error in XmlRpcDispatch::work: couldn't find source iterator
Error in XmlRpcClient::writeRequest: write error (Connection refused).
Error in XmlRpcDispatch::work: couldn't find source iterator
Error in XmlRpcClient::writeRequest: write error (Connection refused).
Error in XmlRpcDispatch::work: couldn't find source iterator
Error in XmlRpcClient::writeRequest: write error (Connection refused).
Error in XmlRpcDispatch::work: couldn't find source iterator
Error in XmlRpcClient::writeRequest: write error (Connection refused).
Error in XmlRpcDispatch::work: couldn't find source iterator
Error in XmlRpcClient::writeRequest: write error (Connection refused).
Error in XmlRpcDispatch::work: couldn't find source iterator
Error in XmlRpcClient::writeRequest: write error (Connection refused).
Error in XmlRpcDispatch::work: couldn't find source iterator
Error in XmlRpcClient::writeRequest: write error (Connection refused).
Error in XmlRpcDispatch::work: couldn't find source iterator
Error in XmlRpcClient::writeRequest: write error (Connection refused).
Error in XmlRpcDispatch::work: couldn't find source iterator
Error in XmlRpcClient::writeRequest: write error (Connection refused).
Error in XmlRpcDispatch::work: couldn't find source iterator
Error in XmlRpcClient::writeRequest: write error (Connection refused).
Error in XmlRpcClient::writeRequest: write error (Connection refused).
Error in XmlRpcDispatch::work: couldn't find source iterator
Error in XmlRpcDispatch::work: couldn't find source iterator
Error in XmlRpcClient::writeRequest: write error (Connection refused).
Error in XmlRpcDispatch::work: couldn't find source iterator
Error in XmlRpcClient::writeRequest: write error (Connection refused).
Error in XmlRpcDispatch::work: couldn't find source iterator
Error in XmlRpcClient::writeRequest: write error (Connection refused).
Error in XmlRpcDispatch::work: couldn't find source iterator
Error in XmlRpcClient::writeRequest: write error (Connection refused).
Error in XmlRpcDispatch::work: couldn't find source iterator
Error in XmlRpcClient::writeRequest: write error (Connection refused).
Error in XmlRpcDispatch::work: couldn't find source iterator
Error in XmlRpcClient::writeRequest: write error (Connection refused).
Error in XmlRpcDispatch::work: couldn't find source iterator
Error in XmlRpcClient::writeRequest: write error (Connection refused).
Error in XmlRpcDispatch::work: couldn't find source iterator
Error in XmlRpcClient::writeRequest: write error (Connection refused).
Error in XmlRpcDispatch::work: couldn't find source iterator
Error in XmlRpcClient::writeRequest: write error (Connection refused).
Error in XmlRpcDispatch::work: couldn't find source iterator
Error in XmlRpcClient::writeRequest: write error (Connection refused).
Error in XmlRpcDispatch::work: couldn't find source iterator
Error in XmlRpcClient::writeRequest: write error (Connection refused).
Error in XmlRpcDispatch::work: couldn't find source iterator
Error in XmlRpcClient::writeRequest: write error (Connection refused).
Error in XmlRpcDispatch::work: couldn't find source iterator
Error in XmlRpcClient::writeRequest: write error (Connection refused).
Error in XmlRpcDispatch::work: couldn't find source iterator
Error in XmlRpcClient::writeRequest: write error (Connection refused).
Error in XmlRpcDispatch::work: couldn't find source iterator
Error in XmlRpcClient::writeRequest: write error (Connection refused).
Error in XmlRpcDispatch::work: couldn't find source iterator
Error in XmlRpcClient::writeRequest: write error (Connection refused).
Error in XmlRpcDispatch::work: couldn't find source iterator
Error in XmlRpcClient::writeRequest: write error (Connection refused).
Error in XmlRpcDispatch::work: couldn't find source iterator
Error in XmlRpcClient::writeRequest: write error (Connection refused).
Error in XmlRpcClient::writeRequest: write error (Connection refused).
Error in XmlRpcDispatch::work: couldn't find source iterator
Error in XmlRpcDispatch::work: couldn't find source iterator
Error in XmlRpcClient::writeRequest: write error (Connection refused).
Error in XmlRpcDispatch::work: couldn't find source iterator
Error in XmlRpcClient::writeRequest: write error (Connection refused).
Error in XmlRpcDispatch::work: couldn't find source iterator
Error in XmlRpcClient::writeRequest: write error (Connection refused).
Error in XmlRpcDispatch::work: couldn't find source iterator
Error in XmlRpcClient::writeRequest: write error (Connection refused).
Error in XmlRpcDispatch::work: couldn't find source iterator
Error in XmlRpcClient::writeRequest: write error (Connection refused).
Error in XmlRpcDispatch::work: couldn't find source iterator
Error in XmlRpcClient::writeRequest: write error (Connection refused).
Error in XmlRpcDispatch::work: couldn't find source iterator
Error in XmlRpcClient::writeRequest: write error (Connection refused).
Error in XmlRpcDispatch::work: couldn't find source iterator
Error in XmlRpcClient::writeRequest: write error (Connection refused).
Error in XmlRpcDispatch::work: couldn't find source iterator
Error in XmlRpcClient::writeRequest: write error (Connection refused).
Error in XmlRpcDispatch::work: couldn't find source iterator
Error in XmlRpcClient::writeRequest: write error (Connection refused).
Error in XmlRpcDispatch::work: couldn't find source iterator
Error in XmlRpcClient::writeRequest: write error (Connection refused).
Error in XmlRpcDispatch::work: couldn't find source iterator
Error in XmlRpcClient::writeRequest: write error (Connection refused).
Error in XmlRpcDispatch::work: couldn't find source iterator
Error in XmlRpcClient::writeRequest: write error (Connection refused).
Error in XmlRpcDispatch::work: couldn't find source iterator
[INFO] [1774027802.715183, 0.000000]: Ground Truth Odom Publisher initialized
[INFO] [1774027802.650406, 0.000000]: Ground Truth Odom Publisher initialized
[31mWARNING: disk usage in log directory [/data/lzq/.ros/log] is over 1GB.
It's recommended that you use the 'rosclean' command.[0m
[31m================================================================================REQUIRED process [master] has died!
process has died [pid 1626070, exit code -9, cmd rosmaster --core -p 11311 -w 3 __log:=/data/lzq/.ros/log/6c976a16-2482-11f1-b59d-97ab0d48338d/master.log].
log file: /data/lzq/.ros/log/6c976a16-2482-11f1-b59d-97ab0d48338d/master*.log
Initiating shutdown!
================================================================================[0m
[31m[rviz-16] escalating to SIGTERM[0m

auto-starting new master
[1mprocess[master]: started with pid [1626070][0m
[1mROS_MASTER_URI=http://localhost:11311[0m
]2;/data/lzq/ros_motion_planning/src/sim_env/launch/main.launch http://localhost:11311
[1msetting /run_id to 6c976a16-2482-11f1-b59d-97ab0d48338d[0m
[1mprocess[rosout-1]: started with pid [1626080][0m
started core service [/rosout]
[1mprocess[gazebo-2]: started with pid [1626087][0m
[1mprocess[map_server-3]: started with pid [1626089][0m
[1mprocess[robot2/robot_state_publisher-4]: started with pid [1626091][0m
[1mprocess[robot2/joint_state_publisher-5]: started with pid [1626094][0m
[1mprocess[robot2/urdf_spawner-6]: started with pid [1626095][0m
[1mprocess[robot2/tf_map2odom_node-7]: started with pid [1626105][0m
[1mprocess[robot2/ground_truth_odom_publisher-8]: started with pid [1626108][0m
[1mprocess[robot2/move_base-9]: started with pid [1626109][0m
[1mprocess[robot1/robot_state_publisher-10]: started with pid [1626110][0m
[1mprocess[robot1/joint_state_publisher-11]: started with pid [1626111][0m
[1mprocess[robot1/urdf_spawner-12]: started with pid [1626112][0m
[1mprocess[robot1/tf_map2odom_node-13]: started with pid [1626123][0m
[1mprocess[robot1/ground_truth_odom_publisher-14]: started with pid [1626155][0m
[1mprocess[robot1/move_base-15]: started with pid [1626164][0m
[1mprocess[rviz-16]: started with pid [1626190][0m
[1m[robot2/urdf_spawner-6] process has finished cleanly
log file: /data/lzq/.ros/log/6c976a16-2482-11f1-b59d-97ab0d48338d/robot2-urdf_spawner-6*.log[0m
[1m[robot1/urdf_spawner-12] process has finished cleanly
log file: /data/lzq/.ros/log/6c976a16-2482-11f1-b59d-97ab0d48338d/robot1-urdf_spawner-12*.log[0m
[rviz-16] killing on exit
[robot1/move_base-15] killing on exit
[robot1/ground_truth_odom_publisher-14] killing on exit
[robot1/tf_map2odom_node-13] killing on exit
[robot1/joint_state_publisher-11] killing on exit
[robot1/robot_state_publisher-10] killing on exit
[robot2/move_base-9] killing on exit
[robot2/ground_truth_odom_publisher-8] killing on exit
[robot2/tf_map2odom_node-7] killing on exit
[robot2/joint_state_publisher-5] killing on exit
[robot2/robot_state_publisher-4] killing on exit
[map_server-3] killing on exit
[gazebo-2] killing on exit
[rosout-1] killing on exit
[master] killing on exit
shutting down processing monitor...
... shutting down processing monitor complete
[1mdone[0m
