xacro: in-order processing became default in ROS Melodic. You can drop the option.
xacro: in-order processing became default in ROS Melodic. You can drop the option.
... logging to /data/lzq/.ros/log/dc14ed44-2605-11f1-9841-ef63e69f4ffa/roslaunch-lzq-361535.log
Checking log directory for disk usage. This may take a while.
Press Ctrl-C to interrupt
]2;/data/lzq/ros_motion_planning/src/sim_env/launch/main.launch
[1mstarted roslaunch server http://lzq:36401/[0m

SUMMARY
========

PARAMETERS
 * /gazebo/enable_ros_network: True
 * /robot1/move_base/PIDController/base_frame: base_link
 * /robot1/move_base/PIDController/convert_offset: 0.0
 * /robot1/move_base/PIDController/goal_dist_tolerance: 0.2
 * /robot1/move_base/PIDController/k: 1.0
 * /robot1/move_base/PIDController/k_theta: 0.7
 * /robot1/move_base/PIDController/k_v_d: 0.1
 * /robot1/move_base/PIDController/k_v_i: 0.1
 * /robot1/move_base/PIDController/k_v_p: 1.0
 * /robot1/move_base/PIDController/k_w_d: 0.1
 * /robot1/move_base/PIDController/k_w_i: 0.1
 * /robot1/move_base/PIDController/k_w_p: 1.0
 * /robot1/move_base/PIDController/l: 0.2
 * /robot1/move_base/PIDController/lookahead_time: 0.5
 * /robot1/move_base/PIDController/map_frame: map
 * /robot1/move_base/PIDController/max_lookahead_dist: 0.9
 * /robot1/move_base/PIDController/max_v: 0.5
 * /robot1/move_base/PIDController/max_v_inc: 0.5
 * /robot1/move_base/PIDController/max_w: 1.57
 * /robot1/move_base/PIDController/max_w_inc: 1.57
 * /robot1/move_base/PIDController/min_lookahead_dist: 0.3
 * /robot1/move_base/PIDController/min_v: 0.0
 * /robot1/move_base/PIDController/min_w: 0.0
 * /robot1/move_base/PIDController/rotate_tolerance: 0.5
 * /robot1/move_base/PathPlanner/convert_offset: 0.0
 * /robot1/move_base/PathPlanner/default_tolerance: 0.0
 * /robot1/move_base/PathPlanner/expand_zone: True
 * /robot1/move_base/PathPlanner/hybrid_astar/analytic_expansion_max_length: 5.0
 * /robot1/move_base/PathPlanner/hybrid_astar/analytic_expansion_ratio: 1.5
 * /robot1/move_base/PathPlanner/hybrid_astar/cache_obstacle_heuristic: False
 * /robot1/move_base/PathPlanner/hybrid_astar/change_penalty: 0.4
 * /robot1/move_base/PathPlanner/hybrid_astar/cost_penalty: 2.0
 * /robot1/move_base/PathPlanner/hybrid_astar/curve_sample_ratio: 0.15
 * /robot1/move_base/PathPlanner/hybrid_astar/dim_3_size: 32
 * /robot1/move_base/PathPlanner/hybrid_astar/downsample_obstacle_heuristic: True
 * /robot1/move_base/PathPlanner/hybrid_astar/goal_tolerance: 0.2
 * /robot1/move_base/PathPlanner/hybrid_astar/lookup_table_dim: 20.0
 * /robot1/move_base/PathPlanner/hybrid_astar/max_approach_iterations: 500
 * /robot1/move_base/PathPlanner/hybrid_astar/max_iterations: 20000
 * /robot1/move_base/PathPlanner/hybrid_astar/minimum_turning_radius: 0.3
 * /robot1/move_base/PathPlanner/hybrid_astar/motion_model: 2
 * /robot1/move_base/PathPlanner/hybrid_astar/non_straight_penalty: 1.5
 * /robot1/move_base/PathPlanner/hybrid_astar/retrospective_penalty: 0.025
 * /robot1/move_base/PathPlanner/hybrid_astar/reverse_penalty: 2.5
 * /robot1/move_base/PathPlanner/hybrid_astar/traverse_unknown: False
 * /robot1/move_base/PathPlanner/obstacle_factor: 0.5
 * /robot1/move_base/PathPlanner/outline_map: True
 * /robot1/move_base/PathPlanner/planner_name: theta_star
 * /robot1/move_base/PathPlanner/show_safety_corridor: False
 * /robot1/move_base/base_global_planner: path_planner/Path...
 * /robot1/move_base/base_local_planner: pid_controller/PI...
 * /robot1/move_base/conservative_reset_dist: 3.0
 * /robot1/move_base/controller_frequency: 20.0
 * /robot1/move_base/controller_patience: 15.0
 * /robot1/move_base/global_costmap/footprint: [[-0.21, -0.165],...
 * /robot1/move_base/global_costmap/footprint_padding: 0.1
 * /robot1/move_base/global_costmap/global_frame: map
 * /robot1/move_base/global_costmap/inflation_layer/cost_scaling_factor: 5
 * /robot1/move_base/global_costmap/inflation_layer/enabled: True
 * /robot1/move_base/global_costmap/inflation_layer/inflation_radius: 0.2
 * /robot1/move_base/global_costmap/map_type: costmap
 * /robot1/move_base/global_costmap/meter_scoring: True
 * /robot1/move_base/global_costmap/obstacle_layer/observation_sources: scan
 * /robot1/move_base/global_costmap/obstacle_layer/scan/clearing: True
 * /robot1/move_base/global_costmap/obstacle_layer/scan/data_type: LaserScan
 * /robot1/move_base/global_costmap/obstacle_layer/scan/expected_update_rate: 1
 * /robot1/move_base/global_costmap/obstacle_layer/scan/inf_is_valid: True
 * /robot1/move_base/global_costmap/obstacle_layer/scan/marking: True
 * /robot1/move_base/global_costmap/obstacle_layer/scan/max_obstacle_height: 0.2
 * /robot1/move_base/global_costmap/obstacle_layer/scan/min_obstacle_height: 0.0
 * /robot1/move_base/global_costmap/obstacle_layer/scan/observation_persistence: 0.0
 * /robot1/move_base/global_costmap/obstacle_layer/scan/obstacle_range: 2.5
 * /robot1/move_base/global_costmap/obstacle_layer/scan/raytrace_range: 3.0
 * /robot1/move_base/global_costmap/obstacle_layer/scan/sensor_frame: robot1/base_footp...
 * /robot1/move_base/global_costmap/obstacle_layer/scan/topic: /robot1/scan
 * /robot1/move_base/global_costmap/origin_z: 0.0
 * /robot1/move_base/global_costmap/plugins: [{'name': 'static...
 * /robot1/move_base/global_costmap/publish_frequency: 0.5
 * /robot1/move_base/global_costmap/publish_voxel_map: False
 * /robot1/move_base/global_costmap/robot_base_frame: robot1/base_footp...
 * /robot1/move_base/global_costmap/scan/sensor_frame: robot1/base_scan
 * /robot1/move_base/global_costmap/scan/topic: /robot1/scan
 * /robot1/move_base/global_costmap/static_map/clear_time: 20
 * /robot1/move_base/global_costmap/static_map/enabled: True
 * /robot1/move_base/global_costmap/static_map/publish_static_map: True
 * /robot1/move_base/global_costmap/transform_tolerance: 0.2
 * /robot1/move_base/global_costmap/update_frequency: 1.0
 * /robot1/move_base/global_costmap/z_resolution: 1
 * /robot1/move_base/global_costmap/z_voxels: 2
 * /robot1/move_base/local_costmap/global_frame: robot1/odom
 * /robot1/move_base/local_costmap/height: 3
 * /robot1/move_base/local_costmap/inflation_radius: 0.2
 * /robot1/move_base/local_costmap/plugins: [{'name': 'obstac...
 * /robot1/move_base/local_costmap/publish_frequency: 0.5
 * /robot1/move_base/local_costmap/resolution: 0.05
 * /robot1/move_base/local_costmap/robot_base_frame: robot1/base_footp...
 * /robot1/move_base/local_costmap/rolling_window: True
 * /robot1/move_base/local_costmap/scan/sensor_frame: robot1/base_scan
 * /robot1/move_base/local_costmap/scan/topic: /robot1/scan
 * /robot1/move_base/local_costmap/static_map: False
 * /robot1/move_base/local_costmap/transform_tolerance: 1.0
 * /robot1/move_base/local_costmap/update_frequency: 1.0
 * /robot1/move_base/local_costmap/width: 3
 * /robot1/move_base/oscillation_distance: 0.2
 * /robot1/move_base/oscillation_timeout: 10.0
 * /robot1/move_base/planner_frequency: 2
 * /robot1/move_base/planner_patience: 5.0
 * /robot1/move_base/shutdown_costmaps: False
 * /robot1/move_base/transform_tolerance: 2.0
 * /robot1/robot_description: <?xml version="1....
 * /robot1/tf_map2odom_node/odom_frame_id: robot1/odom
 * /robot1/tf_prefix: robot1
 * /robot2/move_base/DWAController/acc_lim_theta: 3.2
 * /robot2/move_base/DWAController/acc_lim_x: 2.5
 * /robot2/move_base/DWAController/acc_lim_y: 0.0
 * /robot2/move_base/DWAController/controller_frequency: 10.0
 * /robot2/move_base/DWAController/forward_point_distance: 0.05
 * /robot2/move_base/DWAController/goal_distance_bias: 24.0
 * /robot2/move_base/DWAController/latch_xy_goal_tolerance: False
 * /robot2/move_base/DWAController/max_scaling_factor: 0.2
 * /robot2/move_base/DWAController/max_vel_theta: 1.35
 * /robot2/move_base/DWAController/max_vel_trans: 1.5
 * /robot2/move_base/DWAController/max_vel_x: 1.5
 * /robot2/move_base/DWAController/max_vel_y: 0.0
 * /robot2/move_base/DWAController/min_vel_theta: 0.1
 * /robot2/move_base/DWAController/min_vel_trans: 0
 * /robot2/move_base/DWAController/min_vel_x: 0
 * /robot2/move_base/DWAController/min_vel_y: 0.0
 * /robot2/move_base/DWAController/occdist_scale: 0.02
 * /robot2/move_base/DWAController/oscillation_reset_dist: 0.05
 * /robot2/move_base/DWAController/path_distance_bias: 32.0
 * /robot2/move_base/DWAController/publish_cost_grid_pc: True
 * /robot2/move_base/DWAController/publish_traj_pc: True
 * /robot2/move_base/DWAController/scaling_speed: 0.25
 * /robot2/move_base/DWAController/sim_time: 2.0
 * /robot2/move_base/DWAController/stop_time_buffer: 0.2
 * /robot2/move_base/DWAController/vth_samples: 60
 * /robot2/move_base/DWAController/vx_samples: 10
 * /robot2/move_base/DWAController/vy_samples: 0
 * /robot2/move_base/DWAController/xy_goal_tolerance: 0.1
 * /robot2/move_base/DWAController/yaw_goal_tolerance: 0.3
 * /robot2/move_base/PathPlanner/convert_offset: 0.0
 * /robot2/move_base/PathPlanner/default_tolerance: 0.0
 * /robot2/move_base/PathPlanner/expand_zone: True
 * /robot2/move_base/PathPlanner/hybrid_astar/analytic_expansion_max_length: 5.0
 * /robot2/move_base/PathPlanner/hybrid_astar/analytic_expansion_ratio: 1.5
 * /robot2/move_base/PathPlanner/hybrid_astar/cache_obstacle_heuristic: False
 * /robot2/move_base/PathPlanner/hybrid_astar/change_penalty: 0.4
 * /robot2/move_base/PathPlanner/hybrid_astar/cost_penalty: 2.0
 * /robot2/move_base/PathPlanner/hybrid_astar/curve_sample_ratio: 0.15
 * /robot2/move_base/PathPlanner/hybrid_astar/dim_3_size: 32
 * /robot2/move_base/PathPlanner/hybrid_astar/downsample_obstacle_heuristic: True
 * /robot2/move_base/PathPlanner/hybrid_astar/goal_tolerance: 0.2
 * /robot2/move_base/PathPlanner/hybrid_astar/lookup_table_dim: 20.0
 * /robot2/move_base/PathPlanner/hybrid_astar/max_approach_iterations: 500
 * /robot2/move_base/PathPlanner/hybrid_astar/max_iterations: 20000
 * /robot2/move_base/PathPlanner/hybrid_astar/minimum_turning_radius: 0.3
 * /robot2/move_base/PathPlanner/hybrid_astar/motion_model: 2
 * /robot2/move_base/PathPlanner/hybrid_astar/non_straight_penalty: 1.5
 * /robot2/move_base/PathPlanner/hybrid_astar/retrospective_penalty: 0.025
 * /robot2/move_base/PathPlanner/hybrid_astar/reverse_penalty: 2.5
 * /robot2/move_base/PathPlanner/hybrid_astar/traverse_unknown: False
 * /robot2/move_base/PathPlanner/obstacle_factor: 0.5
 * /robot2/move_base/PathPlanner/outline_map: True
 * /robot2/move_base/PathPlanner/planner_name: theta_star
 * /robot2/move_base/PathPlanner/show_safety_corridor: False
 * /robot2/move_base/base_global_planner: path_planner/Path...
 * /robot2/move_base/base_local_planner: dwa_controller/DW...
 * /robot2/move_base/conservative_reset_dist: 3.0
 * /robot2/move_base/controller_frequency: 20.0
 * /robot2/move_base/controller_patience: 15.0
 * /robot2/move_base/global_costmap/footprint: [[-0.21, -0.165],...
 * /robot2/move_base/global_costmap/footprint_padding: 0.1
 * /robot2/move_base/global_costmap/global_frame: map
 * /robot2/move_base/global_costmap/inflation_layer/cost_scaling_factor: 5
 * /robot2/move_base/global_costmap/inflation_layer/enabled: True
 * /robot2/move_base/global_costmap/inflation_layer/inflation_radius: 0.2
 * /robot2/move_base/global_costmap/map_type: costmap
 * /robot2/move_base/global_costmap/meter_scoring: True
 * /robot2/move_base/global_costmap/obstacle_layer/observation_sources: scan
 * /robot2/move_base/global_costmap/obstacle_layer/scan/clearing: True
 * /robot2/move_base/global_costmap/obstacle_layer/scan/data_type: LaserScan
 * /robot2/move_base/global_costmap/obstacle_layer/scan/expected_update_rate: 1
 * /robot2/move_base/global_costmap/obstacle_layer/scan/inf_is_valid: True
 * /robot2/move_base/global_costmap/obstacle_layer/scan/marking: True
 * /robot2/move_base/global_costmap/obstacle_layer/scan/max_obstacle_height: 0.2
 * /robot2/move_base/global_costmap/obstacle_layer/scan/min_obstacle_height: 0.0
 * /robot2/move_base/global_costmap/obstacle_layer/scan/observation_persistence: 0.0
 * /robot2/move_base/global_costmap/obstacle_layer/scan/obstacle_range: 2.5
 * /robot2/move_base/global_costmap/obstacle_layer/scan/raytrace_range: 3.0
 * /robot2/move_base/global_costmap/obstacle_layer/scan/sensor_frame: robot2/base_footp...
 * /robot2/move_base/global_costmap/obstacle_layer/scan/topic: /robot2/scan
 * /robot2/move_base/global_costmap/origin_z: 0.0
 * /robot2/move_base/global_costmap/plugins: [{'name': 'static...
 * /robot2/move_base/global_costmap/publish_frequency: 0.5
 * /robot2/move_base/global_costmap/publish_voxel_map: False
 * /robot2/move_base/global_costmap/robot_base_frame: robot2/base_footp...
 * /robot2/move_base/global_costmap/scan/sensor_frame: robot2/base_scan
 * /robot2/move_base/global_costmap/scan/topic: /robot2/scan
 * /robot2/move_base/global_costmap/static_map/clear_time: 20
 * /robot2/move_base/global_costmap/static_map/enabled: True
 * /robot2/move_base/global_costmap/static_map/publish_static_map: True
 * /robot2/move_base/global_costmap/transform_tolerance: 0.2
 * /robot2/move_base/global_costmap/update_frequency: 1.0
 * /robot2/move_base/global_costmap/z_resolution: 1
 * /robot2/move_base/global_costmap/z_voxels: 2
 * /robot2/move_base/local_costmap/global_frame: robot2/odom
 * /robot2/move_base/local_costmap/height: 3
 * /robot2/move_base/local_costmap/inflation_radius: 0.2
 * /robot2/move_base/local_costmap/plugins: [{'name': 'obstac...
 * /robot2/move_base/local_costmap/publish_frequency: 0.5
 * /robot2/move_base/local_costmap/resolution: 0.05
 * /robot2/move_base/local_costmap/robot_base_frame: robot2/base_footp...
 * /robot2/move_base/local_costmap/rolling_window: True
 * /robot2/move_base/local_costmap/scan/sensor_frame: robot2/base_scan
 * /robot2/move_base/local_costmap/scan/topic: /robot2/scan
 * /robot2/move_base/local_costmap/static_map: False
 * /robot2/move_base/local_costmap/transform_tolerance: 1.0
 * /robot2/move_base/local_costmap/update_frequency: 1.0
 * /robot2/move_base/local_costmap/width: 3
 * /robot2/move_base/oscillation_distance: 0.2
 * /robot2/move_base/oscillation_timeout: 10.0
 * /robot2/move_base/planner_frequency: 2
 * /robot2/move_base/planner_patience: 5.0
 * /robot2/move_base/shutdown_costmaps: False
 * /robot2/move_base/transform_tolerance: 2.0
 * /robot2/robot_description: <?xml version="1....
 * /robot2/tf_map2odom_node/odom_frame_id: robot2/odom
 * /robot2/tf_prefix: robot2
 * /rosdistro: noetic
 * /rosversion: 1.17.4
 * /use_sim_time: True

NODES
  /
    gazebo (gazebo_ros/gzserver)
    map_server (map_server/map_server)
    rviz (rviz/rviz)
  /robot1/
    ground_truth_odom_publisher (sim_env/ground_truth_odom_publisher.py)
    joint_state_publisher (joint_state_publisher/joint_state_publisher)
    move_base (move_base/move_base)
    robot_state_publisher (robot_state_publisher/robot_state_publisher)
    tf_map2odom_node (sim_env/tf_map2odom.py)
    urdf_spawner (gazebo_ros/spawn_model)
  /robot2/
    ground_truth_odom_publisher (sim_env/ground_truth_odom_publisher.py)
    joint_state_publisher (joint_state_publisher/joint_state_publisher)
    move_base (move_base/move_base)
    robot_state_publisher (robot_state_publisher/robot_state_publisher)
    tf_map2odom_node (sim_env/tf_map2odom.py)
    urdf_spawner (gazebo_ros/spawn_model)
[33m[WARN] [1774194204.582754824]: link 'base_scan' material 'dark' undefined.[0m
[33m[WARN] [1774194204.583106276]: link 'base_scan' material 'dark' undefined.[0m
[33m[WARN] [1774194204.583306937]: The root link base_footprint has an inertia specified in the URDF, but KDL does not support a root link with an inertia.  As a workaround, you can add an extra dummy link to your URDF.[0m
[33m[WARN] [1774194204.612096323]: link 'base_scan' material 'dark' undefined.[0m
[33m[WARN] [1774194204.613344216]: link 'base_scan' material 'dark' undefined.[0m
[33m[WARN] [1774194204.613581683]: The root link base_footprint has an inertia specified in the URDF, but KDL does not support a root link with an inertia.  As a workaround, you can add an extra dummy link to your URDF.[0m
[33m[WARN] [1774194206.337963461]: link 'base_scan' material 'dark' undefined.[0m
[33m[WARN] [1774194206.337989583]: link 'base_scan' material 'dark' undefined.[0m
Warning: TF_REPEATED_DATA ignoring data with redundant timestamp for frame robot1/odom (parent map) at time 83.324000 according to authority unknown_publisher
         at line 277 in /tmp/binarydeb/ros-noetic-tf2-0.7.10/src/buffer_core.cpp
Warning: TF_REPEATED_DATA ignoring data with redundant timestamp for frame robot1/odom (parent map) at time 83.324000 according to authority unknown_publisher
         at line 277 in /tmp/binarydeb/ros-noetic-tf2-0.7.10/src/buffer_core.cpp
[33m[WARN] [1774194206.446591833]: TF_REPEATED_DATA ignoring data with redundant timestamp for frame robot1/odom (parent map) at time 83.324000 according to authority unknown_publisher[0m
Warning: Warning: TF_REPEATED_DATA ignoring data with redundant timestamp for frame robot2/odom (parent map) at time 83.326000 according to authority unknown_publisherTF_REPEATED_DATA ignoring data with redundant timestamp for frame robot2/odom (parent map) at time 83.326000 according to authority unknown_publisher

         at line          at line 277277 in /tmp/binarydeb/ros-noetic-tf2-0.7.10/src/buffer_core.cpp
 in /tmp/binarydeb/ros-noetic-tf2-0.7.10/src/buffer_core.cpp
[33m[WARN] [1774194206.447627192]: TF_REPEATED_DATA ignoring data with redundant timestamp for frame robot2/odom (parent map) at time 83.326000 according to authority unknown_publisher[0m
[33m[WARN] [1774194206.633712750, 83.646000000]: Timed out waiting for transform from robot2/base_footprint to map to become available before running costmap, tf error: canTransform: source_frame robot2/base_footprint does not exist.. canTransform returned after 83.646 timeout was 0.1.[0m
[33m[WARN] [1774194206.634650747, 83.648000000]: Timed out waiting for transform from robot1/base_footprint to map to become available before running costmap, tf error: canTransform: source_frame robot1/base_footprint does not exist.. canTransform returned after 83.648 timeout was 0.1.[0m
[33m[WARN] [1774194207.081945928, 83.922000000]: link 'base_scan' material 'dark' undefined.[0m
[33m[WARN] [1774194207.081983923, 83.922000000]: link 'base_scan' material 'dark' undefined.[0m
[INFO] [1774194205.166034, 0.000000]: Loading model XML from ros parameter robot_description
[INFO] [1774194205.170169, 0.000000]: Waiting for service /gazebo/spawn_urdf_model
[INFO] [1774194206.676395, 83.728000]: Calling service /gazebo/spawn_urdf_model
[INFO] [1774194208.392485, 83.922000]: Spawn status: SpawnModel: Successfully spawned entity
[33m[WARN] [1774194208.713672536, 83.922000000]: GazeboRosSkidSteerDrive Plugin (ns = /robot2//) missing <covariance_x>, defaults to 0.000100[0m
[33m[WARN] [1774194208.713722404, 83.922000000]: GazeboRosSkidSteerDrive Plugin (ns = /robot2//) missing <covariance_y>, defaults to 0.000100[0m
[33m[WARN] [1774194208.713742589, 83.922000000]: GazeboRosSkidSteerDrive Plugin (ns = /robot2//) missing <covariance_yaw>, defaults to 0.010000[0m
[33m[WARN] [1774194208.870084136, 84.226000000]: global_costmap: Pre-Hydro parameter "static_map" unused since "plugins" is provided[0m
[33m[WARN] [1774194208.870291920, 84.226000000]: global_costmap: Pre-Hydro parameter "map_type" unused since "plugins" is provided[0m
[INFO] [1774194205.173169, 0.000000]: Loading model XML from ros parameter robot_description
[INFO] [1774194205.177333, 0.000000]: Waiting for service /gazebo/spawn_urdf_model
[INFO] [1774194206.682449, 83.740000]: Calling service /gazebo/spawn_urdf_model
[INFO] [1774194209.031392, 84.320000]: Spawn status: SpawnModel: Successfully spawned entity
[33m[WARN] [1774194210.033196893, 84.320000000]: GazeboRosSkidSteerDrive Plugin (ns = /robot1//) missing <covariance_x>, defaults to 0.000100[0m
[33m[WARN] [1774194210.033234888, 84.320000000]: GazeboRosSkidSteerDrive Plugin (ns = /robot1//) missing <covariance_y>, defaults to 0.000100[0m
[33m[WARN] [1774194210.033250323, 84.320000000]: GazeboRosSkidSteerDrive Plugin (ns = /robot1//) missing <covariance_yaw>, defaults to 0.010000[0m
[33m[WARN] [1774194210.086488184, 84.424000000]: global_costmap: Pre-Hydro parameter "static_map" unused since "plugins" is provided[0m
[33m[WARN] [1774194210.086714966, 84.424000000]: global_costmap: Pre-Hydro parameter "map_type" unused since "plugins" is provided[0m
WARNING: Logging before InitGoogleLogging() is written to STDERR
I20260322 23:43:30.122471 361663 path_planner_factory.cpp:308] Using path planner: theta_star
[33m[WARN] [1774194210.125976671, 84.502000000]: local_costmap: Pre-Hydro parameter "static_map" unused since "plugins" is provided[0m
WARNING: Logging before InitGoogleLogging() is written to STDERR
I20260322 23:43:30.372233 361734 path_planner_factory.cpp:308] Using path planner: theta_star
[33m[WARN] [1774194210.375492189, 85.002000000]: local_costmap: Pre-Hydro parameter "static_map" unused since "plugins" is provided[0m
[33m[WARN] [1774194210.616324704, 85.482000000]: The /robot2/scan observation buffer has not been updated for 1.03 seconds, and it should be updated every 1.00 seconds.[0m
[33m[WARN] [1774194210.866097874, 85.982000000]: The /robot1/scan observation buffer has not been updated for 1.03 seconds, and it should be updated every 1.00 seconds.[0m
[33m[WARN] [1774194216.212731704, 96.630000000]: Received an empty transformed plan.[0m
[33m[WARN] [1774194216.244314892, 96.686000000]: DWA planner failed to produce path.[0m
[33m[WARN] [1774194216.268442786, 96.734000000]: DWA planner failed to produce path.[0m
[33m[WARN] [1774194216.310443676, 96.784000000]: DWA planner failed to produce path.[0m
[33m[WARN] [1774194216.335450200, 96.834000000]: DWA planner failed to produce path.[0m
[33m[WARN] [1774194216.366861224, 96.886000000]: DWA planner failed to produce path.[0m
[33m[WARN] [1774194216.391954423, 96.936000000]: DWA planner failed to produce path.[0m
[33m[WARN] [1774194216.422347899, 96.984000000]: DWA planner failed to produce path.[0m
[33m[WARN] [1774194216.447397166, 97.034000000]: DWA planner failed to produce path.[0m
[33m[WARN] [1774194216.477772832, 97.086000000]: DWA planner failed to produce path.[0m
[33m[WARN] [1774194216.503002575, 97.136000000]: DWA planner failed to produce path.[0m
[33m[WARN] [1774194216.532176654, 97.186000000]: DWA planner failed to produce path.[0m
[33m[WARN] [1774194216.557123811, 97.236000000]: DWA planner failed to produce path.[0m
[33m[WARN] [1774194216.591646848, 97.286000000]: DWA planner failed to produce path.[0m
[33m[WARN] [1774194216.616842158, 97.336000000]: DWA planner failed to produce path.[0m
[33m[WARN] [1774194216.652579841, 97.384000000]: DWA planner failed to produce path.[0m
[33m[WARN] [1774194216.677625547, 97.436000000]: DWA planner failed to produce path.[0m
[33m[WARN] [1774194216.707972716, 97.486000000]: DWA planner failed to produce path.[0m
[33m[WARN] [1774194217.351089535, 98.586000000]: Control loop missed its desired rate of 20.0000Hz... the loop actually took 0.0560 seconds[0m
[33m[WARN] [1774194217.437661902, 98.734000000]: Control loop missed its desired rate of 20.0000Hz... the loop actually took 0.0540 seconds[0m
[33m[WARN] [1774194217.468727410, 98.782000000]: Control loop missed its desired rate of 20.0000Hz... the loop actually took 0.0520 seconds[0m
[33m[WARN] [1774194217.499503208, 98.842000000]: Control loop missed its desired rate of 20.0000Hz... the loop actually took 0.0620 seconds[0m
[33m[WARN] [1774194217.530812121, 98.900000000]: Control loop missed its desired rate of 20.0000Hz... the loop actually took 0.0700 seconds[0m
[33m[WARN] [1774194217.562009424, 98.954000000]: Control loop missed its desired rate of 20.0000Hz... the loop actually took 0.0740 seconds[0m
[33m[WARN] [1774194217.596058712, 99.022000000]: Control loop missed its desired rate of 20.0000Hz... the loop actually took 0.0920 seconds[0m
[33m[WARN] [1774194217.629287550, 99.078000000]: Control loop missed its desired rate of 20.0000Hz... the loop actually took 0.0980 seconds[0m
[33m[WARN] [1774194217.657426271, 99.134000000]: Control loop missed its desired rate of 20.0000Hz... the loop actually took 0.1040 seconds[0m
E20260322 23:43:37.679347 361945 path_planner_node.cpp:250] Failed to get a path.
[33m[WARN] [1774194217.684735042, 99.180000000]: Map update loop missed its desired rate of 1.0000Hz... the loop actually took 2.1980 seconds[0m
[33m[WARN] [1774194218.170856103, 99.988000000]: Control loop missed its desired rate of 20.0000Hz... the loop actually took 0.0540 seconds[0m
[33m[WARN] [1774194218.228874180, 100.092000000]: Control loop missed its desired rate of 20.0000Hz... the loop actually took 0.0580 seconds[0m
[33m[WARN] [1774194218.260804070, 100.154000000]: Control loop missed its desired rate of 20.0000Hz... the loop actually took 0.0700 seconds[0m
[33m[WARN] [1774194218.290368783, 100.204000000]: Control loop missed its desired rate of 20.0000Hz... the loop actually took 0.0700 seconds[0m
[33m[WARN] [1774194218.320225581, 100.264000000]: Control loop missed its desired rate of 20.0000Hz... the loop actually took 0.0800 seconds[0m
[33m[WARN] [1774194218.365250621, 100.348000000]: Control loop missed its desired rate of 20.0000Hz... the loop actually took 0.1140 seconds[0m
[33m[WARN] [1774194218.402367990, 100.412000000]: Control loop missed its desired rate of 20.0000Hz... the loop actually took 0.0640 seconds[0m
[33m[WARN] [1774194218.439227706, 100.488000000]: Control loop missed its desired rate of 20.0000Hz... the loop actually took 0.0900 seconds[0m
[33m[WARN] [1774194218.474407340, 100.548000000]: Control loop missed its desired rate of 20.0000Hz... the loop actually took 0.1000 seconds[0m
[33m[WARN] [1774194218.495340107, 100.590000000]: Control loop missed its desired rate of 20.0000Hz... the loop actually took 0.0920 seconds[0m
[33m[WARN] [1774194218.515856118, 100.622000000]: Control loop missed its desired rate of 20.0000Hz... the loop actually took 0.0740 seconds[0m
[33m[WARN] [1774194218.536243896, 100.662000000]: Control loop missed its desired rate of 20.0000Hz... the loop actually took 0.0640 seconds[0m
[33m[WARN] [1774194218.556470197, 100.702000000]: Control loop missed its desired rate of 20.0000Hz... the loop actually took 0.0540 seconds[0m
E20260322 23:43:39.260931 361945 path_planner_node.cpp:250] Failed to get a path.
[33m[WARN] [1774194219.265001004, 101.916000000]: Map update loop missed its desired rate of 1.0000Hz... the loop actually took 2.7360 seconds[0m
[33m[WARN] [1774194219.268755366, 101.924000000]: Clearing both costmaps outside a square (3.00m) large centered on the robot.[0m
[33m[WARN] [1774194219.285417278, 101.956000000]: Control loop missed its desired rate of 20.0000Hz... the loop actually took 0.0580 seconds[0m
[33m[WARN] [1774194219.343850923, 102.052000000]: Control loop missed its desired rate of 20.0000Hz... the loop actually took 0.0540 seconds[0m
[33m[WARN] [1774194219.383123310, 102.104000000]: Control loop missed its desired rate of 20.0000Hz... the loop actually took 0.0560 seconds[0m
[33m[WARN] [1774194219.423837125, 102.186000000]: Control loop missed its desired rate of 20.0000Hz... the loop actually took 0.0880 seconds[0m
[33m[WARN] [1774194219.458218867, 102.232000000]: Control loop missed its desired rate of 20.0000Hz... the loop actually took 0.0840 seconds[0m
[33m[WARN] [1774194219.504644965, 102.310000000]: Control loop missed its desired rate of 20.0000Hz... the loop actually took 0.1120 seconds[0m
[33m[WARN] [1774194219.551572118, 102.398000000]: Control loop missed its desired rate of 20.0000Hz... the loop actually took 0.0880 seconds[0m
[33m[WARN] [1774194219.586794496, 102.450000000]: Control loop missed its desired rate of 20.0000Hz... the loop actually took 0.0900 seconds[0m
[33m[WARN] [1774194219.649788705, 102.552000000]: Control loop missed its desired rate of 20.0000Hz... the loop actually took 0.1420 seconds[0m
[33m[WARN] [1774194219.719200476, 102.664000000]: Control loop missed its desired rate of 20.0000Hz... the loop actually took 0.1120 seconds[0m
[33m[WARN] [1774194219.782902339, 102.772000000]: Control loop missed its desired rate of 20.0000Hz... the loop actually took 0.0580 seconds[0m
[33m[WARN] [1774194219.850648275, 102.884000000]: Control loop missed its desired rate of 20.0000Hz... the loop actually took 0.0700 seconds[0m
[33m[WARN] [1774194219.878163642, 102.922000000]: Control loop missed its desired rate of 20.0000Hz... the loop actually took 0.0580 seconds[0m
[33m[WARN] [1774194219.906043522, 102.974000000]: Control loop missed its desired rate of 20.0000Hz... the loop actually took 0.0600 seconds[0m
[33m[WARN] [1774194219.930205848, 103.020000000]: Control loop missed its desired rate of 20.0000Hz... the loop actually took 0.0560 seconds[0m
[33m[WARN] [1774194219.988219175, 103.118000000]: Control loop missed its desired rate of 20.0000Hz... the loop actually took 0.0540 seconds[0m
[33m[WARN] [1774194220.113241100, 103.322000000]: Control loop missed its desired rate of 20.0000Hz... the loop actually took 0.0580 seconds[0m
[33m[WARN] [1774194220.172432265, 103.420000000]: Control loop missed its desired rate of 20.0000Hz... the loop actually took 0.0560 seconds[0m
[33m[WARN] [1774194220.238289146, 103.528000000]: Control loop missed its desired rate of 20.0000Hz... the loop actually took 0.0640 seconds[0m
[33m[WARN] [1774194220.269985129, 103.570000000]: Control loop missed its desired rate of 20.0000Hz... the loop actually took 0.0560 seconds[0m
[33m[WARN] [1774194220.301840216, 103.632000000]: Control loop missed its desired rate of 20.0000Hz... the loop actually took 0.0680 seconds[0m
[33m[WARN] [1774194220.333073138, 103.672000000]: Control loop missed its desired rate of 20.0000Hz... the loop actually took 0.0580 seconds[0m
[33m[WARN] [1774194220.364769121, 103.736000000]: Control loop missed its desired rate of 20.0000Hz... the loop actually took 0.0720 seconds[0m
[33m[WARN] [1774194220.399340837, 103.782000000]: Control loop missed its desired rate of 20.0000Hz... the loop actually took 0.0680 seconds[0m
[33m[WARN] [1774194220.434017038, 103.852000000]: Control loop missed its desired rate of 20.0000Hz... the loop actually took 0.0880 seconds[0m
[33m[WARN] [1774194220.467210255, 103.892000000]: Control loop missed its desired rate of 20.0000Hz... the loop actually took 0.0780 seconds[0m
[33m[WARN] [1774194220.500751361, 103.958000000]: Control loop missed its desired rate of 20.0000Hz... the loop actually took 0.0940 seconds[0m
[33m[WARN] [1774194220.552839872, 104.038000000]: Control loop missed its desired rate of 20.0000Hz... the loop actually took 0.1240 seconds[0m
[33m[WARN] [1774194220.610075492, 104.130000000]: Control loop missed its desired rate of 20.0000Hz... the loop actually took 0.0920 seconds[0m
[33m[WARN] [1774194220.658571119, 104.204000000]: Control loop missed its desired rate of 20.0000Hz... the loop actually took 0.1160 seconds[0m
[33m[WARN] [1774194220.706362654, 104.288000000]: Control loop missed its desired rate of 20.0000Hz... the loop actually took 0.0840 seconds[0m
[33m[WARN] [1774194220.775814793, 104.422000000]: Control loop missed its desired rate of 20.0000Hz... the loop actually took 0.1680 seconds[0m
[33m[WARN] [1774194220.802418285, 104.474000000]: Control loop missed its desired rate of 20.0000Hz... the loop actually took 0.0520 seconds[0m
[33m[WARN] [1774194220.896738028, 104.646000000]: Control loop missed its desired rate of 20.0000Hz... the loop actually took 0.0740 seconds[0m
E20260322 23:43:40.906591 361945 path_planner_node.cpp:250] Failed to get a path.
[33m[WARN] [1774194220.919194148, 104.692000000]: Control loop missed its desired rate of 20.0000Hz... the loop actually took 0.0700 seconds[0m
[33m[WARN] [1774194221.130090280, 105.028000000]: Control loop missed its desired rate of 20.0000Hz... the loop actually took 0.0560 seconds[0m
[33m[WARN] [1774194221.173618084, 105.116000000]: Control loop missed its desired rate of 20.0000Hz... the loop actually took 0.0940 seconds[0m
[33m[WARN] [1774194221.217467657, 105.180000000]: Control loop missed its desired rate of 20.0000Hz... the loop actually took 0.1080 seconds[0m
[33m[WARN] [1774194221.258643346, 105.256000000]: Control loop missed its desired rate of 20.0000Hz... the loop actually took 0.0760 seconds[0m
[33m[WARN] [1774194221.317966305, 105.368000000]: Control loop missed its desired rate of 20.0000Hz... the loop actually took 0.1380 seconds[0m
[33m[WARN] [1774194221.382735583, 105.492000000]: Control loop missed its desired rate of 20.0000Hz... the loop actually took 0.1240 seconds[0m
[33m[WARN] [1774194221.438065525, 105.588000000]: Control loop missed its desired rate of 20.0000Hz... the loop actually took 0.0960 seconds[0m
[33m[WARN] [1774194221.501079918, 105.692000000]: Control loop missed its desired rate of 20.0000Hz... the loop actually took 0.1500 seconds[0m
[33m[WARN] [1774194221.561693514, 105.788000000]: Control loop missed its desired rate of 20.0000Hz... the loop actually took 0.0960 seconds[0m
[33m[WARN] [1774194221.620865681, 105.892000000]: Control loop missed its desired rate of 20.0000Hz... the loop actually took 0.1500 seconds[0m
[33m[WARN] [1774194221.688807526, 106.000000000]: Control loop missed its desired rate of 20.0000Hz... the loop actually took 0.1080 seconds[0m
[33m[WARN] [1774194221.752274294, 106.106000000]: Control loop missed its desired rate of 20.0000Hz... the loop actually took 0.1060 seconds[0m
[33m[WARN] [1774194221.814990665, 106.212000000]: Control loop missed its desired rate of 20.0000Hz... the loop actually took 0.1060 seconds[0m
[33m[WARN] [1774194221.876638432, 106.318000000]: Control loop missed its desired rate of 20.0000Hz... the loop actually took 0.1060 seconds[0m
[33m[WARN] [1774194221.931162172, 106.404000000]: Control loop missed its desired rate of 20.0000Hz... the loop actually took 0.0860 seconds[0m
[33m[WARN] [1774194221.980414132, 106.502000000]: Control loop missed its desired rate of 20.0000Hz... the loop actually took 0.1340 seconds[0m
[33m[WARN] [1774194222.031483906, 106.574000000]: Control loop missed its desired rate of 20.0000Hz... the loop actually took 0.0720 seconds[0m
[33m[WARN] [1774194222.088799076, 106.674000000]: Control loop missed its desired rate of 20.0000Hz... the loop actually took 0.1220 seconds[0m
[33m[WARN] [1774194222.143220705, 106.760000000]: Control loop missed its desired rate of 20.0000Hz... the loop actually took 0.0860 seconds[0m
[33m[WARN] [1774194222.196843254, 106.846000000]: Control loop missed its desired rate of 20.0000Hz... the loop actually took 0.1220 seconds[0m
[33m[WARN] [1774194222.276622856, 106.984000000]: Control loop missed its desired rate of 20.0000Hz... the loop actually took 0.1380 seconds[0m
[33m[WARN] [1774194222.357028185, 107.124000000]: Control loop missed its desired rate of 20.0000Hz... the loop actually took 0.1400 seconds[0m
[33m[WARN] [1774194222.431229673, 107.244000000]: Control loop missed its desired rate of 20.0000Hz... the loop actually took 0.1200 seconds[0m
E20260322 23:43:42.451794 361945 path_planner_node.cpp:250] Failed to get a path.
[33m[WARN] [1774194222.457047146, 107.274000000]: Rotate recovery behavior started.[0m
[33m[WARN] [1774194222.457321421, 107.274000000]: Map update loop missed its desired rate of 1.0000Hz... the loop actually took 4.3580 seconds[0m
[33m[WARN] [1774194222.501185242, 107.352000000]: Control loop missed its desired rate of 20.0000Hz... the loop actually took 0.1080 seconds[0m
[33m[WARN] [1774194222.568988167, 107.460000000]: Control loop missed its desired rate of 20.0000Hz... the loop actually took 0.1080 seconds[0m
[33m[WARN] [1774194222.629454532, 107.566000000]: Control loop missed its desired rate of 20.0000Hz... the loop actually took 0.1060 seconds[0m
[0m[INFO] [1774194208.870692053, 84.226000000]: global_costmap: Using plugin "static_map"[0m
[0m[INFO] [1774194208.875165943, 84.236000000]: Requesting the map...[0m
[0m[INFO] [1774194210.043457868, 84.338000000]: Resizing costmap to 480 X 480 at 0.050000 m/pix[0m
[0m[INFO] [1774194210.094249813, 84.438000000]: Received a 480 X 480 map at 0.050000 m/pix[0m
[0m[INFO] [1774194210.095703114, 84.442000000]: global_costmap: Using plugin "obstacle_layer"[0m
[0m[INFO] [1774194210.096783592, 84.442000000]:     Subscribed to Topics: scan[0m
[0m[INFO] [1774194210.104399178, 84.458000000]: global_costmap: Using plugin "voronoi_layer"[0m
[0m[INFO] [1774194210.106214617, 84.462000000]: global_costmap: Using plugin "inflation_layer"[0m
[0m[INFO] [1774194210.126380366, 84.502000000]: local_costmap: Using plugin "obstacle_layer"[0m
[0m[INFO] [1774194210.127292242, 84.504000000]:     Subscribed to Topics: [0m
[0m[INFO] [1774194210.129877076, 84.510000000]: local_costmap: Using plugin "inflation_layer"[0m
[0m[INFO] [1774194210.144329355, 84.538000000]: Created local_planner dwa_controller/DWAController[0m
[0m[INFO] [1774194210.146470125, 84.540000000]: Sim period is set to 0.10[0m
[0m[INFO] [1774194210.149220000, 84.548000000]: Using local controller: DWAController[0m
[0m[INFO] [1774194210.647315413, 85.544000000]: Recovery behavior will clear layer 'obstacles'[0m
[0m[INFO] [1774194210.649646158, 85.550000000]: Recovery behavior will clear layer 'obstacles'[0m
[0m[INFO] [1774194210.662309117, 85.574000000]: odom received![0m
[0m[INFO] [1774194216.188235736, 96.580000000]: Got new plan[0m
[0m[INFO] [1774194216.241530585, 96.682000000]: Got new plan[0m
[0m[INFO] [1774194216.265672726, 96.730000000]: Got new plan[0m
[0m[INFO] [1774194216.307779290, 96.780000000]: Got new plan[0m
[0m[INFO] [1774194216.332824996, 96.830000000]: Got new plan[0m
[0m[INFO] [1774194216.364221772, 96.880000000]: Got new plan[0m
[0m[INFO] [1774194216.389279351, 96.930000000]: Got new plan[0m
[0m[INFO] [1774194216.419644330, 96.980000000]: Got new plan[0m
[0m[INFO] [1774194216.444757714, 97.030000000]: Got new plan[0m
[0m[INFO] [1774194216.475069263, 97.080000000]: Got new plan[0m
[0m[INFO] [1774194216.500221829, 97.130000000]: Got new plan[0m
[0m[INFO] [1774194216.529598944, 97.182000000]: Got new plan[0m
[0m[INFO] [1774194216.554522354, 97.232000000]: Got new plan[0m
[0m[INFO] [1774194216.589072699, 97.280000000]: Got new plan[0m
[0m[INFO] [1774194216.614069724, 97.330000000]: Got new plan[0m
[0m[INFO] [1774194216.649802658, 97.380000000]: Got new plan[0m
[0m[INFO] [1774194216.674965910, 97.430000000]: Got new plan[0m
[0m[INFO] [1774194216.705339201, 97.480000000]: Got new plan[0m
[0m[INFO] [1774194216.730367096, 97.530000000]: Got new plan[0m
[0m[INFO] [1774194217.014203783, 98.030000000]: Got new plan[0m
[0m[INFO] [1774194217.323141976, 98.530000000]: Got new plan[0m
[0m[INFO] [1774194217.596150137, 99.022000000]: Got new plan[0m
[0m[INFO] [1774194217.897552297, 99.534000000]: Got new plan[0m
[0m[INFO] [1774194218.197275558, 100.034000000]: Got new plan[0m
[0m[INFO] [1774194218.474467894, 100.548000000]: Got new plan[0m
[0m[INFO] [1774194218.727095397, 100.998000000]: Got new plan[0m
[0m[INFO] [1774194219.033732525, 101.548000000]: Got new plan[0m
[0m[INFO] [1774194219.316771309, 101.998000000]: Got new plan[0m
[0m[INFO] [1774194219.649887254, 102.552000000]: Got new plan[0m
[0m[INFO] [1774194219.930321019, 103.020000000]: Got new plan[0m
[0m[INFO] [1774194220.238360386, 103.528000000]: Got new plan[0m
[0m[INFO] [1774194220.552938421, 104.038000000]: Got new plan[0m
[0m[INFO] [1774194220.829638005, 104.522000000]: Got new plan[0m
[0m[INFO] [1774194221.130159146, 105.028000000]: Got new plan[0m
[0m[INFO] [1774194221.438142702, 105.588000000]: Got new plan[0m
[0m[INFO] [1774194221.688871642, 106.000000000]: Got new plan[0m
[0m[INFO] [1774194221.980472312, 106.502000000]: Got new plan[0m
[0m[INFO] [1774194222.357101800, 107.124000000]: Got new plan[0m
[0m[I[33m[WARN] [1774194222.696338458, 107.672000000]: Control loop missed its desired rate of 20.0000Hz... the loop actually took 0.1060 seconds[0m
[33m[WARN] [1774194222.773972540, 107.798000000]: Control loop missed its desired rate of 20.0000Hz... the loop actually took 0.1260 seconds[0m
[33m[WARN] [1774194222.843356999, 107.918000000]: Control loop missed its desired rate of 20.0000Hz... the loop actually took 0.1200 seconds[0m
[33m[WARN] [1774194222.929457987, 108.064000000]: Control loop missed its desired rate of 20.0000Hz... the loop actually took 0.1460 seconds[0m
[33m[WARN] [1774194223.002517257, 108.192000000]: Control loop missed its desired rate of 20.0000Hz... the loop actually took 0.1280 seconds[0m
[33m[WARN] [1774194223.073865572, 108.308000000]: Control loop missed its desired rate of 20.0000Hz... the loop actually took 0.1160 seconds[0m
[33m[WARN] [1774194223.147636056, 108.418000000]: Control loop missed its desired rate of 20.0000Hz... the loop actually took 0.1100 seconds[0m
[33m[WARN] [1774194223.212249791, 108.528000000]: Control loop missed its desired rate of 20.0000Hz... the loop actually took 0.1100 seconds[0m
[33m[WARN] [1774194223.273090166, 108.630000000]: Control loop missed its desired rate of 20.0000Hz... the loop actually took 0.1020 seconds[0m
[33m[WARN] [1774194223.360355932, 108.784000000]: Control loop missed its desired rate of 20.0000Hz... the loop actually took 0.1540 seconds[0m
[33m[WARN] [1774194223.437192122, 108.916000000]: Control loop missed its desired rate of 20.0000Hz... the loop actually took 0.1320 seconds[0m
[33m[WARN] [1774194223.514810768, 109.054000000]: Control loop missed its desired rate of 20.0000Hz... the loop actually took 0.1380 seconds[0m
[33m[WARN] [1774194223.593020708, 109.170000000]: Control loop missed its desired rate of 20.0000Hz... the loop actually took 0.1160 seconds[0m
[33m[WARN] [1774194223.672847802, 109.308000000]: Control loop missed its desired rate of 20.0000Hz... the loop actually took 0.1380 seconds[0m
[33m[WARN] [1774194223.736433302, 109.412000000]: Control loop missed its desired rate of 20.0000Hz... the loop actually took 0.1040 seconds[0m
[33m[WARN] [1774194223.798540567, 109.520000000]: Control loop missed its desired rate of 20.0000Hz... the loop actually took 0.1080 seconds[0m
[33m[WARN] [1774194223.850639762, 109.604000000]: Control loop missed its desired rate of 20.0000Hz... the loop actually took 0.0840 seconds[0m
[33m[WARN] [1774194223.915026715, 109.708000000]: Control loop missed its desired rate of 20.0000Hz... the loop actually took 0.1380 seconds[0m
[33m[WARN] [1774194223.981972382, 109.822000000]: Control loop missed its desired rate of 20.0000Hz... the loop actually took 0.1140 seconds[0m
[33m[WARN] [1774194224.028018528, 109.914000000]: Control loop missed its desired rate of 20.0000Hz... the loop actually took 0.0920 seconds[0m
[33m[WARN] [1774194224.083963509, 110.006000000]: Control loop missed its desired rate of 20.0000Hz... the loop actually took 0.1340 seconds[0m
[33m[WARN] [1774194224.133679716, 110.084000000]: Control loop missed its desired rate of 20.0000Hz... the loop actually took 0.0780 seconds[0m
[33m[WARN] [1774194224.189343298, 110.172000000]: Control loop missed its desired rate of 20.0000Hz... the loop actually took 0.1160 seconds[0m
[33m[WARN] [1774194224.242038536, 110.254000000]: Control loop missed its desired rate of 20.0000Hz... the loop actually took 0.0820 seconds[0m
[33m[WARN] [1774194224.282125434, 110.332000000]: Control loop missed its desired rate of 20.0000Hz... the loop actually took 0.1100 seconds[0m
[33m[WARN] [1774194224.326638727, 110.406000000]: Control loop missed its desired rate of 20.0000Hz... the loop actually took 0.0740 seconds[0m
[33m[WARN] [1774194224.370984605, 110.472000000]: Control loop missed its desired rate of 20.0000Hz... the loop actually took 0.0900 seconds[0m
[33m[WARN] [1774194224.410939708, 110.552000000]: Control loop missed its desired rate of 20.0000Hz... the loop actually took 0.1200 seconds[0m
[33m[WARN] [1774194224.480382345, 110.664000000]: Control loop missed its desired rate of 20.0000Hz... the loop actually took 0.0620 seconds[0m
[33m[WARN] [1774194224.513739413, 110.712000000]: Control loop missed its desired rate of 20.0000Hz... the loop actually took 0.0600 seconds[0m
[33m[WARN] [1774194224.547318512, 110.768000000]: Control loop missed its desired rate of 20.0000Hz... the loop actually took 0.0660 seconds[0m
[33m[WARN] [1774194224.580642334, 110.826000000]: Control loop missed its desired rate of 20.0000Hz... the loop actually took 0.0740 seconds[0m
[33m[WARN] [1774194224.609944643, 110.874000000]: Control loop missed its desired rate of 20.0000Hz... the loop actually took 0.0720 seconds[0m
[33m[WARN] [1774194224.639404868, 110.922000000]: Control loop missed its desired rate of 20.0000Hz... the loop actually took 0.0700 seconds[0m
[33m[WARN] [1774194224.668426965, 110.978000000]: Control loop missed its desired rate of 20.0000Hz... the loop actually took 0.0760 seconds[0m
[33m[WARN] [1774194224.696994311, 111.018000000]: Control loop missed its desired rate of 20.0000Hz... the loop actually took 0.0660 seconds[0m
[33m[WARN] [1774194224.726247939, 111.076000000]: Control loop missed its desired rate of 20.0000Hz... the loop actually took 0.0740 seconds[0m
[33m[WARN] [1774194224.768099221, 111.134000000]: Control loop missed its desired rate of 20.0000Hz... the loop actually took 0.0800 seconds[0m
[33m[WARN] [1774194224.799729899, 111.192000000]: Control loop missed its desired rate of 20.0000Hz... the loop actually took 0.0900 seconds[0m
[33m[WARN] [1774194224.831390261, 111.242000000]: Control loop missed its desired rate of 20.0000Hz... the loop actually took 0.0900 seconds[0m
[33m[WARN] [1774194224.864237960, 111.296000000]: Control loop missed its desired rate of 20.0000Hz... the loop actually took 0.0940 seconds[0m
[33m[WARN] [1774194224.896518112, 111.348000000]: Control loop missed its desired rate of 20.0000Hz... the loop actually took 0.0960 seconds[0m
[33m[WARN] [1774194224.922451944, 111.398000000]: Control loop missed its desired rate of 20.0000Hz... the loop actually took 0.0960 seconds[0m
[33m[WARN] [1774194224.948478388, 111.426000000]: Control loop missed its desired rate of 20.0000Hz... the loop actually took 0.0740 seconds[0m
[33m[WARN] [1774194224.974901403, 111.480000000]: Control loop missed its desired rate of 20.0000Hz... the loop actually took 0.0780 seconds[0m
[33m[WARN] [1774194225.000857794, 111.514000000]: Control loop missed its desired rate of 20.0000Hz... the loop actually took 0.0620 seconds[0m
[33m[WARN] [1774194225.026898485, 111.566000000]: Control loop missed its desired rate of 20.0000Hz... the loop actually took 0.0640 seconds[0m
[33m[WARN] [1774194225.057348949, 111.614000000]: Control loop missed its desired rate of 20.0000Hz... the loop actually took 0.0620 seconds[0m
[33m[WARN] [1774194225.088003636, 111.666000000]: Control loop missed its desired rate of 20.0000Hz... the loop actually took 0.0640 seconds[0m
[33m[WARN] [1774194225.121151731, 111.718000000]: Control loop missed its desired rate of 20.0000Hz... the loop actually took 0.0660 seconds[0m
[33m[WARN] [1774194225.154210776, 111.774000000]: Control loop missed its desired rate of 20.0000Hz... the loop actually took 0.0720 seconds[0m
[33m[WARN] [1774194225.186210716, 111.826000000]: Control loop missed its desired rate of 20.0000Hz... the loop actually took 0.0740 seconds[0m
[33m[WARN] [1774194225.222203673, 111.888000000]: Control loop missed its desired rate of 20.0000Hz... the loop actually took 0.0860 seconds[0m
[33m[WARN] [1774194225.257866549, 111.940000000]: Control loop missed its desired rate of 20.0000Hz... the loop actually took 0.0880 seconds[0m
[33m[WARN] [1774194225.295195261, 112.012000000]: Control loop missed its desired rate of 20.0000Hz... the loop actually took 0.1100 seconds[0m
[33m[WARN] [1774194225.332973974, 112.072000000]: Control loop missed its desired rate of 20.0000Hz... the loop actually took 0.0600 seconds[0m
[33m[WARN] [1774194225.354319932, 112.114000000]: Control loop missed its desired rate of 20.0000Hz... the loop actually took 0.0520 seconds[0m
[33m[WARN] [1774194225.419584326, 112.222000000]: Control loop missed its desired rate of 20.0000Hz... the loop actually took 0.0600 seconds[0m
[33m[WARN] [1774194225.450983473, 112.264000000]: Control loop missed its desired rate of 20.0000Hz... the loop actually took 0.0520 seconds[0m
[33m[WARN] [1774194225.480404515, 112.322000000]: Control loop missed its desired rate of 20.0000Hz... the loop actually took 0.0600 seconds[0m
[33m[WARN] [1774194225.510463158, 112.364000000]: Control loop missed its desired rate of 20.0000Hz... the loop actually took 0.0520 seconds[0m
[33m[WARN] [1774194225.538321664, 112.418000000]: Control loop missed its desired rate of 20.0000Hz... the loop actually took 0.0560 seconds[0m
[33m[WARN] [1774194225.565831092, 112.470000000]: Control loop missed its desired rate of 20.0000Hz... the loop actually took 0.0580 seconds[0m
[33m[WARN] [1774194225.625136238, 112.568000000]: Control loop missed its desired rate of 20.0000Hz... the loop actually took 0.0560 seconds[0m
[33m[WARN] [1774194225.689917386, 112.676000000]: Control loop missed its desired rate of 20.0000Hz... the loop actually took 0.0640 seconds[0m
[33m[WARN] [1774194225.720005712, 112.714000000]: Control loop missed its desired rate of 20.0000Hz... the loop actually took 0.0520 seconds[0m
[33m[WARN] [1774194225.751688633, 112.776000000]: Control loop missed its desired rate of 20.0000Hz... the loop actually took 0.0640 seconds[0m
[33m[WARN] [1774194225.788783439, 112.830000000]: Control loop missed its desired rate of 20.0000Hz... the loop actually took 0.0680 seconds[0m
[33m[WARN] [1774194225.817876776, 112.888000000]: Control loop missed its desired rate of 20.0000Hz... the loop actually took 0.0760 seconds[0m
[33m[WARN] [1774194225.846894123, 112.926000000]: Control loop missed its desired rate of 20.0000Hz... the loop actually took 0.0640 seconds[0m
[33m[WARN] [1774194225.877162925, 112.986000000]: Control loop missed its desired rate of 20.0000Hz... the loop actually took 0.0740 seconds[0m
[33m[WARN] [1774194225.905915496, 113.024000000]: Control loop missed its desired rate of 20.0000Hz... the loop actually took 0.0620 seconds[0m
[33m[WARN] [1774194225.945167695, 113.102000000]: Control loop missed its desired rate of 20.0000Hz... the loop actually took 0.0900 seconds[0m
[33m[WARN] [1774194225.984180051, 113.160000000]: Control loop missed its desired rate of 20.0000Hz... the loop actually took 0.0980 seconds[0m
[33m[WARN] [1774194226.025632387, 113.226000000]: Control loop missed its desired rate of 20.0000Hz... the loop actually took 0.1140 seconds[0m
[33m[WARN] [1774194226.060210036, 113.294000000]: Control loop missed its desired rate of 20.0000Hz... the loop actually took 0.0680 seconds[0m
[33m[WARN] [1774194226.094673702, 113.342000000]: Control loop missed its desired rate of 20.0000Hz... the loop actually took 0.0660 seconds[0m
[33m[WARN] [1774194226.129571932, 113.412000000]: Control loop missed its desired rate of 20.0000Hz... the loop actually took 0.0840 seconds[0m
[33m[WARN] [1774194226.164468976, 113.458000000]: Control loop missed its desired rate of 20.0000Hz... the loop actually took 0.0820 seconds[0m
[33m[WARN] [1774194226.200629347, 113.532000000]: Control loop missed its desired rate of 20.0000Hz... the loop actually took 0.1060 seconds[0m
[33m[WARN] [1774194226.271389927, 113.650000000]: Control loop missed its desired rate of 20.0000Hz... the loop actually took 0.0680 seconds[0m
[33m[WARN] [1774194226.305464145, 113.700000000]: Control loop missed its desired rate of 20.0000Hz... the loop actually took 0.0680 seconds[0m
[33m[WARN] [1774194226.338850895, 113.760000000]: Control loop missed its desired rate of 20.0000Hz... the loop actually took 0.0780 seconds[0m
[33m[WARN] [1774194226.368389483, 113.804000000]: Control loop missed its desired rate of 20.0000Hz... the loop actually took 0.0720 seconds[0m
[33m[WARN] [1774194226.397950631, 113.862000000]: Control loop missed its desired rate of 20.0000Hz... the loop actually took 0.0800 seconds[0m
[33m[WARN] [1774194226.423447521, 113.892000000]: Control loop missed its desired rate of 20.0000Hz... the loop actually took 0.0600 seconds[0m
[33m[WARN] [1774194226.449458529, 113.944000000]: Control loop missed its desired rate of 20.0000Hz... the loop actually took 0.0620 seconds[0m
[33m[WARN] [1774194226.506323696, 114.038000000]: Control loop missed its desired rate of 20.0000Hz... the loop actually took 0.0560 seconds[0m
[33m[WARN] [1774194226.588261873, 114.186000000]: Control loop missed its desired rate of 20.0000Hz... the loop actually took 0.0540 seconds[0m
[33m[WARN] [1774194226.654574686, 114.292000000]: Control loop missed its desired rate of 20.0000Hz... the loop actually took 0.0580 seconds[0m
[33m[WARN] [1774194226.716354243, 114.392000000]: Control loop missed its desired rate of 20.0000Hz... the loop actually took 0.0600 seconds[0m
[33m[WARN] [1774194226.747481489, 114.440000000]: Control loop missed its desired rate of 20.0000Hz... the loop actually took 0.0580 seconds[0m
[33m[WARN] [1774194226.774556352, 114.494000000]: Control loop missed its desired rate of 20.0000Hz... the loop actually took 0.0620 seconds[0m
[33m[WARN] [1774194226.831474948, 114.586000000]: Control loop missed its desired rate of 20.0000Hz... the loop actually took 0.0540 seconds[0m
[33m[WARN] [1774194226.894619944, 114.698000000]: Control loop missed its desired rate of 20.0000Hz... the loop actually took 0.0660 seconds[0m
[33m[WARN] [1774194226.927645743, 114.744000000]: Control loop missed its desired rate of 20.0000Hz... the loop actually took 0.0620 seconds[0m
[33m[WARN] [1774194226.958226814, 114.804000000]: Control loop missed its desired rate of 20.0000Hz... the loop actually took 0.0720 seconds[0m
[33m[WARN] [1774194226.988382818, 114.838000000]: Control loop missed its desired rate of 20.0000Hz... the loop actually took 0.0560 seconds[0m
[33m[WARN] [1774194227.014788021, 114.892000000]: Control loop missed its desired rate of 20.0000Hz... the loop actually took 0.0600 seconds[0m
[33m[WARN] [1774194227.041466313, 114.938000000]: Control loop missed its desired rate of 20.0000Hz... the loop actually took 0.0560 seconds[0m
[33m[WARN] [1774194227.095217091, 115.034000000]: Control loop missed its desired rate of 20.0000Hz... the loop actually took 0.0520 seconds[0m
[33m[WARN] [1774194227.157716174, 115.134000000]: Control loop missed its desired rate of 20.0000Hz... the loop actually took 0.0520 seconds[0m
[33m[WARN] [1774194227.217275409, 115.234000000]: Control loop missed its desired rate of 20.0000Hz... the loop actually took 0.0520 seconds[0m
[33m[WARN] [1774194227.341253652, 115.436000000]: Control loop missed its desired rate of 20.0000Hz... the loop actually took 0.0540 seconds[0m
[33m[WARN] [1774194227.464783082, 115.642000000]: Control loop missed its desired rate of 20.0000Hz... the loop actually took 0.0600 seconds[0m
[33m[WARN] [1774194227.492436177, 115.686000000]: Control loop missed its desired rate of 20.0000Hz... the loop actually took 0.0540 seconds[0m
[33m[WARN] [1774194227.520117769, 115.736000000]: Control loop missed its desired rate of 20.0000Hz... the loop actually took 0.0540 seconds[0m
[33m[WARN] [1774194227.544626794, 115.786000000]: Control loop missed its desired rate of 20.0000Hz... the loop actually took 0.0540 seconds[0m
[33m[WARN] [1774194227.725860837, 116.086000000]: Control loop missed its desired rate of 20.0000Hz... the loop actually took 0.0540 seconds[0m
[33m[WARN] [1774194227.788481028, 116.188000000]: Control loop missed its desired rate of 20.0000Hz... the loop actually took 0.0540 seconds[0m
[33m[WARN] [1774194227.848898708, 116.286000000]: Control loop missed its desired rate of 20.0000Hz... the loop actually took 0.0540 seconds[0m
[33m[WARN] [1774194227.908664540, 116.388000000]: Control loop missed its desired rate of 20.0000Hz... the loop actually took 0.0560 seconds[0m
[33m[WARN] [1774194227.972641859, 116.488000000]: Control loop missed its desired rate of 20.0000Hz... the loop actually took 0.0560 seconds[0m
[33m[WARN] [1774194228.000907620, 116.536000000]: Control loop missed its desired rate of 20.0000Hz... the loop actually took 0.0540 seconds[0m
[33m[WARN] [1774194228.032304391, 116.590000000]: Control loop missed its desired rate of 20.0000Hz... the loop actually took 0.0580 seconds[0m
[33m[WARN] [1774194228.063967126, 116.642000000]: Control loop missed its desired rate of 20.0000Hz... the loop actually took 0.0600 seconds[0m
[33m[WARN] [1774194228.091588163, 116.686000000]: Control loop missed its desired rate of 20.0000Hz... the loop actually took 0.0540 seconds[0m
[33m[WARN] [1774194228.119319623, 116.740000000]: Control loop missed its desired rate of 20.0000Hz... the loop actually took 0.0580 seconds[0m
[33m[WARN] [1774194228.181737966, 116.842000000]: Control loop missed its desired rate of 20.0000Hz... the loop actually took 0.0600 seconds[0m
[33m[WARN] [1774194231.938855530, 123.186000000]: Control loop missed its desired rate of 20.0000Hz... the loop actually took 0.0540 seconds[0m
[33m[WARN] [1774194231.997970697, 123.290000000]: Control loop missed its desired rate of 20.0000Hz... the loop actually took 0.0560 seconds[0m
[33m[WARN] [1774194232.247292605, 123.704000000]: Control loop missed its desired rate of 20.0000Hz... the loop actually took 0.0720 seconds[0m
[33m[WARN] [1774194232.281952178, 123.752000000]: Control loop missed its desired rate of 20.0000Hz... the loop actually took 0.0700 seconds[0m
[33m[WARN] [1774194232.320007537, 123.828000000]: Control loop missed its desired rate of 20.0000Hz... the loop actually took 0.0960 seconds[0m
[33m[WARN] [1774194232.352830299, 123.878000000]: Control loop missed its desired rate of 20.0000Hz... the loop actually took 0.0960 seconds[0m
[33m[WARN] [1774194232.384725750, 123.940000000]: Control loop missed its desired rate of 20.0000Hz... the loop actually took 0.1080 seconds[0m
[33m[WARN] [1774194232.447626149, 124.046000000]: Control loop missed its desired rate of 20.0000Hz... the loop actually took 0.0560 seconds[0m
[33m[WARN] [1774194232.479466983, 124.092000000]: Control loop missed its desired rate of 20.0000Hz... the loop actually took 0.0520 seconds[0m
[33m[WARN] [1774194232.511661643, 124.152000000]: Control loop missed its desired rate of 20.0000Hz... the loop actually took 0.0620 seconds[0m
[33m[WARN] [1774194232.542989547, 124.198000000]: Control loop missed its desired rate of 20.0000Hz... the loop actually took 0.0580 seconds[0m
[33m[WARN] [1774194232.573374705, 124.258000000]: Control loop missed its desired rate of 20.0000Hz... the loop actually took 0.0660 seconds[0m
[33m[WARN] [1774194232.602560651, 124.292000000]: Control loop missed its desired rate of 20.0000Hz... the loop actually took 0.0520 seconds[0m
[33m[WARN] [1774194232.631279974, 124.350000000]: Control loop missed its desired rate of 20.0000Hz... the loop actually took 0.0600 seconds[0m
[33m[WARN] [1774194232.691235776, 124.448000000]: Control loop missed its desired rate of 20.0000Hz... the loop actually took 0.0580 seconds[0m
[33m[WARN] [1774194232.753029576, 124.550000000]: Control loop missed its desired rate of 20.0000Hz... the loop actually took 0.0600 seconds[0m
[33m[WARN] [1774194232.810121520, 124.648000000]: Control loop missed its desired rate of 20.0000Hz... the loop actually took 0.0580 seconds[0m
[33m[WARN] [1774194232.869335235, 124.742000000]: Control loop missed its desired rate of 20.0000Hz... the loop actually took 0.0520 seconds[0m
[33m[WARN] [1774194232.895164578, 124.792000000]: Control loop missed its desired rate of 20.0000Hz... the loop actually took 0.0520 seconds[0m
[33m[WARN] [1774194232.954499402, 124.890000000]: Clearing both costmaps outside a square (3.00m) large centered on the robot.[0m
[33m[WARN] [1774194233.839005382, 126.344000000]: Control loop missed its desired rate of 20.0000Hz... the loop actually took 0.0540 seconds[0m
[33m[WARN] [1774194233.902465016, 126.446000000]: Control loop missed its desired rate of 20.0000Hz... the loop actually took 0.0560 seconds[0m
[33m[WARN] [1774194234.411305676, 127.292000000]: Control loop missed its desired rate of 20.0000Hz... the loop actually took 0.0520 seconds[0m
[33m[WARN] [1774194234.554839358, 127.544000000]: Control loop missed its desired rate of 20.0000Hz... the loop actually took 0.0540 seconds[0m
[33m[WARN] [1774194234.680973795, 127.750000000]: Control loop missed its desired rate of 20.0000Hz... the loop actually took 0.0600 seconds[0m
[33m[WARN] [1774194234.738795949, 127.844000000]: Control loop missed its desired rate of 20.0000Hz... the loop actually took 0.0540 seconds[0m
[33m[WARN] [1774194234.803119964, 127.950000000]: Control loop missed its desired rate of 20.0000Hz... the loop actually took 0.0600 seconds[0m
[33m[WARN] [1774194234.833021875, 127.992000000]: Control loop missed its desired rate of 20.0000Hz... the loop actually took 0.0520 seconds[0m
[33m[WARN] [1774194234.863295422, 128.052000000]: Control loop missed its desired rate of 20.0000Hz... the loop actually took 0.0620 seconds[0m
[33m[WARN] [1774194234.894105645, 128.094000000]: Control loop missed its desired rate of 20.0000Hz... the loop actually took 0.0540 seconds[0m
[33m[WARN] [1774194234.924843442, 128.156000000]: Control loop missed its desired rate of 20.0000Hz... the loop actually took 0.0660 seconds[0m
[33m[WARN] [1774194234.953904717, 128.196000000]: Control loop missed its desired rate of 20.0000Hz... the loop actually took 0.0560 seconds[0m
[33m[WARN] [1774194234.980178124, 128.246000000]: Control loop missed its desired rate of 20.0000Hz... the loop actually took 0.0560 seconds[0m
[33m[WARN] [1774194235.008234911, 128.302000000]: Control loop missed its desired rate of 20.0000Hz... the loop actually took 0.0620 seconds[0m
[33m[WARN] [1774194235.068621714, 128.400000000]: Control loop missed its desired rate of 20.0000Hz... the loop actually took 0.0600 seconds[0m
[33m[WARN] [1774194235.100128905, 128.446000000]: Control loop missed its desired rate of 20.0000Hz... the loop actually took 0.0560 seconds[0m
[33m[WARN] [1774194235.131095857, 128.508000000]: Control loop missed its desired rate of 20.0000Hz... the loop actually took 0.0680 seconds[0m
[33m[WARN] [1774194235.158418869, 128.542000000]: Control loop missed its desired rate of 20.0000Hz... the loop actually took 0.0520 seconds[0m
[33m[WARN] [1774194235.185598214, 128.596000000]: Control loop missed its desired rate of 20.0000Hz... the loop actually took 0.0560 seconds[0m
[33m[WARN] [1774194235.242092925, 128.694000000]: Control loop missed its desired rate of 20.0000Hz... the loop actually took 0.0540 seconds[0m
[33m[WARN] [1774194235.304400840, 128.794000000]: Control loop missed its desired rate of 20.0000Hz... the loop actually took 0.0540 seconds[0m
[33m[WARN] [1774194235.389607748, 128.942000000]: Control loop missed its desired rate of 20.0000Hz... the loop actually took 0.0520 seconds[0m
[33m[WARN] [1774194235.450493232, 129.044000000]: Control loop missed its desired rate of 20.0000Hz... the loop actually took 0.0540 seconds[0m
[33m[WARN] [1774194235.511903520, 129.144000000]: Control loop missed its desired rate of 20.0000Hz... the loop actually took 0.0540 seconds[0m
[33m[WARN] [1774194235.567918546, 129.242000000]: Control loop missed its desired rate of 20.0000Hz... the loop actually took 0.0520 seconds[0m
[33m[WARN] [1774194235.631230949, 129.348000000]: Control loop missed its desired rate of 20.0000Hz... the loop actually took 0.0580 seconds[0m
[33m[WARN] [1774194235.692178175, 129.448000000]: Control loop missed its desired rate of 20.0000Hz... the loop actually took 0.0580 seconds[0m
[33m[WARN] [1774194235.754221314, 129.550000000]: Control loop missed its desired rate of 20.0000Hz... the loop actually took 0.0600 seconds[0m
[33m[WARN] [1774194235.784136285, 129.596000000]: Control loop missed its desired rate of 20.0000Hz... the loop actually took 0.0560 seconds[0m
[33m[WARN] [1774194235.814406269, 129.650000000]: Control loop missed its desired rate of 20.0000Hz... the loop actually took 0.0600 seconds[0m
[33m[WARN] [1774194235.843385618, 129.704000000]: Control loop missed its desired rate of 20.0000Hz... the loop actually took 0.0640 seconds[0m
[33m[WARN] [1774194235.871601509, 129.746000000]: Control loop missed its desired rate of 20.0000Hz... the loop actually took 0.0560 seconds[0m
[33m[WARN] [1774194235.900025184, 129.800000000]: Control loop missed its desired rate of 20.0000Hz... the loop actually took 0.0600 seconds[0m
[33m[WARN] [1774194235.956071080, 129.894000000]: Control loop missed its desired rate of 20.0000Hz... the loop actually took 0.0540 seconds[0m
[33m[WARN] [1774194236.013509724, 129.994000000]: Control loop missed its desired rate of 20.0000Hz... the loop actually took 0.0540 seconds[0m
[33m[WARN] [1774194236.074385709, 130.094000000]: Control loop missed its desired rate of 20.0000Hz... the loop actually took 0.0540 seconds[0m
[33m[WARN] [1774194236.135861299, 130.196000000]: Control loop missed its desired rate of 20.0000Hz... the loop actually took 0.0560 seconds[0m
[33m[WARN] [1774194236.163338666, 130.242000000]: Control loop missed its desired rate of 20.0000Hz... the loop actually took 0.0520 seconds[0m
[33m[WARN] [1774194236.221499210, 130.344000000]: Control loop missed its desired rate of 20.0000Hz... the loop actually took 0.0540 seconds[0m
[33m[WARN] [1774194236.294284191, 130.458000000]: Control loop missed its desired rate of 20.0000Hz... the loop actually took 0.0680 seconds[0m
[33m[WARN] [1774194236.330131100, 130.520000000]: Control loop missed its desired rate of 20.0000Hz... the loop actually took 0.0800 seconds[0m
[33m[WARN] [1774194236.359569948, 130.566000000]: Control loop missed its desired rate of 20.0000Hz... the loop actually took 0.0760 seconds[0m
[33m[WARN] [1774194236.389133466, 130.616000000]: Control loop missed its desired rate of 20.0000Hz... the loop actually took 0.0760 seconds[0m
[33m[WARN] [1774194236.419285904, 130.674000000]: Control loop missed its desired rate of 20.0000Hz... the loop actually took 0.0840 seconds[0m
[33m[WARN] [1774194236.449116574, 130.714000000]: Control loop missed its desired rate of 20.0000Hz... the loop actually took 0.0740 seconds[0m
[33m[WARN] [1774194236.478675343, 130.774000000]: Control loop missed its desired rate of 20.0000Hz... the loop actually took 0.0840 seconds[0m
[33m[WARN] [1774194236.507873161, 130.812000000]: Control loop missed its desired rate of 20.0000Hz... the loop actually took 0.0720 seconds[0m
[33m[WARN] [1774194236.537027048, 130.870000000]: Control loop missed its desired rate of 20.0000Hz... the loop actually took 0.0800 seconds[0m
[33m[WARN] [1774194236.565909035, 130.908000000]: Control loop missed its desired rate of 20.0000Hz... the loop actually took 0.0680 seconds[0m
[33m[WARN] [1774194236.594400388, 130.964000000]: Control loop missed its desired rate of 20.0000Hz... the loop actually took 0.0740 seconds[0m
[33m[WARN] [1774194236.622602030, 131.004000000]: Control loop missed its desired rate of 20.0000Hz... the loop actually took 0.0640 seconds[0m
[33m[WARN] [1774194236.651048264, 131.058000000]: Control loop missed its desired rate of 20.0000Hz... the loop actually took 0.0680 seconds[0m
[33m[WARN] [1774194236.679138296, 131.102000000]: Control loop missed its desired rate of 20.0000Hz... the loop actually took 0.0620 seconds[0m
[33m[WARN] [1774194236.707729385, 131.150000000]: Control loop missed its desired rate of 20.0000Hz... the loop actually took 0.0600 seconds[0m
[33m[WARN] [1774194236.735584325, 131.206000000]: Control loop missed its desired rate of 20.0000Hz... the loop actually took 0.0660 seconds[0m
[33m[WARN] [1774194236.767032148, 131.250000000]: Control loop missed its desired rate of 20.0000Hz... the loop actually took 0.0600 seconds[0m
[33m[WARN] [1774194236.794807536, 131.306000000]: Control loop missed its desired rate of 20.0000Hz... the loop actually took 0.0660 seconds[0m
[33m[WARN] [1774194236.848787464, 131.394000000]: Control loop missed its desired rate of 20.0000Hz... the loop actually took 0.0540 seconds[0m
[33m[WARN] [1774194236.908089040, 131.492000000]: Control loop missed its desired rate of 20.0000Hz... the loop actually took 0.0520 seconds[0m
[33m[WARN] [1774194236.968890223, 131.592000000]: Control loop missed its desired rate of 20.0000Hz... the loop actually took 0.0520 seconds[0m
[33m[WARN] [1774194237.028694042, 131.692000000]: Control loop missed its desired rate of 20.0000Hz... the loop actually took 0.0520 seconds[0m
[33m[WARN] [1774194237.237724820, 132.044000000]: Control loop missed its desired rate of 20.0000Hz... the loop actually took 0.0540 seconds[0m
[33m[WARN] [1774194238.808261328, 134.692000000]: Control loop missed its desired rate of 20.0000Hz... the loop actually took 0.0520 seconds[0m
[33m[WARN] [1774194239.022499766, 135.040000000]: Rotate recovery behavior started.[0m
E20260322 23:44:02.013774 361945 path_planner_node.cpp:250] Failed to get a path.
E20260322 23:44:04.415758 361945 path_planner_node.cpp:250] Failed to get a path.
[33m[WARN] [1774194244.434913648, 139.182000000]: Map update loop missed its desired rate of 1.0000Hz... the loop actually took 1.9080 seconds[0m
Error in XmlRpcClient::writeRequest: write error (Connection refused).
Error in XmlRpcDispatch::work: couldn't find source iterator
[0m[INFO] [1774194210.087079478, 84.424000000]: global_costmap: Using plugin "static_map"[0m
[0m[INFO] [1774194210.090801783, 84.432000000]: Requesting the map...[0m
[0m[INFO] [1774194210.292137500, 84.834000000]: Resizing costmap to 480 X 480 at 0.050000 m/pix[0m
[0m[INFO] [1774194210.341999759, 84.934000000]: Received a 480 X 480 map at 0.050000 m/pix[0m
[0m[INFO] [1774194210.343984988, 84.938000000]: global_costmap: Using plugin "obstacle_layer"[0m
[0m[INFO] [1774194210.345223381, 84.940000000]:     Subscribed to Topics: scan[0m
[0m[INFO] [1774194210.352805722, 84.956000000]: global_costmap: Using plugin "voronoi_layer"[0m
[0m[INFO] [1774194210.355758632, 84.960000000]: global_costmap: Using plugin "inflation_layer"[0m
[0m[INFO] [1774194210.375967124, 85.002000000]: local_costmap: Using plugin "obstacle_layer"[0m
[0m[INFO] [1774194210.377036916, 85.004000000]:     Subscribed to Topics: [0m
[0m[INFO] [1774194210.379703677, 85.010000000]: local_costmap: Using plugin "inflation_layer"[0m
[0m[INFO] [1774194210.394963345, 85.040000000]: Created local_planner pid_controller/PIDController[0m
[0m[INFO] [1774194210.400989085, 85.052000000]: PID Controller initialized![0m
[0m[INFO] [1774194210.893594248, 86.038000000]: Recovery behavior will clear layer 'obstacles'[0m
[0m[INFO] [1774194210.895857314, 86.042000000]: Recovery behavior will clear layer 'obstacles'[0m
[0m[INFO] [1774194210.909115130, 86.068000000]: odom received![0m
Error in XmlRpcClient::writeRequest: write error (Connection refused).
Error in XmlRpcDispatch::work: couldn't find source iterator
NFO] [1774194222.629541208, 107.566000000]: Got new plan[0m
[0m[INFO] [1774194222.929569597, 108.066000000]: Got new plan[0m
[0m[INFO] [1774194223.212348340, 108.528000000]: Got new plan[0m
[0m[INFO] [1774194223.514905755, 109.054000000]: Got new plan[0m
[0m[INFO] [1774194223.798630805, 109.520000000]: Got new plan[0m
[0m[INFO] [1774194224.084063245, 110.006000000]: Got new plan[0m
[0m[INFO] [1774194224.411019260, 110.552000000]: Got new plan[0m
[0m[INFO] [1774194224.697046554, 111.018000000]: Got new plan[0m
[0m[INFO] [1774194225.000908849, 111.514000000]: Got new plan[0m
[0m[INFO] [1774194225.295260565, 112.012000000]: Got new plan[0m
[0m[INFO] [1774194225.596826544, 112.512000000]: Got new plan[0m
[0m[INFO] [1774194225.906006921, 113.024000000]: Got new plan[0m
[0m[INFO] [1774194226.200743331, 113.532000000]: Got new plan[0m
[0m[INFO] [1774194226.506402060, 114.038000000]: Got new plan[0m
[0m[INFO] [1774194226.803064331, 114.532000000]: Got new plan[0m
[0m[INFO] [1774194227.095316828, 115.034000000]: Got new plan[0m
[0m[INFO] [1774194227.398879901, 115.532000000]: Got new plan[0m
[0m[INFO] [1774194227.699259723, 116.032000000]: Got new plan[0m
[0m[INFO] [1774194228.000959863, 116.536000000]: Got new plan[0m
[0m[INFO] [1774194228.297309856, 117.032000000]: Got new plan[0m
[0m[INFO] [1774194228.599921868, 117.532000000]: Got new plan[0m
[0m[INFO] [1774194228.889911293, 118.032000000]: Got new plan[0m
[0m[INFO] [1774194229.192152854, 118.532000000]: Got new plan[0m
[0m[INFO] [1774194229.495180430, 119.032000000]: Got new plan[0m
[0m[INFO] [1774194229.787239380, 119.532000000]: Got new plan[0m
[0m[INFO] [1774194230.088958509, 120.032000000]: Got new plan[0m
[0m[INFO] [1774194230.390314310, 120.532000000]: Got new plan[0m
[0m[INFO] [1774194230.674925088, 121.032000000]: Got new plan[0m
[0m[INFO] [1774194230.953841394, 121.532000000]: Got new plan[0m
[0m[INFO] [1774194231.260212506, 122.032000000]: Got new plan[0m
[0m[INFO] [1774194231.549116692, 122.532000000]: Got new plan[0m
[0m[INFO] [1774194231.849533305, 123.032000000]: Got new plan[0m
[0m[INFO] [1774194232.150328677, 123.532000000]: Got new plan[0m
[0m[INFO] [1774194232.447700952, 124.046000000]: Got new plan[0m
[0m[INFO] [1774194232.753135249, 124.550000000]: Got new plan[0m
[0m[INFO] [1774194233.014155995, 124.990000000]: Got new plan[0m
[0m[INFO] [1774194233.318761527, 125.490000000]: Got new plan[0m
[0m[INFO] [1774194233.628704141, 125.990000000]: Got new plan[0m
[0m[INFO] [1774194233.902535069, 126.446000000]: Got new plan[0m
[0m[INFO] [1774194234.229722573, 126.990000000]: Got new plan[0m
[0m[INFO] [1774194234.528186003, 127.490000000]: Got new plan[0m
[0m[INFO] [1774194234.803228012, 127.950000000]: Got new plan[0m
[0m[INFO] [1774194235.100193021, 128.446000000]: Got new plan[0m
[0m[INFO] [1774194235.423087106, 128.990000000]: Got new plan[0m
[0m[INFO] [1774194235.723732859, 129.490000000]: Got new plan[0m
[0m[INFO] [1774194236.013578589, 129.996000000]: Got new plan[0m
[0m[INFO] [1774194236.294376803, 130.458000000]: Got new plan[0m
[0m[INFO] [1774194236.594452630, 130.964000000]: Got new plan[0m
[0m[INFO] [1774194236.908141283, 131.492000000]: Got new plan[0m
[0m[INFO] [1774194237.211209198, 131.990000000]: Got new plan[0m
[0m[INFO] [1774194237.502061783, 132.490000000]: Got new plan[0m
[0m[INFO] [1774194237.807715718, 132.990000000]: Got new plan[0m
[0m[INFO] [1774194238.113589309, 133.490000000]: Got new plan[0m
[0m[INFO] [1774194238.405635164, 133.992000000]: Got new plan[0m
[0m[INFO] [1774194238.683780859, 134.490000000]: Got new plan[0m
[0m[INFO] [1774194238.987391382, 134.990000000]: Got new plan[0m
Error in XmlRpcClient::writeRequest: write error (Connection refused).
Error in XmlRpcClient::writeRequest: write error (Connection refused).
Error in XmlRpcDispatch::work: couldn't find source iterator
Error in XmlRpcDispatch::work: couldn't find source iterator
Error in XmlRpcClient::writeRequest: write error (Connection refused).
Error in XmlRpcDispatch::work: couldn't find source iterator
Error in XmlRpcClient::writeRequest: write error (Connection refused).
Error in XmlRpcDispatch::work: couldn't find source iterator
Error in XmlRpcClient::writeRequest: write error (Connection refused).
Error in XmlRpcClient::writeRequest: write error (Connection refused).
Error in XmlRpcDispatch::work: couldn't find source iterator
Error in XmlRpcDispatch::work: couldn't find source iterator
Error in XmlRpcClient::writeRequest: write error (Connection refused).
Error in XmlRpcDispatch::work: couldn't find source iterator
Error in XmlRpcClient::writeRequest: write error (Connection refused).
Error in XmlRpcDispatch::work: couldn't find source iterator
Error in XmlRpcClient::writeRequest: write error (Connection refused).
Error in XmlRpcDispatch::work: couldn't find source iterator
Error in XmlRpcClient::writeRequest: write error (Connection refused).
Error in XmlRpcDispatch::work: couldn't find source iterator
Error in XmlRpcClient::writeRequest: write error (Connection refused).
Error in XmlRpcDispatch::work: couldn't find source iterator
Error in XmlRpcClient::writeRequest: write error (Connection refused).
Error in XmlRpcDispatch::work: couldn't find source iterator
Error in XmlRpcClient::writeRequest: write error (Connection refused).
Error in XmlRpcDispatch::work: couldn't find source iterator
Error in XmlRpcClient::writeRequest: write error (Connection refused).
Error in XmlRpcClient::writeRequest: write error (Connection refused).
Error in XmlRpcDispatch::work: couldn't find source iterator
Error in XmlRpcDispatch::work: couldn't find source iterator
Error in XmlRpcClient::writeRequest: write error (Connection refused).
Error in XmlRpcClient::writeRequest: write error (Connection refused).
Error in XmlRpcDispatch::work: couldn't find source iterator
Error in XmlRpcDispatch::work: couldn't find source iterator
Error in XmlRpcClient::writeRequest: write error (Connection refused).
Error in XmlRpcDispatch::work: couldn't find source iterator
Error in XmlRpcClient::writeRequest: write error (Connection refused).
Error in XmlRpcClient::writeRequest: write error (Connection refused).
Error in XmlRpcDispatch::work: couldn't find source iterator
Error in XmlRpcDispatch::work: couldn't find source iterator
Error in XmlRpcClient::writeRequest: write error (Connection refused).
Error in XmlRpcDispatch::work: couldn't find source iterator
Error in XmlRpcClient::writeRequest: write error (Connection refused).
Error in XmlRpcClient::writeRequest: write error (Connection refused).
Error in XmlRpcDispatch::work: couldn't find source iterator
Error in XmlRpcDispatch::work: couldn't find source iterator
Error in XmlRpcClient::writeRequest: write error (Connection refused).
Error in XmlRpcClient::writeRequest: write error (Connection refused).
Error in XmlRpcDispatch::work: couldn't find source iterator
Error in XmlRpcDispatch::work: couldn't find source iterator
Error in XmlRpcClient::writeRequest: write error (Connection refused).
Error in XmlRpcDispatch::work: couldn't find source iterator
Error in XmlRpcClient::writeRequest: write error (Connection refused).
Error in XmlRpcDispatch::work: couldn't find source iterator
Error in XmlRpcClient::writeRequest: write error (Connection refused).
Error in XmlRpcDispatch::work: couldn't find source iterator
Error in XmlRpcClient::writeRequest: write error (Connection refused).
Error in XmlRpcClient::writeRequest: write error (Connection refused).
Error in XmlRpcDispatch::work: couldn't find source iterator
Error in XmlRpcDispatch::work: couldn't find source iterator
Error in XmlRpcClient::writeRequest: write error (Connection refused).
Error in XmlRpcDispatch::work: couldn't find source iterator
Error in XmlRpcClient::writeRequest: write error (Connection refused).
Error in XmlRpcDispatch::work: couldn't find source iterator
Error in XmlRpcClient::writeRequest: write error (Connection refused).
Error in XmlRpcDispatch::work: couldn't find source iterator
Error in XmlRpcClient::writeRequest: write error (Connection refused).
Error in XmlRpcDispatch::work: couldn't find source iterator
Error in XmlRpcClient::writeRequest: write error (Connection refused).
Error in XmlRpcDispatch::work: couldn't find source iterator
Error in XmlRpcClient::writeRequest: write error (Connection refused).
Error in XmlRpcDispatch::work: couldn't find source iterator
Error in XmlRpcClient::writeRequest: write error (Connection refused).
Error in XmlRpcDispatch::work: couldn't find source iterator
Error in XmlRpcClient::writeRequest: write error (Connection refused).
Error in XmlRpcDispatch::work: couldn't find source iterator
Error in XmlRpcClient::writeRequest: write error (Connection refused).
Error in XmlRpcDispatch::work: couldn't find source iterator
Error in XmlRpcClient::writeRequest: write error (Connection refused).
Error in XmlRpcDispatch::work: couldn't find source iterator
Error in XmlRpcClient::writeRequest: write error (Connection refused).
Error in XmlRpcDispatch::work: couldn't find source iterator
Error in XmlRpcClient::writeRequest: write error (Connection refused).
Error in XmlRpcDispatch::work: couldn't find source iterator
Error in XmlRpcClient::writeRequest: write error (Connection refused).
Error in XmlRpcDispatch::work: couldn't find source iterator
Error in XmlRpcClient::writeRequest: write error (Connection refused).
Error in XmlRpcDispatch::work: couldn't find source iterator
Error in XmlRpcClient::writeRequest: write error (Connection refused).
Error in XmlRpcDispatch::work: couldn't find source iterator
Error in XmlRpcClient::writeRequest: write error (Connection refused).
Error in XmlRpcDispatch::work: couldn't find source iterator
Error in XmlRpcClient::writeRequest: write error (Connection refused).
Error in XmlRpcDispatch::work: couldn't find source iterator
Error in XmlRpcClient::writeRequest: write error (Connection refused).
Error in XmlRpcDispatch::work: couldn't find source iterator
Error in XmlRpcClient::writeRequest: write error (Connection refused).
Error in XmlRpcClient::writeRequest: write error (Connection refused).
Error in XmlRpcDispatch::work: couldn't find source iterator
Error in XmlRpcDispatch::work: couldn't find source iterator
Error in XmlRpcClient::writeRequest: write error (Connection refused).
Error in XmlRpcClient::writeRequest: write error (Connection refused).
Error in XmlRpcDispatch::work: couldn't find source iterator
Error in XmlRpcDispatch::work: couldn't find source iterator
Error in XmlRpcClient::writeRequest: write error (Connection refused).
Error in XmlRpcClient::writeRequest: write error (Connection refused).
Error in XmlRpcDispatch::work: couldn't find source iterator
Error in XmlRpcDispatch::work: couldn't find source iterator
Error in XmlRpcClient::writeRequest: write error (Connection refused).
Error in XmlRpcClient::writeRequest: write error (Connection refused).
Error in XmlRpcDispatch::work: couldn't find source iterator
Error in XmlRpcDispatch::work: couldn't find source iterator
Error in XmlRpcClient::writeRequest: write error (Connection refused).
Error in XmlRpcClient::writeRequest: write error (Connection refused).
Error in XmlRpcDispatch::work: couldn't find source iterator
Error in XmlRpcDispatch::work: couldn't find source iterator
Error in XmlRpcClient::writeRequest: write error (Connection refused).
Error in XmlRpcClient::writeRequest: write error (Connection refused).
Error in XmlRpcDispatch::work: couldn't find source iterator
Error in XmlRpcDispatch::work: couldn't find source iterator
Error in XmlRpcClient::writeRequest: write error (Connection refused).
Error in XmlRpcClient::writeRequest: write error (Connection refused).
Error in XmlRpcDispatch::work: couldn't find source iterator
Error in XmlRpcDispatch::work: couldn't find source iterator
Error in XmlRpcClient::writeRequest: write error (Connection refused).
Error in XmlRpcClient::writeRequest: write error (Connection refused).
Error in XmlRpcDispatch::work: couldn't find source iterator
Error in XmlRpcDispatch::work: couldn't find source iterator
Error in XmlRpcClient::writeRequest: write error (Connection refused).
Error in XmlRpcClient::writeRequest: write error (Connection refused).
Error in XmlRpcDispatch::work: couldn't find source iterator
Error in XmlRpcDispatch::work: couldn't find source iterator
Error in XmlRpcClient::writeRequest: write error (Connection refused).
Error in XmlRpcClient::writeRequest: write error (Connection refused).
Error in XmlRpcDispatch::work: couldn't find source iterator
Error in XmlRpcDispatch::work: couldn't find source iterator
Error in XmlRpcClient::writeRequest: write error (Connection refused).
Error in XmlRpcDispatch::work: couldn't find source iterator
Error in XmlRpcClient::writeRequest: write error (Connection refused).
Error in XmlRpcDispatch::work: couldn't find source iterator
Error in XmlRpcClient::writeRequest: write error (Connection refused).
Error in XmlRpcDispatch::work: couldn't find source iterator
Error in XmlRpcClient::writeRequest: write error (Connection refused).
Error in XmlRpcDispatch::work: couldn't find source iterator
Error in XmlRpcClient::writeRequest: write error (Connection refused).
Error in XmlRpcDispatch::work: couldn't find source iterator
Error in XmlRpcClient::writeRequest: write error (Connection refused).
Error in XmlRpcDispatch::work: couldn't find source iterator
Error in XmlRpcClient::writeRequest: write error (Connection refused).
Error in XmlRpcDispatch::work: couldn't find source iterator
Error in XmlRpcClient::writeRequest: write error (Connection refused).
Error in XmlRpcDispatch::work: couldn't find source iterator
Error in XmlRpcClient::writeRequest: write error (Connection refused).
Error in XmlRpcDispatch::work: couldn't find source iterator
Error in XmlRpcClient::writeRequest: write error (Connection refused).
Error in XmlRpcDispatch::work: couldn't find source iterator
Error in XmlRpcClient::writeRequest: write error (Connection refused).
Error in XmlRpcDispatch::work: couldn't find source iterator
Error in XmlRpcClient::writeRequest: write error (Connection refused).
Error in XmlRpcDispatch::work: couldn't find source iterator
Error in XmlRpcClient::writeRequest: write error (Connection refused).
Error in XmlRpcDispatch::work: couldn't find source iterator
Error in XmlRpcClient::writeRequest: write error (Connection refused).
Error in XmlRpcDispatch::work: couldn't find source iterator
Error in XmlRpcClient::writeRequest: write error (Connection refused).
Error in XmlRpcDispatch::work: couldn't find source iterator
Error in XmlRpcClient::writeRequest: write error (Connection refused).
Error in XmlRpcDispatch::work: couldn't find source iterator
Error in XmlRpcClient::writeRequest: write error (Connection refused).
Error in XmlRpcDispatch::work: couldn't find source iterator
Error in XmlRpcClient::writeRequest: write error (Connection refused).
Error in XmlRpcDispatch::work: couldn't find source iterator
Error in XmlRpcClient::writeRequest: write error (Connection refused).
Error in XmlRpcDispatch::work: couldn't find source iterator
Error in XmlRpcClient::writeRequest: write error (Connection refused).
Error in XmlRpcDispatch::work: couldn't find source iterator
Error in XmlRpcClient::writeRequest: write error (Connection refused).
Error in XmlRpcDispatch::work: couldn't find source iterator
Error in XmlRpcClient::writeRequest: write error (Connection refused).
Error in XmlRpcDispatch::work: couldn't find source iterator
Error in XmlRpcClient::writeRequest: write error (Connection refused).
Error in XmlRpcDispatch::work: couldn't find source iterator
Error in XmlRpcClient::writeRequest: write error (Connection refused).
Error in XmlRpcDispatch::work: couldn't find source iterator
Error in XmlRpcClient::writeRequest: write error (Connection refused).
Error in XmlRpcClient::writeRequest: write error (Connection refused).
Error in XmlRpcDispatch::work: couldn't find source iterator
Error in XmlRpcDispatch::work: couldn't find source iterator
Error in XmlRpcClient::writeRequest: write error (Connection refused).
Error in XmlRpcDispatch::work: couldn't find source iterator
Error in XmlRpcClient::writeRequest: write error (Connection refused).
Error in XmlRpcDispatch::work: couldn't find source iterator
Error in XmlRpcClient::writeRequest: write error (Connection refused).
Error in XmlRpcDispatch::work: couldn't find source iterator
Error in XmlRpcClient::writeRequest: write error (Connection refused).
Error in XmlRpcDispatch::work: couldn't find source iterator
Error in XmlRpcClient::writeRequest: write error (Connection refused).
Error in XmlRpcDispatch::work: couldn't find source iterator
Error in XmlRpcClient::writeRequest: write error (Connection refused).
Error in XmlRpcDispatch::work: couldn't find source iterator
Error in XmlRpcClient::writeRequest: write error (Connection refused).
Error in XmlRpcDispatch::work: couldn't find source iterator
Error in XmlRpcClient::writeRequest: write error (Connection refused).
Error in XmlRpcDispatch::work: couldn't find source iterator
Error in XmlRpcClient::writeRequest: write error (Connection refused).
Error in XmlRpcDispatch::work: couldn't find source iterator
Error in XmlRpcClient::writeRequest: write error (Connection refused).
Error in XmlRpcDispatch::work: couldn't find source iterator
Error in XmlRpcClient::writeRequest: write error (Connection refused).
Error in XmlRpcDispatch::work: couldn't find source iterator
Error in XmlRpcClient::writeRequest: write error (Connection refused).
Error in XmlRpcDispatch::work: couldn't find source iterator
Error in XmlRpcClient::writeRequest: write error (Connection refused).
Error in XmlRpcDispatch::work: couldn't find source iterator
Error in XmlRpcClient::writeRequest: write error (Connection refused).
Error in XmlRpcDispatch::work: couldn't find source iterator
Error in XmlRpcClient::writeRequest: write error (Connection refused).
Error in XmlRpcClient::writeRequest: write error (Connection refused).
Error in XmlRpcDispatch::work: couldn't find source iterator
Error in XmlRpcDispatch::work: couldn't find source iterator
Error in XmlRpcClient::writeRequest: write error (Connection refused).
Error in XmlRpcDispatch::work: couldn't find source iterator
Error in XmlRpcClient::writeRequest: write error (Connection refused).
Error in XmlRpcClient::writeRequest: write error (Connection refused).
Error in XmlRpcDispatch::work: couldn't find source iterator
Error in XmlRpcDispatch::work: couldn't find source iterator
Error in XmlRpcClient::writeRequest: write error (Connection refused).
Error in XmlRpcDispatch::work: couldn't find source iterator
Error in XmlRpcClient::writeRequest: write error (Connection refused).
Error in XmlRpcDispatch::work: couldn't find source iterator
Error in XmlRpcClient::writeRequest: write error (Connection refused).
Error in XmlRpcDispatch::work: couldn't find source iterator
Error in XmlRpcClient::writeRequest: write error (Connection refused).
Error in XmlRpcDispatch::work: couldn't find source iterator
Error in XmlRpcClient::writeRequest: write error (Connection refused).
Error in XmlRpcDispatch::work: couldn't find source iterator
Error in XmlRpcClient::writeRequest: write error (Connection refused).
Error in XmlRpcDispatch::work: couldn't find source iterator
Error in XmlRpcClient::writeRequest: write error (Connection refused).
Error in XmlRpcDispatch::work: couldn't find source iterator
Error in XmlRpcClient::writeRequest: write error (Connection refused).
Error in XmlRpcDispatch::work: couldn't find source iterator
Error in XmlRpcClient::writeRequest: write error (Connection refused).
Error in XmlRpcDispatch::work: couldn't find source iterator
Error in XmlRpcClient::writeRequest: write error (Connection refused).
Error in XmlRpcDispatch::work: couldn't find source iterator
Error in XmlRpcClient::writeRequest: write error (Connection refused).
Error in XmlRpcDispatch::work: couldn't find source iterator
Error in XmlRpcClient::writeRequest: write error (Connection refused).
Error in XmlRpcClient::writeRequest: write error (Connection refused).
Error in XmlRpcDispatch::work: couldn't find source iterator
Error in XmlRpcDispatch::work: couldn't find source iterator
Error in XmlRpcClient::writeRequest: write error (Connection refused).
Error in XmlRpcClient::writeRequest: write error (Connection refused).
Error in XmlRpcDispatch::work: couldn't find source iterator
Error in XmlRpcDispatch::work: couldn't find source iterator
Error in XmlRpcClient::writeRequest: write error (Connection refused).
Error in XmlRpcClient::writeRequest: write error (Connection refused).
Error in XmlRpcDispatch::work: couldn't find source iterator
Error in XmlRpcDispatch::work: couldn't find source iterator
Error in XmlRpcClient::writeRequest: write error (Connection refused).
Error in XmlRpcDispatch::work: couldn't find source iterator
Error in XmlRpcClient::writeRequest: write error (Connection refused).
Error in XmlRpcDispatch::work: couldn't find source iterator
Error in XmlRpcClient::writeRequest: write error (Connection refused).
Error in XmlRpcDispatch::work: couldn't find source iterator
Error in XmlRpcClient::writeRequest: write error (Connection refused).
Error in XmlRpcDispatch::work: couldn't find source iterator
Error in XmlRpcClient::writeRequest: write error (Connection refused).
Error in XmlRpcDispatch::work: couldn't find source iterator
Error in XmlRpcClient::writeRequest: write error (Connection refused).
Error in XmlRpcDispatch::work: couldn't find source iterator
Error in XmlRpcClient::writeRequest: write error (Connection refused).
Error in XmlRpcDispatch::work: couldn't find source iterator
Error in XmlRpcClient::writeRequest: write error (Connection refused).
Error in XmlRpcDispatch::work: couldn't find source iterator
Error in XmlRpcClient::writeRequest: write error (Connection refused).
Error in XmlRpcDispatch::work: couldn't find source iterator
Error in XmlRpcClient::writeRequest: write error (Connection refused).
Error in XmlRpcDispatch::work: couldn't find source iterator
Error in XmlRpcClient::writeRequest: write error (Connection refused).
Error in XmlRpcDispatch::work: couldn't find source iterator
Error in XmlRpcClient::writeRequest: write error (Connection refused).
Error in XmlRpcDispatch::work: couldn't find source iterator
Error in XmlRpcClient::writeRequest: write error (Connection refused).
Error in XmlRpcDispatch::work: couldn't find source iterator
Error in XmlRpcClient::writeRequest: write error (Connection refused).
Error in XmlRpcDispatch::work: couldn't find source iterator
Error in XmlRpcClient::writeRequest: write error (Connection refused).
Error in XmlRpcDispatch::work: couldn't find source iterator
Error in XmlRpcClient::writeRequest: write error (Connection refused).
Error in XmlRpcDispatch::work: couldn't find source iterator
Error in XmlRpcClient::writeRequest: write error (Connection refused).
Error in XmlRpcDispatch::work: couldn't find source iterator
Error in XmlRpcClient::writeRequest: write error (Connection refused).
Error in XmlRpcDispatch::work: couldn't find source iterator
Error in XmlRpcClient::writeRequest: write error (Connection refused).
Error in XmlRpcDispatch::work: couldn't find source iterator
Error in XmlRpcClient::writeRequest: write error (Connection refused).
Error in XmlRpcDispatch::work: couldn't find source iterator
Error in XmlRpcClient::writeRequest: write error (Connection refused).
Error in XmlRpcDispatch::work: couldn't find source iterator
Error in XmlRpcClient::writeRequest: write error (Connection refused).
Error in XmlRpcDispatch::work: couldn't find source iterator
Error in XmlRpcClient::writeRequest: write error (Connection refused).
Error in XmlRpcDispatch::work: couldn't find source iterator
[INFO] [1774194205.198637, 0.000000]: Ground Truth Odom Publisher initialized
[INFO] [1774194205.088609, 0.000000]: Ground Truth Odom Publisher initialized
[31mWARNING: disk usage in log directory [/data/lzq/.ros/log] is over 1GB.
It's recommended that you use the 'rosclean' command.[0m
[31m================================================================================REQUIRED process [master] has died!
process has died [pid 361624, exit code -9, cmd rosmaster --core -p 11311 -w 3 __log:=/data/lzq/.ros/log/dc14ed44-2605-11f1-9841-ef63e69f4ffa/master.log].
log file: /data/lzq/.ros/log/dc14ed44-2605-11f1-9841-ef63e69f4ffa/master*.log
Initiating shutdown!
================================================================================[0m
[31m[rviz-16] escalating to SIGTERM[0m

auto-starting new master
[1mprocess[master]: started with pid [361624][0m
[1mROS_MASTER_URI=http://localhost:11311[0m
]2;/data/lzq/ros_motion_planning/src/sim_env/launch/main.launch http://localhost:11311
[1msetting /run_id to dc14ed44-2605-11f1-9841-ef63e69f4ffa[0m
[1mprocess[rosout-1]: started with pid [361634][0m
started core service [/rosout]
[1mprocess[gazebo-2]: started with pid [361641][0m
[1mprocess[map_server-3]: started with pid [361642][0m
[1mprocess[robot2/robot_state_publisher-4]: started with pid [361645][0m
[1mprocess[robot2/joint_state_publisher-5]: started with pid [361648][0m
[1mprocess[robot2/urdf_spawner-6]: started with pid [361649][0m
[1mprocess[robot2/tf_map2odom_node-7]: started with pid [361656][0m
[1mprocess[robot2/ground_truth_odom_publisher-8]: started with pid [361661][0m
[1mprocess[robot2/move_base-9]: started with pid [361663][0m
[1mprocess[robot1/robot_state_publisher-10]: started with pid [361664][0m
[1mprocess[robot1/joint_state_publisher-11]: started with pid [361665][0m
[1mprocess[robot1/urdf_spawner-12]: started with pid [361666][0m
[1mprocess[robot1/tf_map2odom_node-13]: started with pid [361677][0m
[1mprocess[robot1/ground_truth_odom_publisher-14]: started with pid [361710][0m
[1mprocess[robot1/move_base-15]: started with pid [361734][0m
[1mprocess[rviz-16]: started with pid [361775][0m
[1m[robot2/urdf_spawner-6] process has finished cleanly
log file: /data/lzq/.ros/log/dc14ed44-2605-11f1-9841-ef63e69f4ffa/robot2-urdf_spawner-6*.log[0m
[1m[robot1/urdf_spawner-12] process has finished cleanly
log file: /data/lzq/.ros/log/dc14ed44-2605-11f1-9841-ef63e69f4ffa/robot1-urdf_spawner-12*.log[0m
[rviz-16] killing on exit
[robot1/move_base-15] killing on exit
[robot1/ground_truth_odom_publisher-14] killing on exit
[robot1/tf_map2odom_node-13] killing on exit
[robot1/joint_state_publisher-11] killing on exit
[robot1/robot_state_publisher-10] killing on exit
[robot2/move_base-9] killing on exit
[robot2/ground_truth_odom_publisher-8] killing on exit
[robot2/tf_map2odom_node-7] killing on exit
[robot2/joint_state_publisher-5] killing on exit
[robot2/robot_state_publisher-4] killing on exit
[map_server-3] killing on exit
[gazebo-2] killing on exit
[rosout-1] killing on exit
[master] killing on exit
shutting down processing monitor...
... shutting down processing monitor complete
[1mdone[0m
