xacro: in-order processing became default in ROS Melodic. You can drop the option.
xacro: in-order processing became default in ROS Melodic. You can drop the option.
... logging to /data/lzq/.ros/log/9280c8fc-268b-11f1-959d-99ad9226bd72/roslaunch-lzq-519895.log
Checking log directory for disk usage. This may take a while.
Press Ctrl-C to interrupt
]2;/data/lzq/ros_motion_planning/src/sim_env/launch/main.launch
[1mstarted roslaunch server http://lzq:37101/[0m

SUMMARY
========

PARAMETERS
 * /gazebo/enable_ros_network: True
 * /robot1/move_base/PIDController/base_frame: base_link
 * /robot1/move_base/PIDController/convert_offset: 0.0
 * /robot1/move_base/PIDController/goal_dist_tolerance: 0.2
 * /robot1/move_base/PIDController/k: 1.0
 * /robot1/move_base/PIDController/k_theta: 0.7
 * /robot1/move_base/PIDController/k_v_d: 0.1
 * /robot1/move_base/PIDController/k_v_i: 0.1
 * /robot1/move_base/PIDController/k_v_p: 1.0
 * /robot1/move_base/PIDController/k_w_d: 0.1
 * /robot1/move_base/PIDController/k_w_i: 0.1
 * /robot1/move_base/PIDController/k_w_p: 1.0
 * /robot1/move_base/PIDController/l: 0.2
 * /robot1/move_base/PIDController/lookahead_time: 0.5
 * /robot1/move_base/PIDController/map_frame: map
 * /robot1/move_base/PIDController/max_lookahead_dist: 0.9
 * /robot1/move_base/PIDController/max_v: 0.5
 * /robot1/move_base/PIDController/max_v_inc: 0.5
 * /robot1/move_base/PIDController/max_w: 1.57
 * /robot1/move_base/PIDController/max_w_inc: 1.57
 * /robot1/move_base/PIDController/min_lookahead_dist: 0.3
 * /robot1/move_base/PIDController/min_v: 0.0
 * /robot1/move_base/PIDController/min_w: 0.0
 * /robot1/move_base/PIDController/rotate_tolerance: 0.5
 * /robot1/move_base/PathPlanner/convert_offset: 0.0
 * /robot1/move_base/PathPlanner/default_tolerance: 0.0
 * /robot1/move_base/PathPlanner/expand_zone: True
 * /robot1/move_base/PathPlanner/hybrid_astar/analytic_expansion_max_length: 5.0
 * /robot1/move_base/PathPlanner/hybrid_astar/analytic_expansion_ratio: 1.5
 * /robot1/move_base/PathPlanner/hybrid_astar/cache_obstacle_heuristic: False
 * /robot1/move_base/PathPlanner/hybrid_astar/change_penalty: 0.4
 * /robot1/move_base/PathPlanner/hybrid_astar/cost_penalty: 2.0
 * /robot1/move_base/PathPlanner/hybrid_astar/curve_sample_ratio: 0.15
 * /robot1/move_base/PathPlanner/hybrid_astar/dim_3_size: 32
 * /robot1/move_base/PathPlanner/hybrid_astar/downsample_obstacle_heuristic: True
 * /robot1/move_base/PathPlanner/hybrid_astar/goal_tolerance: 0.2
 * /robot1/move_base/PathPlanner/hybrid_astar/lookup_table_dim: 20.0
 * /robot1/move_base/PathPlanner/hybrid_astar/max_approach_iterations: 500
 * /robot1/move_base/PathPlanner/hybrid_astar/max_iterations: 20000
 * /robot1/move_base/PathPlanner/hybrid_astar/minimum_turning_radius: 0.3
 * /robot1/move_base/PathPlanner/hybrid_astar/motion_model: 2
 * /robot1/move_base/PathPlanner/hybrid_astar/non_straight_penalty: 1.5
 * /robot1/move_base/PathPlanner/hybrid_astar/retrospective_penalty: 0.025
 * /robot1/move_base/PathPlanner/hybrid_astar/reverse_penalty: 2.5
 * /robot1/move_base/PathPlanner/hybrid_astar/traverse_unknown: False
 * /robot1/move_base/PathPlanner/obstacle_factor: 0.5
 * /robot1/move_base/PathPlanner/outline_map: True
 * /robot1/move_base/PathPlanner/planner_name: theta_star
 * /robot1/move_base/PathPlanner/show_safety_corridor: False
 * /robot1/move_base/base_global_planner: path_planner/Path...
 * /robot1/move_base/base_local_planner: pid_controller/PI...
 * /robot1/move_base/conservative_reset_dist: 3.0
 * /robot1/move_base/controller_frequency: 20.0
 * /robot1/move_base/controller_patience: 15.0
 * /robot1/move_base/global_costmap/footprint: [[-0.21, -0.165],...
 * /robot1/move_base/global_costmap/footprint_padding: 0.1
 * /robot1/move_base/global_costmap/global_frame: map
 * /robot1/move_base/global_costmap/inflation_layer/cost_scaling_factor: 5
 * /robot1/move_base/global_costmap/inflation_layer/enabled: True
 * /robot1/move_base/global_costmap/inflation_layer/inflation_radius: 0.2
 * /robot1/move_base/global_costmap/map_type: costmap
 * /robot1/move_base/global_costmap/meter_scoring: True
 * /robot1/move_base/global_costmap/obstacle_layer/observation_sources: scan
 * /robot1/move_base/global_costmap/obstacle_layer/scan/clearing: True
 * /robot1/move_base/global_costmap/obstacle_layer/scan/data_type: LaserScan
 * /robot1/move_base/global_costmap/obstacle_layer/scan/expected_update_rate: 1
 * /robot1/move_base/global_costmap/obstacle_layer/scan/inf_is_valid: True
 * /robot1/move_base/global_costmap/obstacle_layer/scan/marking: True
 * /robot1/move_base/global_costmap/obstacle_layer/scan/max_obstacle_height: 0.2
 * /robot1/move_base/global_costmap/obstacle_layer/scan/min_obstacle_height: 0.0
 * /robot1/move_base/global_costmap/obstacle_layer/scan/observation_persistence: 0.0
 * /robot1/move_base/global_costmap/obstacle_layer/scan/obstacle_range: 2.5
 * /robot1/move_base/global_costmap/obstacle_layer/scan/raytrace_range: 3.0
 * /robot1/move_base/global_costmap/obstacle_layer/scan/sensor_frame: robot1/base_footp...
 * /robot1/move_base/global_costmap/obstacle_layer/scan/topic: /robot1/scan
 * /robot1/move_base/global_costmap/origin_z: 0.0
 * /robot1/move_base/global_costmap/plugins: [{'name': 'static...
 * /robot1/move_base/global_costmap/publish_frequency: 0.5
 * /robot1/move_base/global_costmap/publish_voxel_map: False
 * /robot1/move_base/global_costmap/robot_base_frame: robot1/base_footp...
 * /robot1/move_base/global_costmap/scan/sensor_frame: robot1/base_scan
 * /robot1/move_base/global_costmap/scan/topic: /robot1/scan
 * /robot1/move_base/global_costmap/static_map/clear_time: 20
 * /robot1/move_base/global_costmap/static_map/enabled: True
 * /robot1/move_base/global_costmap/static_map/publish_static_map: True
 * /robot1/move_base/global_costmap/transform_tolerance: 0.2
 * /robot1/move_base/global_costmap/update_frequency: 1.0
 * /robot1/move_base/global_costmap/z_resolution: 1
 * /robot1/move_base/global_costmap/z_voxels: 2
 * /robot1/move_base/local_costmap/global_frame: robot1/odom
 * /robot1/move_base/local_costmap/height: 3
 * /robot1/move_base/local_costmap/inflation_radius: 0.2
 * /robot1/move_base/local_costmap/plugins: [{'name': 'obstac...
 * /robot1/move_base/local_costmap/publish_frequency: 0.5
 * /robot1/move_base/local_costmap/resolution: 0.05
 * /robot1/move_base/local_costmap/robot_base_frame: robot1/base_footp...
 * /robot1/move_base/local_costmap/rolling_window: True
 * /robot1/move_base/local_costmap/scan/sensor_frame: robot1/base_scan
 * /robot1/move_base/local_costmap/scan/topic: /robot1/scan
 * /robot1/move_base/local_costmap/static_map: False
 * /robot1/move_base/local_costmap/transform_tolerance: 1.0
 * /robot1/move_base/local_costmap/update_frequency: 1.0
 * /robot1/move_base/local_costmap/width: 3
 * /robot1/move_base/oscillation_distance: 0.2
 * /robot1/move_base/oscillation_timeout: 10.0
 * /robot1/move_base/planner_frequency: 2
 * /robot1/move_base/planner_patience: 5.0
 * /robot1/move_base/shutdown_costmaps: False
 * /robot1/move_base/transform_tolerance: 2.0
 * /robot1/robot_description: <?xml version="1....
 * /robot1/tf_map2odom_node/odom_frame_id: robot1/odom
 * /robot1/tf_prefix: robot1
 * /robot2/move_base/PIDController/base_frame: base_link
 * /robot2/move_base/PIDController/convert_offset: 0.0
 * /robot2/move_base/PIDController/goal_dist_tolerance: 0.2
 * /robot2/move_base/PIDController/k: 1.0
 * /robot2/move_base/PIDController/k_theta: 0.7
 * /robot2/move_base/PIDController/k_v_d: 0.1
 * /robot2/move_base/PIDController/k_v_i: 0.1
 * /robot2/move_base/PIDController/k_v_p: 1.0
 * /robot2/move_base/PIDController/k_w_d: 0.1
 * /robot2/move_base/PIDController/k_w_i: 0.1
 * /robot2/move_base/PIDController/k_w_p: 1.0
 * /robot2/move_base/PIDController/l: 0.2
 * /robot2/move_base/PIDController/lookahead_time: 0.5
 * /robot2/move_base/PIDController/map_frame: map
 * /robot2/move_base/PIDController/max_lookahead_dist: 0.9
 * /robot2/move_base/PIDController/max_v: 0.5
 * /robot2/move_base/PIDController/max_v_inc: 0.5
 * /robot2/move_base/PIDController/max_w: 1.57
 * /robot2/move_base/PIDController/max_w_inc: 1.57
 * /robot2/move_base/PIDController/min_lookahead_dist: 0.3
 * /robot2/move_base/PIDController/min_v: 0.0
 * /robot2/move_base/PIDController/min_w: 0.0
 * /robot2/move_base/PIDController/rotate_tolerance: 0.5
 * /robot2/move_base/PathPlanner/convert_offset: 0.0
 * /robot2/move_base/PathPlanner/default_tolerance: 0.0
 * /robot2/move_base/PathPlanner/expand_zone: True
 * /robot2/move_base/PathPlanner/hybrid_astar/analytic_expansion_max_length: 5.0
 * /robot2/move_base/PathPlanner/hybrid_astar/analytic_expansion_ratio: 1.5
 * /robot2/move_base/PathPlanner/hybrid_astar/cache_obstacle_heuristic: False
 * /robot2/move_base/PathPlanner/hybrid_astar/change_penalty: 0.4
 * /robot2/move_base/PathPlanner/hybrid_astar/cost_penalty: 2.0
 * /robot2/move_base/PathPlanner/hybrid_astar/curve_sample_ratio: 0.15
 * /robot2/move_base/PathPlanner/hybrid_astar/dim_3_size: 32
 * /robot2/move_base/PathPlanner/hybrid_astar/downsample_obstacle_heuristic: True
 * /robot2/move_base/PathPlanner/hybrid_astar/goal_tolerance: 0.2
 * /robot2/move_base/PathPlanner/hybrid_astar/lookup_table_dim: 20.0
 * /robot2/move_base/PathPlanner/hybrid_astar/max_approach_iterations: 500
 * /robot2/move_base/PathPlanner/hybrid_astar/max_iterations: 20000
 * /robot2/move_base/PathPlanner/hybrid_astar/minimum_turning_radius: 0.3
 * /robot2/move_base/PathPlanner/hybrid_astar/motion_model: 2
 * /robot2/move_base/PathPlanner/hybrid_astar/non_straight_penalty: 1.5
 * /robot2/move_base/PathPlanner/hybrid_astar/retrospective_penalty: 0.025
 * /robot2/move_base/PathPlanner/hybrid_astar/reverse_penalty: 2.5
 * /robot2/move_base/PathPlanner/hybrid_astar/traverse_unknown: False
 * /robot2/move_base/PathPlanner/obstacle_factor: 0.5
 * /robot2/move_base/PathPlanner/outline_map: True
 * /robot2/move_base/PathPlanner/planner_name: theta_star
 * /robot2/move_base/PathPlanner/show_safety_corridor: False
 * /robot2/move_base/base_global_planner: path_planner/Path...
 * /robot2/move_base/base_local_planner: pid_controller/PI...
 * /robot2/move_base/conservative_reset_dist: 3.0
 * /robot2/move_base/controller_frequency: 20.0
 * /robot2/move_base/controller_patience: 15.0
 * /robot2/move_base/global_costmap/footprint: [[-0.21, -0.165],...
 * /robot2/move_base/global_costmap/footprint_padding: 0.1
 * /robot2/move_base/global_costmap/global_frame: map
 * /robot2/move_base/global_costmap/inflation_layer/cost_scaling_factor: 5
 * /robot2/move_base/global_costmap/inflation_layer/enabled: True
 * /robot2/move_base/global_costmap/inflation_layer/inflation_radius: 0.2
 * /robot2/move_base/global_costmap/map_type: costmap
 * /robot2/move_base/global_costmap/meter_scoring: True
 * /robot2/move_base/global_costmap/obstacle_layer/observation_sources: scan
 * /robot2/move_base/global_costmap/obstacle_layer/scan/clearing: True
 * /robot2/move_base/global_costmap/obstacle_layer/scan/data_type: LaserScan
 * /robot2/move_base/global_costmap/obstacle_layer/scan/expected_update_rate: 1
 * /robot2/move_base/global_costmap/obstacle_layer/scan/inf_is_valid: True
 * /robot2/move_base/global_costmap/obstacle_layer/scan/marking: True
 * /robot2/move_base/global_costmap/obstacle_layer/scan/max_obstacle_height: 0.2
 * /robot2/move_base/global_costmap/obstacle_layer/scan/min_obstacle_height: 0.0
 * /robot2/move_base/global_costmap/obstacle_layer/scan/observation_persistence: 0.0
 * /robot2/move_base/global_costmap/obstacle_layer/scan/obstacle_range: 2.5
 * /robot2/move_base/global_costmap/obstacle_layer/scan/raytrace_range: 3.0
 * /robot2/move_base/global_costmap/obstacle_layer/scan/sensor_frame: robot2/base_footp...
 * /robot2/move_base/global_costmap/obstacle_layer/scan/topic: /robot2/scan
 * /robot2/move_base/global_costmap/origin_z: 0.0
 * /robot2/move_base/global_costmap/plugins: [{'name': 'static...
 * /robot2/move_base/global_costmap/publish_frequency: 0.5
 * /robot2/move_base/global_costmap/publish_voxel_map: False
 * /robot2/move_base/global_costmap/robot_base_frame: robot2/base_footp...
 * /robot2/move_base/global_costmap/scan/sensor_frame: robot2/base_scan
 * /robot2/move_base/global_costmap/scan/topic: /robot2/scan
 * /robot2/move_base/global_costmap/static_map/clear_time: 20
 * /robot2/move_base/global_costmap/static_map/enabled: True
 * /robot2/move_base/global_costmap/static_map/publish_static_map: True
 * /robot2/move_base/global_costmap/transform_tolerance: 0.2
 * /robot2/move_base/global_costmap/update_frequency: 1.0
 * /robot2/move_base/global_costmap/z_resolution: 1
 * /robot2/move_base/global_costmap/z_voxels: 2
 * /robot2/move_base/local_costmap/global_frame: robot2/odom
 * /robot2/move_base/local_costmap/height: 3
 * /robot2/move_base/local_costmap/inflation_radius: 0.2
 * /robot2/move_base/local_costmap/plugins: [{'name': 'obstac...
 * /robot2/move_base/local_costmap/publish_frequency: 0.5
 * /robot2/move_base/local_costmap/resolution: 0.05
 * /robot2/move_base/local_costmap/robot_base_frame: robot2/base_footp...
 * /robot2/move_base/local_costmap/rolling_window: True
 * /robot2/move_base/local_costmap/scan/sensor_frame: robot2/base_scan
 * /robot2/move_base/local_costmap/scan/topic: /robot2/scan
 * /robot2/move_base/local_costmap/static_map: False
 * /robot2/move_base/local_costmap/transform_tolerance: 1.0
 * /robot2/move_base/local_costmap/update_frequency: 1.0
 * /robot2/move_base/local_costmap/width: 3
 * /robot2/move_base/oscillation_distance: 0.2
 * /robot2/move_base/oscillation_timeout: 10.0
 * /robot2/move_base/planner_frequency: 2
 * /robot2/move_base/planner_patience: 5.0
 * /robot2/move_base/shutdown_costmaps: False
 * /robot2/move_base/transform_tolerance: 2.0
 * /robot2/robot_description: <?xml version="1....
 * /robot2/tf_map2odom_node/odom_frame_id: robot2/odom
 * /robot2/tf_prefix: robot2
 * /rosdistro: noetic
 * /rosversion: 1.17.4
 * /use_sim_time: True

NODES
  /
    gazebo (gazebo_ros/gzserver)
    map_server (map_server/map_server)
    rviz (rviz/rviz)
  /robot1/
    ground_truth_odom_publisher (sim_env/ground_truth_odom_publisher.py)
    joint_state_publisher (joint_state_publisher/joint_state_publisher)
    move_base (move_base/move_base)
    robot_state_publisher (robot_state_publisher/robot_state_publisher)
    tf_map2odom_node (sim_env/tf_map2odom.py)
    urdf_spawner (gazebo_ros/spawn_model)
  /robot2/
    ground_truth_odom_publisher (sim_env/ground_truth_odom_publisher.py)
    joint_state_publisher (joint_state_publisher/joint_state_publisher)
    move_base (move_base/move_base)
    robot_state_publisher (robot_state_publisher/robot_state_publisher)
    tf_map2odom_node (sim_env/tf_map2odom.py)
    urdf_spawner (gazebo_ros/spawn_model)
[33m[WARN] [1774251633.731225996]: link 'base_scan' material 'dark' undefined.[0m
[33m[WARN] [1774251633.731556067]: link 'base_scan' material 'dark' undefined.[0m
[33m[WARN] [1774251633.731737725]: The root link base_footprint has an inertia specified in the URDF, but KDL does not support a root link with an inertia.  As a workaround, you can add an extra dummy link to your URDF.[0m
[33m[WARN] [1774251633.758811845]: link 'base_scan' material 'dark' undefined.[0m
[33m[WARN] [1774251633.759388876]: link 'base_scan' material 'dark' undefined.[0m
[33m[WARN] [1774251633.759666705]: The root link base_footprint has an inertia specified in the URDF, but KDL does not support a root link with an inertia.  As a workaround, you can add an extra dummy link to your URDF.[0m
[33m[WARN] [1774251635.342072667]: link 'base_scan' material 'dark' undefined.[0m
[33m[WARN] [1774251635.342096413]: link 'base_scan' material 'dark' undefined.[0m
Warning: Warning: TF_REPEATED_DATA ignoring data with redundant timestamp for frame robot1/odom (parent map) at time 83.372000 according to authority unknown_publisherTF_REPEATED_DATA ignoring data with redundant timestamp for frame robot1/odom (parent map) at time 83.372000 according to authority unknown_publisher

         at line          at line 277277 in  in /tmp/binarydeb/ros-noetic-tf2-0.7.10/src/buffer_core.cpp/tmp/binarydeb/ros-noetic-tf2-0.7.10/src/buffer_core.cpp

[33m[WARN] [1774251635.655143682]: TF_REPEATED_DATA ignoring data with redundant timestamp for frame robot1/odom (parent map) at time 83.372000 according to authority unknown_publisher[0m
Warning: Warning: TF_REPEATED_DATA ignoring data with redundant timestamp for frame robot2/odom (parent map) at time 83.376000 according to authority unknown_publisherTF_REPEATED_DATA ignoring data with redundant timestamp for frame robot2/odom (parent map) at time 83.376000 according to authority unknown_publisher

         at line          at line 277277 in  in /tmp/binarydeb/ros-noetic-tf2-0.7.10/src/buffer_core.cpp/tmp/binarydeb/ros-noetic-tf2-0.7.10/src/buffer_core.cpp

[33m[WARN] [1774251635.657182285]: TF_REPEATED_DATA ignoring data with redundant timestamp for frame robot2/odom (parent map) at time 83.376000 according to authority unknown_publisher[0m
[33m[WARN] [1774251635.841368944, 83.692000000]: Timed out waiting for transform from robot2/base_footprint to map to become available before running costmap, tf error: canTransform: source_frame robot2/base_footprint does not exist.. canTransform returned after 83.692 timeout was 0.1.[0m
[33m[WARN] [1774251635.842418522, 83.694000000]: Timed out waiting for transform from robot1/base_footprint to map to become available before running costmap, tf error: canTransform: source_frame robot1/base_footprint does not exist.. canTransform returned after 83.694 timeout was 0.1.[0m
[33m[WARN] [1774251636.133824779, 83.934000000]: link 'base_scan' material 'dark' undefined.[0m
[33m[WARN] [1774251636.133862773, 83.934000000]: link 'base_scan' material 'dark' undefined.[0m
[INFO] [1774251634.270331, 0.000000]: Loading model XML from ros parameter robot_description
[INFO] [1774251634.275043, 0.000000]: Waiting for service /gazebo/spawn_urdf_model
[INFO] [1774251635.781348, 83.572000]: Calling service /gazebo/spawn_urdf_model
[INFO] [1774251637.582406, 83.934000]: Spawn status: SpawnModel: Successfully spawned entity
[33m[WARN] [1774251637.793003097, 83.934000000]: GazeboRosSkidSteerDrive Plugin (ns = /robot2//) missing <covariance_x>, defaults to 0.000100[0m
[33m[WARN] [1774251637.793038716, 83.934000000]: GazeboRosSkidSteerDrive Plugin (ns = /robot2//) missing <covariance_y>, defaults to 0.000100[0m
[33m[WARN] [1774251637.793047027, 83.934000000]: GazeboRosSkidSteerDrive Plugin (ns = /robot2//) missing <covariance_yaw>, defaults to 0.010000[0m
[33m[WARN] [1774251637.995966989, 84.336000000]: global_costmap: Pre-Hydro parameter "static_map" unused since "plugins" is provided[0m
[33m[WARN] [1774251637.996099968, 84.336000000]: global_costmap: Pre-Hydro parameter "map_type" unused since "plugins" is provided[0m
[INFO] [1774251634.343493, 0.000000]: Loading model XML from ros parameter robot_description
[INFO] [1774251634.346830, 0.000000]: Waiting for service /gazebo/spawn_urdf_model
[INFO] [1774251635.852340, 83.714000]: Calling service /gazebo/spawn_urdf_model
[INFO] [1774251638.077633, 84.336000]: Spawn status: SpawnModel: Successfully spawned entity
[33m[WARN] [1774251638.779161013, 84.336000000]: GazeboRosSkidSteerDrive Plugin (ns = /robot1//) missing <covariance_x>, defaults to 0.000100[0m
[33m[WARN] [1774251638.779188321, 84.336000000]: GazeboRosSkidSteerDrive Plugin (ns = /robot1//) missing <covariance_y>, defaults to 0.000100[0m
[33m[WARN] [1774251638.779197820, 84.336000000]: GazeboRosSkidSteerDrive Plugin (ns = /robot1//) missing <covariance_yaw>, defaults to 0.010000[0m
[33m[WARN] [1774251638.832210998, 84.438000000]: global_costmap: Pre-Hydro parameter "static_map" unused since "plugins" is provided[0m
[33m[WARN] [1774251638.832365348, 84.438000000]: global_costmap: Pre-Hydro parameter "map_type" unused since "plugins" is provided[0m
WARNING: Logging before InitGoogleLogging() is written to STDERR
I20260323 15:40:38.902251 520028 path_planner_factory.cpp:308] Using path planner: theta_star
[33m[WARN] [1774251638.904826587, 84.584000000]: local_costmap: Pre-Hydro parameter "static_map" unused since "plugins" is provided[0m
WARNING: Logging before InitGoogleLogging() is written to STDERR
I20260323 15:40:39.061084 520084 path_planner_factory.cpp:308] Using path planner: theta_star
[33m[WARN] [1774251639.064304238, 84.902000000]: local_costmap: Pre-Hydro parameter "static_map" unused since "plugins" is provided[0m
[33m[WARN] [1774251639.398679076, 85.568000000]: The /robot2/scan observation buffer has not been updated for 1.02 seconds, and it should be updated every 1.00 seconds.[0m
[33m[WARN] [1774251639.556943302, 85.884000000]: The /robot1/scan observation buffer has not been updated for 1.03 seconds, and it should be updated every 1.00 seconds.[0m
[33m[WARN] [1774251651.155277213, 107.144000000]: Clearing both costmaps outside a square (3.00m) large centered on the robot.[0m
[0m[INFO] [1774251638.832704917, 84.440000000]: global_costmap: Using plugin "static_map"[0m
[0m[INFO] [1774251638.836189658, 84.446000000]: Requesting the map...[0m
[0m[INFO] [1774251638.987487964, 84.750000000]: Resizing costmap to 480 X 480 at 0.050000 m/pix[0m
[0m[INFO] [1774251639.037119698, 84.848000000]: Received a 480 X 480 map at 0.050000 m/pix[0m
[0m[INFO] [1774251639.038599080, 84.852000000]: global_costmap: Using plugin "obstacle_layer"[0m
[0m[INFO] [1774251639.039616601, 84.854000000]:     Subscribed to Topics: scan[0m
[0m[INFO] [1774251639.045265799, 84.864000000]: global_costmap: Using plugin "voronoi_layer"[0m
[0m[INFO] [1774251639.046907842, 84.868000000]: global_costmap: Using plugin "inflation_layer"[0m
[0m[INFO] [1774251639.065616211, 84.904000000]: local_costmap: Using plugin "obstacle_layer"[0m
[0m[INFO] [1774251639.066406956, 84.906000000]:     Subscribed to Topics: [0m
[0m[INFO] [1774251639.068472867, 84.910000000]: local_costmap: Using plugin "inflation_layer"[0m
[0m[INFO] [1774251639.079172862, 84.932000000]: Created local_planner pid_controller/PIDController[0m
[0m[INFO] [1774251639.084204661, 84.940000000]: PID Controller initialized![0m
[0m[INFO] [1774251639.583086576, 85.936000000]: Recovery behavior will clear layer 'obstacles'[0m
[0m[INFO] [1774251639.584827165, 85.940000000]: Recovery behavior will clear layer 'obstacles'[0m
[0m[INFO] [1774251639.594345791, 85.958000000]: odom received![0m
[0m[INFO] [1774251644.744082836, 96.192000000]: Got new plan[0m
[0m[INFO] [1774251645.037195259, 96.692000000]: Got new plan[0m
[0m[INFO] [1774251645.258140895, 97.042000000]: Got new plan[0m
[0m[INFO] [1774251645.553745473, 97.544000000]: Got new plan[0m
[0m[INFO] [1774251645.862047094, 98.042000000]: Got new plan[0m
[0m[INFO] [1774251646.157650485, 98.542000000]: Got new plan[0m
[0m[INFO] [1774251646.433728642, 99.042000000]: Got new plan[0m
[0m[INFO] [1774251646.712904478, 99.542000000]: Got new plan[0m
[0m[INFO] [1774251647.019312348, 100.042000000]: Got new plan[0m
[0m[INFO] [1774251647.317531374, 100.542000000]: Got new plan[0m
[0m[INFO] [1774251647.595603017, 101.042000000]: Got new plan[0m
[0m[INFO] [1774251647.901188086, 101.542000000]: Got new plan[0m
[0m[INFO] [1774251648.193021785, 102.042000000]: Got new plan[0m
[0m[INFO] [1774251648.488938627, 102.544000000]: Got new plan[0m
[0m[INFO] [1774251648.787133908, 103.042000000]: Got new plan[0m
[0m[INFO] [1774251649.089952556, 103.542000000]: Got new plan[0m
[0m[INFO] [1774251649.398892951, 104.042000000]: Got new plan[0m
[0m[INFO] [1774251649.706934556, 104.542000000]: Got new plan[0m
[0m[INFO] [1774251649.986429780, 105.042000000]: Got new plan[0m
[0m[INFO] [1774251650.262577991, 105.542000000]: Got new plan[0m
[0m[INFO] [1774251650.533965109, 106.044000000]: Got new plan[0m
[0m[INFO] [1774251650.811621198, 106.542000000]: Got new plan[0m
[0m[INFO] [1774251651.094386262, 107.042000000]: Got new plan[0m
[0m[INFO] [1774251651.207401102, 107.242000000]: Got new plan[0m
[0m[INFO] [1774251651.488482568, 107.742000000]: Got new plan[0m
[0m[INFO] [1774251651.761109233, 108.242000000]: Got new plan[0m
[0m[INFO] [1774251652.029509091, 108.742000000]: Got new plan[0m
[0m[INFO] [1774251652.324137711, 109.242000000]: Got new plan[0m
[0m[INFO] [1774251652.610286597, 109.744000000]: Got new plan[0m
[0m[INFO] [1774251652.911298170, 110.242000000]: Got new plan[0m
[0m[INFO] [1774251653.198032398, 110.742000000]: Got new plan[0m
[0m[INFO] [1774251653.480518448, 111.242000000]: Got new plan[0m
[0m[INFO] [1774251653.745628284, 111.742000000]: Got new plan[0m
[0m[INFO] [1774251654.022314348, 112.244000000]: Got new plan[0m
[0m[INFO] [1774251654.335322456, 112.742000000]: Got new plan[0m
[0m[INFO] [1774251654.609050943, 113.244000000]: Got new plan[0m
[0m[INFO] [1774251654.887403983, 113.742000000]: Got new plan[0m
[0m[INFO] [1774251655.155250560, 114.244000000]: Got new plan[0m
[0m[INFO] [1774251655.432615764, 114.742000000]: Got new plan[0m
[0m[INFO] [1[33m[WARN] [1774251656.879788953, 117.292000000]: Rotate recovery behavior started.[0m
[31m[ERROR] [1774251661.374277416, 124.942000000]: Rotate recovery can't rotate in place because there is a potential collision. Cost: -3.00[0m
774251655.734253050, 115.242000000]: Got new plan[0m
[0m[INFO] [1774251656.021572622, 115.742000000]: Got new plan[0m
[0m[INFO] [1774251656.297600921, 116.242000000]: Got new plan[0m
[0m[INFO] [1774251656.564330245, 116.744000000]: Got new plan[0m
[0m[INFO] [1774251656.846823421, 117.242000000]: Got new plan[0m
[0m[INFO] [1774251661.374462635, 124.942000000]: Got new plan[0m
[0m[INFO] [1774251661.403139621, 124.994000000]: Got new plan[0m
[0m[INFO] [1774251661.693325353, 125.492000000]: Got new plan[0m
[0m[INFO] [1774251661.996602314, 125.992000000]: Got new plan[0m
[0m[INFO] [1774251662.304962129, 126.492000000]: Got new plan[0m
[0m[INFO] [1774251662.614154246, 126.992000000]: Got new plan[0m
[0m[INFO] [1774251662.923817723, 127.492000000]: Got new plan[0m
[0m[INFO] [1774251663.223517334, 127.992000000]: Got new plan[0m
[0m[INFO] [1774251663.530053450, 128.492000000]: Got new plan[0m
[0m[INFO] [1774251663.833887259, 128.992000000]: Got new plan[0m
[0m[INFO] [1774251664.089921343, 129.342000000]: Got new plan[0m
[0m[INFO] [1774251664.367598816, 129.842000000]: Got new plan[0m
[0m[INFO] [1774251664.637280975, 130.342000000]: Got new plan[0m
[0m[INFO] [1774251664.906946512, 130.842000000]: Got new plan[0m
[0m[INFO] [1774251665.174477274, 131.342000000]: Got new plan[0m
[0m[INFO] [1774251665.445250568, 131.842000000]: Got new plan[0m
[0m[INFO] [1774251665.737834660, 132.342000000]: Got new plan[0m
[0m[INFO] [1774251666.030595661, 132.842000000]: Got new plan[0m
[0m[INFO] [1774251666.301073317, 133.342000000]: Got new plan[0m
[0m[INFO] [1774251666.602246377, 133.844000000]: Got new plan[0m
[0m[INFO] [1774251666.871541477, 134.342000000]: Got new plan[0m
[0m[INFO] [1774251667.177119440, 134.842000000]: Got new plan[0m
[0m[INFO] [1774251667.453952742, 135.342000000]: Got new plan[0m
[0m[INFO] [1774251667.737236674, 135.842000000]: Got new plan[0m
[0m[INFO] [1774251668.045031337, 136.342000000]: Got new plan[0m
[0m[INFO] [1774251668.315067317, 136.842000000]: Got new plan[0m
[0m[INFO] [1774251668.591658409, 137.342000000]: Got new plan[0m
[0m[INFO] [1774251668.869358445, 137.842000000]: Got new plan[0m
[0m[INFO] [1774251669.152455971, 138.342000000]: Got new plan[0m
[0m[INFO] [1774251669.455371998, 138.842000000]: Got new plan[0m
[0m[INFO] [1774251669.743317293, 139.342000000]: Got new plan[0m
[0m[INFO] [1774251670.024446267, 139.842000000]: Got new plan[0m
[0m[INFO] [1774251670.337246613, 140.342000000]: Got new plan[0m
[0m[INFO] [1774251670.643962018, 140.842000000]: Got new plan[0m
[0m[INFO] [1774251670.939641421, 141.342000000]: Got new plan[0m
[0m[INFO] [1774251671.248381183, 141.844000000]: Got new plan[0m
[0m[INFO] [1774251671.533967303, 142.342000000]: Got new plan[0m
[0m[INFO] [1774251671.833777342, 142.842000000]: Got new plan[0m
[0m[INFO] [1774251672.048568006, 143.192000000]: Got new plan[0m
[0m[INFO] [1774251672.326385588, 143.694000000]: Got new plan[0m
[0m[INFO] [1774251672.621211320, 144.194000000]: Got new plan[0m
[0m[INFO] [1774251672.903139353, 144.692000000]: Got new plan[0m
[0m[INFO] [1774251673.180730161, 145.192000000]: Got new plan[0m
[0m[INFO] [1774251673.460911669, 145.692000000]: Got new plan[0m
[0m[INFO] [1774251673.770706948, 146.192000000]: Got new plan[0m
[0m[INFO] [1774251674.080482042, 146.692000000]: Got new plan[0m
[0m[INFO] [1774251674.359502367, 147.192000000]: Got new plan[0m
[0m[INFO] [1774251674.638772025, 147.692000000]: Got new plan[0m
[0m[INFO] [1774251674.932560054, 148.192000000]: Got new plan[0m
[0m[INFO] [1774251675.240493640, 148.692000000]: Got new plan[0m
[0m[INFO] [1774251675.551324251, 149.192000000]: Got new plan[0m
[0m[INFO] [1774251675.862813816, 149.692000000]: Got new plan[0m
[0m[INFO] [1774251676.169376065, 150.194000000]: Got new plan[0m
[0m[INFO] [1774251676.351723612, 150.492000000]: Got new plan[0m
[0m[INFO] [1774251676.627432544, 150.992000000]: Got new plan[0m
[0m[INFO] [1774251676.902188069, 151.492000000]: Got new plan[0m
[0m[INFO] [1774251677.173854226, 151.992000000]: Got new plan[0m
[0m[INFO] [1774251677.468070875, 152.494000000]: Got new plan[0m
[0m[INFO] [1774251677.748193021, 152.992000000]: Got new plan[0m
[0m[INFO] [1774251678.057088326, 153.492000000]: Got new plan[0m
[0m[INFO] [1774251678.337067997, 153.992000000]: Got new plan[0m
[0m[INFO] [1774251678.620368561, 154.492000000]: Got new plan[0m
[0m[INFO] [1774251678.900456276, 154.994000000]: Got new plan[0m
[0m[INFO] [1774251679.171681945, 155.492000000]: Got new plan[0m
[0m[INFO] [1774251679.466380641, 155.992000000]: Got new plan[0m
[0m[INFO] [1774251679.753130328, 156.494000000]: Got new plan[0m
[0m[INFO] [1774251680.028914063, 156.992000000]: Got new plan[0m
[0m[INFO] [1774251680.304804655, 157.492000000]: Got new plan[0m
[0m[INFO] [1774251680.584827071, 157.992000000]: Got new plan[0m
[0m[INFO] [1774251680.853193709, 158.494000000]: Got new plan[0m
[0m[INFO] [1774251681.127923117, 158.992000000]: Got new plan[0m
[0m[INFO] [1774251681.397296592, 159.492000000]: Got new plan[0m
[0m[INFO] [1774251681.663541516, 159.992000000]: Got new plan[0m
[0m[INFO] [1774251681.920481528, 160.442000000]: Got new plan[0m
[0m[INFO] [1774251682.191968406, 160.942000000]: Got new plan[0m
[0m[INFO] [1774251682.492313930, 161.442000000]: Got new plan[0m
[0m[INFO] [1774251682.765128216, 161.942000000]: Got new plan[0m
[0m[INFO] [1774251683.036921420, 162.442000000]: Got new plan[0m
[0m[INFO] [1774251683.312952117, 162.942000000]: Got new plan[0m
[0m[INFO] [1774251683.596025910, 163.442000000]: Got new plan[0m
[0m[INFO] [1774251683.901605077, 163.942000000]: Got new plan[0m
[0m[INFO] [1774251684.209124301, 164.442000000]: Got new plan[0m
[0m[INFO] [1774251684.502896904, 164.942000000]: Got new plan[0m
[0m[INFO] [1774251684.788125657, 165.442000000]: Got new plan[0m
[0m[INFO] [1774251685.085191845, 165.942000000]: Got new plan[0m
[0m[INFO] [1774251685.359902261, 166.442000000]: Got new plan[0m
[0m[INFO] [1774251685.641892045, 166.942000000]: Got new plan[0m
[0m[INFO] [1774251685.919037624, 167.442000000]: Got new plan[0m
[0m[INFO] [1774251686.185480833, 167.942000000]: Got new plan[0m
[0m[INFO] [1774251686.458182328, 168.444000000]: Got new plan[0m
[0m[INFO] [1774251686.749030599, 168.942000000]: Got new plan[0m
[0m[INFO] [1774251687.021899505, 169.442000000]: Got new plan[0m
[0m[INFO] [1774251687.146050096, 169.642000000]: Got new plan[0m
[0m[INFO] [1774251687.416792538, 170.142000000]: Got new plan[0m
[0m[INFO] [1774251687.695911420, 170.642000000]: Got new plan[0m
[0m[INFO] [1774251687.977114023, 171.142000000]: Got new plan[0m
[0m[INFO] [1774251688.258195522, 171.644000000]: Got new plan[0m
[0m[INFO] [1774251688.539179662, 172.142000000]: Got new plan[0m
[0m[INFO] [1774251688.811786175, 172.642000000]: Got new plan[0m
[0m[INFO] [1774251689.090799387, 173.142000000]: Got new plan[0m
[0m[INFO] [1774251689.394135740, 173.642000000]: Got new plan[0m
[0m[INFO] [1774251689.687996208, 174.142000000]: Got new plan[0m
[0m[INFO] [1774251689.970250765, 174.644000000]: Got new plan[0m
[0m[INFO] [1774251690.276886641, 175.142000000]: Got new plan[0m
[0m[INFO] [1774251690.555849988, 175.642000000]: Got new plan[0m
[0m[INFO] [1774251690.837032410, 176.142000000]: Got new plan[0m
[0m[INFO] [1774251691.128787786, 176.642000000]: Got new plan[0m
[0m[INFO] [1774251691.412106171, 177.142000000]: Got new plan[0m
[0m[INFO] [1774251691.639272133, 177.542000000]: Got new plan[0m
[0m[INFO] [1774251691.908609996, 178.042000000]: Got new plan[0m
[0m[INFO] [1774251692.182180603, 178.542000000]: Got new plan[0m
[0m[INFO] [1774251692.446240895, 179.044000000]: Got new plan[0m
[0m[INFO] [1774251692.715671369, 179.542000000]: Got new plan[0m
[0m[INFO] [1774251692.975535723, 180.042000000]: Got new plan[0m
[0m[INFO] [1774251693.249118205, 180.542000000]: Got new plan[0m
[0m[INFO] [1774251693.517299634, 181.042000000]: Got new plan[0m
[0m[INFO] [1774251693.785744645, 181.542000000]: Got new plan[0m
[0m[INFO] [1774251694.057091431, 182.044000000]: Got new plan[0m
[0m[INFO] [1774251694.324951102, 182.542000000]: Got new plan[0m
[0m[INFO] [1774251694.586268719, 183.044000000]: Got new plan[0m
[0m[INFO] [1774251694.857246254, 183.544000000]: Got new plan[0m
[0m[INFO] [1774251695.126660107, 184.042000000]: Got new plan[0m
[0m[INFO] [1774251695.401204308, 184.544000000]: Got new plan[0m
[0m[INFO] [1774251695.667394628, 185.044000000]: Got new plan[0m
[0m[INFO] [1774251695.938834025, 185.542000000]: Got new plan[0m
[0m[INFO] [1774251696.208240756, 186.044000000]: Got new plan[0m
[0m[INFO] [1774251696.475733551, 186.542000000]: Got new plan[0m
[0m[INFO] [1774251696.748702198, 187.042000000]: Got new plan[0m
[0m[INFO] [1774251697.033186521, 187.544000000]: Got new plan[0m
[0m[INFO] [1774251697.299478951, 188.042000000]: Got new plan[0m
[0m[INFO] [1774251697.575732873, 188.542000000]: Got new plan[0m
[0m[INFO] [1774251697.701944631, 188.742000000]: Got new plan[0m
[0m[INFO] [1774251697.989548006, 189.242000000]: Got new plan[0m
[0m[INFO] [1774251698.286133348, 189.742000000]: Got new plan[0m
[0m[INFO] [1774251698.581311733, 190.242000000]: Got new plan[0m
[0m[INFO] [1774251698.853055083, 190.742000000]: Got new plan[0m
[0m[INFO] [1774251699.117673413, 191.242000000]: Got new plan[0m
[0m[INFO] [1774251699.399808061, 191.744000000]: Got new plan[0m
[0m[INFO] [1774251699.693754024, 192.242000000]: Got new plan[0m
[0m[INFO] [1774251699.989567618, 192.742000000]: Got new plan[0m
[0m[INFO] [1774251700.281379994, 193.242000000]: Got new plan[0m
[0m[INFO] [1774251700.569493913, 193.742000000]: Got new plan[0m
[0m[INFO] [1774251700.853567432, 194.242000000]: Got new plan[0m
[0m[INFO] [1774251701.158265634, 194.742000000]: Got new plan[0m
[0m[INFO] [1774251701.428846614, 195.242000000]: Got new plan[0m
[0m[INFO] [1774251701.736428782, 195.742000000]: Got new plan[0m
[0m[INFO] [1774251702.016302802, 196.242000000]: Got new plan[0m
[0m[INFO] [1774251702.297056617, 196.742000000]: Got new plan[0m
[0m[INFO] [1774251702.576054406, 197.242000000]: Got new plan[0m
[0m[INFO] [1774251702.849851798, 197.742000000]: Got new plan[0m
[0m[INFO] [1774251703.122734965, 198.242000000]: Got new plan[0m
[0m[INFO] [1774251703.431294287, 198.742000000]: Got new plan[0m
[0m[INFO] [1774251703.739834612, 199.242000000]: Got new plan[0m
[0m[INFO] [1774251704.048782183, 199.742000000]: Got new plan[0m
[0m[INFO] [1774251704.341698757, 200.242000000]: Got new plan[0m
[0m[INFO] [1774251704.632725140, 200.742000000]: Got new plan[0m
[0m[INFO] [1774251704.927841790, 201.242000000]: Got new plan[0m
[0m[INFO] [1774251705.234493114, 201.742000000]: Got new plan[0m
[0m[INFO] [1774251705.543044127, 202.242000000]: Got new plan[0m
[0m[INFO] [1774251705.836917669, 202.742000000]: Got new plan[0m
[0m[INFO] [1774251706.171925411, 203.242000000]: Got new plan[0m
[0m[INFO] [1774251706.450756981, 203.742000000]: Got new plan[0m
[0m[INFO] [1774251706.758386645, 204.244000000]: Got new plan[0m
[0m[INFO] [1774251707.029831988, 204.742000000]: Got new plan[0m
[0m[INFO] [1774251707.335300758, 205.242000000]: Got new plan[0m
[0m[INFO] [1774251707.644749375, 205.742000000]: Got new plan[0m
[0m[INFO] [1774251707.928998621, 206.242000000]: Got new plan[0m
[0m[INFO] [1774251708.138767007, 206.592000000]: Got new plan[0m
[0m[INFO] [1774251708.433019302, 207.092000000]: Got new plan[0m
[0m[INFO] [1774251708.718239765, 207.592000000]: Got new plan[0m
[0m[INFO] [1774251708.983394764, 208.092000000]: Got new plan[0m
[0m[INFO] [1774251709.258291606, 208.592000000]: Got new plan[0m
[0m[INFO] [1774251709.528861907, 209.094000000]: Got new plan[0m
[0m[INFO] [1774251709.797125274, 209.592000000]: Got new plan[0m
[0m[INFO] [1774251710.070599724, 210.092000000]: Got new plan[0m
[0m[INFO] [1774251710.341240077, 210.594000000]: Got new plan[0m
[0m[INFO] [1774251710.606482938, 211.094000000]: Got new plan[0m
[0m[INFO] [1774251710.887205889, 211.594000000]: Got new plan[0m
[0m[INFO] [1774251711.165052000, 212.092000000]: Got new plan[0m
[0m[INFO] [1774251711.440028393, 212.592000000]: Got new plan[0m
[0m[INFO] [1774251711.718858780, 213.092000000]: Got new plan[0m
[0m[INFO] [1774251712.008956696, 213.592000000]: Got new plan[0m
[0m[INFO] [1774251712.287198180, 214.092000000]: Got new plan[0m
[0m[INFO] [1774251712.556825763, 214.592000000]: Got new plan[0m
[0m[INFO] [1774251712.829606829, 215.092000000]: Got new plan[0m
[0m[INFO] [1774251713.031048644, 215.442000000]: Got new plan[0m
[0m[INFO] [1774251713.328548224, 215.942000000]: Got new plan[0m
[0m[INFO] [1774251713.623655384, 216.442000000]: Got new plan[0m
[0m[INFO] [1774251713.931418033, 216.942000000]: Got new plan[0m
[0m[INFO] [1774251714.240053352, 217.442000000]: Got new plan[0m
[0m[INFO] [1774251714.552073680, 217.944000000]: Got new plan[0m
[0m[INFO] [1774251714.822825643, 218.442000000]: Got new plan[0m
[0m[INFO] [1774251715.117069633, 218.942000000]: Got new plan[0m
[0m[INFO] [1774251715.398763804, 219.442000000]: Got new plan[0m
[0m[INFO] [1774251715.698556073, 219.942000000]: Got new plan[0m
[0m[INFO] [1774251715.980403406, 220.442000000]: Got new plan[0m
[0m[INFO] [1774251716.248149113, 220.942000000]: Got new plan[0m
[0m[INFO] [1774251716.556511354, 221.442000000]: Got new plan[0m
[0m[INFO] [1774251716.833072804, 221.942000000]: Got new plan[0m
[0m[INFO] [1774251717.112159653, 222.442000000]: Got new plan[0m
[0m[INFO] [1774251717.416660778, 222.942000000]: Got new plan[0m
[0m[INFO] [1774251717.687341504, 223.444000000]: Got new plan[0m
[0m[INFO] [1774251717.993760127, 223.942000000]: Got new plan[0m
[0m[INFO] [1774251718.304134853, 224.442000000]: Got new plan[0m
[0m[INFO] [1774251718.612637198, 224.942000000]: Got new plan[0m
[0m[INFO] [1774251718.921070679, 225.442000000]: Got new plan[0m
[0m[INFO] [1774251719.216957904, 225.942000000]: Got new plan[0m
[0m[INFO] [1774251719.524573332, 226.442000000]: Got new plan[0m
[0m[INFO] [1774251719.832872649, 226.942000000]: Got new plan[0m
[0m[INFO] [1774251720.142495812, 227.442000000]: Got new plan[0m
[0m[INFO] [1774251720.440261355, 227.942000000]: Got new plan[0m
[0m[INFO] [1774251720.750962591, 228.442000000]: Got new plan[0m
[0m[INFO] [1774251720.884934586, 228.642000000]: Got new plan[0m
[0m[INFO] [1774251721.153246641, 229.144000000]: Got new plan[0m
[0m[INFO] [1774251721.420440254, 229.642000000]: Got new plan[0m
[0m[INFO] [1774251721.692264359, 230.144000000]: Got new plan[0m
[0m[INFO] [1774251721.957659205, 230.642000000]: Got new plan[0m
[0m[INFO] [1774251722.227141944, 231.142000000]: Got new plan[0m
[0m[INFO] [1774251722.498561179, 231.642000000]: Got new plan[0m
[0m[INFO] [1774251722.767671104, 232.142000000]: Got new plan[0m
[0m[INFO] [1774251723.043196041, 232.644000000]: Got new plan[0m
[0m[INFO] [1774251723.313551451, 233.142000000]: Got new plan[0m
[0m[INFO] [1774251723.599699211, 233.642000000]: Got new plan[0m
[0m[INFO] [1774251723.871095888, 234.142000000]: Got new plan[0m
[0m[INFO] [1774251724.177772162, 234.642000000]: Got new plan[0m
[0m[INFO] [1774251724.473670076, 235.142000000]: Got new plan[0m
[0m[INFO] [1774251724.784370129, 235.642000000]: Got new plan[0m
[0m[INFO] [1774251725.092968652, 236.142000000]: Got new plan[0m
[0m[INFO] [1774251725.400261139, 236.642000000]: Got new plan[0m
[0m[INFO] [1774251725.708667318, 237.142000000]: Got new plan[0m
[0m[INFO] [1774251726.008737425, 237.642000000]: Got new plan[0m
[0m[INFO] [1774251726.077832672, 237.742000000]: Got new plan[0m
[0m[INFO] [1774251726.374884649, 238.242000000]: Got new plan[0m
[0m[INFO] [1774251726.662946349, 238.742000000]: Got new plan[0m
[0m[INFO] [1774251726.956144333, 239.242000000]: Got new plan[0m
[0m[INFO] [1774251727.241481167, 239.742000000]: Got new plan[0m
[0m[INFO] [1774251727.535182568, 240.244000000]: Got new plan[0m
[0m[INFO] [1774251727.817292306, 240.742000000]: Got new plan[0m
[0m[INFO] [1774251728.098130440, 241.242000000]: Got new plan[0m
[0m[INFO] [1774251728.410594832, 241.742000000]:Error in XmlRpcClient::writeRequest: write error (Connection refused).
Error in XmlRpcDispatch::work: couldn't find source iterator
 Got new plan[0m
[0m[INFO] [1774251728.719293092, 242.242000000]: Got new plan[0m
[0m[INFO] [1774251729.003442621, 242.742000000]: Got new plan[0m
[0m[INFO] [1774251729.297326870, 243.242000000]: Got new plan[0m
[0m[INFO] [1774251729.606307709, 243.742000000]: Got new plan[0m
[0m[INFO] [1774251729.918247313, 244.244000000]: Got new plan[0m
[0m[INFO] [1774251730.222800690, 244.742000000]: Got new plan[0m
[0m[INFO] [1774251730.515855013, 245.242000000]: Got new plan[0m
[0m[INFO] [1774251730.798034804, 245.742000000]: Got new plan[0m
[0m[INFO] [1774251731.105593252, 246.242000000]: Got new plan[0m
[0m[INFO] [1774251731.414696385, 246.744000000]: Got new plan[0m
[0m[INFO] [1774251731.711812481, 247.242000000]: Got new plan[0m
Error in XmlRpcClient::writeRequest: write error (Connection refused).
Error in XmlRpcDispatch::work: couldn't find source iterator
Error in XmlRpcClient::writeRequest: write error (Connection refused).
Error in XmlRpcDispatch::work: couldn't find source iterator
Error in XmlRpcClient::writeRequest: write error (Connection refused).
Error in XmlRpcDispatch::work: couldn't find source iterator
[0m[INFO] [1774251637.996329118, 84.336000000]: global_costmap: Using plugin "static_map"[0m
[0m[INFO] [1774251637.999031424, 84.336000000]: Requesting the map...[0m
[0m[INFO] [1774251638.830912087, 84.436000000]: Resizing costmap to 480 X 480 at 0.050000 m/pix[0m
[0m[INFO] [1774251638.880484455, 84.536000000]: Received a 480 X 480 map at 0.050000 m/pix[0m
[0m[INFO] [1774251638.881878351, 84.538000000]: global_costmap: Using plugin "obstacle_layer"[0m
[0m[INFO] [1774251638.883076342, 84.540000000]:     Subscribed to Topics: scan[0m
[0m[INFO] [1774251638.888426339, 84.552000000]: global_costmap: Using plugin "voronoi_layer"[0m
[0m[INFO] [1774251638.889985271, 84.554000000]: global_costmap: Using plugin "inflation_layer"[0m
[0m[INFO] [1774251638.905174467, 84.586000000]: local_costmap: Using plugin "obstacle_layer"[0m
[0m[INFO] [1774251638.905867853, 84.586000000]:     Subscribed to Topics: [0m
[0m[INFO] [1774251638.908111860, 84.590000000]: local_costmap: Using plugin "inflation_layer"[0m
[0m[INFO] [1774251638.919558670, 84.614000000]: Created local_planner pid_controller/PIDController[0m
[0m[INFO] [1774251638.924420685, 84.624000000]: PID Controller initialized![0m
[0m[INFO] [1774251639.424272627, 85.620000000]: Recovery behavior will clear layer 'obstacles'[0m
[0m[INFO] [1774251639.426371783, 85.624000000]: Recovery behavior will clear layer 'obstacles'[0m
[0m[INFO] [1774251639.436811758, 85.644000000]: odom received![0m
Error in XmlRpcClient::writeRequest: write error (Connection refused).
Error in XmlRpcDispatch::work: couldn't find source iterator
Error in XmlRpcClient::writeRequest: write error (Connection refused).
Error in XmlRpcDispatch::work: couldn't find source iterator
Error in XmlRpcClient::writeRequest: write error (Connection refused).
Error in XmlRpcDispatch::work: couldn't find source iterator
Error in XmlRpcClient::writeRequest: write error (Connection refused).
Error in XmlRpcDispatch::work: couldn't find source iterator
Error in XmlRpcClient::writeRequest: write error (Connection refused).
Error in XmlRpcDispatch::work: couldn't find source iterator
Error in XmlRpcClient::writeRequest: write error (Connection refused).
Error in XmlRpcDispatch::work: couldn't find source iterator
Error in XmlRpcClient::writeRequest: write error (Connection refused).
Error in XmlRpcDispatch::work: couldn't find source iterator
Error in XmlRpcClient::writeRequest: write error (Connection refused).
Error in XmlRpcDispatch::work: couldn't find source iterator
Error in XmlRpcClient::writeRequest: write error (Connection refused).
Error in XmlRpcDispatch::work: couldn't find source iterator
Error in XmlRpcClient::writeRequest: write error (Connection refused).
Error in XmlRpcDispatch::work: couldn't find source iterator
Error in XmlRpcClient::writeRequest: write error (Connection refused).
Error in XmlRpcDispatch::work: couldn't find source iterator
Error in XmlRpcClient::writeRequest: write error (Connection refused).
Error in XmlRpcDispatch::work: couldn't find source iterator
Error in XmlRpcClient::writeRequest: write error (Connection refused).
Error in XmlRpcClient::writeRequest: write error (Connection refused).
Error in XmlRpcDispatch::work: couldn't find source iterator
Error in XmlRpcDispatch::work: couldn't find source iterator
Error in XmlRpcClient::writeRequest: write error (Connection refused).
Error in XmlRpcDispatch::work: couldn't find source iterator
Error in XmlRpcClient::writeRequest: write error (Connection refused).
Error in XmlRpcDispatch::work: couldn't find source iterator
Error in XmlRpcClient::writeRequest: write error (Connection refused).
Error in XmlRpcClient::writeRequest: write error (Connection refused).
Error in XmlRpcDispatch::work: couldn't find source iterator
Error in XmlRpcDispatch::work: couldn't find source iterator
Error in XmlRpcClient::writeRequest: write error (Connection refused).
Error in XmlRpcDispatch::work: couldn't find source iterator
Error in XmlRpcClient::writeRequest: write error (Connection refused).
Error in XmlRpcDispatch::work: couldn't find source iterator
Error in XmlRpcClient::writeRequest: write error (Connection refused).
Error in XmlRpcDispatch::work: couldn't find source iterator
Error in XmlRpcClient::writeRequest: write error (Connection refused).
Error in XmlRpcDispatch::work: couldn't find source iterator
Error in XmlRpcClient::writeRequest: write error (Connection refused).
Error in XmlRpcDispatch::work: couldn't find source iterator
Error in XmlRpcClient::writeRequest: write error (Connection refused).
Error in XmlRpcDispatch::work: couldn't find source iterator
Error in XmlRpcClient::writeRequest: write error (Connection refused).
Error in XmlRpcDispatch::work: couldn't find source iterator
Error in XmlRpcClient::writeRequest: write error (Connection refused).
Error in XmlRpcDispatch::work: couldn't find source iterator
Error in XmlRpcClient::writeRequest: write error (Connection refused).
Error in XmlRpcDispatch::work: couldn't find source iterator
Error in XmlRpcClient::writeRequest: write error (Connection refused).
Error in XmlRpcDispatch::work: couldn't find source iterator
Error in XmlRpcClient::writeRequest: write error (Connection refused).
Error in XmlRpcDispatch::work: couldn't find source iterator
Error in XmlRpcClient::writeRequest: write error (Connection refused).
Error in XmlRpcDispatch::work: couldn't find source iterator
Error in XmlRpcClient::writeRequest: write error (Connection refused).
Error in XmlRpcDispatch::work: couldn't find source iterator
Error in XmlRpcClient::writeRequest: write error (Connection refused).
Error in XmlRpcDispatch::work: couldn't find source iterator
Error in XmlRpcClient::writeRequest: write error (Connection refused).
Error in XmlRpcDispatch::work: couldn't find source iterator
Error in XmlRpcClient::writeRequest: write error (Connection refused).
Error in XmlRpcClient::writeRequest: write error (Connection refused).
Error in XmlRpcDispatch::work: couldn't find source iterator
Error in XmlRpcDispatch::work: couldn't find source iterator
Error in XmlRpcClient::writeRequest: write error (Connection refused).
Error in XmlRpcDispatch::work: couldn't find source iterator
Error in XmlRpcClient::writeRequest: write error (Connection refused).
Error in XmlRpcDispatch::work: couldn't find source iterator
Error in XmlRpcClient::writeRequest: write error (Connection refused).
Error in XmlRpcDispatch::work: couldn't find source iterator
Error in XmlRpcClient::writeRequest: write error (Connection refused).
Error in XmlRpcDispatch::work: couldn't find source iterator
Error in XmlRpcClient::writeRequest: write error (Connection refused).
Error in XmlRpcDispatch::work: couldn't find source iterator
Error in XmlRpcClient::writeRequest: write error (Connection refused).
Error in XmlRpcDispatch::work: couldn't find source iterator
Error in XmlRpcClient::writeRequest: write error (Connection refused).
Error in XmlRpcDispatch::work: couldn't find source iterator
Error in XmlRpcClient::writeRequest: write error (Connection refused).
Error in XmlRpcDispatch::work: couldn't find source iterator
Error in XmlRpcClient::writeRequest: write error (Connection refused).
Error in XmlRpcDispatch::work: couldn't find source iterator
Error in XmlRpcClient::writeRequest: write error (Connection refused).
Error in XmlRpcDispatch::work: couldn't find source iterator
Error in XmlRpcClient::writeRequest: write error (Connection refused).
Error in XmlRpcDispatch::work: couldn't find source iterator
Error in XmlRpcClient::writeRequest: write error (Connection refused).
Error in XmlRpcDispatch::work: couldn't find source iterator
Error in XmlRpcClient::writeRequest: write error (Connection refused).
Error in XmlRpcDispatch::work: couldn't find source iterator
Error in XmlRpcClient::writeRequest: write error (Connection refused).
Error in XmlRpcDispatch::work: couldn't find source iterator
Error in XmlRpcClient::writeRequest: write error (Connection refused).
Error in XmlRpcDispatch::work: couldn't find source iterator
Error in XmlRpcClient::writeRequest: write error (Connection refused).
Error in XmlRpcDispatch::work: couldn't find source iterator
Error in XmlRpcClient::writeRequest: write error (Connection refused).
Error in XmlRpcDispatch::work: couldn't find source iterator
Error in XmlRpcClient::writeRequest: write error (Connection refused).
Error in XmlRpcDispatch::work: couldn't find source iterator
Error in XmlRpcClient::writeRequest: write error (Connection refused).
Error in XmlRpcDispatch::work: couldn't find source iterator
Error in XmlRpcClient::writeRequest: write error (Connection refused).
Error in XmlRpcDispatch::work: couldn't find source iterator
Error in XmlRpcClient::writeRequest: write error (Connection refused).
Error in XmlRpcDispatch::work: couldn't find source iterator
Error in XmlRpcClient::writeRequest: write error (Connection refused).
Error in XmlRpcDispatch::work: couldn't find source iterator
Error in XmlRpcClient::writeRequest: write error (Connection refused).
Error in XmlRpcDispatch::work: couldn't find source iterator
Error in XmlRpcClient::writeRequest: write error (Connection refused).
Error in XmlRpcDispatch::work: couldn't find source iterator
Error in XmlRpcClient::writeRequest: write error (Connection refused).
Error in XmlRpcDispatch::work: couldn't find source iterator
Error in XmlRpcClient::writeRequest: write error (Connection refused).
Error in XmlRpcDispatch::work: couldn't find source iterator
Error in XmlRpcClient::writeRequest: write error (Connection refused).
Error in XmlRpcDispatch::work: couldn't find source iterator
Error in XmlRpcClient::writeRequest: write error (Connection refused).
Error in XmlRpcDispatch::work: couldn't find source iterator
Error in XmlRpcClient::writeRequest: write error (Connection refused).
Error in XmlRpcDispatch::work: couldn't find source iterator
Error in XmlRpcClient::writeRequest: write error (Connection refused).
Error in XmlRpcDispatch::work: couldn't find source iterator
Error in XmlRpcClient::writeRequest: write error (Connection refused).
Error in XmlRpcDispatch::work: couldn't find source iterator
Error in XmlRpcClient::writeRequest: write error (Connection refused).
Error in XmlRpcClient::writeRequest: write error (Connection refused).
Error in XmlRpcDispatch::work: couldn't find source iterator
Error in XmlRpcDispatch::work: couldn't find source iterator
Error in XmlRpcClient::writeRequest: write error (Connection refused).
Error in XmlRpcDispatch::work: couldn't find source iterator
Error in XmlRpcClient::writeRequest: write error (Connection refused).
Error in XmlRpcDispatch::work: couldn't find source iterator
Error in XmlRpcClient::writeRequest: write error (Connection refused).
Error in XmlRpcDispatch::work: couldn't find source iterator
Error in XmlRpcClient::writeRequest: write error (Connection refused).
Error in XmlRpcDispatch::work: couldn't find source iterator
Error in XmlRpcClient::writeRequest: write error (Connection refused).
Error in XmlRpcClient::writeRequest: write error (Connection refused).
Error in XmlRpcDispatch::work: couldn't find source iterator
Error in XmlRpcDispatch::work: couldn't find source iterator
Error in XmlRpcClient::writeRequest: write error (Connection refused).
Error in XmlRpcClient::writeRequest: write error (Connection refused).
Error in XmlRpcDispatch::work: couldn't find source iterator
Error in XmlRpcDispatch::work: couldn't find source iterator
Error in XmlRpcClient::writeRequest: write error (Connection refused).
Error in XmlRpcClient::writeRequest: write error (Connection refused).
Error in XmlRpcDispatch::work: couldn't find source iterator
Error in XmlRpcDispatch::work: couldn't find source iterator
Error in XmlRpcClient::writeRequest: write error (Connection refused).
Error in XmlRpcClient::writeRequest: write error (Connection refused).
Error in XmlRpcDispatch::work: couldn't find source iterator
Error in XmlRpcDispatch::work: couldn't find source iterator
Error in XmlRpcClient::writeRequest: write error (Connection refused).
Error in XmlRpcDispatch::work: couldn't find source iterator
Error in XmlRpcClient::writeRequest: write error (Connection refused).
Error in XmlRpcDispatch::work: couldn't find source iterator
Error in XmlRpcClient::writeRequest: write error (Connection refused).
Error in XmlRpcDispatch::work: couldn't find source iterator
Error in XmlRpcClient::writeRequest: write error (Connection refused).
Error in XmlRpcDispatch::work: couldn't find source iterator
Error in XmlRpcClient::writeRequest: write error (Connection refused).
Error in XmlRpcDispatch::work: couldn't find source iterator
Error in XmlRpcClient::writeRequest: write error (Connection refused).
Error in XmlRpcDispatch::work: couldn't find source iterator
Error in XmlRpcClient::writeRequest: write error (Connection refused).
Error in XmlRpcDispatch::work: couldn't find source iterator
Error in XmlRpcClient::writeRequest: write error (Connection refused).
Error in XmlRpcDispatch::work: couldn't find source iterator
Error in XmlRpcClient::writeRequest: write error (Connection refused).
Error in XmlRpcDispatch::work: couldn't find source iterator
Error in XmlRpcClient::writeRequest: write error (Connection refused).
Error in XmlRpcDispatch::work: couldn't find source iterator
Error in XmlRpcClient::writeRequest: write error (Connection refused).
Error in XmlRpcDispatch::work: couldn't find source iterator
Error in XmlRpcClient::writeRequest: write error (Connection refused).
Error in XmlRpcDispatch::work: couldn't find source iterator
Error in XmlRpcClient::writeRequest: write error (Connection refused).
Error in XmlRpcDispatch::work: couldn't find source iterator
Error in XmlRpcClient::writeRequest: write error (Connection refused).
Error in XmlRpcDispatch::work: couldn't find source iterator
Error in XmlRpcClient::writeRequest: write error (Connection refused).
Error in XmlRpcDispatch::work: couldn't find source iterator
Error in XmlRpcClient::writeRequest: write error (Connection refused).
Error in XmlRpcDispatch::work: couldn't find source iterator
Error in XmlRpcClient::writeRequest: write error (Connection refused).
Error in XmlRpcDispatch::work: couldn't find source iterator
Error in XmlRpcClient::writeRequest: write error (Connection refused).
Error in XmlRpcDispatch::work: couldn't find source iterator
Error in XmlRpcClient::writeRequest: write error (Connection refused).
Error in XmlRpcDispatch::work: couldn't find source iterator
Error in XmlRpcClient::writeRequest: write error (Connection refused).
Error in XmlRpcDispatch::work: couldn't find source iterator
Error in XmlRpcClient::writeRequest: write error (Connection refused).
Error in XmlRpcDispatch::work: couldn't find source iterator
Error in XmlRpcClient::writeRequest: write error (Connection refused).
Error in XmlRpcDispatch::work: couldn't find source iterator
Error in XmlRpcClient::writeRequest: write error (Connection refused).
Error in XmlRpcDispatch::work: couldn't find source iterator
Error in XmlRpcClient::writeRequest: write error (Connection refused).
Error in XmlRpcDispatch::work: couldn't find source iterator
Error in XmlRpcClient::writeRequest: write error (Connection refused).
Error in XmlRpcDispatch::work: couldn't find source iterator
Error in XmlRpcClient::writeRequest: write error (Connection refused).
Error in XmlRpcDispatch::work: couldn't find source iterator
Error in XmlRpcClient::writeRequest: write error (Connection refused).
Error in XmlRpcDispatch::work: couldn't find source iterator
Error in XmlRpcClient::writeRequest: write error (Connection refused).
Error in XmlRpcDispatch::work: couldn't find source iterator
Error in XmlRpcClient::writeRequest: write error (Connection refused).
Error in XmlRpcDispatch::work: couldn't find source iterator
Error in XmlRpcClient::writeRequest: write error (Connection refused).
Error in XmlRpcDispatch::work: couldn't find source iterator
Error in XmlRpcClient::writeRequest: write error (Connection refused).
Error in XmlRpcDispatch::work: couldn't find source iterator
Error in XmlRpcClient::writeRequest: write error (Connection refused).
Error in XmlRpcDispatch::work: couldn't find source iterator
Error in XmlRpcClient::writeRequest: write error (Connection refused).
Error in XmlRpcDispatch::work: couldn't find source iterator
Error in XmlRpcClient::writeRequest: write error (Connection refused).
Error in XmlRpcDispatch::work: couldn't find source iterator
Error in XmlRpcClient::writeRequest: write error (Connection refused).
Error in XmlRpcDispatch::work: couldn't find source iterator
Error in XmlRpcClient::writeRequest: write error (Connection refused).
Error in XmlRpcDispatch::work: couldn't find source iterator
Error in XmlRpcClient::writeRequest: write error (Connection refused).
Error in XmlRpcDispatch::work: couldn't find source iterator
Error in XmlRpcClient::writeRequest: write error (Connection refused).
Error in XmlRpcDispatch::work: couldn't find source iterator
Error in XmlRpcClient::writeRequest: write error (Connection refused).
Error in XmlRpcDispatch::work: couldn't find source iterator
Error in XmlRpcClient::writeRequest: write error (Connection refused).
Error in XmlRpcDispatch::work: couldn't find source iterator
Error in XmlRpcClient::writeRequest: write error (Connection refused).
Error in XmlRpcDispatch::work: couldn't find source iterator
Error in XmlRpcClient::writeRequest: write error (Connection refused).
Error in XmlRpcDispatch::work: couldn't find source iterator
Error in XmlRpcClient::writeRequest: write error (Connection refused).
Error in XmlRpcDispatch::work: couldn't find source iterator
Error in XmlRpcClient::writeRequest: write error (Connection refused).
Error in XmlRpcDispatch::work: couldn't find source iterator
Error in XmlRpcClient::writeRequest: write error (Connection refused).
Error in XmlRpcDispatch::work: couldn't find source iterator
Error in XmlRpcClient::writeRequest: write error (Connection refused).
Error in XmlRpcDispatch::work: couldn't find source iterator
Error in XmlRpcClient::writeRequest: write error (Connection refused).
Error in XmlRpcDispatch::work: couldn't find source iterator
Error in XmlRpcClient::writeRequest: write error (Connection refused).
Error in XmlRpcDispatch::work: couldn't find source iterator
Error in XmlRpcClient::writeRequest: write error (Connection refused).
Error in XmlRpcDispatch::work: couldn't find source iterator
Error in XmlRpcClient::writeRequest: write error (Connection refused).
Error in XmlRpcDispatch::work: couldn't find source iterator
Error in XmlRpcClient::writeRequest: write error (Connection refused).
Error in XmlRpcDispatch::work: couldn't find source iterator
Error in XmlRpcClient::writeRequest: write error (Connection refused).
Error in XmlRpcDispatch::work: couldn't find source iterator
Error in XmlRpcClient::writeRequest: write error (Connection refused).
Error in XmlRpcDispatch::work: couldn't find source iterator
Error in XmlRpcClient::writeRequest: write error (Connection refused).
Error in XmlRpcDispatch::work: couldn't find source iterator
Error in XmlRpcClient::writeRequest: write error (Connection refused).
Error in XmlRpcDispatch::work: couldn't find source iterator
Error in XmlRpcClient::writeRequest: write error (Connection refused).
Error in XmlRpcDispatch::work: couldn't find source iterator
Error in XmlRpcClient::writeRequest: write error (Connection refused).
Error in XmlRpcClient::writeRequest: write error (Connection refused).
Error in XmlRpcDispatch::work: couldn't find source iterator
Error in XmlRpcDispatch::work: couldn't find source iterator
Error in XmlRpcClient::writeRequest: write error (Connection refused).
Error in XmlRpcDispatch::work: couldn't find source iterator
Error in XmlRpcClient::writeRequest: write error (Connection refused).
Error in XmlRpcDispatch::work: couldn't find source iterator
Error in XmlRpcClient::writeRequest: write error (Connection refused).
Error in XmlRpcDispatch::work: couldn't find source iterator
Error in XmlRpcClient::writeRequest: write error (Connection refused).
Error in XmlRpcDispatch::work: couldn't find source iterator
Error in XmlRpcClient::writeRequest: write error (Connection refused).
Error in XmlRpcDispatch::work: couldn't find source iterator
Error in XmlRpcClient::writeRequest: write error (Connection refused).
Error in XmlRpcDispatch::work: couldn't find source iterator
Error in XmlRpcClient::writeRequest: write error (Connection refused).
Error in XmlRpcDispatch::work: couldn't find source iterator
Error in XmlRpcClient::writeRequest: write error (Connection refused).
Error in XmlRpcDispatch::work: couldn't find source iterator
QFileSystemWatcher::removePaths: list is empty
QFileSystemWatcher::removePaths: list is empty
[INFO] [1774251634.299845, 0.000000]: Ground Truth Odom Publisher initialized
[INFO] [1774251634.286843, 0.000000]: Ground Truth Odom Publisher initialized
[31mWARNING: disk usage in log directory [/data/lzq/.ros/log] is over 1GB.
It's recommended that you use the 'rosclean' command.[0m

auto-starting new master
[1mprocess[master]: started with pid [519987][0m
[1mROS_MASTER_URI=http://localhost:11311[0m
]2;/data/lzq/ros_motion_planning/src/sim_env/launch/main.launch http://localhost:11311
[1msetting /run_id to 9280c8fc-268b-11f1-959d-99ad9226bd72[0m
[1mprocess[rosout-1]: started with pid [519999][0m
started core service [/rosout]
[1mprocess[gazebo-2]: started with pid [520006][0m
[1mprocess[map_server-3]: started with pid [520008][0m
[1mprocess[robot2/robot_state_publisher-4]: started with pid [520011][0m
[1mprocess[robot2/joint_state_publisher-5]: started with pid [520013][0m
[1mprocess[robot2/urdf_spawner-6]: started with pid [520014][0m
[1mprocess[robot2/tf_map2odom_node-7]: started with pid [520024][0m
[1mprocess[robot2/ground_truth_odom_publisher-8]: started with pid [520027][0m
[1mprocess[robot2/move_base-9]: started with pid [520028][0m
[1mprocess[robot1/robot_state_publisher-10]: started with pid [520029][0m
[1mprocess[robot1/joint_state_publisher-11]: started with pid [520030][0m
[1mprocess[robot1/urdf_spawner-12]: started with pid [520031][0m
[1mprocess[robot1/tf_map2odom_node-13]: started with pid [520041][0m
[1mprocess[robot1/ground_truth_odom_publisher-14]: started with pid [520075][0m
[1mprocess[robot1/move_base-15]: started with pid [520084][0m
[1mprocess[rviz-16]: started with pid [520129][0m
[1m[robot2/urdf_spawner-6] process has finished cleanly
log file: /data/lzq/.ros/log/9280c8fc-268b-11f1-959d-99ad9226bd72/robot2-urdf_spawner-6*.log[0m
[1m[robot1/urdf_spawner-12] process has finished cleanly
log file: /data/lzq/.ros/log/9280c8fc-268b-11f1-959d-99ad9226bd72/robot1-urdf_spawner-12*.log[0m
[rviz-16] killing on exit
[robot1/move_base-15] killing on exit
[robot1/ground_truth_odom_publisher-14] killing on exit
[robot1/tf_map2odom_node-13] killing on exit
[robot1/joint_state_publisher-11] killing on exit
[robot1/robot_state_publisher-10] killing on exit
[robot2/move_base-9] killing on exit
[robot2/ground_truth_odom_publisher-8] killing on exit
[robot2/tf_map2odom_node-7] killing on exit
[robot2/joint_state_publisher-5] killing on exit
[robot2/robot_state_publisher-4] killing on exit
[map_server-3] killing on exit
[gazebo-2] killing on exit
[rosout-1] killing on exit
[master] killing on exit
shutting down processing monitor...
... shutting down processing monitor complete
[1mdone[0m
