xacro: in-order processing became default in ROS Melodic. You can drop the option.
xacro: in-order processing became default in ROS Melodic. You can drop the option.
... logging to /data/lzq/.ros/log/47171150-2604-11f1-9841-ef63e69f4ffa/roslaunch-lzq-319482.log
Checking log directory for disk usage. This may take a while.
Press Ctrl-C to interrupt
]2;/data/lzq/ros_motion_planning/src/sim_env/launch/main.launch
[1mstarted roslaunch server http://lzq:36561/[0m

SUMMARY
========

PARAMETERS
 * /gazebo/enable_ros_network: True
 * /robot1/move_base/PIDController/base_frame: base_link
 * /robot1/move_base/PIDController/convert_offset: 0.0
 * /robot1/move_base/PIDController/goal_dist_tolerance: 0.2
 * /robot1/move_base/PIDController/k: 1.0
 * /robot1/move_base/PIDController/k_theta: 0.7
 * /robot1/move_base/PIDController/k_v_d: 0.1
 * /robot1/move_base/PIDController/k_v_i: 0.1
 * /robot1/move_base/PIDController/k_v_p: 1.0
 * /robot1/move_base/PIDController/k_w_d: 0.1
 * /robot1/move_base/PIDController/k_w_i: 0.1
 * /robot1/move_base/PIDController/k_w_p: 1.0
 * /robot1/move_base/PIDController/l: 0.2
 * /robot1/move_base/PIDController/lookahead_time: 0.5
 * /robot1/move_base/PIDController/map_frame: map
 * /robot1/move_base/PIDController/max_lookahead_dist: 0.9
 * /robot1/move_base/PIDController/max_v: 0.5
 * /robot1/move_base/PIDController/max_v_inc: 0.5
 * /robot1/move_base/PIDController/max_w: 1.57
 * /robot1/move_base/PIDController/max_w_inc: 1.57
 * /robot1/move_base/PIDController/min_lookahead_dist: 0.3
 * /robot1/move_base/PIDController/min_v: 0.0
 * /robot1/move_base/PIDController/min_w: 0.0
 * /robot1/move_base/PIDController/rotate_tolerance: 0.5
 * /robot1/move_base/PathPlanner/convert_offset: 0.0
 * /robot1/move_base/PathPlanner/default_tolerance: 0.0
 * /robot1/move_base/PathPlanner/expand_zone: True
 * /robot1/move_base/PathPlanner/hybrid_astar/analytic_expansion_max_length: 5.0
 * /robot1/move_base/PathPlanner/hybrid_astar/analytic_expansion_ratio: 1.5
 * /robot1/move_base/PathPlanner/hybrid_astar/cache_obstacle_heuristic: False
 * /robot1/move_base/PathPlanner/hybrid_astar/change_penalty: 0.4
 * /robot1/move_base/PathPlanner/hybrid_astar/cost_penalty: 2.0
 * /robot1/move_base/PathPlanner/hybrid_astar/curve_sample_ratio: 0.15
 * /robot1/move_base/PathPlanner/hybrid_astar/dim_3_size: 32
 * /robot1/move_base/PathPlanner/hybrid_astar/downsample_obstacle_heuristic: True
 * /robot1/move_base/PathPlanner/hybrid_astar/goal_tolerance: 0.2
 * /robot1/move_base/PathPlanner/hybrid_astar/lookup_table_dim: 20.0
 * /robot1/move_base/PathPlanner/hybrid_astar/max_approach_iterations: 500
 * /robot1/move_base/PathPlanner/hybrid_astar/max_iterations: 20000
 * /robot1/move_base/PathPlanner/hybrid_astar/minimum_turning_radius: 0.3
 * /robot1/move_base/PathPlanner/hybrid_astar/motion_model: 2
 * /robot1/move_base/PathPlanner/hybrid_astar/non_straight_penalty: 1.5
 * /robot1/move_base/PathPlanner/hybrid_astar/retrospective_penalty: 0.025
 * /robot1/move_base/PathPlanner/hybrid_astar/reverse_penalty: 2.5
 * /robot1/move_base/PathPlanner/hybrid_astar/traverse_unknown: False
 * /robot1/move_base/PathPlanner/obstacle_factor: 0.5
 * /robot1/move_base/PathPlanner/outline_map: True
 * /robot1/move_base/PathPlanner/planner_name: theta_star
 * /robot1/move_base/PathPlanner/show_safety_corridor: False
 * /robot1/move_base/base_global_planner: path_planner/Path...
 * /robot1/move_base/base_local_planner: pid_controller/PI...
 * /robot1/move_base/conservative_reset_dist: 3.0
 * /robot1/move_base/controller_frequency: 20.0
 * /robot1/move_base/controller_patience: 15.0
 * /robot1/move_base/global_costmap/footprint: [[-0.21, -0.165],...
 * /robot1/move_base/global_costmap/footprint_padding: 0.1
 * /robot1/move_base/global_costmap/global_frame: map
 * /robot1/move_base/global_costmap/inflation_layer/cost_scaling_factor: 5
 * /robot1/move_base/global_costmap/inflation_layer/enabled: True
 * /robot1/move_base/global_costmap/inflation_layer/inflation_radius: 0.2
 * /robot1/move_base/global_costmap/map_type: costmap
 * /robot1/move_base/global_costmap/meter_scoring: True
 * /robot1/move_base/global_costmap/obstacle_layer/observation_sources: scan
 * /robot1/move_base/global_costmap/obstacle_layer/scan/clearing: True
 * /robot1/move_base/global_costmap/obstacle_layer/scan/data_type: LaserScan
 * /robot1/move_base/global_costmap/obstacle_layer/scan/expected_update_rate: 1
 * /robot1/move_base/global_costmap/obstacle_layer/scan/inf_is_valid: True
 * /robot1/move_base/global_costmap/obstacle_layer/scan/marking: True
 * /robot1/move_base/global_costmap/obstacle_layer/scan/max_obstacle_height: 0.2
 * /robot1/move_base/global_costmap/obstacle_layer/scan/min_obstacle_height: 0.0
 * /robot1/move_base/global_costmap/obstacle_layer/scan/observation_persistence: 0.0
 * /robot1/move_base/global_costmap/obstacle_layer/scan/obstacle_range: 2.5
 * /robot1/move_base/global_costmap/obstacle_layer/scan/raytrace_range: 3.0
 * /robot1/move_base/global_costmap/obstacle_layer/scan/sensor_frame: robot1/base_footp...
 * /robot1/move_base/global_costmap/obstacle_layer/scan/topic: /robot1/scan
 * /robot1/move_base/global_costmap/origin_z: 0.0
 * /robot1/move_base/global_costmap/plugins: [{'name': 'static...
 * /robot1/move_base/global_costmap/publish_frequency: 0.5
 * /robot1/move_base/global_costmap/publish_voxel_map: False
 * /robot1/move_base/global_costmap/robot_base_frame: robot1/base_footp...
 * /robot1/move_base/global_costmap/scan/sensor_frame: robot1/base_scan
 * /robot1/move_base/global_costmap/scan/topic: /robot1/scan
 * /robot1/move_base/global_costmap/static_map/clear_time: 20
 * /robot1/move_base/global_costmap/static_map/enabled: True
 * /robot1/move_base/global_costmap/static_map/publish_static_map: True
 * /robot1/move_base/global_costmap/transform_tolerance: 0.2
 * /robot1/move_base/global_costmap/update_frequency: 1.0
 * /robot1/move_base/global_costmap/z_resolution: 1
 * /robot1/move_base/global_costmap/z_voxels: 2
 * /robot1/move_base/local_costmap/global_frame: robot1/odom
 * /robot1/move_base/local_costmap/height: 3
 * /robot1/move_base/local_costmap/inflation_radius: 0.2
 * /robot1/move_base/local_costmap/plugins: [{'name': 'obstac...
 * /robot1/move_base/local_costmap/publish_frequency: 0.5
 * /robot1/move_base/local_costmap/resolution: 0.05
 * /robot1/move_base/local_costmap/robot_base_frame: robot1/base_footp...
 * /robot1/move_base/local_costmap/rolling_window: True
 * /robot1/move_base/local_costmap/scan/sensor_frame: robot1/base_scan
 * /robot1/move_base/local_costmap/scan/topic: /robot1/scan
 * /robot1/move_base/local_costmap/static_map: False
 * /robot1/move_base/local_costmap/transform_tolerance: 1.0
 * /robot1/move_base/local_costmap/update_frequency: 1.0
 * /robot1/move_base/local_costmap/width: 3
 * /robot1/move_base/oscillation_distance: 0.2
 * /robot1/move_base/oscillation_timeout: 10.0
 * /robot1/move_base/planner_frequency: 2
 * /robot1/move_base/planner_patience: 5.0
 * /robot1/move_base/shutdown_costmaps: False
 * /robot1/move_base/transform_tolerance: 2.0
 * /robot1/robot_description: <?xml version="1....
 * /robot1/tf_map2odom_node/odom_frame_id: robot1/odom
 * /robot1/tf_prefix: robot1
 * /robot2/move_base/DWAController/acc_lim_theta: 3.2
 * /robot2/move_base/DWAController/acc_lim_x: 2.5
 * /robot2/move_base/DWAController/acc_lim_y: 0.0
 * /robot2/move_base/DWAController/controller_frequency: 10.0
 * /robot2/move_base/DWAController/forward_point_distance: 0.05
 * /robot2/move_base/DWAController/goal_distance_bias: 24.0
 * /robot2/move_base/DWAController/latch_xy_goal_tolerance: False
 * /robot2/move_base/DWAController/max_scaling_factor: 0.2
 * /robot2/move_base/DWAController/max_vel_theta: 1.35
 * /robot2/move_base/DWAController/max_vel_trans: 1.5
 * /robot2/move_base/DWAController/max_vel_x: 1.5
 * /robot2/move_base/DWAController/max_vel_y: 0.0
 * /robot2/move_base/DWAController/min_vel_theta: 0.1
 * /robot2/move_base/DWAController/min_vel_trans: 0
 * /robot2/move_base/DWAController/min_vel_x: 0
 * /robot2/move_base/DWAController/min_vel_y: 0.0
 * /robot2/move_base/DWAController/occdist_scale: 0.02
 * /robot2/move_base/DWAController/oscillation_reset_dist: 0.05
 * /robot2/move_base/DWAController/path_distance_bias: 32.0
 * /robot2/move_base/DWAController/publish_cost_grid_pc: True
 * /robot2/move_base/DWAController/publish_traj_pc: True
 * /robot2/move_base/DWAController/scaling_speed: 0.25
 * /robot2/move_base/DWAController/sim_time: 2.0
 * /robot2/move_base/DWAController/stop_time_buffer: 0.2
 * /robot2/move_base/DWAController/vth_samples: 60
 * /robot2/move_base/DWAController/vx_samples: 10
 * /robot2/move_base/DWAController/vy_samples: 0
 * /robot2/move_base/DWAController/xy_goal_tolerance: 0.1
 * /robot2/move_base/DWAController/yaw_goal_tolerance: 0.3
 * /robot2/move_base/PathPlanner/convert_offset: 0.0
 * /robot2/move_base/PathPlanner/default_tolerance: 0.0
 * /robot2/move_base/PathPlanner/expand_zone: True
 * /robot2/move_base/PathPlanner/hybrid_astar/analytic_expansion_max_length: 5.0
 * /robot2/move_base/PathPlanner/hybrid_astar/analytic_expansion_ratio: 1.5
 * /robot2/move_base/PathPlanner/hybrid_astar/cache_obstacle_heuristic: False
 * /robot2/move_base/PathPlanner/hybrid_astar/change_penalty: 0.4
 * /robot2/move_base/PathPlanner/hybrid_astar/cost_penalty: 2.0
 * /robot2/move_base/PathPlanner/hybrid_astar/curve_sample_ratio: 0.15
 * /robot2/move_base/PathPlanner/hybrid_astar/dim_3_size: 32
 * /robot2/move_base/PathPlanner/hybrid_astar/downsample_obstacle_heuristic: True
 * /robot2/move_base/PathPlanner/hybrid_astar/goal_tolerance: 0.2
 * /robot2/move_base/PathPlanner/hybrid_astar/lookup_table_dim: 20.0
 * /robot2/move_base/PathPlanner/hybrid_astar/max_approach_iterations: 500
 * /robot2/move_base/PathPlanner/hybrid_astar/max_iterations: 20000
 * /robot2/move_base/PathPlanner/hybrid_astar/minimum_turning_radius: 0.3
 * /robot2/move_base/PathPlanner/hybrid_astar/motion_model: 2
 * /robot2/move_base/PathPlanner/hybrid_astar/non_straight_penalty: 1.5
 * /robot2/move_base/PathPlanner/hybrid_astar/retrospective_penalty: 0.025
 * /robot2/move_base/PathPlanner/hybrid_astar/reverse_penalty: 2.5
 * /robot2/move_base/PathPlanner/hybrid_astar/traverse_unknown: False
 * /robot2/move_base/PathPlanner/obstacle_factor: 0.5
 * /robot2/move_base/PathPlanner/outline_map: True
 * /robot2/move_base/PathPlanner/planner_name: theta_star
 * /robot2/move_base/PathPlanner/show_safety_corridor: False
 * /robot2/move_base/base_global_planner: path_planner/Path...
 * /robot2/move_base/base_local_planner: dwa_controller/DW...
 * /robot2/move_base/conservative_reset_dist: 3.0
 * /robot2/move_base/controller_frequency: 20.0
 * /robot2/move_base/controller_patience: 15.0
 * /robot2/move_base/global_costmap/footprint: [[-0.21, -0.165],...
 * /robot2/move_base/global_costmap/footprint_padding: 0.1
 * /robot2/move_base/global_costmap/global_frame: map
 * /robot2/move_base/global_costmap/inflation_layer/cost_scaling_factor: 5
 * /robot2/move_base/global_costmap/inflation_layer/enabled: True
 * /robot2/move_base/global_costmap/inflation_layer/inflation_radius: 0.2
 * /robot2/move_base/global_costmap/map_type: costmap
 * /robot2/move_base/global_costmap/meter_scoring: True
 * /robot2/move_base/global_costmap/obstacle_layer/observation_sources: scan
 * /robot2/move_base/global_costmap/obstacle_layer/scan/clearing: True
 * /robot2/move_base/global_costmap/obstacle_layer/scan/data_type: LaserScan
 * /robot2/move_base/global_costmap/obstacle_layer/scan/expected_update_rate: 1
 * /robot2/move_base/global_costmap/obstacle_layer/scan/inf_is_valid: True
 * /robot2/move_base/global_costmap/obstacle_layer/scan/marking: True
 * /robot2/move_base/global_costmap/obstacle_layer/scan/max_obstacle_height: 0.2
 * /robot2/move_base/global_costmap/obstacle_layer/scan/min_obstacle_height: 0.0
 * /robot2/move_base/global_costmap/obstacle_layer/scan/observation_persistence: 0.0
 * /robot2/move_base/global_costmap/obstacle_layer/scan/obstacle_range: 2.5
 * /robot2/move_base/global_costmap/obstacle_layer/scan/raytrace_range: 3.0
 * /robot2/move_base/global_costmap/obstacle_layer/scan/sensor_frame: robot2/base_footp...
 * /robot2/move_base/global_costmap/obstacle_layer/scan/topic: /robot2/scan
 * /robot2/move_base/global_costmap/origin_z: 0.0
 * /robot2/move_base/global_costmap/plugins: [{'name': 'static...
 * /robot2/move_base/global_costmap/publish_frequency: 0.5
 * /robot2/move_base/global_costmap/publish_voxel_map: False
 * /robot2/move_base/global_costmap/robot_base_frame: robot2/base_footp...
 * /robot2/move_base/global_costmap/scan/sensor_frame: robot2/base_scan
 * /robot2/move_base/global_costmap/scan/topic: /robot2/scan
 * /robot2/move_base/global_costmap/static_map/clear_time: 20
 * /robot2/move_base/global_costmap/static_map/enabled: True
 * /robot2/move_base/global_costmap/static_map/publish_static_map: True
 * /robot2/move_base/global_costmap/transform_tolerance: 0.2
 * /robot2/move_base/global_costmap/update_frequency: 1.0
 * /robot2/move_base/global_costmap/z_resolution: 1
 * /robot2/move_base/global_costmap/z_voxels: 2
 * /robot2/move_base/local_costmap/global_frame: robot2/odom
 * /robot2/move_base/local_costmap/height: 3
 * /robot2/move_base/local_costmap/inflation_radius: 0.2
 * /robot2/move_base/local_costmap/plugins: [{'name': 'obstac...
 * /robot2/move_base/local_costmap/publish_frequency: 0.5
 * /robot2/move_base/local_costmap/resolution: 0.05
 * /robot2/move_base/local_costmap/robot_base_frame: robot2/base_footp...
 * /robot2/move_base/local_costmap/rolling_window: True
 * /robot2/move_base/local_costmap/scan/sensor_frame: robot2/base_scan
 * /robot2/move_base/local_costmap/scan/topic: /robot2/scan
 * /robot2/move_base/local_costmap/static_map: False
 * /robot2/move_base/local_costmap/transform_tolerance: 1.0
 * /robot2/move_base/local_costmap/update_frequency: 1.0
 * /robot2/move_base/local_costmap/width: 3
 * /robot2/move_base/oscillation_distance: 0.2
 * /robot2/move_base/oscillation_timeout: 10.0
 * /robot2/move_base/planner_frequency: 2
 * /robot2/move_base/planner_patience: 5.0
 * /robot2/move_base/shutdown_costmaps: False
 * /robot2/move_base/transform_tolerance: 2.0
 * /robot2/robot_description: <?xml version="1....
 * /robot2/tf_map2odom_node/odom_frame_id: robot2/odom
 * /robot2/tf_prefix: robot2
 * /rosdistro: noetic
 * /rosversion: 1.17.4
 * /use_sim_time: True

NODES
  /
    gazebo (gazebo_ros/gzserver)
    map_server (map_server/map_server)
    rviz (rviz/rviz)
  /robot1/
    ground_truth_odom_publisher (sim_env/ground_truth_odom_publisher.py)
    joint_state_publisher (joint_state_publisher/joint_state_publisher)
    move_base (move_base/move_base)
    robot_state_publisher (robot_state_publisher/robot_state_publisher)
    tf_map2odom_node (sim_env/tf_map2odom.py)
    urdf_spawner (gazebo_ros/spawn_model)
  /robot2/
    ground_truth_odom_publisher (sim_env/ground_truth_odom_publisher.py)
    joint_state_publisher (joint_state_publisher/joint_state_publisher)
    move_base (move_base/move_base)
    robot_state_publisher (robot_state_publisher/robot_state_publisher)
    tf_map2odom_node (sim_env/tf_map2odom.py)
    urdf_spawner (gazebo_ros/spawn_model)
[33m[WARN] [1774193525.073602180]: link 'base_scan' material 'dark' undefined.[0m
[33m[WARN] [1774193525.074004695]: link 'base_scan' material 'dark' undefined.[0m
[33m[WARN] [1774193525.074189924]: The root link base_footprint has an inertia specified in the URDF, but KDL does not support a root link with an inertia.  As a workaround, you can add an extra dummy link to your URDF.[0m
[33m[WARN] [1774193525.103155608]: link 'base_scan' material 'dark' undefined.[0m
[33m[WARN] [1774193525.104385715]: link 'base_scan' material 'dark' undefined.[0m
[33m[WARN] [1774193525.104622000]: The root link base_footprint has an inertia specified in the URDF, but KDL does not support a root link with an inertia.  As a workaround, you can add an extra dummy link to your URDF.[0m
[33m[WARN] [1774193526.262310170]: link 'base_scan' material 'dark' undefined.[0m
[33m[WARN] [1774193526.262335104]: link 'base_scan' material 'dark' undefined.[0m
[ERROR] [1774193526.583007, 0.000000]: Spawn service failed. Exiting.
[INFO] [1774193525.644274, 0.000000]: Loading model XML from ros parameter robot_description
[INFO] [1774193525.647729, 0.000000]: Waiting for service /gazebo/spawn_urdf_model
[INFO] [1774193526.551844, 0.000000]: Calling service /gazebo/spawn_urdf_model
[INFO] [1774193526.582176, 0.000000]: Spawn status: SpawnModel: Entity pushed to spawn queue, but spawn service timed out waiting for entity to appear in simulation under the name robot2
Warning: Warning: TF_REPEATED_DATA ignoring data with redundant timestamp for frame robot2/odom (parent map) at time 83.374000 according to authority unknown_publisherTF_REPEATED_DATA ignoring data with redundant timestamp for frame robot2/odom (parent map) at time 83.374000 according to authority unknown_publisher

         at line          at line 277277 in  in /tmp/binarydeb/ros-noetic-tf2-0.7.10/src/buffer_core.cpp/tmp/binarydeb/ros-noetic-tf2-0.7.10/src/buffer_core.cpp

[33m[WARN] [1774193526.638738190]: TF_REPEATED_DATA ignoring data with redundant timestamp for frame robot2/odom (parent map) at time 83.374000 according to authority unknown_publisher[0m
Warning: TF_REPEATED_DATA ignoring data with redundant timestamp for frame robot1/odom (parent map) at time 83.380000 according to authority unknown_publisher
         at line 277 in /tmp/binarydeb/ros-noetic-tf2-0.7.10/src/buffer_core.cpp
Warning: TF_REPEATED_DATA ignoring data with redundant timestamp for frame robot1/odom (parent map) at time 83.380000 according to authority unknown_publisher
         at line 277 in /tmp/binarydeb/ros-noetic-tf2-0.7.10/src/buffer_core.cpp
[33m[WARN] [1774193526.641720842]: TF_REPEATED_DATA ignoring data with redundant timestamp for frame robot1/odom (parent map) at time 83.380000 according to authority unknown_publisher[0m
[33m[WARN] [1774193527.012244113]: link 'base_scan' material 'dark' undefined.[0m
[33m[WARN] [1774193527.012278547]: link 'base_scan' material 'dark' undefined.[0m
[33m[WARN] [1774193528.761555144, 83.490000000]: GazeboRosSkidSteerDrive Plugin (ns = /robot2//) missing <covariance_x>, defaults to 0.000100[0m
[33m[WARN] [1774193528.761591952, 83.490000000]: GazeboRosSkidSteerDrive Plugin (ns = /robot2//) missing <covariance_y>, defaults to 0.000100[0m
[33m[WARN] [1774193528.761605013, 83.490000000]: GazeboRosSkidSteerDrive Plugin (ns = /robot2//) missing <covariance_yaw>, defaults to 0.010000[0m
[INFO] [1774193525.654142, 0.000000]: Loading model XML from ros parameter robot_description
[INFO] [1774193525.657598, 0.000000]: Waiting for service /gazebo/spawn_urdf_model
[INFO] [1774193526.561443, 0.000000]: Calling service /gazebo/spawn_urdf_model
[INFO] [1774193528.820096, 83.490000]: Spawn status: SpawnModel: Successfully spawned entity
[33m[WARN] [1774193530.022101830, 83.490000000]: GazeboRosSkidSteerDrive Plugin (ns = /robot1//) missing <covariance_x>, defaults to 0.000100[0m
[33m[WARN] [1774193530.022135077, 83.490000000]: GazeboRosSkidSteerDrive Plugin (ns = /robot1//) missing <covariance_y>, defaults to 0.000100[0m
[33m[WARN] [1774193530.022148138, 83.490000000]: GazeboRosSkidSteerDrive Plugin (ns = /robot1//) missing <covariance_yaw>, defaults to 0.010000[0m
[33m[WARN] [1774193530.025033425, 83.494000000]: Timed out waiting for transform from robot1/base_footprint to map to become available before running costmap, tf error: canTransform: source_frame robot1/base_footprint does not exist.. canTransform returned after 83.494 timeout was 0.1.[0m
[33m[WARN] [1774193530.025124852, 83.494000000]: Timed out waiting for transform from robot2/base_footprint to map to become available before running costmap, tf error: Could not find a connection between 'map' and 'robot2/base_footprint' because they are not part of the same tree.Tf has two or more unconnected trees.. canTransform returned after 83.494 timeout was 0.1.[0m
[33m[WARN] [1774193530.075341920, 83.592000000]: global_costmap: Pre-Hydro parameter "static_map" unused since "plugins" is provided[0m
[33m[WARN] [1774193530.075512900, 83.594000000]: global_costmap: Pre-Hydro parameter "map_type" unused since "plugins" is provided[0m
[33m[WARN] [1774193530.076699074, 83.596000000]: global_costmap: Pre-Hydro parameter "static_map" unused since "plugins" is provided[0m
[33m[WARN] [1774193530.076879553, 83.596000000]: global_costmap: Pre-Hydro parameter "map_type" unused since "plugins" is provided[0m
WARNING: Logging before InitGoogleLogging() is written to STDERR
I20260322 23:32:10.372555 319656 path_planner_factory.cpp:308] Using path planner: theta_star
WARNING: Logging before InitGoogleLogging() is written to STDERR
I20260322 23:32:10.373829 319602 path_planner_factory.cpp:308] Using path planner: theta_star
[33m[WARN] [1774193530.377185767, 84.194000000]: local_costmap: Pre-Hydro parameter "static_map" unused since "plugins" is provided[0m
[33m[WARN] [1774193530.378851635, 84.198000000]: local_costmap: Pre-Hydro parameter "static_map" unused since "plugins" is provided[0m
[33m[WARN] [1774193530.865594933, 85.168000000]: The /robot1/scan observation buffer has not been updated for 1.04 seconds, and it should be updated every 1.00 seconds.[0m
[33m[WARN] [1774193530.868774687, 85.174000000]: The /robot2/scan observation buffer has not been updated for 1.05 seconds, and it should be updated every 1.00 seconds.[0m
[31m[ERROR] [1774193536.552049747, 96.494000000]: None of the points of the global plan were in the local costmap, global plan points too far from robot[0m
[31m[ERROR] [1774193536.552101991, 96.494000000]: None of the 1 first of 1 (1) points of the global plan were in the local costmap and free[0m
[31m[ERROR] [1774193536.552120989, 96.494000000]: None of the 1 first of 1 (1) points of the global plan were in the local costmap and free[0m
[31m[ERROR] [1774193536.552139987, 96.494000000]: None of the points of the global plan were in the local costmap, global plan points too far from robot[0m
[33m[WARN] [1774193536.554720122, 96.500000000]: DWA planner failed to produce path.[0m
[31m[ERROR] [1774193536.578259551, 96.544000000]: None of the points of the global plan were in the local costmap, global plan points too far from robot[0m
[31m[ERROR] [1774193536.578327230, 96.546000000]: None of the 13 first of 13 (6) points of the global plan were in the local costmap and free[0m
[31m[ERROR] [1774193536.578386598, 96.546000000]: None of the 13 first of 13 (6) points of the global plan were in the local costmap and free[0m
[31m[ERROR] [1774193536.578426969, 96.546000000]: None of the points of the global plan were in the local costmap, global plan points too far from robot[0m
[33m[WARN] [1774193536.580470417, 96.550000000]: DWA planner failed to produce path.[0m
[31m[ERROR] [1774193536.612482853, 96.596000000]: None of the points of the global plan were in the local costmap, global plan points too far from robot[0m
[31m[ERROR] [1774193536.612520848, 96.596000000]: None of the 13 first of 13 (6) points of the global plan were in the local costmap and free[0m
[31m[ERROR] [1774193536.612538659, 96.596000000]: None of the 13 first of 13 (6) points of the global plan were in the local costmap and free[0m
[31m[ERROR] [1774193536.612556469, 96.596000000]: None of the points of the global plan were in the local costmap, global plan points too far from robot[0m
[33m[WARN] [1774193536.614414689, 96.598000000]: DWA planner failed to produce path.[0m
[31m[ERROR] [1774193536.636846310, 96.644000000]: None of the points of the global plan were in the local costmap, global plan points too far from robot[0m
[31m[ERROR] [1774193536.636874807, 96.644000000]: None of the 13 first of 13 (6) points of the global plan were in the local costmap and free[0m
[31m[ERROR] [1774193536.636893805, 96.644000000]: None of the 13 first of 13 (6) points of the global plan were in the local costmap and free[0m
[31m[ERROR] [1774193536.636909240, 96.644000000]: None of the points of the global plan were in the local costmap, global plan points too far from robot[0m
[33m[WARN] [1774193536.638780521, 96.648000000]: DWA planner failed to produce path.[0m
[31m[ERROR] [1774193536.680359523, 96.694000000]: None of the points of the global plan were in the local costmap, global plan points too far from robot[0m
[31m[ERROR] [1774193536.680393957, 96.694000000]: None of the 13 first of 13 (6) points of the global plan were in the local costmap and free[0m
[31m[ERROR] [1774193536.680422454, 96.694000000]: None of the 13 first of 13 (6) points of the global plan were in the local costmap and free[0m
[31m[ERROR] [1774193536.680437889, 96.694000000]: None of the points of the global plan were in the local costmap, global plan points too far from robot[0m
[33m[WARN] [1774193536.682288985, 96.698000000]: DWA planner failed to produce path.[0m
[31m[ERROR] [1774193536.704879713, 96.744000000]: None of the points of the global plan were in the local costmap, global plan points too far from robot[0m
[31m[ERROR] [1774193536.704933144, 96.744000000]: None of the 13 first of 13 (6) points of the global plan were in the local costmap and free[0m
[31m[ERROR] [1774193536.704969952, 96.744000000]: None of the 13 first of 13 (6) points of the global plan were in the local costmap and free[0m
[31m[ERROR] [1774193536.704988950, 96.744000000]: None of the points of the global plan were in the local costmap, global plan points too far from robot[0m
[33m[WARN] [1774193536.706984903, 96.746000000]: DWA planner failed to produce path.[0m
[31m[ERROR] [1774193536.741157149, 96.796000000]: None of the points of the global plan were in the local costmap, global plan points too far from robot[0m
[31m[ERROR] [1774193536.741202269, 96.796000000]: None of the 13 first of 13 (6) points of the global plan were in the local costmap and free[0m
[31m[ERROR] [1774193536.741220079, 96.796000000]: None of the 13 first of 13 (6) points of the global plan were in the local costmap and free[0m
[31m[ERROR] [1774193536.741236702, 96.796000000]: None of the points of the global plan were in the local costmap, global plan points too far from robot[0m
[33m[WARN] [1774193536.743296773, 96.800000000]: DWA planner failed to produce path.[0m
[31m[ERROR] [1774193536.764650271, 96.844000000]: None of the points of the global plan were in the local costmap, global plan points too far from robot[0m
[31m[ERROR] [1774193536.764679955, 96.844000000]: None of the 13 first of 13 (6) points of the global plan were in the local costmap and free[0m
[31m[ERROR] [1774193536.764695390, 96.844000000]: None of the 13 first of 13 (6) points of the global plan were in the local costmap and free[0m
[31m[ERROR] [1774193536.764708451, 96.844000000]: None of the points of the global plan were in the local costmap, global plan points too far from robot[0m
[33m[WARN] [1774193536.766614166, 96.848000000]: DWA planner failed to produce path.[0m
[31m[ERROR] [1774193536.801800417, 96.894000000]: None of the points of the global plan were in the local costmap, global plan points too far from robot[0m
[31m[ERROR] [1774193536.801836038, 96.894000000]: None of the 13 first of 13 (6) points of the global plan were in the local costmap and free[0m
[31m[ERROR] [1774193536.801858598, 96.894000000]: None of the 13 first of 13 (6) points of the global plan were in the local costmap and free[0m
[31m[ERROR] [1774193536.801877596, 96.894000000]: None of the points of the global plan were in the local costmap, global plan points too far from robot[0m
[33m[WARN] [1774193536.804137143, 96.898000000]: DWA planner failed to produce path.[0m
[31m[ERROR] [1774193536.827633827, 96.944000000]: None of the points of the global plan were in the local costmap, global plan points too far from robot[0m
[31m[ERROR] [1774193536.827667073, 96.944000000]: None of the 13 first of 13 (6) points of the global plan were in the local costmap and free[0m
[31m[ERROR] [1774193536.827683697, 96.944000000]: None of the 13 first of 13 (6) points of the global plan were in the local costmap and free[0m
[31m[ERROR] [1774193536.827700320, 96.944000000]: None of the points of the global plan were in the local costmap, global plan points too far from robot[0m
[33m[WARN] [1774193536.829633343, 96.950000000]: DWA planner failed to produce path.[0m
[31m[ERROR] [1774193536.861629156, 96.994000000]: None of the points of the global plan were in the local costmap, global plan points too far from robot[0m
[31m[ERROR] [1774193536.861673088, 96.994000000]: None of the 13 first of 13 (6) points of the global plan were in the local costmap and free[0m
[31m[ERROR] [1774193536.861688524, 96.994000000]: None of the 13 first of 13 (6) points of the global plan were in the local costmap and free[0m
[31m[ERROR] [1774193536.861705147, 96.994000000]: None of the points of the global plan were in the local costmap, global plan points too far from robot[0m
[33m[WARN] [1774193536.863729597, 96.998000000]: DWA planner failed to produce path.[0m
[31m[ERROR] [1774193536.887188286, 97.044000000]: None of the points of the global plan were in the local costmap, global plan points too far from robot[0m
[31m[ERROR] [1774193536.887228656, 97.044000000]: None of the 13 first of 13 (6) points of the global plan were in the local costmap and free[0m
[31m[ERROR] [1774193536.887245279, 97.044000000]: None of the 13 first of 13 (6) points of the global plan were in the local costmap and free[0m
[31m[ERROR] [1774193536.887264277, 97.044000000]: None of the points of the global plan were in the local costmap, global plan points too far from robot[0m
[33m[WARN] [1774193536.889310100, 97.048000000]: DWA planner failed to produce path.[0m
[31m[ERROR] [1774193536.923369546, 97.094000000]: None of the points of the global plan were in the local costmap, global plan points too far from robot[0m
[31m[ERROR] [1774193536.923406354, 97.094000000]: None of the 13 first of 13 (6) points of the global plan were in the local costmap and free[0m
[31m[ERROR] [1774193536.923422977, 97.094000000]: None of the 13 first of 13 (6) points of the global plan were in the local costmap and free[0m
[31m[ERROR] [1774193536.923437225, 97.094000000]: None of the points of the global plan were in the local costmap, global plan points too far from robot[0m
[33m[WARN] [1774193536.925341752, 97.098000000]: DWA planner failed to produce path.[0m
[31m[ERROR] [1774193536.948893055, 97.144000000]: None of the points of the global plan were in the local costmap, global plan points too far from robot[0m
[31m[ERROR] [1774193536.948928676, 97.144000000]: None of the 13 first of 13 (6) points of the global plan were in the local costmap and free[0m
[31m[ERROR] [1774193536.948945299, 97.144000000]: None of the 13 first of 13 (6) points of the global plan were in the local costmap and free[0m
[31m[ERROR] [1774193536.948960734, 97.144000000]: None of the points of the global plan were in the local costmap, global plan points too far from robot[0m
[33m[WARN] [1774193536.950946002, 97.146000000]: DWA planner failed to produce path.[0m
[31m[ERROR] [1774193536.985133683, 97.194000000]: None of the points of the global plan were in the local costmap, global plan points too far from robot[0m
[31m[ERROR] [1774193536.985165742, 97.194000000]: None of the 13 first of 13 (6) points of the global plan were in the local costmap and free[0m
[31m[ERROR] [1774193536.985182365, 97.194000000]: None of the 13 first of 13 (6) points of the global plan were in the local costmap and free[0m
[31m[ERROR] [1774193536.985197800, 97.194000000]: None of the points of the global plan were in the local costmap, global plan points too far from robot[0m
[33m[WARN] [1774193536.987155759, 97.196000000]: DWA planner failed to produce path.[0m
[31m[ERROR] [1774193537.010616821, 97.246000000]: None of the points of the global plan were in the local costmap, global plan points too far from robot[0m
[31m[ERROR] [1774193537.010648880, 97.246000000]: None of the 13 first of 13 (6) points of the global plan were in the local costmap and free[0m
[31m[ERROR] [1774193537.010665503, 97.246000000]: None of the 13 first of 13 (6) points of the global plan were in the local costmap and free[0m
[31m[ERROR] [1774193537.010679751, 97.246000000]: None of the points of the global plan were in the local costmap, global plan points too far from robot[0m
[33m[WARN] [1774193537.012656707, 97.250000000]: DWA planner failed to produce path.[0m
[33m[WARN] [1774193537.225463820, 97.610000000]: Control loop missed its desired rate of 20.0000Hz... the loop actually took 0.0640 seconds[0m
[33m[WARN] [1774193537.258415457, 97.652000000]: Control loop missed its desired rate of 20.0000Hz... the loop actually took 0.0580 seconds[0m
[33m[WARN] [1774193537.292446405, 97.714000000]: Control loop missed its desired rate of 20.0000Hz... the loop actually took 0.0700 seconds[0m
[33m[WARN] [1774193537.324209494, 97.770000000]: Control loop missed its desired rate of 20.0000Hz... the loop actually took 0.0760 seconds[0m
[33m[WARN] [1774193537.355857408, 97.824000000]: Control loop missed its desired rate of 20.0000Hz... the loop actually took 0.0800 seconds[0m
[33m[WARN] [1774193537.389380166, 97.890000000]: Control loop missed its desired rate of 20.0000Hz... the loop actually took 0.0960 seconds[0m
[33m[WARN] [1774193537.424223268, 97.950000000]: Control loop missed its desired rate of 20.0000Hz... the loop actually took 0.1060 seconds[0m
[33m[WARN] [1774193537.459809659, 98.020000000]: Control loop missed its desired rate of 20.0000Hz... the loop actually took 0.0700 seconds[0m
[33m[WARN] [1774193537.495590776, 98.086000000]: Control loop missed its desired rate of 20.0000Hz... the loop actually took 0.0860 seconds[0m
[33m[WARN] [1774193537.533631441, 98.146000000]: Control loop missed its desired rate of 20.0000Hz... the loop actually took 0.0960 seconds[0m
[33m[WARN] [1774193537.564867342, 98.208000000]: Control loop missed its desired rate of 20.0000Hz... the loop actually took 0.1080 seconds[0m
[33m[WARN] [1774193537.632996917, 98.322000000]: Control loop missed its desired rate of 20.0000Hz... the loop actually took 0.0640 seconds[0m
[33m[WARN] [1774193537.667517057, 98.372000000]: Control loop missed its desired rate of 20.0000Hz... the loop actually took 0.0620 seconds[0m
[33m[WARN] [1774193537.699081857, 98.434000000]: Control loop missed its desired rate of 20.0000Hz... the loop actually took 0.0760 seconds[0m
[33m[WARN] [1774193537.733729045, 98.484000000]: Control loop missed its desired rate of 20.0000Hz... the loop actually took 0.0760 seconds[0m
[33m[WARN] [1774193537.765185794, 98.546000000]: Control loop missed its desired rate of 20.0000Hz... the loop actually took 0.0880 seconds[0m
[33m[WARN] [1774193537.800782871, 98.594000000]: Control loop missed its desired rate of 20.0000Hz... the loop actually took 0.0860 seconds[0m
[33m[WARN] [1774193537.833879366, 98.660000000]: Control loop missed its desired rate of 20.0000Hz... the loop actually took 0.1020 seconds[0m
[33m[WARN] [1774193537.896385600, 98.764000000]: Control loop missed its desired rate of 20.0000Hz... the loop actually took 0.0540 seconds[0m
E20260322 23:32:17.982180 319884 path_planner_node.cpp:250] Failed to get a path.
[33m[WARN] [1774193538.072979393, 99.062000000]: Control loop missed its desired rate of 20.0000Hz... the loop actually took 0.0520 seconds[0m
[33m[WARN] [1774193538.198135526, 99.262000000]: Control loop missed its desired rate of 20.0000Hz... the loop actually took 0.0520 seconds[0m
[33m[WARN] [1774193538.252921538, 99.362000000]: Control loop missed its desired rate of 20.0000Hz... the loop actually took 0.0520 seconds[0m
[33m[WARN] [1774193538.279450739, 99.412000000]: Control loop missed its desired rate of 20.0000Hz... the loop actually took 0.0520 seconds[0m
[33m[WARN] [1774193538.333216808, 99.512000000]: Control loop missed its desired rate of 20.0000Hz... the loop actually took 0.0520 seconds[0m
[33m[WARN] [1774193538.361548422, 99.562000000]: Control loop missed its desired rate of 20.0000Hz... the loop actually took 0.0520 seconds[0m
[33m[WARN] [1774193538.390226746, 99.618000000]: Control loop missed its desired rate of 20.0000Hz... the loop actually took 0.0580 seconds[0m
E20260322 23:32:19.381064 319884 path_planner_node.cpp:250] Failed to get a path.
E20260322 23:32:20.713235 319884 path_planner_node.cpp:250] Failed to get a path.
[33m[WARN] [1774193540.717134262, 103.572000000]: Map update loop missed its desired rate of 1.0000Hz... the loop actually took 6.4040 seconds[0m
[33m[WARN] [1774193540.726208072, 103.590000000]: Clearing both costmaps outside a square (3.00m) large centered on the robot.[0m
[33m[WARN] [1774193541.788805542, 105.412000000]: Control loop missed its desired rate of 20.0000Hz... the loop actually took 0.0520 seconds[0m
[33m[WARN] [1774193541.844661357, 105.514000000]: Control loop missed its desired rate of 20.0000Hz... the loop actually took 0.0540 seconds[0m
[33m[WARN] [1774193541.872877793, 105.562000000]: Control loop missed its desired rate of 20.0000Hz... the loop actually took 0.0520 seconds[0m
[33m[WARN] [1774193541.899937740, 105.616000000]: Control loop missed its desired rate of 20.0000Hz... the loop actually took 0.0560 seconds[0m
E20260322 23:32:22.121687 319884 path_planner_node.cpp:250] Failed to get a path.
[0m[INFO] [1774193530.077170457, 83.596000000]: global_costmap: Using plugin "static_map"[0m
[0m[INFO] [1774193530.081848660, 83.606000000]: Requesting the map...[0m
[0m[INFO] [1774193530.284603650, 84.010000000]: Resizing costmap to 480 X 480 at 0.050000 m/pix[0m
[0m[INFO] [1774193530.334288781, 84.108000000]: Received a 480 X 480 map at 0.050000 m/pix[0m
[0m[INFO] [1774193530.336354789, 84.112000000]: global_costmap: Using plugin "obstacle_layer"[0m
[0m[INFO] [1774193530.338245068, 84.116000000]:     Subscribed to Topics: scan[0m
[0m[INFO] [1774193530.348799522, 84.138000000]: global_costmap: Using plugin "voronoi_layer"[0m
[0m[INFO] [1774193530.351249048, 84.142000000]: global_costmap: Using plugin "inflation_layer"[0m
[0m[INFO] [1774193530.379480936, 84.200000000]: local_costmap: Using plugin "obstacle_layer"[0m
[0m[INFO] [1774193530.381044691, 84.202000000]:     Subscribed to Topics: [0m
[0m[INFO] [1774193530.386828328, 84.214000000]: local_costmap: Using plugin "inflation_layer"[0m
[0m[INFO] [1774193530.409372755, 84.258000000]: Created local_planner dwa_controller/DWAController[0m
[0m[INFO] [1774193530.410899702, 84.262000000]: Sim period is set to 0.10[0m
[0m[INFO] [1774193530.413261363, 84.266000000]: Using local controller: DWAController[0m
[0m[INFO] [1774193530.913013391, 85.262000000]: Recovery behavior will clear layer 'obstacles'[0m
[0m[INFO] [1774193530.916606346, 85.270000000]: Recovery behavior will clear layer 'obstacles'[0m
[0m[INFO] [1774193530.937509841, 85.312000000]: odom received![0m
[0m[INFO] [1774193536.551511873, 96.494000000]: Got new plan[0m
[0m[INFO] [1774193536.578128941, 96.544000000]: Got new plan[0m
[0m[INFO] [1774193536.612347494, 96.594000000]: Got new plan[0m
[0m[INFO] [1774193536.636744197, 96.644000000]: Got new plan[0m
[0m[INFO] [1774193536.680200417, 96.694000000]: Got new plan[0m
[0m[INFO] [1774193536.704668362, 96.744000000]: Got new plan[0m
[0m[INFO] [1774193536.740951735, 96.796000000]: Got new plan[0m
[0m[INFO] [1774193536.764551720, 96.844000000]: Got new plan[0m
[0m[INFO] [1774193536.801686431, 96.894000000]: Got new plan[0m
[0m[INFO] [1774193536.827511529, 96.944000000]: Got new plan[0m
[0m[INFO] [1774193536.861505671, 96.994000000]: Got new plan[0m
[0m[INFO] [1774193536.887058864, 97.044000000]: Got new plan[0m
[0m[INFO] [1774193536.923232999, 97.094000000]: Got new plan[0m
[0m[INFO] [1774193536.948773131, 97.144000000]: Got new plan[0m
[0m[INFO] [1774193536.984953204, 97.194000000]: Got new plan[0m
[0m[INFO] [1774193537.010501647, 97.246000000]: Got new plan[0m
[0m[INFO] [1774193537.046644910, 97.296000000]: Got new plan[0m
[0m[INFO] [1774193537.324298546, 97.770000000]: Got new plan[0m
[0m[INFO] [1774193537.600929864, 98.258000000]: Got new plan[0m
[0m[INFO] [1774193537.896465153, 98.764000000]: Got new plan[0m
[0m[INFO] [1774193538.198202018, 99.262000000]: Got new plan[0m
[0m[INFO] [1774193538.471129944, 99.762000000]: Got new plan[0m
[0m[INFO] [1774193538.770080068, 100.260000000]: Got new plan[0m
[0m[INFO] [1774193539.037970021, 100.760000000]: Got new plan[0m
[0m[INFO] [1774193539.345277961, 101.260000000]: Got new plan[0m
[0m[INFO] [1774193539.650586386, 101.762000000]: Got new plan[0m
[0m[INFO] [1774193539.946053965, 102.260000000]: Got new plan[0m
[0m[INFO] [1774193540.253518625, 102.760000000]: Got new plan[0m
[0m[INFO] [1774193540.542554257, 103.260000000]: Got new plan[0m
[0m[INFO] [1774193540.820095051, 103.760000000]: Got new plan[0m
[0m[INFO] [1774193541.112329427, 104.262000000]: Got new plan[0m
[0m[INFO] [1774193541.406682045, 104.760000000]: Got new plan[0m
[0m[INFO] [1774193541.707338360, 105.260000000]: Got new plan[0m
[0m[INFO] [1774193541.988614576, 105.760000000]: Got new plan[0m
[0m[INFO] [1774193542.281808316, 106.260000000]: Got new plan[0m
[0m[INFO] [1774193542.583293393, 106.760000000]: Got new plan[0m
[0m[INFO] [1774193542.887945161, 107.260000000]: Got new plan[0m
[0m[INFO] [1774193543.186116306, 107.760000000]: Got new plan[0m
[0m[E20260322 23:32:23.463201 319884 path_planner_node.cpp:250] Failed to get a path.
[33m[WARN] [1774193543.698525263, 108.662000000]: Clearing both costmaps outside a square (3.00m) large centered on the robot.[0m
[33m[WARN] [1774193544.810045382, 110.512000000]: Control loop missed its desired rate of 20.0000Hz... the loop actually took 0.0520 seconds[0m
E20260322 23:32:24.868646 319884 path_planner_node.cpp:250] Failed to get a path.
[33m[WARN] [1774193544.873216515, 110.614000000]: Map update loop missed its desired rate of 1.0000Hz... the loop actually took 6.0420 seconds[0m
[33m[WARN] [1774193544.895650502, 110.640000000]: Rotate recovery behavior started.[0m
[33m[WARN] [1774193544.931152577, 110.712000000]: Control loop missed its desired rate of 20.0000Hz... the loop actually took 0.0520 seconds[0m
[33m[WARN] [1774193544.991228263, 110.812000000]: Control loop missed its desired rate of 20.0000Hz... the loop actually took 0.0520 seconds[0m
[33m[WARN] [1774193545.052786959, 110.912000000]: Control loop missed its desired rate of 20.0000Hz... the loop actually took 0.0520 seconds[0m
[33m[WARN] [1774193545.114194859, 111.012000000]: Control loop missed its desired rate of 20.0000Hz... the loop actually took 0.0520 seconds[0m
[0m[INFO] [1774193530.075926102, 83.594000000]: global_costmap: Using plugin "static_map"[0m
[0m[INFO] [1774193530.080167356, 83.602000000]: Requesting the map...[0m
[0m[INFO] [1774193530.282929471, 84.006000000]: Resizing costmap to 480 X 480 at 0.050000 m/pix[0m
[0m[INFO] [1774193530.332725026, 84.106000000]: Received a 480 X 480 map at 0.050000 m/pix[0m
[0m[INFO] [1774193530.334197354, 84.108000000]: global_costmap: Using plugin "obstacle_layer"[0m
[0m[INFO] [1774193530.336179060, 84.112000000]:     Subscribed to Topics: scan[0m
[0m[INFO] [1774193530.347151465, 84.134000000]: global_costmap: Using plugin "voronoi_layer"[0m
[0m[INFO] [1774193530.349476318, 84.140000000]: global_costmap: Using plugin "inflation_layer"[0m
[0m[INFO] [1774193530.377832879, 84.196000000]: local_costmap: Using plugin "obstacle_layer"[0m
[0m[INFO] [1774193530.379334891, 84.198000000]:     Subscribed to Topics: [0m
[0m[INFO] [1774193530.385181457, 84.210000000]: local_costmap: Using plugin "inflation_layer"[0m
[0m[INFO] [1774193530.407890928, 84.256000000]: Created local_planner pid_controller/PIDController[0m
[0m[INFO] [1774193530.417367258, 84.274000000]: PID Controller initialized![0m
[0m[INFO] [1774193530.912809165, 85.262000000]: Recovery behavior will clear layer 'obstacles'[0m
[0m[INFO] [1774193530.916487610, 85.270000000]: Recovery behavior will clear layer 'obstacles'[0m
[0m[INFO] [1774193530.937392292, 85.310000000]: odom received![0m
Error in XmlRpcClient::writeRequest: write error (Connection refused).
Error in XmlRpcClient::writeRequest: write error (Connection refused).
Error in XmlRpcDispatch::work: couldn't find source iterator
Error in XmlRpcDispatch::work: couldn't find source iterator
INFO] [1774193543.457037523, 108.260000000]: Got new plan[0m
[0m[INFO] [1774193543.761134778, 108.760000000]: Got new plan[0m
[0m[INFO] [1774193544.066996448, 109.260000000]: Got new plan[0m
[0m[INFO] [1774193544.360738718, 109.760000000]: Got new plan[0m
[0m[INFO] [1774193544.663950187, 110.260000000]: Got new plan[0m
[0m[INFO] [1774193544.965031531, 110.760000000]: Got new plan[0m
[0m[INFO] [1774193545.257986568, 111.260000000]: Got new plan[0m
[0m[INFO] [1774193545.561563728, 111.760000000]: Got new plan[0m
Error in XmlRpcClient::writeRequest: write error (Connection refused).
Error in XmlRpcDispatch::work: couldn't find source iterator
Error in XmlRpcClient::writeRequest: write error (Connection refused).
Error in XmlRpcDispatch::work: couldn't find source iterator
Error in XmlRpcClient::writeRequest: write error (Connection refused).
Error in XmlRpcClient::writeRequest: write error (Connection refused).
Error in XmlRpcDispatch::work: couldn't find source iterator
Error in XmlRpcDispatch::work: couldn't find source iterator
Error in XmlRpcClient::writeRequest: write error (Connection refused).
Error in XmlRpcDispatch::work: couldn't find source iterator
Error in XmlRpcClient::writeRequest: write error (Connection refused).
Error in XmlRpcDispatch::work: couldn't find source iterator
Error in XmlRpcClient::writeRequest: write error (Connection refused).
Error in XmlRpcDispatch::work: couldn't find source iterator
Error in XmlRpcClient::writeRequest: write error (Connection refused).
Error in XmlRpcDispatch::work: couldn't find source iterator
Error in XmlRpcClient::writeRequest: write error (Connection refused).
Error in XmlRpcClient::writeRequest: write error (Connection refused).
Error in XmlRpcDispatch::work: couldn't find source iterator
Error in XmlRpcDispatch::work: couldn't find source iterator
Error in XmlRpcClient::writeRequest: write error (Connection refused).
Error in XmlRpcDispatch::work: couldn't find source iterator
Error in XmlRpcClient::writeRequest: write error (Connection refused).
Error in XmlRpcDispatch::work: couldn't find source iterator
Error in XmlRpcClient::writeRequest: write error (Connection refused).
Error in XmlRpcDispatch::work: couldn't find source iterator
Error in XmlRpcClient::writeRequest: write error (Connection refused).
Error in XmlRpcClient::writeRequest: write error (Connection refused).
Error in XmlRpcDispatch::work: couldn't find source iterator
Error in XmlRpcDispatch::work: couldn't find source iterator
Error in XmlRpcClient::writeRequest: write error (Connection refused).
Error in XmlRpcDispatch::work: couldn't find source iterator
Error in XmlRpcClient::writeRequest: write error (Connection refused).
Error in XmlRpcDispatch::work: couldn't find source iterator
Error in XmlRpcClient::writeRequest: write error (Connection refused).
Error in XmlRpcDispatch::work: couldn't find source iterator
Error in XmlRpcClient::writeRequest: write error (Connection refused).
Error in XmlRpcDispatch::work: couldn't find source iterator
Error in XmlRpcClient::writeRequest: write error (Connection refused).
Error in XmlRpcDispatch::work: couldn't find source iterator
Error in XmlRpcClient::writeRequest: write error (Connection refused).
Error in XmlRpcDispatch::work: couldn't find source iterator
Error in XmlRpcClient::writeRequest: write error (Connection refused).
Error in XmlRpcDispatch::work: couldn't find source iterator
Error in XmlRpcClient::writeRequest: write error (Connection refused).
Error in XmlRpcDispatch::work: couldn't find source iterator
Error in XmlRpcClient::writeRequest: write error (Connection refused).
Error in XmlRpcDispatch::work: couldn't find source iterator
Error in XmlRpcClient::writeRequest: write error (Connection refused).
Error in XmlRpcClient::writeRequest: write error (Connection refused).
Error in XmlRpcDispatch::work: couldn't find source iterator
Error in XmlRpcDispatch::work: couldn't find source iterator
Error in XmlRpcClient::writeRequest: write error (Connection refused).
Error in XmlRpcDispatch::work: couldn't find source iterator
Error in XmlRpcClient::writeRequest: write error (Connection refused).
Error in XmlRpcDispatch::work: couldn't find source iterator
Error in XmlRpcClient::writeRequest: write error (Connection refused).
Error in XmlRpcDispatch::work: couldn't find source iterator
Error in XmlRpcClient::writeRequest: write error (Connection refused).
Error in XmlRpcDispatch::work: couldn't find source iterator
Error in XmlRpcClient::writeRequest: write error (Connection refused).
Error in XmlRpcDispatch::work: couldn't find source iterator
Error in XmlRpcClient::writeRequest: write error (Connection refused).
Error in XmlRpcDispatch::work: couldn't find source iterator
Error in XmlRpcClient::writeRequest: write error (Connection refused).
Error in XmlRpcDispatch::work: couldn't find source iterator
Error in XmlRpcClient::writeRequest: write error (Connection refused).
Error in XmlRpcDispatch::work: couldn't find source iterator
Error in XmlRpcClient::writeRequest: write error (Connection refused).
Error in XmlRpcDispatch::work: couldn't find source iterator
Error in XmlRpcClient::writeRequest: write error (Connection refused).
Error in XmlRpcDispatch::work: couldn't find source iterator
Error in XmlRpcClient::writeRequest: write error (Connection refused).
Error in XmlRpcDispatch::work: couldn't find source iterator
Error in XmlRpcClient::writeRequest: write error (Connection refused).
Error in XmlRpcDispatch::work: couldn't find source iterator
Error in XmlRpcClient::writeRequest: write error (Connection refused).
Error in XmlRpcDispatch::work: couldn't find source iterator
Error in XmlRpcClient::writeRequest: write error (Connection refused).
Error in XmlRpcDispatch::work: couldn't find source iterator
Error in XmlRpcClient::writeRequest: write error (Connection refused).
Error in XmlRpcDispatch::work: couldn't find source iterator
Error in XmlRpcClient::writeRequest: write error (Connection refused).
Error in XmlRpcDispatch::work: couldn't find source iterator
Error in XmlRpcClient::writeRequest: write error (Connection refused).
Error in XmlRpcDispatch::work: couldn't find source iterator
Error in XmlRpcClient::writeRequest: write error (Connection refused).
Error in XmlRpcDispatch::work: couldn't find source iterator
Error in XmlRpcClient::writeRequest: write error (Connection refused).
Error in XmlRpcDispatch::work: couldn't find source iterator
Error in XmlRpcClient::writeRequest: write error (Connection refused).
Error in XmlRpcDispatch::work: couldn't find source iterator
Error in XmlRpcClient::writeRequest: write error (Connection refused).
Error in XmlRpcDispatch::work: couldn't find source iterator
Error in XmlRpcClient::writeRequest: write error (Connection refused).
Error in XmlRpcDispatch::work: couldn't find source iterator
Error in XmlRpcClient::writeRequest: write error (Connection refused).
Error in XmlRpcDispatch::work: couldn't find source iterator
Error in XmlRpcClient::writeRequest: write error (Connection refused).
Error in XmlRpcDispatch::work: couldn't find source iterator
Error in XmlRpcClient::writeRequest: write error (Connection refused).
Error in XmlRpcDispatch::work: couldn't find source iterator
Error in XmlRpcClient::writeRequest: write error (Connection refused).
Error in XmlRpcDispatch::work: couldn't find source iterator
Error in XmlRpcClient::writeRequest: write error (Connection refused).
Error in XmlRpcDispatch::work: couldn't find source iterator
Error in XmlRpcClient::writeRequest: write error (Connection refused).
Error in XmlRpcDispatch::work: couldn't find source iterator
Error in XmlRpcClient::writeRequest: write error (Connection refused).
Error in XmlRpcDispatch::work: couldn't find source iterator
Error in XmlRpcClient::writeRequest: write error (Connection refused).
Error in XmlRpcDispatch::work: couldn't find source iterator
Error in XmlRpcClient::writeRequest: write error (Connection refused).
Error in XmlRpcDispatch::work: couldn't find source iterator
Error in XmlRpcClient::writeRequest: write error (Connection refused).
Error in XmlRpcDispatch::work: couldn't find source iterator
Error in XmlRpcClient::writeRequest: write error (Connection refused).
Error in XmlRpcDispatch::work: couldn't find source iterator
Error in XmlRpcClient::writeRequest: write error (Connection refused).
Error in XmlRpcDispatch::work: couldn't find source iterator
Error in XmlRpcClient::writeRequest: write error (Connection refused).
Error in XmlRpcDispatch::work: couldn't find source iterator
Error in XmlRpcClient::writeRequest: write error (Connection refused).
Error in XmlRpcClient::writeRequest: write error (Connection refused).
Error in XmlRpcDispatch::work: couldn't find source iterator
Error in XmlRpcDispatch::work: couldn't find source iterator
Error in XmlRpcClient::writeRequest: write error (Connection refused).
Error in XmlRpcClient::writeRequest: write error (Connection refused).
Error in XmlRpcDispatch::work: couldn't find source iterator
Error in XmlRpcDispatch::work: couldn't find source iterator
Error in XmlRpcClient::writeRequest: write error (Connection refused).
Error in XmlRpcClient::writeRequest: write error (Connection refused).
Error in XmlRpcDispatch::work: couldn't find source iterator
Error in XmlRpcDispatch::work: couldn't find source iterator
Error in XmlRpcClient::writeRequest: write error (Connection refused).
Error in XmlRpcClient::writeRequest: write error (Connection refused).
Error in XmlRpcDispatch::work: couldn't find source iterator
Error in XmlRpcDispatch::work: couldn't find source iterator
Error in XmlRpcClient::writeRequest: write error (Connection refused).
Error in XmlRpcClient::writeRequest: write error (Connection refused).
Error in XmlRpcDispatch::work: couldn't find source iterator
Error in XmlRpcDispatch::work: couldn't find source iterator
Error in XmlRpcClient::writeRequest: write error (Connection refused).
Error in XmlRpcClient::writeRequest: write error (Connection refused).
Error in XmlRpcDispatch::work: couldn't find source iterator
Error in XmlRpcDispatch::work: couldn't find source iterator
Error in XmlRpcClient::writeRequest: write error (Connection refused).
Error in XmlRpcClient::writeRequest: write error (Connection refused).
Error in XmlRpcDispatch::work: couldn't find source iterator
Error in XmlRpcDispatch::work: couldn't find source iterator
Error in XmlRpcClient::writeRequest: write error (Connection refused).
Error in XmlRpcDispatch::work: couldn't find source iterator
Error in XmlRpcClient::writeRequest: write error (Connection refused).
Error in XmlRpcDispatch::work: couldn't find source iterator
Error in XmlRpcClient::writeRequest: write error (Connection refused).
Error in XmlRpcDispatch::work: couldn't find source iterator
Error in XmlRpcClient::writeRequest: write error (Connection refused).
Error in XmlRpcDispatch::work: couldn't find source iterator
Error in XmlRpcClient::writeRequest: write error (Connection refused).
Error in XmlRpcDispatch::work: couldn't find source iterator
Error in XmlRpcClient::writeRequest: write error (Connection refused).
Error in XmlRpcDispatch::work: couldn't find source iterator
Error in XmlRpcClient::writeRequest: write error (Connection refused).
Error in XmlRpcDispatch::work: couldn't find source iterator
Error in XmlRpcClient::writeRequest: write error (Connection refused).
Error in XmlRpcDispatch::work: couldn't find source iterator
Error in XmlRpcClient::writeRequest: write error (Connection refused).
Error in XmlRpcDispatch::work: couldn't find source iterator
Error in XmlRpcClient::writeRequest: write error (Connection refused).
Error in XmlRpcDispatch::work: couldn't find source iterator
Error in XmlRpcClient::writeRequest: write error (Connection refused).
Error in XmlRpcDispatch::work: couldn't find source iterator
Error in XmlRpcClient::writeRequest: write error (Connection refused).
Error in XmlRpcDispatch::work: couldn't find source iterator
Error in XmlRpcClient::writeRequest: write error (Connection refused).
Error in XmlRpcDispatch::work: couldn't find source iterator
Error in XmlRpcClient::writeRequest: write error (Connection refused).
Error in XmlRpcClient::writeRequest: write error (Connection refused).
Error in XmlRpcDispatch::work: couldn't find source iterator
Error in XmlRpcDispatch::work: couldn't find source iterator
Error in XmlRpcClient::writeRequest: write error (Connection refused).
Error in XmlRpcDispatch::work: couldn't find source iterator
Error in XmlRpcClient::writeRequest: write error (Connection refused).
Error in XmlRpcDispatch::work: couldn't find source iterator
Error in XmlRpcClient::writeRequest: write error (Connection refused).
Error in XmlRpcDispatch::work: couldn't find source iterator
Error in XmlRpcClient::writeRequest: write error (Connection refused).
Error in XmlRpcDispatch::work: couldn't find source iterator
Error in XmlRpcClient::writeRequest: write error (Connection refused).
Error in XmlRpcDispatch::work: couldn't find source iterator
Error in XmlRpcClient::writeRequest: write error (Connection refused).
Error in XmlRpcDispatch::work: couldn't find source iterator
Error in XmlRpcClient::writeRequest: write error (Connection refused).
Error in XmlRpcDispatch::work: couldn't find source iterator
Error in XmlRpcClient::writeRequest: write error (Connection refused).
Error in XmlRpcDispatch::work: couldn't find source iterator
Error in XmlRpcClient::writeRequest: write error (Connection refused).
Error in XmlRpcDispatch::work: couldn't find source iterator
Error in XmlRpcClient::writeRequest: write error (Connection refused).
Error in XmlRpcDispatch::work: couldn't find source iterator
Error in XmlRpcClient::writeRequest: write error (Connection refused).
Error in XmlRpcDispatch::work: couldn't find source iterator
Error in XmlRpcClient::writeRequest: write error (Connection refused).
Error in XmlRpcDispatch::work: couldn't find source iterator
Error in XmlRpcClient::writeRequest: write error (Connection refused).
Error in XmlRpcDispatch::work: couldn't find source iterator
Error in XmlRpcClient::writeRequest: write error (Connection refused).
Error in XmlRpcDispatch::work: couldn't find source iterator
Error in XmlRpcClient::writeRequest: write error (Connection refused).
Error in XmlRpcDispatch::work: couldn't find source iterator
Error in XmlRpcClient::writeRequest: write error (Connection refused).
Error in XmlRpcDispatch::work: couldn't find source iterator
Error in XmlRpcClient::writeRequest: write error (Connection refused).
Error in XmlRpcDispatch::work: couldn't find source iterator
Error in XmlRpcClient::writeRequest: write error (Connection refused).
Error in XmlRpcDispatch::work: couldn't find source iterator
Error in XmlRpcClient::writeRequest: write error (Connection refused).
Error in XmlRpcDispatch::work: couldn't find source iterator
Error in XmlRpcClient::writeRequest: write error (Connection refused).
Error in XmlRpcDispatch::work: couldn't find source iterator
Error in XmlRpcClient::writeRequest: write error (Connection refused).
Error in XmlRpcClient::writeRequest: write error (Connection refused).
Error in XmlRpcDispatch::work: couldn't find source iterator
Error in XmlRpcDispatch::work: couldn't find source iterator
Error in XmlRpcClient::writeRequest: write error (Connection refused).
Error in XmlRpcDispatch::work: couldn't find source iterator
Error in XmlRpcClient::writeRequest: write error (Connection refused).
Error in XmlRpcDispatch::work: couldn't find source iterator
Error in XmlRpcClient::writeRequest: write error (Connection refused).
Error in XmlRpcClient::writeRequest: write error (Connection refused).
Error in XmlRpcDispatch::work: couldn't find source iterator
Error in XmlRpcDispatch::work: couldn't find source iterator
Error in XmlRpcClient::writeRequest: write error (Connection refused).
Error in XmlRpcClient::writeRequest: write error (Connection refused).
Error in XmlRpcDispatch::work: couldn't find source iterator
Error in XmlRpcDispatch::work: couldn't find source iterator
Error in XmlRpcClient::writeRequest: write error (Connection refused).
Error in XmlRpcDispatch::work: couldn't find source iterator
Error in XmlRpcClient::writeRequest: write error (Connection refused).
Error in XmlRpcDispatch::work: couldn't find source iterator
Error in XmlRpcClient::writeRequest: write error (Connection refused).
Error in XmlRpcDispatch::work: couldn't find source iterator
Error in XmlRpcClient::writeRequest: write error (Connection refused).
Error in XmlRpcDispatch::work: couldn't find source iterator
Error in XmlRpcClient::writeRequest: write error (Connection refused).
Error in XmlRpcDispatch::work: couldn't find source iterator
Error in XmlRpcClient::writeRequest: write error (Connection refused).
Error in XmlRpcDispatch::work: couldn't find source iterator
Error in XmlRpcClient::writeRequest: write error (Connection refused).
Error in XmlRpcDispatch::work: couldn't find source iterator
Error in XmlRpcClient::writeRequest: write error (Connection refused).
Error in XmlRpcDispatch::work: couldn't find source iterator
Error in XmlRpcClient::writeRequest: write error (Connection refused).
Error in XmlRpcDispatch::work: couldn't find source iterator
Error in XmlRpcClient::writeRequest: write error (Connection refused).
Error in XmlRpcDispatch::work: couldn't find source iterator
Error in XmlRpcClient::writeRequest: write error (Connection refused).
Error in XmlRpcDispatch::work: couldn't find source iterator
Error in XmlRpcClient::writeRequest: write error (Connection refused).
Error in XmlRpcClient::writeRequest: write error (Connection refused).
Error in XmlRpcDispatch::work: couldn't find source iterator
Error in XmlRpcDispatch::work: couldn't find source iterator
Error in XmlRpcClient::writeRequest: write error (Connection refused).
Error in XmlRpcClient::writeRequest: write error (Connection refused).
Error in XmlRpcDispatch::work: couldn't find source iterator
Error in XmlRpcDispatch::work: couldn't find source iterator
Error in XmlRpcClient::writeRequest: write error (Connection refused).
Error in XmlRpcClient::writeRequest: write error (Connection refused).
Error in XmlRpcDispatch::work: couldn't find source iterator
Error in XmlRpcDispatch::work: couldn't find source iterator
Error in XmlRpcClient::writeRequest: write error (Connection refused).
Error in XmlRpcClient::writeRequest: write error (Connection refused).
Error in XmlRpcDispatch::work: couldn't find source iterator
Error in XmlRpcDispatch::work: couldn't find source iterator
Error in XmlRpcClient::writeRequest: write error (Connection refused).
Error in XmlRpcDispatch::work: couldn't find source iterator
Error in XmlRpcClient::writeRequest: write error (Connection refused).
Error in XmlRpcDispatch::work: couldn't find source iterator
Error in XmlRpcClient::writeRequest: write error (Connection refused).
Error in XmlRpcDispatch::work: couldn't find source iterator
Error in XmlRpcClient::writeRequest: write error (Connection refused).
Error in XmlRpcDispatch::work: couldn't find source iterator
Error in XmlRpcClient::writeRequest: write error (Connection refused).
Error in XmlRpcDispatch::work: couldn't find source iterator
Error in XmlRpcClient::writeRequest: write error (Connection refused).
Error in XmlRpcDispatch::work: couldn't find source iterator
Error in XmlRpcClient::writeRequest: write error (Connection refused).
Error in XmlRpcDispatch::work: couldn't find source iterator
Error in XmlRpcClient::writeRequest: write error (Connection refused).
Error in XmlRpcDispatch::work: couldn't find source iterator
Error in XmlRpcClient::writeRequest: write error (Connection refused).
Error in XmlRpcDispatch::work: couldn't find source iterator
Error in XmlRpcClient::writeRequest: write error (Connection refused).
Error in XmlRpcDispatch::work: couldn't find source iterator
Error in XmlRpcClient::writeRequest: write error (Connection refused).
Error in XmlRpcDispatch::work: couldn't find source iterator
Error in XmlRpcClient::writeRequest: write error (Connection refused).
Error in XmlRpcDispatch::work: couldn't find source iterator
Error in XmlRpcClient::writeRequest: write error (Connection refused).
Error in XmlRpcDispatch::work: couldn't find source iterator
Error in XmlRpcClient::writeRequest: write error (Connection refused).
Error in XmlRpcDispatch::work: couldn't find source iterator
Error in XmlRpcClient::writeRequest: write error (Connection refused).
Error in XmlRpcDispatch::work: couldn't find source iterator
Error in XmlRpcClient::writeRequest: write error (Connection refused).
Error in XmlRpcDispatch::work: couldn't find source iterator
[INFO] [1774193525.683532, 0.000000]: Ground Truth Odom Publisher initialized
[INFO] [1774193525.636149, 0.000000]: Ground Truth Odom Publisher initialized
[31mWARNING: disk usage in log directory [/data/lzq/.ros/log] is over 1GB.
It's recommended that you use the 'rosclean' command.[0m
[31m[robot2/urdf_spawner-6] process has died [pid 319588, exit code 1, cmd /opt/ros/noetic/lib/gazebo_ros/spawn_model -urdf -x -2.7 -y -1.5 -z 0.0 -Y -1.75 -model robot2 -param robot_description __name:=urdf_spawner __log:=/data/lzq/.ros/log/47171150-2604-11f1-9841-ef63e69f4ffa/robot2-urdf_spawner-6.log].
log file: /data/lzq/.ros/log/47171150-2604-11f1-9841-ef63e69f4ffa/robot2-urdf_spawner-6*.log[0m
[31m================================================================================REQUIRED process [master] has died!
process has died [pid 319563, exit code -9, cmd rosmaster --core -p 11311 -w 3 __log:=/data/lzq/.ros/log/47171150-2604-11f1-9841-ef63e69f4ffa/master.log].
log file: /data/lzq/.ros/log/47171150-2604-11f1-9841-ef63e69f4ffa/master*.log
Initiating shutdown!
================================================================================[0m
[31m[rviz-16] escalating to SIGTERM[0m

auto-starting new master
[1mprocess[master]: started with pid [319563][0m
[1mROS_MASTER_URI=http://localhost:11311[0m
]2;/data/lzq/ros_motion_planning/src/sim_env/launch/main.launch http://localhost:11311
[1msetting /run_id to 47171150-2604-11f1-9841-ef63e69f4ffa[0m
[1mprocess[rosout-1]: started with pid [319573][0m
started core service [/rosout]
[1mprocess[gazebo-2]: started with pid [319580][0m
[1mprocess[map_server-3]: started with pid [319582][0m
[1mprocess[robot2/robot_state_publisher-4]: started with pid [319584][0m
[1mprocess[robot2/joint_state_publisher-5]: started with pid [319587][0m
[1mprocess[robot2/urdf_spawner-6]: started with pid [319588][0m
[1mprocess[robot2/tf_map2odom_node-7]: started with pid [319598][0m
[1mprocess[robot2/ground_truth_odom_publisher-8]: started with pid [319601][0m
[1mprocess[robot2/move_base-9]: started with pid [319602][0m
[1mprocess[robot1/robot_state_publisher-10]: started with pid [319603][0m
[1mprocess[robot1/joint_state_publisher-11]: started with pid [319604][0m
[1mprocess[robot1/urdf_spawner-12]: started with pid [319605][0m
[1mprocess[robot1/tf_map2odom_node-13]: started with pid [319612][0m
[1mprocess[robot1/ground_truth_odom_publisher-14]: started with pid [319649][0m
[1mprocess[robot1/move_base-15]: started with pid [319656][0m
[1mprocess[rviz-16]: started with pid [319683][0m
[1m[robot1/urdf_spawner-12] process has finished cleanly
log file: /data/lzq/.ros/log/47171150-2604-11f1-9841-ef63e69f4ffa/robot1-urdf_spawner-12*.log[0m
[rviz-16] killing on exit
[robot1/move_base-15] killing on exit
[robot1/ground_truth_odom_publisher-14] killing on exit
[robot1/tf_map2odom_node-13] killing on exit
[robot1/joint_state_publisher-11] killing on exit
[robot1/robot_state_publisher-10] killing on exit
[robot2/move_base-9] killing on exit
[robot2/ground_truth_odom_publisher-8] killing on exit
[robot2/tf_map2odom_node-7] killing on exit
[robot2/joint_state_publisher-5] killing on exit
[robot2/robot_state_publisher-4] killing on exit
[map_server-3] killing on exit
[gazebo-2] killing on exit
[rosout-1] killing on exit
[master] killing on exit
shutting down processing monitor...
... shutting down processing monitor complete
[1mdone[0m
