xacro: in-order processing became default in ROS Melodic. You can drop the option.
xacro: in-order processing became default in ROS Melodic. You can drop the option.
... logging to /data/lzq/.ros/log/17f69fa0-2602-11f1-9841-ef63e69f4ffa/roslaunch-lzq-259793.log
Checking log directory for disk usage. This may take a while.
Press Ctrl-C to interrupt
]2;/data/lzq/ros_motion_planning/src/sim_env/launch/main.launch
[1mstarted roslaunch server http://lzq:38021/[0m

SUMMARY
========

PARAMETERS
 * /gazebo/enable_ros_network: True
 * /robot1/move_base/PIDController/base_frame: base_link
 * /robot1/move_base/PIDController/convert_offset: 0.0
 * /robot1/move_base/PIDController/goal_dist_tolerance: 0.2
 * /robot1/move_base/PIDController/k: 1.0
 * /robot1/move_base/PIDController/k_theta: 0.7
 * /robot1/move_base/PIDController/k_v_d: 0.1
 * /robot1/move_base/PIDController/k_v_i: 0.1
 * /robot1/move_base/PIDController/k_v_p: 1.0
 * /robot1/move_base/PIDController/k_w_d: 0.1
 * /robot1/move_base/PIDController/k_w_i: 0.1
 * /robot1/move_base/PIDController/k_w_p: 1.0
 * /robot1/move_base/PIDController/l: 0.2
 * /robot1/move_base/PIDController/lookahead_time: 0.5
 * /robot1/move_base/PIDController/map_frame: map
 * /robot1/move_base/PIDController/max_lookahead_dist: 0.9
 * /robot1/move_base/PIDController/max_v: 0.5
 * /robot1/move_base/PIDController/max_v_inc: 0.5
 * /robot1/move_base/PIDController/max_w: 1.57
 * /robot1/move_base/PIDController/max_w_inc: 1.57
 * /robot1/move_base/PIDController/min_lookahead_dist: 0.3
 * /robot1/move_base/PIDController/min_v: 0.0
 * /robot1/move_base/PIDController/min_w: 0.0
 * /robot1/move_base/PIDController/rotate_tolerance: 0.5
 * /robot1/move_base/PathPlanner/convert_offset: 0.0
 * /robot1/move_base/PathPlanner/default_tolerance: 0.0
 * /robot1/move_base/PathPlanner/expand_zone: True
 * /robot1/move_base/PathPlanner/hybrid_astar/analytic_expansion_max_length: 5.0
 * /robot1/move_base/PathPlanner/hybrid_astar/analytic_expansion_ratio: 1.5
 * /robot1/move_base/PathPlanner/hybrid_astar/cache_obstacle_heuristic: False
 * /robot1/move_base/PathPlanner/hybrid_astar/change_penalty: 0.4
 * /robot1/move_base/PathPlanner/hybrid_astar/cost_penalty: 2.0
 * /robot1/move_base/PathPlanner/hybrid_astar/curve_sample_ratio: 0.15
 * /robot1/move_base/PathPlanner/hybrid_astar/dim_3_size: 32
 * /robot1/move_base/PathPlanner/hybrid_astar/downsample_obstacle_heuristic: True
 * /robot1/move_base/PathPlanner/hybrid_astar/goal_tolerance: 0.2
 * /robot1/move_base/PathPlanner/hybrid_astar/lookup_table_dim: 20.0
 * /robot1/move_base/PathPlanner/hybrid_astar/max_approach_iterations: 500
 * /robot1/move_base/PathPlanner/hybrid_astar/max_iterations: 20000
 * /robot1/move_base/PathPlanner/hybrid_astar/minimum_turning_radius: 0.3
 * /robot1/move_base/PathPlanner/hybrid_astar/motion_model: 2
 * /robot1/move_base/PathPlanner/hybrid_astar/non_straight_penalty: 1.5
 * /robot1/move_base/PathPlanner/hybrid_astar/retrospective_penalty: 0.025
 * /robot1/move_base/PathPlanner/hybrid_astar/reverse_penalty: 2.5
 * /robot1/move_base/PathPlanner/hybrid_astar/traverse_unknown: False
 * /robot1/move_base/PathPlanner/obstacle_factor: 0.5
 * /robot1/move_base/PathPlanner/outline_map: True
 * /robot1/move_base/PathPlanner/planner_name: theta_star
 * /robot1/move_base/PathPlanner/show_safety_corridor: False
 * /robot1/move_base/base_global_planner: path_planner/Path...
 * /robot1/move_base/base_local_planner: pid_controller/PI...
 * /robot1/move_base/conservative_reset_dist: 3.0
 * /robot1/move_base/controller_frequency: 20.0
 * /robot1/move_base/controller_patience: 15.0
 * /robot1/move_base/global_costmap/footprint: [[-0.21, -0.165],...
 * /robot1/move_base/global_costmap/footprint_padding: 0.1
 * /robot1/move_base/global_costmap/global_frame: map
 * /robot1/move_base/global_costmap/inflation_layer/cost_scaling_factor: 5
 * /robot1/move_base/global_costmap/inflation_layer/enabled: True
 * /robot1/move_base/global_costmap/inflation_layer/inflation_radius: 0.2
 * /robot1/move_base/global_costmap/map_type: costmap
 * /robot1/move_base/global_costmap/meter_scoring: True
 * /robot1/move_base/global_costmap/obstacle_layer/observation_sources: scan
 * /robot1/move_base/global_costmap/obstacle_layer/scan/clearing: True
 * /robot1/move_base/global_costmap/obstacle_layer/scan/data_type: LaserScan
 * /robot1/move_base/global_costmap/obstacle_layer/scan/expected_update_rate: 1
 * /robot1/move_base/global_costmap/obstacle_layer/scan/inf_is_valid: True
 * /robot1/move_base/global_costmap/obstacle_layer/scan/marking: True
 * /robot1/move_base/global_costmap/obstacle_layer/scan/max_obstacle_height: 0.2
 * /robot1/move_base/global_costmap/obstacle_layer/scan/min_obstacle_height: 0.0
 * /robot1/move_base/global_costmap/obstacle_layer/scan/observation_persistence: 0.0
 * /robot1/move_base/global_costmap/obstacle_layer/scan/obstacle_range: 2.5
 * /robot1/move_base/global_costmap/obstacle_layer/scan/raytrace_range: 3.0
 * /robot1/move_base/global_costmap/obstacle_layer/scan/sensor_frame: robot1/base_footp...
 * /robot1/move_base/global_costmap/obstacle_layer/scan/topic: /robot1/scan
 * /robot1/move_base/global_costmap/origin_z: 0.0
 * /robot1/move_base/global_costmap/plugins: [{'name': 'static...
 * /robot1/move_base/global_costmap/publish_frequency: 0.5
 * /robot1/move_base/global_costmap/publish_voxel_map: False
 * /robot1/move_base/global_costmap/robot_base_frame: robot1/base_footp...
 * /robot1/move_base/global_costmap/scan/sensor_frame: robot1/base_scan
 * /robot1/move_base/global_costmap/scan/topic: /robot1/scan
 * /robot1/move_base/global_costmap/static_map/clear_time: 20
 * /robot1/move_base/global_costmap/static_map/enabled: True
 * /robot1/move_base/global_costmap/static_map/publish_static_map: True
 * /robot1/move_base/global_costmap/transform_tolerance: 0.2
 * /robot1/move_base/global_costmap/update_frequency: 1.0
 * /robot1/move_base/global_costmap/z_resolution: 1
 * /robot1/move_base/global_costmap/z_voxels: 2
 * /robot1/move_base/local_costmap/global_frame: robot1/odom
 * /robot1/move_base/local_costmap/height: 3
 * /robot1/move_base/local_costmap/inflation_radius: 0.2
 * /robot1/move_base/local_costmap/plugins: [{'name': 'obstac...
 * /robot1/move_base/local_costmap/publish_frequency: 0.5
 * /robot1/move_base/local_costmap/resolution: 0.05
 * /robot1/move_base/local_costmap/robot_base_frame: robot1/base_footp...
 * /robot1/move_base/local_costmap/rolling_window: True
 * /robot1/move_base/local_costmap/scan/sensor_frame: robot1/base_scan
 * /robot1/move_base/local_costmap/scan/topic: /robot1/scan
 * /robot1/move_base/local_costmap/static_map: False
 * /robot1/move_base/local_costmap/transform_tolerance: 1.0
 * /robot1/move_base/local_costmap/update_frequency: 1.0
 * /robot1/move_base/local_costmap/width: 3
 * /robot1/move_base/oscillation_distance: 0.2
 * /robot1/move_base/oscillation_timeout: 10.0
 * /robot1/move_base/planner_frequency: 2
 * /robot1/move_base/planner_patience: 5.0
 * /robot1/move_base/shutdown_costmaps: False
 * /robot1/move_base/transform_tolerance: 2.0
 * /robot1/robot_description: <?xml version="1....
 * /robot1/tf_map2odom_node/odom_frame_id: robot1/odom
 * /robot1/tf_prefix: robot1
 * /robot2/move_base/DWAController/acc_lim_theta: 3.2
 * /robot2/move_base/DWAController/acc_lim_x: 2.5
 * /robot2/move_base/DWAController/acc_lim_y: 0.0
 * /robot2/move_base/DWAController/controller_frequency: 10.0
 * /robot2/move_base/DWAController/forward_point_distance: 0.05
 * /robot2/move_base/DWAController/goal_distance_bias: 24.0
 * /robot2/move_base/DWAController/latch_xy_goal_tolerance: False
 * /robot2/move_base/DWAController/max_scaling_factor: 0.2
 * /robot2/move_base/DWAController/max_vel_theta: 1.35
 * /robot2/move_base/DWAController/max_vel_trans: 1.5
 * /robot2/move_base/DWAController/max_vel_x: 1.5
 * /robot2/move_base/DWAController/max_vel_y: 0.0
 * /robot2/move_base/DWAController/min_vel_theta: 0.1
 * /robot2/move_base/DWAController/min_vel_trans: 0
 * /robot2/move_base/DWAController/min_vel_x: 0
 * /robot2/move_base/DWAController/min_vel_y: 0.0
 * /robot2/move_base/DWAController/occdist_scale: 0.02
 * /robot2/move_base/DWAController/oscillation_reset_dist: 0.05
 * /robot2/move_base/DWAController/path_distance_bias: 32.0
 * /robot2/move_base/DWAController/publish_cost_grid_pc: True
 * /robot2/move_base/DWAController/publish_traj_pc: True
 * /robot2/move_base/DWAController/scaling_speed: 0.25
 * /robot2/move_base/DWAController/sim_time: 2.0
 * /robot2/move_base/DWAController/stop_time_buffer: 0.2
 * /robot2/move_base/DWAController/vth_samples: 60
 * /robot2/move_base/DWAController/vx_samples: 10
 * /robot2/move_base/DWAController/vy_samples: 0
 * /robot2/move_base/DWAController/xy_goal_tolerance: 0.1
 * /robot2/move_base/DWAController/yaw_goal_tolerance: 0.3
 * /robot2/move_base/PathPlanner/convert_offset: 0.0
 * /robot2/move_base/PathPlanner/default_tolerance: 0.0
 * /robot2/move_base/PathPlanner/expand_zone: True
 * /robot2/move_base/PathPlanner/hybrid_astar/analytic_expansion_max_length: 5.0
 * /robot2/move_base/PathPlanner/hybrid_astar/analytic_expansion_ratio: 1.5
 * /robot2/move_base/PathPlanner/hybrid_astar/cache_obstacle_heuristic: False
 * /robot2/move_base/PathPlanner/hybrid_astar/change_penalty: 0.4
 * /robot2/move_base/PathPlanner/hybrid_astar/cost_penalty: 2.0
 * /robot2/move_base/PathPlanner/hybrid_astar/curve_sample_ratio: 0.15
 * /robot2/move_base/PathPlanner/hybrid_astar/dim_3_size: 32
 * /robot2/move_base/PathPlanner/hybrid_astar/downsample_obstacle_heuristic: True
 * /robot2/move_base/PathPlanner/hybrid_astar/goal_tolerance: 0.2
 * /robot2/move_base/PathPlanner/hybrid_astar/lookup_table_dim: 20.0
 * /robot2/move_base/PathPlanner/hybrid_astar/max_approach_iterations: 500
 * /robot2/move_base/PathPlanner/hybrid_astar/max_iterations: 20000
 * /robot2/move_base/PathPlanner/hybrid_astar/minimum_turning_radius: 0.3
 * /robot2/move_base/PathPlanner/hybrid_astar/motion_model: 2
 * /robot2/move_base/PathPlanner/hybrid_astar/non_straight_penalty: 1.5
 * /robot2/move_base/PathPlanner/hybrid_astar/retrospective_penalty: 0.025
 * /robot2/move_base/PathPlanner/hybrid_astar/reverse_penalty: 2.5
 * /robot2/move_base/PathPlanner/hybrid_astar/traverse_unknown: False
 * /robot2/move_base/PathPlanner/obstacle_factor: 0.5
 * /robot2/move_base/PathPlanner/outline_map: True
 * /robot2/move_base/PathPlanner/planner_name: theta_star
 * /robot2/move_base/PathPlanner/show_safety_corridor: False
 * /robot2/move_base/base_global_planner: path_planner/Path...
 * /robot2/move_base/base_local_planner: dwa_controller/DW...
 * /robot2/move_base/conservative_reset_dist: 3.0
 * /robot2/move_base/controller_frequency: 20.0
 * /robot2/move_base/controller_patience: 15.0
 * /robot2/move_base/global_costmap/footprint: [[-0.21, -0.165],...
 * /robot2/move_base/global_costmap/footprint_padding: 0.1
 * /robot2/move_base/global_costmap/global_frame: map
 * /robot2/move_base/global_costmap/inflation_layer/cost_scaling_factor: 5
 * /robot2/move_base/global_costmap/inflation_layer/enabled: True
 * /robot2/move_base/global_costmap/inflation_layer/inflation_radius: 0.2
 * /robot2/move_base/global_costmap/map_type: costmap
 * /robot2/move_base/global_costmap/meter_scoring: True
 * /robot2/move_base/global_costmap/obstacle_layer/observation_sources: scan
 * /robot2/move_base/global_costmap/obstacle_layer/scan/clearing: True
 * /robot2/move_base/global_costmap/obstacle_layer/scan/data_type: LaserScan
 * /robot2/move_base/global_costmap/obstacle_layer/scan/expected_update_rate: 1
 * /robot2/move_base/global_costmap/obstacle_layer/scan/inf_is_valid: True
 * /robot2/move_base/global_costmap/obstacle_layer/scan/marking: True
 * /robot2/move_base/global_costmap/obstacle_layer/scan/max_obstacle_height: 0.2
 * /robot2/move_base/global_costmap/obstacle_layer/scan/min_obstacle_height: 0.0
 * /robot2/move_base/global_costmap/obstacle_layer/scan/observation_persistence: 0.0
 * /robot2/move_base/global_costmap/obstacle_layer/scan/obstacle_range: 2.5
 * /robot2/move_base/global_costmap/obstacle_layer/scan/raytrace_range: 3.0
 * /robot2/move_base/global_costmap/obstacle_layer/scan/sensor_frame: robot2/base_footp...
 * /robot2/move_base/global_costmap/obstacle_layer/scan/topic: /robot2/scan
 * /robot2/move_base/global_costmap/origin_z: 0.0
 * /robot2/move_base/global_costmap/plugins: [{'name': 'static...
 * /robot2/move_base/global_costmap/publish_frequency: 0.5
 * /robot2/move_base/global_costmap/publish_voxel_map: False
 * /robot2/move_base/global_costmap/robot_base_frame: robot2/base_footp...
 * /robot2/move_base/global_costmap/scan/sensor_frame: robot2/base_scan
 * /robot2/move_base/global_costmap/scan/topic: /robot2/scan
 * /robot2/move_base/global_costmap/static_map/clear_time: 20
 * /robot2/move_base/global_costmap/static_map/enabled: True
 * /robot2/move_base/global_costmap/static_map/publish_static_map: True
 * /robot2/move_base/global_costmap/transform_tolerance: 0.2
 * /robot2/move_base/global_costmap/update_frequency: 1.0
 * /robot2/move_base/global_costmap/z_resolution: 1
 * /robot2/move_base/global_costmap/z_voxels: 2
 * /robot2/move_base/local_costmap/global_frame: robot2/odom
 * /robot2/move_base/local_costmap/height: 3
 * /robot2/move_base/local_costmap/inflation_radius: 0.2
 * /robot2/move_base/local_costmap/plugins: [{'name': 'obstac...
 * /robot2/move_base/local_costmap/publish_frequency: 0.5
 * /robot2/move_base/local_costmap/resolution: 0.05
 * /robot2/move_base/local_costmap/robot_base_frame: robot2/base_footp...
 * /robot2/move_base/local_costmap/rolling_window: True
 * /robot2/move_base/local_costmap/scan/sensor_frame: robot2/base_scan
 * /robot2/move_base/local_costmap/scan/topic: /robot2/scan
 * /robot2/move_base/local_costmap/static_map: False
 * /robot2/move_base/local_costmap/transform_tolerance: 1.0
 * /robot2/move_base/local_costmap/update_frequency: 1.0
 * /robot2/move_base/local_costmap/width: 3
 * /robot2/move_base/oscillation_distance: 0.2
 * /robot2/move_base/oscillation_timeout: 10.0
 * /robot2/move_base/planner_frequency: 2
 * /robot2/move_base/planner_patience: 5.0
 * /robot2/move_base/shutdown_costmaps: False
 * /robot2/move_base/transform_tolerance: 2.0
 * /robot2/robot_description: <?xml version="1....
 * /robot2/tf_map2odom_node/odom_frame_id: robot2/odom
 * /robot2/tf_prefix: robot2
 * /rosdistro: noetic
 * /rosversion: 1.17.4
 * /use_sim_time: True

NODES
  /
    gazebo (gazebo_ros/gzserver)
    map_server (map_server/map_server)
    rviz (rviz/rviz)
  /robot1/
    ground_truth_odom_publisher (sim_env/ground_truth_odom_publisher.py)
    joint_state_publisher (joint_state_publisher/joint_state_publisher)
    move_base (move_base/move_base)
    robot_state_publisher (robot_state_publisher/robot_state_publisher)
    tf_map2odom_node (sim_env/tf_map2odom.py)
    urdf_spawner (gazebo_ros/spawn_model)
  /robot2/
    ground_truth_odom_publisher (sim_env/ground_truth_odom_publisher.py)
    joint_state_publisher (joint_state_publisher/joint_state_publisher)
    move_base (move_base/move_base)
    robot_state_publisher (robot_state_publisher/robot_state_publisher)
    tf_map2odom_node (sim_env/tf_map2odom.py)
    urdf_spawner (gazebo_ros/spawn_model)
[33m[WARN] [1774192586.889766803]: link 'base_scan' material 'dark' undefined.[0m
[33m[WARN] [1774192586.890061256]: link 'base_scan' material 'dark' undefined.[0m
[33m[WARN] [1774192586.890228667]: The root link base_footprint has an inertia specified in the URDF, but KDL does not support a root link with an inertia.  As a workaround, you can add an extra dummy link to your URDF.[0m
[33m[WARN] [1774192586.912940731]: link 'base_scan' material 'dark' undefined.[0m
[33m[WARN] [1774192586.913295737]: link 'base_scan' material 'dark' undefined.[0m
[33m[WARN] [1774192586.913479770]: The root link base_footprint has an inertia specified in the URDF, but KDL does not support a root link with an inertia.  As a workaround, you can add an extra dummy link to your URDF.[0m
[33m[WARN] [1774192588.360738959]: link 'base_scan' material 'dark' undefined.[0m
[33m[WARN] [1774192588.360760330]: link 'base_scan' material 'dark' undefined.[0m
Warning: Warning: TF_REPEATED_DATA ignoring data with redundant timestamp for frame robot1/odom (parent map) at time 83.344000 according to authority unknown_publisherTF_REPEATED_DATA ignoring data with redundant timestamp for frame robot1/odom (parent map) at time 83.344000 according to authority unknown_publisher
         at line 
         at line 277 in 277/tmp/binarydeb/ros-noetic-tf2-0.7.10/src/buffer_core.cpp in 
/tmp/binarydeb/ros-noetic-tf2-0.7.10/src/buffer_core.cpp
[33m[WARN] [1774192588.449416812]: TF_REPEATED_DATA ignoring data with redundant timestamp for frame robot1/odom (parent map) at time 83.344000 according to authority unknown_publisher[0m
[33m[WARN] [1774192588.450316794]: TF_REPEATED_DATA ignoring data with redundant timestamp for frame robot2/odom (parent map) at time 83.346000 according to authority unknown_publisher[0m
Warning: TF_REPEATED_DATA ignoring data with redundant timestamp for frame robot2/odom (parent map) at time 83.346000 according to authority unknown_publisher
         at line 277 in /tmp/binarydeb/ros-noetic-tf2-0.7.10/src/buffer_core.cpp
Warning: TF_REPEATED_DATA ignoring data with redundant timestamp for frame robot2/odom (parent map) at time 83.346000 according to authority unknown_publisher
         at line 277 in /tmp/binarydeb/ros-noetic-tf2-0.7.10/src/buffer_core.cpp
[33m[WARN] [1774192588.637605541, 83.668000000]: Timed out waiting for transform from robot2/base_footprint to map to become available before running costmap, tf error: Could not find a connection between 'map' and 'robot2/base_footprint' because they are not part of the same tree.Tf has two or more unconnected trees.. canTransform returned after 83.668 timeout was 0.1.[0m
[33m[WARN] [1774192588.638636127, 83.670000000]: Timed out waiting for transform from robot1/base_footprint to map to become available before running costmap, tf error: Could not find a connection between 'map' and 'robot1/base_footprint' because they are not part of the same tree.Tf has two or more unconnected trees.. canTransform returned after 83.67 timeout was 0.1.[0m
[33m[WARN] [1774192589.085095779, 83.938000000]: link 'base_scan' material 'dark' undefined.[0m
[33m[WARN] [1774192589.085124275, 83.938000000]: link 'base_scan' material 'dark' undefined.[0m
[INFO] [1774192587.378898, 0.000000]: Loading model XML from ros parameter robot_description
[INFO] [1774192587.382692, 0.000000]: Waiting for service /gazebo/spawn_urdf_model
[INFO] [1774192588.586824, 83.566000]: Calling service /gazebo/spawn_urdf_model
[INFO] [1774192590.392641, 83.938000]: Spawn status: SpawnModel: Successfully spawned entity
[33m[WARN] [1774192590.603251651, 83.938000000]: GazeboRosSkidSteerDrive Plugin (ns = /robot2//) missing <covariance_x>, defaults to 0.000100[0m
[33m[WARN] [1774192590.603292020, 83.938000000]: GazeboRosSkidSteerDrive Plugin (ns = /robot2//) missing <covariance_y>, defaults to 0.000100[0m
[33m[WARN] [1774192590.603302706, 83.938000000]: GazeboRosSkidSteerDrive Plugin (ns = /robot2//) missing <covariance_yaw>, defaults to 0.010000[0m
[INFO] [1774192587.436143, 0.000000]: Loading model XML from ros parameter robot_description
[INFO] [1774192587.439652, 0.000000]: Waiting for service /gazebo/spawn_urdf_model
[INFO] [1774192588.644862, 83.682000]: Calling service /gazebo/spawn_urdf_model
[INFO] [1774192590.892406, 84.338000]: Spawn status: SpawnModel: Successfully spawned entity
[33m[WARN] [1774192591.594147822, 84.338000000]: GazeboRosSkidSteerDrive Plugin (ns = /robot1//) missing <covariance_x>, defaults to 0.000100[0m
[33m[WARN] [1774192591.594188190, 84.338000000]: GazeboRosSkidSteerDrive Plugin (ns = /robot1//) missing <covariance_y>, defaults to 0.000100[0m
[33m[WARN] [1774192591.594201251, 84.338000000]: GazeboRosSkidSteerDrive Plugin (ns = /robot1//) missing <covariance_yaw>, defaults to 0.010000[0m
[33m[WARN] [1774192591.597551841, 84.342000000]: global_costmap: Pre-Hydro parameter "static_map" unused since "plugins" is provided[0m
[33m[WARN] [1774192591.597674134, 84.342000000]: global_costmap: Pre-Hydro parameter "map_type" unused since "plugins" is provided[0m
[33m[WARN] [1774192591.648439973, 84.444000000]: global_costmap: Pre-Hydro parameter "static_map" unused since "plugins" is provided[0m
[33m[WARN] [1774192591.648628755, 84.444000000]: global_costmap: Pre-Hydro parameter "map_type" unused since "plugins" is provided[0m
WARNING: Logging before InitGoogleLogging() is written to STDERR
I20260322 23:16:31.822681 259911 path_planner_factory.cpp:308] Using path planner: theta_star
[33m[WARN] [1774192591.825158093, 84.796000000]: local_costmap: Pre-Hydro parameter "static_map" unused since "plugins" is provided[0m
WARNING: Logging before InitGoogleLogging() is written to STDERR
I20260322 23:16:31.932942 259991 path_planner_factory.cpp:308] Using path planner: theta_star
[33m[WARN] [1774192591.935910425, 85.018000000]: local_costmap: Pre-Hydro parameter "static_map" unused since "plugins" is provided[0m
[33m[WARN] [1774192592.318232744, 85.782000000]: The /robot2/scan observation buffer has not been updated for 1.02 seconds, and it should be updated every 1.00 seconds.[0m
[33m[WARN] [1774192592.428793918, 86.000000000]: The /robot1/scan observation buffer has not been updated for 1.04 seconds, and it should be updated every 1.00 seconds.[0m
[33m[WARN] [1774192597.944985431, 96.948000000]: Received an empty transformed plan.[0m
[31m[ERROR] [1774192597.975940992, 96.998000000]: None of the points of the global plan were in the local costmap, global plan points too far from robot[0m
[31m[ERROR] [1774192597.975986110, 96.998000000]: None of the 47 first of 47 (16) points of the global plan were in the local costmap and free[0m
[31m[ERROR] [1774192597.976006294, 96.998000000]: None of the 47 first of 47 (16) points of the global plan were in the local costmap and free[0m
[31m[ERROR] [1774192597.976030041, 96.998000000]: None of the points of the global plan were in the local costmap, global plan points too far from robot[0m
[33m[WARN] [1774192597.977830003, 97.002000000]: DWA planner failed to produce path.[0m
[31m[ERROR] [1774192598.001508538, 97.048000000]: None of the points of the global plan were in the local costmap, global plan points too far from robot[0m
[31m[ERROR] [1774192598.001607085, 97.048000000]: None of the 47 first of 47 (16) points of the global plan were in the local costmap and free[0m
[31m[ERROR] [1774192598.001656952, 97.048000000]: None of the 47 first of 47 (16) points of the global plan were in the local costmap and free[0m
[31m[ERROR] [1774192598.001680698, 97.048000000]: None of the points of the global plan were in the local costmap, global plan points too far from robot[0m
[33m[WARN] [1774192598.004329588, 97.054000000]: DWA planner failed to produce path.[0m
[31m[ERROR] [1774192598.038404214, 97.098000000]: None of the points of the global plan were in the local costmap, global plan points too far from robot[0m
[31m[ERROR] [1774192598.038435084, 97.098000000]: None of the 47 first of 47 (16) points of the global plan were in the local costmap and free[0m
[31m[ERROR] [1774192598.038457643, 97.100000000]: None of the 47 first of 47 (16) points of the global plan were in the local costmap and free[0m
[31m[ERROR] [1774192598.038482577, 97.100000000]: None of the points of the global plan were in the local costmap, global plan points too far from robot[0m
[33m[WARN] [1774192598.040261168, 97.102000000]: DWA planner failed to produce path.[0m
[31m[ERROR] [1774192598.063774666, 97.150000000]: None of the points of the global plan were in the local costmap, global plan points too far from robot[0m
[31m[ERROR] [1774192598.063825721, 97.150000000]: None of the 47 first of 47 (16) points of the global plan were in the local costmap and free[0m
[31m[ERROR] [1774192598.063866089, 97.150000000]: None of the 47 first of 47 (16) points of the global plan were in the local costmap and free[0m
[31m[ERROR] [1774192598.063885086, 97.150000000]: None of the points of the global plan were in the local costmap, global plan points too far from robot[0m
[33m[WARN] [1774192598.065762224, 97.154000000]: DWA planner failed to produce path.[0m
[31m[ERROR] [1774192598.096672668, 97.200000000]: None of the points of the global plan were in the local costmap, global plan points too far from robot[0m
[31m[ERROR] [1774192598.096726097, 97.200000000]: None of the 47 first of 47 (16) points of the global plan were in the local costmap and free[0m
[31m[ERROR] [1774192598.096748655, 97.200000000]: None of the 47 first of 47 (16) points of the global plan were in the local costmap and free[0m
[31m[ERROR] [1774192598.096768840, 97.200000000]: None of the points of the global plan were in the local costmap, global plan points too far from robot[0m
[33m[WARN] [1774192598.098581863, 97.202000000]: DWA planner failed to produce path.[0m
[31m[ERROR] [1774192598.120916362, 97.248000000]: None of the points of the global plan were in the local costmap, global plan points too far from robot[0m
[31m[ERROR] [1774192598.120940108, 97.248000000]: None of the 47 first of 47 (16) points of the global plan were in the local costmap and free[0m
[31m[ERROR] [1774192598.120965042, 97.248000000]: None of the 47 first of 47 (16) points of the global plan were in the local costmap and free[0m
[31m[ERROR] [1774192598.120982851, 97.248000000]: None of the points of the global plan were in the local costmap, global plan points too far from robot[0m
[33m[WARN] [1774192598.122757881, 97.252000000]: DWA planner failed to produce path.[0m
[31m[ERROR] [1774192598.159052778, 97.298000000]: None of the points of the global plan were in the local costmap, global plan points too far from robot[0m
[31m[ERROR] [1774192598.159082460, 97.298000000]: None of the 47 first of 47 (16) points of the global plan were in the local costmap and free[0m
[31m[ERROR] [1774192598.159105019, 97.298000000]: None of the 47 first of 47 (16) points of the global plan were in the local costmap and free[0m
[31m[ERROR] [1774192598.159126391, 97.298000000]: None of the points of the global plan were in the local costmap, global plan points too far from robot[0m
[33m[WARN] [1774192598.161089015, 97.302000000]: DWA planner failed to produce path.[0m
[31m[ERROR] [1774192598.184536024, 97.350000000]: None of the points of the global plan were in the local costmap, global plan points too far from robot[0m
[31m[ERROR] [1774192598.184566894, 97.350000000]: None of the 47 first of 47 (16) points of the global plan were in the local costmap and free[0m
[31m[ERROR] [1774192598.184601326, 97.350000000]: None of the 47 first of 47 (16) points of the global plan were in the local costmap and free[0m
[31m[ERROR] [1774192598.184636946, 97.350000000]: None of the points of the global plan were in the local costmap, global plan points too far from robot[0m
[33m[WARN] [1774192598.186395353, 97.352000000]: DWA planner failed to produce path.[0m
[31m[ERROR] [1774192598.222620198, 97.398000000]: None of the points of the global plan were in the local costmap, global plan points too far from robot[0m
[31m[ERROR] [1774192598.222658192, 97.398000000]: None of the 47 first of 47 (16) points of the global plan were in the local costmap and free[0m
[31m[ERROR] [1774192598.222687875, 97.398000000]: None of the 47 first of 47 (16) points of the global plan were in the local costmap and free[0m
[31m[ERROR] [1774192598.222709246, 97.398000000]: None of the points of the global plan were in the local costmap, global plan points too far from robot[0m
[33m[WARN] [1774192598.224613693, 97.402000000]: DWA planner failed to produce path.[0m
[31m[ERROR] [1774192598.248074949, 97.448000000]: None of the points of the global plan were in the local costmap, global plan points too far from robot[0m
[31m[ERROR] [1774192598.248105820, 97.448000000]: None of the 47 first of 47 (16) points of the global plan were in the local costmap and free[0m
[31m[ERROR] [1774192598.248136690, 97.448000000]: None of the 47 first of 47 (16) points of the global plan were in the local costmap and free[0m
[31m[ERROR] [1774192598.248162810, 97.448000000]: None of the points of the global plan were in the local costmap, global plan points too far from robot[0m
[33m[WARN] [1774192598.249950900, 97.452000000]: DWA planner failed to produce path.[0m
[31m[ERROR] [1774192598.281940609, 97.498000000]: None of the points of the global plan were in the local costmap, global plan points too far from robot[0m
[31m[ERROR] [1774192598.281979790, 97.498000000]: None of the 47 first of 47 (16) points of the global plan were in the local costmap and free[0m
[31m[ERROR] [1774192598.282003536, 97.498000000]: None of the 47 first of 47 (16) points of the global plan were in the local costmap and free[0m
[31m[ERROR] [1774192598.282022533, 97.498000000]: None of the points of the global plan were in the local costmap, global plan points too far from robot[0m
[33m[WARN] [1774192598.284683296, 97.504000000]: DWA planner failed to produce path.[0m
[31m[ERROR] [1774192598.307122279, 97.548000000]: None of the points of the global plan were in the local costmap, global plan points too far from robot[0m
[31m[ERROR] [1774192598.307149587, 97.548000000]: None of the 47 first of 47 (16) points of the global plan were in the local costmap and free[0m
[31m[ERROR] [1774192598.307172146, 97.548000000]: None of the 47 first of 47 (16) points of the global plan were in the local costmap and free[0m
[31m[ERROR] [1774192598.307193517, 97.548000000]: None of the points of the global plan were in the local costmap, global plan points too far from robot[0m
[33m[WARN] [1774192598.308935302, 97.552000000]: DWA planner failed to produce path.[0m
[31m[ERROR] [1774192598.342944626, 97.598000000]: None of the points of the global plan were in the local costmap, global plan points too far from robot[0m
[31m[ERROR] [1774192598.342973121, 97.598000000]: None of the 47 first of 47 (16) points of the global plan were in the local costmap and free[0m
[31m[ERROR] [1774192598.342994493, 97.598000000]: None of the 47 first of 47 (16) points of the global plan were in the local costmap and free[0m
[31m[ERROR] [1774192598.343017052, 97.598000000]: None of the points of the global plan were in the local costmap, global plan points too far from robot[0m
[33m[WARN] [1774192598.344762398, 97.600000000]: DWA planner failed to produce path.[0m
[31m[ERROR] [1774192598.369242368, 97.648000000]: None of the points of the global plan were in the local costmap, global plan points too far from robot[0m
[31m[ERROR] [1774192598.369277987, 97.648000000]: None of the 47 first of 47 (16) points of the global plan were in the local costmap and free[0m
[31m[ERROR] [1774192598.369306483, 97.648000000]: None of the 47 first of 47 (16) points of the global plan were in the local costmap and free[0m
[31m[ERROR] [1774192598.369325480, 97.648000000]: None of the points of the global plan were in the local costmap, global plan points too far from robot[0m
[33m[WARN] [1774192598.371029270, 97.652000000]: DWA planner failed to produce path.[0m
[31m[ERROR] [1774192598.404066187, 97.698000000]: None of the points of the global plan were in the local costmap, global plan points too far from robot[0m
[31m[ERROR] [1774192598.404094682, 97.698000000]: None of the 47 first of 47 (16) points of the global plan were in the local costmap and free[0m
[31m[ERROR] [1774192598.404114867, 97.698000000]: None of the 47 first of 47 (16) points of the global plan were in the local costmap and free[0m
[31m[ERROR] [1774192598.404137425, 97.698000000]: None of the points of the global plan were in the local costmap, global plan points too far from robot[0m
[33m[WARN] [1774192598.405906518, 97.702000000]: DWA planner failed to produce path.[0m
[31m[ERROR] [1774192598.429459198, 97.750000000]: None of the points of the global plan were in the local costmap, global plan points too far from robot[0m
[31m[ERROR] [1774192598.429497192, 97.750000000]: None of the 47 first of 47 (16) points of the global plan were in the local costmap and free[0m
[31m[ERROR] [1774192598.429523313, 97.750000000]: None of the 47 first of 47 (16) points of the global plan were in the local costmap and free[0m
[31m[ERROR] [1774192598.429547059, 97.750000000]: None of the points of the global plan were in the local costmap, global plan points too far from robot[0m
[33m[WARN] [1774192598.431520369, 97.754000000]: DWA planner failed to produce path.[0m
[31m[ERROR] [1774192598.465613992, 97.800000000]: None of the points of the global plan were in the local costmap, global plan points too far from robot[0m
[31m[ERROR] [1774192598.465641300, 97.800000000]: None of the 47 first of 47 (16) points of the global plan were in the local costmap and free[0m
[31m[ERROR] [1774192598.465667421, 97.800000000]: None of the 47 first of 47 (16) points of the global plan were in the local costmap and free[0m
[31m[ERROR] [1774192598.465685231, 97.800000000]: None of the points of the global plan were in the local costmap, global plan points too far from robot[0m
[33m[WARN] [1774192598.467600363, 97.804000000]: DWA planner failed to produce path.[0m
E20260322 23:16:39.100171 260193 path_planner_node.cpp:250] Failed to get a path.
[33m[WARN] [1774192599.104040384, 98.930000000]: Map update loop missed its desired rate of 1.0000Hz... the loop actually took 1.9300 seconds[0m
E20260322 23:16:40.150190 260193 path_planner_node.cpp:250] Failed to get a path.
E20260322 23:16:41.167376 260193 path_planner_node.cpp:250] Failed to get a path.
[33m[WARN] [1774192601.171655061, 102.432000000]: Map update loop missed its desired rate of 1.0000Hz... the loop actually took 4.4320 seconds[0m
[33m[WARN] [1774192601.177526312, 102.446000000]: Clearing both costmaps outside a square (3.00m) large centered on the robot.[0m
E20260322 23:16:42.230372 260193 path_planner_node.cpp:250] Failed to get a path.
E20260322 23:16:43.261473 260193 path_planner_node.cpp:250] Failed to get a path.
[33m[WARN] [1774192603.523843138, 106.410000000]: Control loop missed its desired rate of 20.0000Hz... the loop actually took 0.0620 seconds[0m
[33m[WARN] [1774192603.558752443, 106.480000000]: Control loop missed its desired rate of 20.0000Hz... the loop actually took 0.0820 seconds[0m
[33m[WARN] [1774192603.577560630, 106.508000000]: Control loop missed its desired rate of 20.0000Hz... the loop actually took 0.0600 seconds[0m
[33m[WARN] [1774192603.642388973, 106.628000000]: Control loop missed its desired rate of 20.0000Hz... the loop actually took 0.0800 seconds[0m
[33m[WARN] [1774192603.688084995, 106.708000000]: Control loop missed its desired rate of 20.0000Hz... the loop actually took 0.1100 seconds[0m
[33m[WARN] [1774192603.718806656, 106.770000000]: Control loop missed its desired rate of 20.0000Hz... the loop actually took 0.0620 seconds[0m
[33m[WARN] [1774192603.762855877, 106.832000000]: Control loop missed its desired rate of 20.0000Hz... the loop actually took 0.0740 seconds[0m
[33m[WARN] [1774192603.815889478, 106.916000000]: Control loop missed its desired rate of 20.0000Hz... the loop actually took 0.1080 seconds[0m
[33m[WARN] [1774192603.868629813, 107.006000000]: Control loop missed its desired rate of 20.0000Hz... the loop actually took 0.0900 seconds[0m
[33m[WARN] [1774192603.909209713, 107.078000000]: Control loop missed its desired rate of 20.0000Hz... the loop actually took 0.1120 seconds[0m
[33m[WARN] [1774192603.950402266, 107.136000000]: Control loop missed its desired rate of 20.0000Hz... the loop actually took 0.0580 seconds[0m
[33m[WARN] [1774192603.992961413, 107.216000000]: Control loop missed its desired rate of 20.0000Hz... the loop actually took 0.0880 seconds[0m
E20260322 23:16:44.046109 260123 path_planner_node.cpp:250] Failed to get a path.
[33m[WARN] [1774192604.050347694, 107.314000000]: Control loop missed its desired rate of 20.0000Hz... the loop actually took 0.1360 seconds[0m
[33m[WARN] [1774192604.119887286, 107.428000000]: Control loop missed its desired rate of 20.0000Hz... the loop actually took 0.0640 seconds[0m
[33m[WARN] [1774192604.152894519, 107.482000000]: Control loop missed its desired rate of 20.0000Hz... the loop actually took 0.0680 seconds[0m
[33m[WARN] [1774192604.179800164, 107.534000000]: Control loop missed its desired rate of 20.0000Hz... the loop actually took 0.0700 seconds[0m
E20260322 23:16:44.307471 260193 path_planner_node.cpp:250] Failed to get a path.
[33m[WARN] [1774192604.311066845, 107.748000000]: Map update loop missed its desired rate of 1.0000Hz... the loop actually took 4.3160 seconds[0m
[33m[WARN] [1774192604.340735361, 107.794000000]: Rotate recovery behavior started.[0m
E20260322 23:16:44.347208 260123 path_planner_node.cpp:250] Failed to get a path.
E20260322 23:16:44.655565 260123 path_planner_node.cpp:250] Failed to get a path.
E20260322 23:16:44.935035 260123 path_planner_node.cpp:250] Failed to get a path.
E20260322 23:16:45.228571 260123 path_planner_node.cpp:250] Failed to get a path.
E20260322 23:16:45.535914 260123 path_planner_node.cpp:250] Failed to get a path.
E20260322 23:16:45.844326 260123 path_planner_node.cpp:250] Failed to get a path.
E20260322 23:16:46.152534 260123 path_planner_node.cpp:250] Failed to get a path.
E20260322 23:16:46.450569 260123 path_planner_node.cpp:250] Failed to get a path.
E20260322 23:16:46.756405 260123 path_planner_node.cpp:250] Failed to get a path.
E20260322 23:16:47.034260 260123 path_planner_node.cpp:250] Failed to get a path.
E20260322 23:16:47.343600 260123 path_planner_node.cpp:250] Failed to get a path.
E20260322 23:16:47.651840 260123 path_planner_node.cpp:250] Failed to get a path.
E20260322 23:16:47.950532 260123 path_planner_node.cpp:250] Failed to get a path.
E20260322 23:16:48.239899 260123 path_planner_node.cpp:250] Failed to get a path.
E20260322 23:16:48.537709 260123 path_planner_node.cpp:250] Failed to get a path.
E20260322 23:16:48.843799 260123 path_planner_node.cpp:250] Failed to get a path.
E20260322 23:16:49.154366 260123 path_planner_node.cpp:250] Failed to get a path.
E20260322 23:16:49.449051 260123 path_planner_node.cpp:250] Failed to get a path.
E20260322 23:16:49.757416 260123 path_planner_node.cpp:250] Failed to get a path.
[33m[WARN] [1774192609.963579296, 117.166000000]: Clearing both costmaps outside a square (3.00m) large centered on the robot.[0m
E20260322 23:16:49.993356 260123 path_planner_node.cpp:250] Failed to get a path.
E20260322 23:16:50.017717 260123 path_planner_node.cpp:250] Failed to get a path.
E20260322 23:16:50.046304 260123 path_planner_node.cpp:250] Failed to get a path.
E20260322 23:16:50.070657 260123 path_planner_node.cpp:250] Failed to get a path.
E20260322 23:16:50.099279 260123 path_planner_node.cpp:250] Failed to get a path.
E20260322 23:16:50.123587 260123 path_planner_node.cpp:250] Failed to get a path.
E20260322 23:16:50.157467 260123 path_planner_node.cpp:250] Failed to get a path.
E20260322 23:16:50.182873 260123 path_planner_node.cpp:250] Failed to get a path.
E20260322 23:16:50.222090 260123 path_planner_node.cpp:250] Failed to get a path.
E20260322 23:16:50.247458 260123 path_planner_node.cpp:250] Failed to get a path.
E20260322 23:16:50.282407 260123 path_planner_node.cpp:250] Failed to get a path.
E20260322 23:16:50.307850 260123 path_planner_node.cpp:250] Failed to get a path.
E20260322 23:16:50.344887 260123 path_planner_node.cpp:250] Failed to get a path.
E20260322 23:16:50.370311 260123 path_planner_node.cpp:250] Failed to get a path.
E20260322 23:16:50.406320 260123 path_planner_node.cpp:250] Failed to get a path.
E20260322 23:16:50.430634 260123 path_planner_node.cpp:250] Failed to get a path.
E20260322 23:16:50.466686 260123 path_planner_node.cpp:250] Failed to get a path.
E20260322 23:16:50.492062 260123 path_planner_node.cpp:250] Failed to get a path.
E20260322 23:16:50.525990 260123 path_planner_node.cpp:250] Failed to get a path.
E20260322 23:16:50.551373 260123 path_planner_node.cpp:250] Failed to get a path.
E20260322 23:16:50.582085 260123 path_planner_node.cpp:250] Failed to get a path.
E20260322 23:16:50.607415 260123 path_planner_node.cpp:250] Failed to get a path.
E20260322 23:16:50.631762 260123 path_planner_node.cpp:250] Failed to get a path.
E20260322 23:16:50.662475 260123 path_planner_node.cpp:250] Failed to get a path.
E20260322 23:16:50.686852 260123 path_planner_node.cpp:250] Failed to get a path.
E20260322 23:16:50.715440 260123 path_planner_node.cpp:250] Failed to get a path.
E20260322 23:16:50.739784 260123 path_planner_node.cpp:250] Failed to get a path.
E20260322 23:16:50.773656 260123 path_planner_node.cpp:250] Failed to get a path.
E20260322 23:16:50.799093 260123 path_planner_node.cpp:250] Failed to get a path.
E20260322 23:16:50.835101 260123 path_planner_node.cpp:250] Failed to get a path.
E20260322 23:16:50.860522 260123 path_planner_node.cpp:250] Failed to get a path.
E20260322 23:16:50.894382 260123 path_planner_node.cpp:250] Failed to get a path.
E20260322 23:16:50.918866 260123 path_planner_node.cpp:250] Failed to get a path.
E20260322 23:16:50.956873 260123 path_planner_node.cpp:250] Failed to get a path.
E20260322 23:16:50.982247 260123 path_planner_node.cpp:250] Failed to get a path.
E20260322 23:16:51.019346 260123 path_planner_node.cpp:250] Failed to get a path.
E20260322 23:16:51.044744 260123 path_planner_node.cpp:250] Failed to get a path.
E20260322 23:16:51.077559 260123 path_planner_node.cpp:250] Failed to get a path.
E20260322 23:16:51.102949 260123 path_planner_node.cpp:250] Failed to get a path.
E20260322 23:16:51.131543 260123 path_planner_node.cpp:250] Failed to get a path.
E20260322 23:16:51.156971 260123 path_planner_node.cpp:250] Failed to get a path.
E20260322 23:16:51.186571 260123 path_planner_node.cpp:250] Failed to get a path.
E20260322 23:16:51.210971 260123 path_planner_node.cpp:250] Failed to get a path.
E20260322 23:16:51.239513 260123 path_planner_node.cpp:250] Failed to get a path.
E20260322 23:16:51.263839 260123 path_planner_node.cpp:250] Failed to get a path.
E20260322 23:16:51.289299 260123 path_planner_node.cpp:250] Failed to get a path.
E20260322 23:16:51.317871 260123 path_planner_node.cpp:250] Failed to get a path.
E20260322 23:16:51.343361 260123 path_planner_node.cpp:250] Failed to get a path.
E20260322 23:16:51.373006 260123 path_planner_node.cpp:250] Failed to get a path.
E20260322 23:16:51.398432 260123 path_planner_node.cpp:250] Failed to get a path.
E20260322 23:16:51.425922 260123 path_planner_node.cpp:250] Failed to get a path.
E20260322 23:16:51.451335 260123 path_planner_node.cpp:250] Failed to get a path.
E20260322 23:16:51.479918 260123 path_planner_node.cpp:250] Failed to get a path.
E20260322 23:16:51.505359 260123 path_planner_node.cpp:250] Failed to get a path.
E20260322 23:16:51.533986 260123 path_planner_node.cpp:250] Failed to get a path.
E20260322 23:16:51.559388 260123 path_planner_node.cpp:250] Failed to get a path.
E20260322 23:16:51.596459 260123 path_planner_node.cpp:250] Failed to get a path.
E20260322 23:16:51.621860 260123 path_planner_node.cpp:250] Failed to get a path.
E20260322 23:16:51.657972 260123 path_planner_node.cpp:250] Failed to get a path.
E20260322 23:16:51.683373 260123 path_planner_node.cpp:250] Failed to get a path.
E20260322 23:16:51.718343 260123 path_planner_node.cpp:250] Failed to get a path.
E20260322 23:16:51.742669 260123 path_planner_node.cpp:250] Failed to get a path.
E20260322 23:16:51.771253 260123 path_planner_node.cpp:250] Failed to get a path.
E20260322 23:16:51.796662 260123 path_planner_node.cpp:250] Failed to get a path.
E20260322 23:16:51.825318 260123 path_planner_node.cpp:250] Failed to get a path.
E20260322 23:16:51.849642 260123 path_planner_node.cpp:250] Failed to get a path.
E20260322 23:16:51.878216 260123 path_planner_node.cpp:250] Failed to get a path.
E20260322 23:16:51.902585 260123 path_planner_node.cpp:250] Failed to get a path.
E20260322 23:16:51.928063 260123 path_planner_node.cpp:250] Failed to get a path.
E20260322 23:16:51.960891 260123 path_planner_node.cpp:250] Failed to get a path.
E20260322 23:16:51.986390 260123 path_planner_node.cpp:250] Failed to get a path.
E20260322 23:16:52.023437 260123 path_planner_node.cpp:250] Failed to get a path.
E20260322 23:16:52.047776 260123 path_planner_node.cpp:250] Failed to get a path.
E20260322 23:16:52.081723 260123 path_planner_node.cpp:250] Failed to get a path.
E20260322 23:16:52.107126 260123 path_planner_node.cpp:250] Failed to get a path.
E20260322 23:16:52.135728 260123 path_planner_node.cpp:250] Failed to get a path.
E20260322 23:16:52.161128 260123 path_planner_node.cpp:250] Failed to get a path.
E20260322 23:16:52.190825 260123 path_planner_node.cpp:250] Failed to get a path.
E20260322 23:16:52.216199 260123 path_planner_node.cpp:250] Failed to get a path.
E20260322 23:16:52.243682 260123 path_planner_node.cpp:250] Failed to get a path.
E20260322 23:16:52.269127 260123 path_planner_node.cpp:250] Failed to get a path.
E20260322 23:16:52.299842 260123 path_planner_node.cpp:250] Failed to get a path.
E20260322 23:16:52.325187 260123 path_planner_node.cpp:250] Failed to get a path.
E20260322 23:16:52.359110 260123 path_planner_node.cpp:250] Failed to get a path.
E20260322 23:16:52.384508 260123 path_planner_node.cpp:250] Failed to get a path.
E20260322 23:16:52.422576 260123 path_planner_node.cpp:250] Failed to get a path.
E20260322 23:16:52.447969 260123 path_planner_node.cpp:250] Failed to get a path.
E20260322 23:16:52.483971 260123 path_planner_node.cpp:250] Failed to get a path.
E20260322 23:16:52.509358 260123 path_planner_node.cpp:250] Failed to get a path.
E20260322 23:16:52.545436 260123 path_planner_node.cpp:250] Failed to get a path.
E20260322 23:16:52.569780 260123 path_planner_node.cpp:250] Failed to get a path.
E20260322 23:16:52.595279 260123 path_planner_node.cpp:250] Failed to get a path.
E20260322 23:16:52.633370 260123 path_planner_node.cpp:250] Failed to get a path.
E20260322 23:16:52.657783 260123 path_planner_node.cpp:250] Failed to get a path.
E20260322 23:16:52.694839 260123 path_planner_node.cpp:250] Failed to get a path.
E20260322 23:16:52.720254 260123 path_planner_node.cpp:250] Failed to get a path.
E20260322 23:16:52.755234 260123 path_planner_node.cpp:250] Failed to get a path.
E20260322 23:16:52.779572 260123 path_planner_node.cpp:250] Failed to get a path.
E20260322 23:16:52.809295 260123 path_planner_node.cpp:250] Failed to get a path.
E20260322 23:16:52.833601 260123 path_planner_node.cpp:250] Failed to get a path.
E20260322 23:16:52.863220 260123 path_planner_node.cpp:250] Failed to get a path.
[33m[WARN] [1774192612.887508414, 122.264000000]: Rotate recovery behavior started.[0m
E20260322 23:17:00.317405 260193 path_planner_node.cpp:250] Failed to get a path.
E20260322 23:17:01.375450 260193 path_planner_node.cpp:250] Failed to get a path.
E20260322 23:17:02.440848 260193 path_planner_node.cpp:250] Failed to get a path.
[33m[WARN] [1774192622.441809294, 138.294000000]: Clearing both costmaps outside a square (1.84m) large centered on the robot.[0m
[33m[WARN] [1774192622.443505960, 138.298000000]: Map update loop missed its desired rate of 1.0000Hz... the loop actually took 4.5500 seconds[0m
E20260322 23:17:03.542650 260193 path_planner_node.cpp:250] Failed to get a path.
E20260322 23:17:04.569761 260193 path_planner_node.cpp:250] Failed to get a path.
Error in XmlRpcClient::writeRequest: write error (Connection refused).
Error in XmlRpcDispatch::work: couldn't find source iterator
[0m[INFO] [1774192591.648937456, 84.444000000]: global_costmap: Using plugin "static_map"[0m
[0m[INFO] [1774192591.651940165, 84.450000000]: Requesting the map...[0m
[0m[INFO] [1774192591.853261735, 84.852000000]: Resizing costmap to 480 X 480 at 0.050000 m/pix[0m
[0m[INFO] [1774192591.903056353, 84.952000000]: Received a 480 X 480 map at 0.050000 m/pix[0m
[0m[INFO] [1774192591.904994044, 84.956000000]: global_costmap: Using plugin "obstacle_layer"[0m
[0m[INFO] [1774192591.906218162, 84.958000000]:     Subscribed to Topics: scan[0m
[0m[INFO] [1774192591.912742433, 84.972000000]: global_costmap: Using plugin "voronoi_layer"[0m
[0m[INFO] [1774192591.915396072, 84.976000000]: global_costmap: Using plugin "inflation_layer"[0m
[0m[INFO] [1774192591.936235748, 85.018000000]: local_costmap: Using plugin "obstacle_layer"[0m
[0m[INFO] [1774192591.937027684, 85.020000000]:     Subscribed to Topics: [0m
[0m[INFO] [1774192591.939205212, 85.024000000]: local_costmap: Using plugin "inflation_layer"[0m
[0m[INFO] [1774192591.952893715, 85.052000000]: Created local_planner pid_controller/PIDController[0m
[0m[INFO] [1774192591.957673828, 85.062000000]: PID Controller initialized![0m
[0m[INFO] [1774192592.457634879, 86.058000000]: Recovery behavior will clear layer 'obstacles'[0m
[0m[INFO] [1774192592.459607002, 86.062000000]: Recovery behavior will clear layer 'obstacles'[0m
[0m[INFO] [1774192592.469830934, 86.082000000]: odom received![0m
Error in XmlRpcClient::writeRequest: write error (Connection refused).
Error in XmlRpcDispatch::work: couldn't find source iterator
Error in XmlRpcClient::writeRequest: write error (Connection refused).
Error in XmlRpcDispatch::work: couldn't find source iterator
Error in XmlRpcClient::writeRequest: write error (Connection refused).
Error in XmlRpcDispatch::work: couldn't find source iterator
Error in XmlRpcClient::writeRequest: write error (Connection refused).
Error in XmlRpcDispatch::work: couldn't find source iterator
Error in XmlRpcClient::writeRequest: write error (Connection refused).
Error in XmlRpcDispatch::work: couldn't find source iterator
[0m[INFO] [1774192591.597946028, 84.344000000]: global_costmap: Using plugin "static_map"[0m
[0m[INFO] [1774192591.600954673, 84.350000000]: Requesting the map...[0m
[0m[INFO] [1774192591.752187172, 84.650000000]: Resizing costmap to 480 X 480 at 0.050000 m/pix[0m
[0m[INFO] [1774192591.801715833, 84.750000000]: Received a 480 X 480 map at 0.050000 m/pix[0m
[0m[INFO] [1774192591.803071742, 84.752000000]: global_costmap: Using plugin "obstacle_layer"[0m
[0m[INFO] [1774192591.803975285, 84.754000000]:     Subscribed to Topics: scan[0m
[0m[INFO] [1774192591.808940618, 84.764000000]: global_costmap: Using plugin "voronoi_layer"[0m
[0m[INFO] [1774192591.810439004, 84.768000000]: global_costmap: Using plugin "inflation_layer"[0m
[0m[INFO] [1774192591.825470356, 84.796000000]: local_costmap: Using plugin "obstacle_layer"[0m
[0m[INFO] [1774192591.826149498, 84.798000000]:     Subscribed to Topics: [0m
[0m[INFO] [1774192591.828152491, 84.802000000]: local_costmap: Using plugin "inflation_layer"[0m
[0m[INFO] [1774192591.839054376, 84.824000000]: Created local_planner dwa_controller/DWAController[0m
[0m[INFO] [1774192591.839976917, 84.826000000]: Sim period is set to 0.10[0m
[0m[INFO] [1774192591.841345886, 84.828000000]: Using local controller: DWAController[0m
[0m[INFO] [1774192592.343200698, 85.832000000]: Recovery behavior will clear layer 'obstacles'[0m
[0m[INFO] [1774192592.344937733, 85.834000000]: Recovery behavior will clear layer 'obstacles'[0m
[0m[INFO] [1774192592.353643095, 85.852000000]: odom received![0m
[0m[INFO] [1774192597.920260876, 96.898000000]: Got new plan[0m
[0m[INFO] [1774192597.975816325, 96.998000000]: Got new plan[0m
[0m[INFO] [1774192598.001258016, 97.048000000]: Got new plan[0m
[0m[INFO] [1774192598.038293794, 97.098000000]: Got new plan[0m
[0m[INFO] [1774192598.063670183, 97.150000000]: Got new plan[0m
[0m[INFO] [1774192598.096507631, 97.200000000]: Got new plan[0m
[0m[INFO] [1774192598.120845123, 97.248000000]: Got new plan[0m
[0m[INFO] [1774192598.158901989, 97.298000000]: Got new plan[0m
[0m[INFO] [1774192598.184433916, 97.350000000]: Got new plan[0m
[0m[INFO] [1774192598.222459911, 97.398000000]: Got new plan[0m
[0m[INFO] [1774192598.247971653, 97.448000000]: Got new plan[0m
[0m[INFO] [1774192598.281817129, 97.498000000]: Got new plan[0m
[0m[INFO] [1774192598.307033230, 97.548000000]: Got new plan[0m
[0m[INFO] [1774192598.342844892, 97.598000000]: Got new plan[0m
[0m[INFO] [1774192598.369153319, 97.648000000]: Got new plan[0m
[0m[INFO] [1774192598.403951018, 97.698000000]: Got new plan[0m
[0m[INFO] [1774192598.429327406, 97.748000000]: Got new plan[0m
[0m[INFO] [1774192598.465495261, 97.800000000]: Got new plan[0m
[0m[INFO] [1774192598.489912303, 97.848000000]: Got new plan[0m
[0m[INFO] [1774192598.769122631, 98.348000000]: Got new plan[0m
[0m[INFO] [1774192599.061880173, 98.848000000]: Got new plan[0m
[0m[INFO] [1774192599.344507580, 99.352000000]: Got new plan[0m
[0m[INFO] [1774192599.649332946, 99.848000000]: Got new plan[0m
[0m[INFO] [1774192599.959514270, 100.348000000]: Got new plan[0m
[0m[INFO] [1774192600.266120601, 100.848000000]: Got new plan[0m
[0m[INFO] [1774192600.531503510, 101.348000000]: Got new plan[0m
[0m[INFO] [1774192600.841674147, 101.850000000]: Got new plan[0m
[0m[INFO] [1774192601.119196119, 102.348000000]: Got new plan[0m
[0m[INFO] [1774192601.424877534, 102.848000000]: Got new plan[0m
[0m[INFO] [1774192601.699052477, 103.348000000]: Got new plan[0m
[0m[INFO] [1774192601.965261753, 103.848000000]: Got new plan[0m
[0m[INFO] [1774192602.275401519, 104.348000000]: Got new plan[0m
[0m[INFO] [1774192602.581640970, 104.848000000]: Got new plan[0m
[0m[INFO] [1774192602.892041945, 105.348000000]: Got new plan[0m
[0m[INFO] [1774192603.186186263, 105.848000000]: Got new plan[0m
[0m[INFO] [1774192603.489064437, 106.348000000]: Got new plan[0m
[0m[INFO] [1774192603.762942551, 106.834000000]: Got new plan[0m
Error in XmlRpcClient::writeRequest: write error (Connection refused).
Error in XmlRpcClient::writeRequest: write error (Connection refused).
Error in XmlRpcDispatch::work: couldn't find source iterator
Error in XmlRpcDispatch::work: couldn't find source iterator
Error in XmlRpcClient::writeRequest: write error (Connection refused).
Error in XmlRpcDispatch::work: couldn't find source iterator
Error in XmlRpcClient::writeRequest: write error (Connection refused).
Error in XmlRpcClient::writeRequest: write error (Connection refused).
Error in XmlRpcClient::writeRequest: write error (Connection refused).
Error in XmlRpcDispatch::work: couldn't find source iterator
Error in XmlRpcDispatch::work: couldn't find source iterator
Error in XmlRpcDispatch::work: couldn't find source iterator
Error in XmlRpcClient::writeRequest: write error (Connection refused).
Error in XmlRpcDispatch::work: couldn't find source iterator
Error in XmlRpcClient::writeRequest: write error (Connection refused).
Error in XmlRpcDispatch::work: couldn't find source iterator
Error in XmlRpcClient::writeRequest: write error (Connection refused).
Error in XmlRpcDispatch::work: couldn't find source iterator
Error in XmlRpcClient::writeRequest: write error (Connection refused).
Error in XmlRpcDispatch::work: couldn't find source iterator
Error in XmlRpcClient::writeRequest: write error (Connection refused).
Error in XmlRpcDispatch::work: couldn't find source iterator
Error in XmlRpcClient::writeRequest: write error (Connection refused).
Error in XmlRpcDispatch::work: couldn't find source iterator
Error in XmlRpcClient::writeRequest: write error (Connection refused).
Error in XmlRpcDispatch::work: couldn't find source iterator
Error in XmlRpcClient::writeRequest: write error (Connection refused).
Error in XmlRpcClient::writeRequest: write error (Connection refused).
Error in XmlRpcDispatch::work: couldn't find source iterator
Error in XmlRpcDispatch::work: couldn't find source iterator
Error in XmlRpcClient::writeRequest: write error (Connection refused).
Error in XmlRpcDispatch::work: couldn't find source iterator
Error in XmlRpcClient::writeRequest: write error (Connection refused).
Error in XmlRpcDispatch::work: couldn't find source iterator
Error in XmlRpcClient::writeRequest: write error (Connection refused).
Error in XmlRpcDispatch::work: couldn't find source iterator
Error in XmlRpcClient::writeRequest: write error (Connection refused).
Error in XmlRpcDispatch::work: couldn't find source iterator
Error in XmlRpcClient::writeRequest: write error (Connection refused).
Error in XmlRpcDispatch::work: couldn't find source iterator
Error in XmlRpcClient::writeRequest: write error (Connection refused).
Error in XmlRpcDispatch::work: couldn't find source iterator
Error in XmlRpcClient::writeRequest: write error (Connection refused).
Error in XmlRpcDispatch::work: couldn't find source iterator
Error in XmlRpcClient::writeRequest: write error (Connection refused).
Error in XmlRpcDispatch::work: couldn't find source iterator
Error in XmlRpcClient::writeRequest: write error (Connection refused).
Error in XmlRpcDispatch::work: couldn't find source iterator
Error in XmlRpcClient::writeRequest: write error (Connection refused).
Error in XmlRpcDispatch::work: couldn't find source iterator
Error in XmlRpcClient::writeRequest: write error (Connection refused).
Error in XmlRpcDispatch::work: couldn't find source iterator
Error in XmlRpcClient::writeRequest: write error (Connection refused).
Error in XmlRpcClient::writeRequest: write error (Connection refused).
Error in XmlRpcDispatch::work: couldn't find source iterator
Error in XmlRpcDispatch::work: couldn't find source iterator
Error in XmlRpcClient::writeRequest: write error (Connection refused).
Error in XmlRpcDispatch::work: couldn't find source iterator
Error in XmlRpcClient::writeRequest: write error (Connection refused).
Error in XmlRpcDispatch::work: couldn't find source iterator
Error in XmlRpcClient::writeRequest: write error (Connection refused).
Error in XmlRpcDispatch::work: couldn't find source iterator
Error in XmlRpcClient::writeRequest: write error (Connection refused).
Error in XmlRpcDispatch::work: couldn't find source iterator
Error in XmlRpcClient::writeRequest: write error (Connection refused).
Error in XmlRpcDispatch::work: couldn't find source iterator
Error in XmlRpcClient::writeRequest: write error (Connection refused).
Error in XmlRpcDispatch::work: couldn't find source iterator
Error in XmlRpcClient::writeRequest: write error (Connection refused).
Error in XmlRpcDispatch::work: couldn't find source iterator
Error in XmlRpcClient::writeRequest: write error (Connection refused).
Error in XmlRpcDispatch::work: couldn't find source iterator
Error in XmlRpcClient::writeRequest: write error (Connection refused).
Error in XmlRpcClient::writeRequest: write error (Connection refused).
Error in XmlRpcDispatch::work: couldn't find source iterator
Error in XmlRpcDispatch::work: couldn't find source iterator
Error in XmlRpcClient::writeRequest: write error (Connection refused).
Error in XmlRpcDispatch::work: couldn't find source iterator
Error in XmlRpcClient::writeRequest: write error (Connection refused).
Error in XmlRpcDispatch::work: couldn't find source iterator
Error in XmlRpcClient::writeRequest: write error (Connection refused).
Error in XmlRpcDispatch::work: couldn't find source iterator
Error in XmlRpcClient::writeRequest: write error (Connection refused).
Error in XmlRpcDispatch::work: couldn't find source iterator
Error in XmlRpcClient::writeRequest: write error (Connection refused).
Error in XmlRpcDispatch::work: couldn't find source iterator
Error in XmlRpcClient::writeRequest: write error (Connection refused).
Error in XmlRpcDispatch::work: couldn't find source iterator
Error in XmlRpcClient::writeRequest: write error (Connection refused).
Error in XmlRpcDispatch::work: couldn't find source iterator
Error in XmlRpcClient::writeRequest: write error (Connection refused).
Error in XmlRpcClient::writeRequest: write error (Connection refused).
Error in XmlRpcDispatch::work: couldn't find source iterator
Error in XmlRpcDispatch::work: couldn't find source iterator
Error in XmlRpcClient::writeRequest: write error (Connection refused).
Error in XmlRpcDispatch::work: couldn't find source iterator
Error in XmlRpcClient::writeRequest: write error (Connection refused).
Error in XmlRpcDispatch::work: couldn't find source iterator
Error in XmlRpcClient::writeRequest: write error (Connection refused).
Error in XmlRpcDispatch::work: couldn't find source iterator
Error in XmlRpcClient::writeRequest: write error (Connection refused).
Error in XmlRpcDispatch::work: couldn't find source iterator
Error in XmlRpcClient::writeRequest: write error (Connection refused).
Error in XmlRpcDispatch::work: couldn't find source iterator
Error in XmlRpcClient::writeRequest: write error (Connection refused).
Error in XmlRpcDispatch::work: couldn't find source iterator
Error in XmlRpcClient::writeRequest: write error (Connection refused).
Error in XmlRpcDispatch::work: couldn't find source iterator
Error in XmlRpcClient::writeRequest: write error (Connection refused).
Error in XmlRpcClient::writeRequest: write error (Connection refused).
Error in XmlRpcDispatch::work: couldn't find source iterator
Error in XmlRpcDispatch::work: couldn't find source iterator
Error in XmlRpcClient::writeRequest: write error (Connection refused).
Error in XmlRpcClient::writeRequest: write error (Connection refused).
Error in XmlRpcDispatch::work: couldn't find source iterator
Error in XmlRpcDispatch::work: couldn't find source iterator
Error in XmlRpcClient::writeRequest: write error (Connection refused).
Error in XmlRpcDispatch::work: couldn't find source iterator
Error in XmlRpcClient::writeRequest: write error (Connection refused).
Error in XmlRpcDispatch::work: couldn't find source iterator
Error in XmlRpcClient::writeRequest: write error (Connection refused).
Error in XmlRpcDispatch::work: couldn't find source iterator
Error in XmlRpcClient::writeRequest: write error (Connection refused).
Error in XmlRpcDispatch::work: couldn't find source iterator
Error in XmlRpcClient::writeRequest: write error (Connection refused).
Error in XmlRpcDispatch::work: couldn't find source iterator
Error in XmlRpcClient::writeRequest: write error (Connection refused).
Error in XmlRpcDispatch::work: couldn't find source iterator
Error in XmlRpcClient::writeRequest: write error (Connection refused).
Error in XmlRpcDispatch::work: couldn't find source iterator
Error in XmlRpcClient::writeRequest: write error (Connection refused).
Error in XmlRpcDispatch::work: couldn't find source iterator
Error in XmlRpcClient::writeRequest: write error (Connection refused).
Error in XmlRpcDispatch::work: couldn't find source iterator
Error in XmlRpcClient::writeRequest: write error (Connection refused).
Error in XmlRpcClient::writeRequest: write error (Connection refused).
Error in XmlRpcDispatch::work: couldn't find source iterator
Error in XmlRpcDispatch::work: couldn't find source iterator
Error in XmlRpcClient::writeRequest: write error (Connection refused).
Error in XmlRpcDispatch::work: couldn't find source iterator
Error in XmlRpcClient::writeRequest: write error (Connection refused).
Error in XmlRpcDispatch::work: couldn't find source iterator
Error in XmlRpcClient::writeRequest: write error (Connection refused).
Error in XmlRpcDispatch::work: couldn't find source iterator
Error in XmlRpcClient::writeRequest: write error (Connection refused).
Error in XmlRpcDispatch::work: couldn't find source iterator
Error in XmlRpcClient::writeRequest: write error (Connection refused).
Error in XmlRpcDispatch::work: couldn't find source iterator
Error in XmlRpcClient::writeRequest: write error (Connection refused).
Error in XmlRpcDispatch::work: couldn't find source iterator
Error in XmlRpcClient::writeRequest: write error (Connection refused).
Error in XmlRpcClient::writeRequest: write error (Connection refused).
Error in XmlRpcDispatch::work: couldn't find source iterator
Error in XmlRpcDispatch::work: couldn't find source iterator
Error in XmlRpcClient::writeRequest: write error (Connection refused).
Error in XmlRpcDispatch::work: couldn't find source iterator
Error in XmlRpcClient::writeRequest: write error (Connection refused).
Error in XmlRpcDispatch::work: couldn't find source iterator
Error in XmlRpcClient::writeRequest: write error (Connection refused).
Error in XmlRpcDispatch::work: couldn't find source iterator
Error in XmlRpcClient::writeRequest: write error (Connection refused).
Error in XmlRpcDispatch::work: couldn't find source iterator
Error in XmlRpcClient::writeRequest: write error (Connection refused).
Error in XmlRpcDispatch::work: couldn't find source iterator
Error in XmlRpcClient::writeRequest: write error (Connection refused).
Error in XmlRpcDispatch::work: couldn't find source iterator
Error in XmlRpcClient::writeRequest: write error (Connection refused).
Error in XmlRpcDispatch::work: couldn't find source iterator
Error in XmlRpcClient::writeRequest: write error (Connection refused).
Error in XmlRpcDispatch::work: couldn't find source iterator
Error in XmlRpcClient::writeRequest: write error (Connection refused).
Error in XmlRpcDispatch::work: couldn't find source iterator
Error in XmlRpcClient::writeRequest: write error (Connection refused).
Error in XmlRpcDispatch::work: couldn't find source iterator
Error in XmlRpcClient::writeRequest: write error (Connection refused).
Error in XmlRpcDispatch::work: couldn't find source iterator
Error in XmlRpcClient::writeRequest: write error (Connection refused).
Error in XmlRpcClient::writeRequest: write error (Connection refused).
Error in XmlRpcDispatch::work: couldn't find source iterator
Error in XmlRpcDispatch::work: couldn't find source iterator
Error in XmlRpcClient::writeRequest: write error (Connection refused).
Error in XmlRpcDispatch::work: couldn't find source iterator
Error in XmlRpcClient::writeRequest: write error (Connection refused).
Error in XmlRpcDispatch::work: couldn't find source iterator
Error in XmlRpcClient::writeRequest: write error (Connection refused).
Error in XmlRpcDispatch::work: couldn't find source iterator
Error in XmlRpcClient::writeRequest: write error (Connection refused).
Error in XmlRpcDispatch::work: couldn't find source iterator
Error in XmlRpcClient::writeRequest: write error (Connection refused).
Error in XmlRpcDispatch::work: couldn't find source iterator
Error in XmlRpcClient::writeRequest: write error (Connection refused).
Error in XmlRpcDispatch::work: couldn't find source iterator
Error in XmlRpcClient::writeRequest: write error (Connection refused).
Error in XmlRpcDispatch::work: couldn't find source iterator
Error in XmlRpcClient::writeRequest: write error (Connection refused).
Error in XmlRpcDispatch::work: couldn't find source iterator
Error in XmlRpcClient::writeRequest: write error (Connection refused).
Error in XmlRpcDispatch::work: couldn't find source iterator
Error in XmlRpcClient::writeRequest: write error (Connection refused).
Error in XmlRpcDispatch::work: couldn't find source iterator
Error in XmlRpcClient::writeRequest: write error (Connection refused).
Error in XmlRpcDispatch::work: couldn't find source iterator
Error in XmlRpcClient::writeRequest: write error (Connection refused).
Error in XmlRpcDispatch::work: couldn't find source iterator
Error in XmlRpcClient::writeRequest: write error (Connection refused).
Error in XmlRpcDispatch::work: couldn't find source iterator
Error in XmlRpcClient::writeRequest: write error (Connection refused).
Error in XmlRpcDispatch::work: couldn't find source iterator
Error in XmlRpcClient::writeRequest: write error (Connection refused).
Error in XmlRpcDispatch::work: couldn't find source iterator
Error in XmlRpcClient::writeRequest: write error (Connection refused).
Error in XmlRpcDispatch::work: couldn't find source iterator
Error in XmlRpcClient::writeRequest: write error (Connection refused).
Error in XmlRpcClient::writeRequest: write error (Connection refused).
Error in XmlRpcDispatch::work: couldn't find source iterator
Error in XmlRpcDispatch::work: couldn't find source iterator
Error in XmlRpcClient::writeRequest: write error (Connection refused).
Error in XmlRpcDispatch::work: couldn't find source iterator
Error in XmlRpcClient::writeRequest: write error (Connection refused).
Error in XmlRpcDispatch::work: couldn't find source iterator
Error in XmlRpcClient::writeRequest: write error (Connection refused).
Error in XmlRpcDispatch::work: couldn't find source iterator
Error in XmlRpcClient::writeRequest: write error (Connection refused).
Error in XmlRpcDispatch::work: couldn't find source iterator
Error in XmlRpcClient::writeRequest: write error (Connection refused).
Error in XmlRpcDispatch::work: couldn't find source iterator
Error in XmlRpcClient::writeRequest: write error (Connection refused).
Error in XmlRpcDispatch::work: couldn't find source iterator
Error in XmlRpcClient::writeRequest: write error (Connection refused).
Error in XmlRpcDispatch::work: couldn't find source iterator
Error in XmlRpcClient::writeRequest: write error (Connection refused).
Error in XmlRpcDispatch::work: couldn't find source iterator
Error in XmlRpcClient::writeRequest: write error (Connection refused).
Error in XmlRpcDispatch::work: couldn't find source iterator
Error in XmlRpcClient::writeRequest: write error (Connection refused).
Error in XmlRpcDispatch::work: couldn't find source iterator
Error in XmlRpcClient::writeRequest: write error (Connection refused).
Error in XmlRpcDispatch::work: couldn't find source iterator
Error in XmlRpcClient::writeRequest: write error (Connection refused).
Error in XmlRpcDispatch::work: couldn't find source iterator
Error in XmlRpcClient::writeRequest: write error (Connection refused).
Error in XmlRpcDispatch::work: couldn't find source iterator
Error in XmlRpcClient::writeRequest: write error (Connection refused).
Error in XmlRpcDispatch::work: couldn't find source iterator
Error in XmlRpcClient::writeRequest: write error (Connection refused).
Error in XmlRpcDispatch::work: couldn't find source iterator
Error in XmlRpcClient::writeRequest: write error (Connection refused).
Error in XmlRpcDispatch::work: couldn't find source iterator
Error in XmlRpcClient::writeRequest: write error (Connection refused).
Error in XmlRpcDispatch::work: couldn't find source iterator
Error in XmlRpcClient::writeRequest: write error (Connection refused).
Error in XmlRpcDispatch::work: couldn't find source iterator
Error in XmlRpcClient::writeRequest: write error (Connection refused).
Error in XmlRpcDispatch::work: couldn't find source iterator
Error in XmlRpcClient::writeRequest: write error (Connection refused).
Error in XmlRpcDispatch::work: couldn't find source iterator
Error in XmlRpcClient::writeRequest: write error (Connection refused).
Error in XmlRpcDispatch::work: couldn't find source iterator
Error in XmlRpcClient::writeRequest: write error (Connection refused).
Error in XmlRpcDispatch::work: couldn't find source iterator
Error in XmlRpcClient::writeRequest: write error (Connection refused).
Error in XmlRpcDispatch::work: couldn't find source iterator
Error in XmlRpcClient::writeRequest: write error (Connection refused).
Error in XmlRpcDispatch::work: couldn't find source iterator
Error in XmlRpcClient::writeRequest: write error (Connection refused).
Error in XmlRpcDispatch::work: couldn't find source iterator
Error in XmlRpcClient::writeRequest: write error (Connection refused).
Error in XmlRpcDispatch::work: couldn't find source iterator
Error in XmlRpcClient::writeRequest: write error (Connection refused).
Error in XmlRpcDispatch::work: couldn't find source iterator
Error in XmlRpcClient::writeRequest: write error (Connection refused).
Error in XmlRpcDispatch::work: couldn't find source iterator
Error in XmlRpcClient::writeRequest: write error (Connection refused).
Error in XmlRpcDispatch::work: couldn't find source iterator
Error in XmlRpcClient::writeRequest: write error (Connection refused).
Error in XmlRpcDispatch::work: couldn't find source iterator
Error in XmlRpcClient::writeRequest: write error (Connection refused).
Error in XmlRpcDispatch::work: couldn't find source iterator
Error in XmlRpcClient::writeRequest: write error (Connection refused).
Error in XmlRpcDispatch::work: couldn't find source iterator
Error in XmlRpcClient::writeRequest: write error (Connection refused).
Error in XmlRpcDispatch::work: couldn't find source iterator
Error in XmlRpcClient::writeRequest: write error (Connection refused).
Error in XmlRpcDispatch::work: couldn't find source iterator
Error in XmlRpcClient::writeRequest: write error (Connection refused).
Error in XmlRpcDispatch::work: couldn't find source iterator
Error in XmlRpcClient::writeRequest: write error (Connection refused).
Error in XmlRpcDispatch::work: couldn't find source iterator
Error in XmlRpcClient::writeRequest: write error (Connection refused).
Error in XmlRpcDispatch::work: couldn't find source iterator
Error in XmlRpcClient::writeRequest: write error (Connection refused).
Error in XmlRpcDispatch::work: couldn't find source iterator
Error in XmlRpcClient::writeRequest: write error (Connection refused).
Error in XmlRpcDispatch::work: couldn't find source iterator
Error in XmlRpcClient::writeRequest: write error (Connection refused).
Error in XmlRpcDispatch::work: couldn't find source iterator
Error in XmlRpcClient::writeRequest: write error (Connection refused).
Error in XmlRpcDispatch::work: couldn't find source iterator
[INFO] [1774192587.441320, 0.000000]: Ground Truth Odom Publisher initialized
[INFO] [1774192587.369367, 0.000000]: Ground Truth Odom Publisher initialized
[31mWARNING: disk usage in log directory [/data/lzq/.ros/log] is over 1GB.
It's recommended that you use the 'rosclean' command.[0m
[31m================================================================================REQUIRED process [master] has died!
process has died [pid 259872, exit code -9, cmd rosmaster --core -p 11311 -w 3 __log:=/data/lzq/.ros/log/17f69fa0-2602-11f1-9841-ef63e69f4ffa/master.log].
log file: /data/lzq/.ros/log/17f69fa0-2602-11f1-9841-ef63e69f4ffa/master*.log
Initiating shutdown!
================================================================================[0m
[31m[rviz-16] escalating to SIGTERM[0m

auto-starting new master
[1mprocess[master]: started with pid [259872][0m
[1mROS_MASTER_URI=http://localhost:11311[0m
]2;/data/lzq/ros_motion_planning/src/sim_env/launch/main.launch http://localhost:11311
[1msetting /run_id to 17f69fa0-2602-11f1-9841-ef63e69f4ffa[0m
[1mprocess[rosout-1]: started with pid [259882][0m
started core service [/rosout]
[1mprocess[gazebo-2]: started with pid [259889][0m
[1mprocess[map_server-3]: started with pid [259891][0m
[1mprocess[robot2/robot_state_publisher-4]: started with pid [259894][0m
[1mprocess[robot2/joint_state_publisher-5]: started with pid [259896][0m
[1mprocess[robot2/urdf_spawner-6]: started with pid [259897][0m
[1mprocess[robot2/tf_map2odom_node-7]: started with pid [259904][0m
[1mprocess[robot2/ground_truth_odom_publisher-8]: started with pid [259910][0m
[1mprocess[robot2/move_base-9]: started with pid [259911][0m
[1mprocess[robot1/robot_state_publisher-10]: started with pid [259912][0m
[1mprocess[robot1/joint_state_publisher-11]: started with pid [259913][0m
[1mprocess[robot1/urdf_spawner-12]: started with pid [259914][0m
[1mprocess[robot1/tf_map2odom_node-13]: started with pid [259922][0m
[1mprocess[robot1/ground_truth_odom_publisher-14]: started with pid [259927][0m
[1mprocess[robot1/move_base-15]: started with pid [259991][0m
[1mprocess[rviz-16]: started with pid [260012][0m
[1m[robot2/urdf_spawner-6] process has finished cleanly
log file: /data/lzq/.ros/log/17f69fa0-2602-11f1-9841-ef63e69f4ffa/robot2-urdf_spawner-6*.log[0m
[1m[robot1/urdf_spawner-12] process has finished cleanly
log file: /data/lzq/.ros/log/17f69fa0-2602-11f1-9841-ef63e69f4ffa/robot1-urdf_spawner-12*.log[0m
[rviz-16] killing on exit
[robot1/move_base-15] killing on exit
[robot1/ground_truth_odom_publisher-14] killing on exit
[robot1/tf_map2odom_node-13] killing on exit
[robot1/joint_state_publisher-11] killing on exit
[robot1/robot_state_publisher-10] killing on exit
[robot2/move_base-9] killing on exit
[robot2/ground_truth_odom_publisher-8] killing on exit
[robot2/tf_map2odom_node-7] killing on exit
[robot2/joint_state_publisher-5] killing on exit
[robot2/robot_state_publisher-4] killing on exit
[map_server-3] killing on exit
[gazebo-2] killing on exit
[rosout-1] killing on exit
[master] killing on exit
shutting down processing monitor...
... shutting down processing monitor complete
[1mdone[0m
