xacro: in-order processing became default in ROS Melodic. You can drop the option.
xacro: in-order processing became default in ROS Melodic. You can drop the option.
... logging to /data/lzq/.ros/log/0317f874-2691-11f1-959d-99ad9226bd72/roslaunch-lzq-627387.log
Checking log directory for disk usage. This may take a while.
Press Ctrl-C to interrupt
]2;/data/lzq/ros_motion_planning/src/sim_env/launch/main.launch
[1mstarted roslaunch server http://lzq:36073/[0m

SUMMARY
========

PARAMETERS
 * /gazebo/enable_ros_network: True
 * /robot1/move_base/PIDController/base_frame: base_link
 * /robot1/move_base/PIDController/convert_offset: 0.0
 * /robot1/move_base/PIDController/goal_dist_tolerance: 0.2
 * /robot1/move_base/PIDController/k: 1.0
 * /robot1/move_base/PIDController/k_theta: 0.7
 * /robot1/move_base/PIDController/k_v_d: 0.1
 * /robot1/move_base/PIDController/k_v_i: 0.1
 * /robot1/move_base/PIDController/k_v_p: 1.0
 * /robot1/move_base/PIDController/k_w_d: 0.1
 * /robot1/move_base/PIDController/k_w_i: 0.1
 * /robot1/move_base/PIDController/k_w_p: 1.0
 * /robot1/move_base/PIDController/l: 0.2
 * /robot1/move_base/PIDController/lookahead_time: 0.5
 * /robot1/move_base/PIDController/map_frame: map
 * /robot1/move_base/PIDController/max_lookahead_dist: 0.9
 * /robot1/move_base/PIDController/max_v: 0.5
 * /robot1/move_base/PIDController/max_v_inc: 0.5
 * /robot1/move_base/PIDController/max_w: 1.57
 * /robot1/move_base/PIDController/max_w_inc: 1.57
 * /robot1/move_base/PIDController/min_lookahead_dist: 0.3
 * /robot1/move_base/PIDController/min_v: 0.0
 * /robot1/move_base/PIDController/min_w: 0.0
 * /robot1/move_base/PIDController/rotate_tolerance: 0.5
 * /robot1/move_base/PathPlanner/convert_offset: 0.0
 * /robot1/move_base/PathPlanner/default_tolerance: 0.0
 * /robot1/move_base/PathPlanner/expand_zone: True
 * /robot1/move_base/PathPlanner/hybrid_astar/analytic_expansion_max_length: 5.0
 * /robot1/move_base/PathPlanner/hybrid_astar/analytic_expansion_ratio: 1.5
 * /robot1/move_base/PathPlanner/hybrid_astar/cache_obstacle_heuristic: False
 * /robot1/move_base/PathPlanner/hybrid_astar/change_penalty: 0.4
 * /robot1/move_base/PathPlanner/hybrid_astar/cost_penalty: 2.0
 * /robot1/move_base/PathPlanner/hybrid_astar/curve_sample_ratio: 0.15
 * /robot1/move_base/PathPlanner/hybrid_astar/dim_3_size: 32
 * /robot1/move_base/PathPlanner/hybrid_astar/downsample_obstacle_heuristic: True
 * /robot1/move_base/PathPlanner/hybrid_astar/goal_tolerance: 0.2
 * /robot1/move_base/PathPlanner/hybrid_astar/lookup_table_dim: 20.0
 * /robot1/move_base/PathPlanner/hybrid_astar/max_approach_iterations: 500
 * /robot1/move_base/PathPlanner/hybrid_astar/max_iterations: 20000
 * /robot1/move_base/PathPlanner/hybrid_astar/minimum_turning_radius: 0.3
 * /robot1/move_base/PathPlanner/hybrid_astar/motion_model: 2
 * /robot1/move_base/PathPlanner/hybrid_astar/non_straight_penalty: 1.5
 * /robot1/move_base/PathPlanner/hybrid_astar/retrospective_penalty: 0.025
 * /robot1/move_base/PathPlanner/hybrid_astar/reverse_penalty: 2.5
 * /robot1/move_base/PathPlanner/hybrid_astar/traverse_unknown: False
 * /robot1/move_base/PathPlanner/obstacle_factor: 0.5
 * /robot1/move_base/PathPlanner/outline_map: True
 * /robot1/move_base/PathPlanner/planner_name: theta_star
 * /robot1/move_base/PathPlanner/show_safety_corridor: False
 * /robot1/move_base/base_global_planner: path_planner/Path...
 * /robot1/move_base/base_local_planner: pid_controller/PI...
 * /robot1/move_base/conservative_reset_dist: 3.0
 * /robot1/move_base/controller_frequency: 20.0
 * /robot1/move_base/controller_patience: 15.0
 * /robot1/move_base/global_costmap/footprint: [[-0.21, -0.165],...
 * /robot1/move_base/global_costmap/footprint_padding: 0.1
 * /robot1/move_base/global_costmap/global_frame: map
 * /robot1/move_base/global_costmap/inflation_layer/cost_scaling_factor: 5
 * /robot1/move_base/global_costmap/inflation_layer/enabled: True
 * /robot1/move_base/global_costmap/inflation_layer/inflation_radius: 0.2
 * /robot1/move_base/global_costmap/map_type: costmap
 * /robot1/move_base/global_costmap/meter_scoring: True
 * /robot1/move_base/global_costmap/obstacle_layer/observation_sources: scan
 * /robot1/move_base/global_costmap/obstacle_layer/scan/clearing: True
 * /robot1/move_base/global_costmap/obstacle_layer/scan/data_type: LaserScan
 * /robot1/move_base/global_costmap/obstacle_layer/scan/expected_update_rate: 1
 * /robot1/move_base/global_costmap/obstacle_layer/scan/inf_is_valid: True
 * /robot1/move_base/global_costmap/obstacle_layer/scan/marking: True
 * /robot1/move_base/global_costmap/obstacle_layer/scan/max_obstacle_height: 0.2
 * /robot1/move_base/global_costmap/obstacle_layer/scan/min_obstacle_height: 0.0
 * /robot1/move_base/global_costmap/obstacle_layer/scan/observation_persistence: 0.0
 * /robot1/move_base/global_costmap/obstacle_layer/scan/obstacle_range: 2.5
 * /robot1/move_base/global_costmap/obstacle_layer/scan/raytrace_range: 3.0
 * /robot1/move_base/global_costmap/obstacle_layer/scan/sensor_frame: robot1/base_footp...
 * /robot1/move_base/global_costmap/obstacle_layer/scan/topic: /robot1/scan
 * /robot1/move_base/global_costmap/origin_z: 0.0
 * /robot1/move_base/global_costmap/plugins: [{'name': 'static...
 * /robot1/move_base/global_costmap/publish_frequency: 0.5
 * /robot1/move_base/global_costmap/publish_voxel_map: False
 * /robot1/move_base/global_costmap/robot_base_frame: robot1/base_footp...
 * /robot1/move_base/global_costmap/scan/sensor_frame: robot1/base_scan
 * /robot1/move_base/global_costmap/scan/topic: /robot1/scan
 * /robot1/move_base/global_costmap/static_map/clear_time: 20
 * /robot1/move_base/global_costmap/static_map/enabled: True
 * /robot1/move_base/global_costmap/static_map/publish_static_map: True
 * /robot1/move_base/global_costmap/transform_tolerance: 0.2
 * /robot1/move_base/global_costmap/update_frequency: 1.0
 * /robot1/move_base/global_costmap/z_resolution: 1
 * /robot1/move_base/global_costmap/z_voxels: 2
 * /robot1/move_base/local_costmap/global_frame: robot1/odom
 * /robot1/move_base/local_costmap/height: 3
 * /robot1/move_base/local_costmap/inflation_radius: 0.2
 * /robot1/move_base/local_costmap/plugins: [{'name': 'obstac...
 * /robot1/move_base/local_costmap/publish_frequency: 0.5
 * /robot1/move_base/local_costmap/resolution: 0.05
 * /robot1/move_base/local_costmap/robot_base_frame: robot1/base_footp...
 * /robot1/move_base/local_costmap/rolling_window: True
 * /robot1/move_base/local_costmap/scan/sensor_frame: robot1/base_scan
 * /robot1/move_base/local_costmap/scan/topic: /robot1/scan
 * /robot1/move_base/local_costmap/static_map: False
 * /robot1/move_base/local_costmap/transform_tolerance: 1.0
 * /robot1/move_base/local_costmap/update_frequency: 1.0
 * /robot1/move_base/local_costmap/width: 3
 * /robot1/move_base/oscillation_distance: 0.2
 * /robot1/move_base/oscillation_timeout: 10.0
 * /robot1/move_base/planner_frequency: 2
 * /robot1/move_base/planner_patience: 5.0
 * /robot1/move_base/shutdown_costmaps: False
 * /robot1/move_base/transform_tolerance: 2.0
 * /robot1/robot_description: <?xml version="1....
 * /robot1/tf_map2odom_node/odom_frame_id: robot1/odom
 * /robot1/tf_prefix: robot1
 * /robot2/move_base/PIDController/base_frame: base_link
 * /robot2/move_base/PIDController/convert_offset: 0.0
 * /robot2/move_base/PIDController/goal_dist_tolerance: 0.2
 * /robot2/move_base/PIDController/k: 1.0
 * /robot2/move_base/PIDController/k_theta: 0.7
 * /robot2/move_base/PIDController/k_v_d: 0.1
 * /robot2/move_base/PIDController/k_v_i: 0.1
 * /robot2/move_base/PIDController/k_v_p: 1.0
 * /robot2/move_base/PIDController/k_w_d: 0.1
 * /robot2/move_base/PIDController/k_w_i: 0.1
 * /robot2/move_base/PIDController/k_w_p: 1.0
 * /robot2/move_base/PIDController/l: 0.2
 * /robot2/move_base/PIDController/lookahead_time: 0.5
 * /robot2/move_base/PIDController/map_frame: map
 * /robot2/move_base/PIDController/max_lookahead_dist: 0.9
 * /robot2/move_base/PIDController/max_v: 0.5
 * /robot2/move_base/PIDController/max_v_inc: 0.5
 * /robot2/move_base/PIDController/max_w: 1.57
 * /robot2/move_base/PIDController/max_w_inc: 1.57
 * /robot2/move_base/PIDController/min_lookahead_dist: 0.3
 * /robot2/move_base/PIDController/min_v: 0.0
 * /robot2/move_base/PIDController/min_w: 0.0
 * /robot2/move_base/PIDController/rotate_tolerance: 0.5
 * /robot2/move_base/PathPlanner/convert_offset: 0.0
 * /robot2/move_base/PathPlanner/default_tolerance: 0.0
 * /robot2/move_base/PathPlanner/expand_zone: True
 * /robot2/move_base/PathPlanner/hybrid_astar/analytic_expansion_max_length: 5.0
 * /robot2/move_base/PathPlanner/hybrid_astar/analytic_expansion_ratio: 1.5
 * /robot2/move_base/PathPlanner/hybrid_astar/cache_obstacle_heuristic: False
 * /robot2/move_base/PathPlanner/hybrid_astar/change_penalty: 0.4
 * /robot2/move_base/PathPlanner/hybrid_astar/cost_penalty: 2.0
 * /robot2/move_base/PathPlanner/hybrid_astar/curve_sample_ratio: 0.15
 * /robot2/move_base/PathPlanner/hybrid_astar/dim_3_size: 32
 * /robot2/move_base/PathPlanner/hybrid_astar/downsample_obstacle_heuristic: True
 * /robot2/move_base/PathPlanner/hybrid_astar/goal_tolerance: 0.2
 * /robot2/move_base/PathPlanner/hybrid_astar/lookup_table_dim: 20.0
 * /robot2/move_base/PathPlanner/hybrid_astar/max_approach_iterations: 500
 * /robot2/move_base/PathPlanner/hybrid_astar/max_iterations: 20000
 * /robot2/move_base/PathPlanner/hybrid_astar/minimum_turning_radius: 0.3
 * /robot2/move_base/PathPlanner/hybrid_astar/motion_model: 2
 * /robot2/move_base/PathPlanner/hybrid_astar/non_straight_penalty: 1.5
 * /robot2/move_base/PathPlanner/hybrid_astar/retrospective_penalty: 0.025
 * /robot2/move_base/PathPlanner/hybrid_astar/reverse_penalty: 2.5
 * /robot2/move_base/PathPlanner/hybrid_astar/traverse_unknown: False
 * /robot2/move_base/PathPlanner/obstacle_factor: 0.5
 * /robot2/move_base/PathPlanner/outline_map: True
 * /robot2/move_base/PathPlanner/planner_name: theta_star
 * /robot2/move_base/PathPlanner/show_safety_corridor: False
 * /robot2/move_base/base_global_planner: path_planner/Path...
 * /robot2/move_base/base_local_planner: pid_controller/PI...
 * /robot2/move_base/conservative_reset_dist: 3.0
 * /robot2/move_base/controller_frequency: 20.0
 * /robot2/move_base/controller_patience: 15.0
 * /robot2/move_base/global_costmap/footprint: [[-0.21, -0.165],...
 * /robot2/move_base/global_costmap/footprint_padding: 0.1
 * /robot2/move_base/global_costmap/global_frame: map
 * /robot2/move_base/global_costmap/inflation_layer/cost_scaling_factor: 5
 * /robot2/move_base/global_costmap/inflation_layer/enabled: True
 * /robot2/move_base/global_costmap/inflation_layer/inflation_radius: 0.2
 * /robot2/move_base/global_costmap/map_type: costmap
 * /robot2/move_base/global_costmap/meter_scoring: True
 * /robot2/move_base/global_costmap/obstacle_layer/observation_sources: scan
 * /robot2/move_base/global_costmap/obstacle_layer/scan/clearing: True
 * /robot2/move_base/global_costmap/obstacle_layer/scan/data_type: LaserScan
 * /robot2/move_base/global_costmap/obstacle_layer/scan/expected_update_rate: 1
 * /robot2/move_base/global_costmap/obstacle_layer/scan/inf_is_valid: True
 * /robot2/move_base/global_costmap/obstacle_layer/scan/marking: True
 * /robot2/move_base/global_costmap/obstacle_layer/scan/max_obstacle_height: 0.2
 * /robot2/move_base/global_costmap/obstacle_layer/scan/min_obstacle_height: 0.0
 * /robot2/move_base/global_costmap/obstacle_layer/scan/observation_persistence: 0.0
 * /robot2/move_base/global_costmap/obstacle_layer/scan/obstacle_range: 2.5
 * /robot2/move_base/global_costmap/obstacle_layer/scan/raytrace_range: 3.0
 * /robot2/move_base/global_costmap/obstacle_layer/scan/sensor_frame: robot2/base_footp...
 * /robot2/move_base/global_costmap/obstacle_layer/scan/topic: /robot2/scan
 * /robot2/move_base/global_costmap/origin_z: 0.0
 * /robot2/move_base/global_costmap/plugins: [{'name': 'static...
 * /robot2/move_base/global_costmap/publish_frequency: 0.5
 * /robot2/move_base/global_costmap/publish_voxel_map: False
 * /robot2/move_base/global_costmap/robot_base_frame: robot2/base_footp...
 * /robot2/move_base/global_costmap/scan/sensor_frame: robot2/base_scan
 * /robot2/move_base/global_costmap/scan/topic: /robot2/scan
 * /robot2/move_base/global_costmap/static_map/clear_time: 20
 * /robot2/move_base/global_costmap/static_map/enabled: True
 * /robot2/move_base/global_costmap/static_map/publish_static_map: True
 * /robot2/move_base/global_costmap/transform_tolerance: 0.2
 * /robot2/move_base/global_costmap/update_frequency: 1.0
 * /robot2/move_base/global_costmap/z_resolution: 1
 * /robot2/move_base/global_costmap/z_voxels: 2
 * /robot2/move_base/local_costmap/global_frame: robot2/odom
 * /robot2/move_base/local_costmap/height: 3
 * /robot2/move_base/local_costmap/inflation_radius: 0.2
 * /robot2/move_base/local_costmap/plugins: [{'name': 'obstac...
 * /robot2/move_base/local_costmap/publish_frequency: 0.5
 * /robot2/move_base/local_costmap/resolution: 0.05
 * /robot2/move_base/local_costmap/robot_base_frame: robot2/base_footp...
 * /robot2/move_base/local_costmap/rolling_window: True
 * /robot2/move_base/local_costmap/scan/sensor_frame: robot2/base_scan
 * /robot2/move_base/local_costmap/scan/topic: /robot2/scan
 * /robot2/move_base/local_costmap/static_map: False
 * /robot2/move_base/local_costmap/transform_tolerance: 1.0
 * /robot2/move_base/local_costmap/update_frequency: 1.0
 * /robot2/move_base/local_costmap/width: 3
 * /robot2/move_base/oscillation_distance: 0.2
 * /robot2/move_base/oscillation_timeout: 10.0
 * /robot2/move_base/planner_frequency: 2
 * /robot2/move_base/planner_patience: 5.0
 * /robot2/move_base/shutdown_costmaps: False
 * /robot2/move_base/transform_tolerance: 2.0
 * /robot2/robot_description: <?xml version="1....
 * /robot2/tf_map2odom_node/odom_frame_id: robot2/odom
 * /robot2/tf_prefix: robot2
 * /rosdistro: noetic
 * /rosversion: 1.17.4
 * /use_sim_time: True

NODES
  /
    gazebo (gazebo_ros/gzserver)
    map_server (map_server/map_server)
    rviz (rviz/rviz)
  /robot1/
    ground_truth_odom_publisher (sim_env/ground_truth_odom_publisher.py)
    joint_state_publisher (joint_state_publisher/joint_state_publisher)
    move_base (move_base/move_base)
    robot_state_publisher (robot_state_publisher/robot_state_publisher)
    tf_map2odom_node (sim_env/tf_map2odom.py)
    urdf_spawner (gazebo_ros/spawn_model)
  /robot2/
    ground_truth_odom_publisher (sim_env/ground_truth_odom_publisher.py)
    joint_state_publisher (joint_state_publisher/joint_state_publisher)
    move_base (move_base/move_base)
    robot_state_publisher (robot_state_publisher/robot_state_publisher)
    tf_map2odom_node (sim_env/tf_map2odom.py)
    urdf_spawner (gazebo_ros/spawn_model)
[33m[WARN] [1774253970.119688117]: link 'base_scan' material 'dark' undefined.[0m
[33m[WARN] [1774253970.119994445]: link 'base_scan' material 'dark' undefined.[0m
[33m[WARN] [1774253970.120185603]: The root link base_footprint has an inertia specified in the URDF, but KDL does not support a root link with an inertia.  As a workaround, you can add an extra dummy link to your URDF.[0m
[33m[WARN] [1774253970.145483764]: link 'base_scan' material 'dark' undefined.[0m
[33m[WARN] [1774253970.145844708]: link 'base_scan' material 'dark' undefined.[0m
[33m[WARN] [1774253970.146041803]: The root link base_footprint has an inertia specified in the URDF, but KDL does not support a root link with an inertia.  As a workaround, you can add an extra dummy link to your URDF.[0m
[33m[WARN] [1774253971.540769897]: link 'base_scan' material 'dark' undefined.[0m
[33m[WARN] [1774253971.540796018]: link 'base_scan' material 'dark' undefined.[0m
Warning: TF_REPEATED_DATA ignoring data with redundant timestamp for frame robot2/odom (parent map) at time 83.302000 according to authority unknown_publisher
         at line 277 in Warning: /tmp/binarydeb/ros-noetic-tf2-0.7.10/src/buffer_core.cpp[33m[WARN] [1774253971.736389853]: TF_REPEATED_DATA ignoring data with redundant timestamp for frame robot2/odom (parent map) at time 83.302000 according to authority unknown_publisher[0m

TF_REPEATED_DATA ignoring data with redundant timestamp for frame robot2/odom (parent map) at time 83.302000 according to authority unknown_publisher
         at line 277 in /tmp/binarydeb/ros-noetic-tf2-0.7.10/src/buffer_core.cpp
[33m[WARN] [1774253972.251275756]: link 'base_scan' material 'dark' undefined.[0m
[33m[WARN] [1774253972.256638866]: link 'base_scan' material 'dark' undefined.[0m
[INFO] [1774253970.584710, 0.000000]: Loading model XML from ros parameter robot_description
[INFO] [1774253970.587930, 0.000000]: Waiting for service /gazebo/spawn_urdf_model
[INFO] [1774253971.792688, 0.000000]: Calling service /gazebo/spawn_urdf_model
[INFO] [1774253973.710555, 0.000000]: Spawn status: SpawnModel: Successfully spawned entity
[33m[WARN] [1774253973.923502340, 83.536000000]: GazeboRosSkidSteerDrive Plugin (ns = /robot2//) missing <covariance_x>, defaults to 0.000100[0m
[33m[WARN] [1774253973.923528461, 83.536000000]: GazeboRosSkidSteerDrive Plugin (ns = /robot2//) missing <covariance_y>, defaults to 0.000100[0m
[33m[WARN] [1774253973.923537960, 83.536000000]: GazeboRosSkidSteerDrive Plugin (ns = /robot2//) missing <covariance_yaw>, defaults to 0.010000[0m
[33m[WARN] [1774253973.926557307, 83.540000000]: Timed out waiting for transform from robot2/base_footprint to map to become available before running costmap, tf error: canTransform: source_frame robot2/base_footprint does not exist.. canTransform returned after 83.54 timeout was 0.1.[0m
[33m[WARN] [1774253973.926635669, 83.540000000]: Timed out waiting for transform from robot1/base_footprint to map to become available before running costmap, tf error: canTransform: source_frame robot1/base_footprint does not exist.. canTransform returned after 83.54 timeout was 0.1.[0m
Warning: TF_REPEATED_DATA ignoring data with redundant timestamp for frame robot1/odom (parent map) at time 83.608000 according to authority unknown_publisher
         at line 277 in /tmp/binarydeb/ros-noetic-tf2-0.7.10/src/buffer_core.cpp
Warning: TF_REPEATED_DATA ignoring data with redundant timestamp for frame robot1/odom (parent map) at time 83.608000 according to authority unknown_publisher
         at line 277 in /tmp/binarydeb/ros-noetic-tf2-0.7.10/src/buffer_core.cpp
[33m[WARN] [1774253973.936053467, 83.558000000]: TF_REPEATED_DATA ignoring data with redundant timestamp for frame robot1/odom (parent map) at time 83.608000 according to authority unknown_publisher[0m
[INFO] [1774253970.690778, 0.000000]: Loading model XML from ros parameter robot_description
[INFO] [1774253970.693846, 0.000000]: Waiting for service /gazebo/spawn_urdf_model
[INFO] [1774253971.898412, 0.000000]: Calling service /gazebo/spawn_urdf_model
[INFO] [1774253974.218390, 83.936000]: Spawn status: SpawnModel: Successfully spawned entity
[33m[WARN] [1774253975.020612804, 83.936000000]: GazeboRosSkidSteerDrive Plugin (ns = /robot1//) missing <covariance_x>, defaults to 0.000100[0m
[33m[WARN] [1774253975.020662671, 83.936000000]: GazeboRosSkidSteerDrive Plugin (ns = /robot1//) missing <covariance_y>, defaults to 0.000100[0m
[33m[WARN] [1774253975.020680481, 83.936000000]: GazeboRosSkidSteerDrive Plugin (ns = /robot1//) missing <covariance_yaw>, defaults to 0.010000[0m
[33m[WARN] [1774253975.024675802, 83.942000000]: global_costmap: Pre-Hydro parameter "static_map" unused since "plugins" is provided[0m
[33m[WARN] [1774253975.024809969, 83.942000000]: global_costmap: Pre-Hydro parameter "map_type" unused since "plugins" is provided[0m
[33m[WARN] [1774253975.075424099, 84.042000000]: global_costmap: Pre-Hydro parameter "static_map" unused since "plugins" is provided[0m
[33m[WARN] [1774253975.075583200, 84.042000000]: global_costmap: Pre-Hydro parameter "map_type" unused since "plugins" is provided[0m
WARNING: Logging before InitGoogleLogging() is written to STDERR
I20260323 16:19:35.255738 627516 path_planner_factory.cpp:308] Using path planner: theta_star
[33m[WARN] [1774253975.258668646, 84.406000000]: local_costmap: Pre-Hydro parameter "static_map" unused since "plugins" is provided[0m
WARNING: Logging before InitGoogleLogging() is written to STDERR
I20260323 16:19:35.360616 627596 path_planner_factory.cpp:308] Using path planner: theta_star
[33m[WARN] [1774253975.364466889, 84.618000000]: local_costmap: Pre-Hydro parameter "static_map" unused since "plugins" is provided[0m
[33m[WARN] [1774253975.750513465, 85.388000000]: The /robot2/scan observation buffer has not been updated for 1.03 seconds, and it should be updated every 1.00 seconds.[0m
[33m[WARN] [1774253975.854321765, 85.596000000]: The /robot1/scan observation buffer has not been updated for 1.03 seconds, and it should be updated every 1.00 seconds.[0m
[0m[INFO] [1774253975.075868156, 84.042000000]: global_costmap: Using plugin "static_map"[0m
[0m[INFO] [1774253975.079086972, 84.048000000]: Requesting the map...[0m
[0m[INFO] [1774253975.281281095, 84.452000000]: Resizing costmap to 480 X 480 at 0.050000 m/pix[0m
[0m[INFO] [1774253975.331027297, 84.550000000]: Received a 480 X 480 map at 0.050000 m/pix[0m
[0m[INFO] [1774253975.334205744, 84.558000000]: global_costmap: Using plugin "obstacle_layer"[0m
[0m[INFO] [1774253975.335312323, 84.558000000]:     Subscribed to Topics: scan[0m
[0m[INFO] [1774253975.341527927, 84.572000000]: global_costmap: Using plugin "voronoi_layer"[0m
[0m[INFO] [1774253975.343597420, 84.576000000]: global_costmap: Using plugin "inflation_layer"[0m
[0m[INFO] [1774253975.364954876, 84.618000000]: local_costmap: Using plugin "obstacle_layer"[0m
[0m[INFO] [1774253975.365937974, 84.620000000]:     Subscribed to Topics: [0m
[0m[INFO] [1774253975.368575005, 84.626000000]: local_costmap: Using plugin "inflation_layer"[0m
[0m[INFO] [1774253975.381396840, 84.652000000]: Created local_planner pid_controller/PIDController[0m
[0m[INFO] [1774253975.386030937, 84.660000000]: PID Controller initialized![0m
[0m[INFO] [1774253975.884357319, 85.656000000]: Recovery behavior will clear layer 'obstacles'[0m
[0m[INFO] [1774253975.886278398, 85.660000000]: Recovery behavior will clear layer 'obstacles'[0m
[0m[INFO] [1774253975.895611896, 85.678000000]: odom received![0m
[0m[INFO] [1774253981.248577569, 96.320000000]: Got new plan[0m
[0m[INFO] [1774253981.532373593, 96.820000000]: Got new plan[0m
[0m[INFO] [1774253981.821968472, 97.320000000]: Got new plan[0m
[0m[INFO] [1774253982.121072571, 97.820000000]: Got new plan[0m
[0m[INFO] [1774253982.406551021, 98.320000000]: Got new plan[0m
[0m[INFO] [1774253982.688498391, 98.820000000]: Got new plan[0m
[0m[INFO] [1774253982.997108146, 99.320000000]: Got new plan[0m
[0m[INFO] [1774253983.291692127, 99.820000000]: Got new plan[0m
[0m[INFO] [1774253983.599978930, 100.320000000]: Got new plan[0m
[0m[INFO] [1774253983.878851147, 100.820000000]: Got new plan[0m
[0m[INFO] [1774253984.162816953, 101.320000000]: Got new plan[0m
[0m[INFO] [1774253984.466792607, 101.820000000]: Got new plan[0m
[0m[INFO] [1774253984.763523253, 102.320000000]: Got new plan[0m
[0m[INFO] [1774253985.058372003, 102.820000000]: Got new plan[0m
[0m[INFO] [1774253985.323254063, 103.320000000]: Got new plan[0m
[0m[INFO] [1774253985.603228106, 103.822000000]: Got new plan[0m
[0m[INFO] [1774253985.887773319, 104.320000000]: Got new plan[0m
[0m[INFO] [1774253986.178201685, 104.820000000]: Got new plan[0m
[0m[INFO] [1774253986.458439311, 105.320000000]: Got new plan[0m
[0m[INFO] [1774253986.738622320, 105.820000000]: Got new plan[0m
[0m[INFO] [1774253986.862960506, 106.020000000]: Got new plan[0m
[0m[INFO] [1774253987.141426654, 106.520000000]: Got new plan[0m
[0m[INFO] [1774253987.419950979, 107.020000000]: Got new plan[0m
[0m[INFO] [1774253987.703069033, 107.520000000]: Got new plan[0m
[0m[INFO] [1774253987.982939776, 108.020000000]: Got new plan[0m
[0m[INFO] [1774253988.291251502, 108.520000000]: Got new plan[0m
[0m[INFO] [1774253988.578775687, 109.020000000]: Got new plan[0m
[0m[INFO] [1774253988.845122890, 109.520000000]: Got new plan[0m
[0m[INFO] [1774253989.134842422, 110.020000000]: Got new plan[0m
[0m[INFO] [1774253989.403432465, 110.520000000]: Got new plan[0m
[0m[INFO] [1774253989.706715902, 111.020000000]: Got new plan[0m
[0m[INFO] [1774253989.987062755, 111.520000000]: Got new plan[0m
[0m[INFO] [1774253990.271064167, 112.020000000]: Got new plan[0m
[0m[INFO] [1774253990.531238507, 112.520000000]: Got new plan[0m
[0m[INFO] [1774253990.825055466, 113.020000000]: Got new plan[0m
[0m[INFO] [1774253991.092353706, 113.520000000]: Got new plan[0m
[0m[INFO] [1774253991.371174852, 114.022000000]: Got new plan[0m
[0m[INFO] [1774253991.640603137, 114.520000000]: Got new plan[0m
[0m[INFO] [1774253991.892139746, 114.970000000]: Got new plan[0m
[0m[INFO] [1774253992.156296343, 115.470000000]: Got new plan[0m
[0m[INFO] [1774253992.424542058, 115.970000000]: Got new plan[0m
[0m[INFO] [1774253992.689773176, 116.470000000]: Got new plan[0m
[0m[INFO] [1774253992.960184556, 116.972000000]: Got new plan[0m
[0m[INFO] [1774253993.220959673, 117.470000000]: Got new plan[0m
[0m[INFO] [1774253993.488241285, 117.972000000]: Got new plan[0m
[0m[INFO] [1774253993.760360026, 118.470000000]: Got new plan[0m
[0m[INFO] [1774253994.031658330, 118.970000000]: Got new plan[0m
[0m[INFO] [1774253994.301912981, 119.470000000]: Got new plan[0m
[0m[INFO] [1774253994.569250395, 119.972000000]: Got new plan[0m
[0m[INFO] [1774253994.836588996, 120.472000000]: Got new plan[0m
[0m[INFO] [1774253995.109247963, 120.970000000]: Got new plan[0m
[0m[INFO] [1774253995.386904345, 121.472000000]: Got new plan[0m
[0m[INFO] [1774253995.655368520, 121.970000000]: Got new plan[0m
[0m[INFO] [1774253995.923615417, 122.470000000]: Got new plan[0m
[0m[INFO] [1774253996.191959673, 122.970000000]: Got new plan[0m
[0m[INFO] [1774253996.458291426, 123.470000000]: Got new plan[0m
[0m[INFO] [1774253996.734974206, 123.970000000]: Got new plan[0m
[0m[INFO] [1774253996.999116547, 124.470000000]: Got new plan[0m
[0m[INFO] [1774253997.270774601, 124.972000000]: Got new plan[0m
[0m[INFO] [1774253997.531561583, 125.470000000]: Got new plan[0m
[0m[INFO] [1774253997.800076810, 125.970000000]: Got new plan[0m
[0m[INFO] [1774253998.064080233, 126.470000000]: Got new plan[0m
[0m[INFO] [1774253998.337749599, 126.970000000]: Got new plan[0m
[0m[INFO] [1774253998.607023519, 127.470000000]: Got new plan[0m
[0m[INFO] [1774253998.869273274, 127.970000000]: Got new plan[0m
[0m[INFO] [1774253999.142891585, 128.470000000]: Got new plan[0m
[0m[INFO] [1774253999.414134074, 128.970000000]: Got new plan[0m
[0m[INFO] [1774253999.688674929, 129.470000000]: Got new plan[0m
[0m[INFO] [1774253999.958318103, 129.970000000]: Got new plan[0m
[0m[INFO] [1774254000.225556959, 130.470000000]: Got new plan[0m
[0m[INFO] [1774254000.493810970, 130.970000000]: Got new plan[0m
[0m[INFO] [1774254000.768187973, 131.472000000]: Got new plan[0m
[0m[INFO] [1774254001.034357057, 131.970000000]: Got new plan[0m
[0m[INFO] [1774254001.308253195, 132.472000000]: Got new plan[0m
[0m[INFO] [1774254001.579895806, 132.920000000]: Got new plan[0m
[0m[INFO] [1774254001.860611891, 133.420000000]: Got new plan[0m
[0m[INFO] [1774254002.128249683, 133.920000000]: Got new plan[0m
[0m[INFO] [1774254002.407392571, 134.420000000]: Got new plan[0m
[0m[INFO] [1774254002.714300859, 134.920000000]: Got new plan[0m
[0m[INFO] [1774254003.024298545, 135.420000000]: Got new plan[0m
[0m[INFO] [1774254003.301310198, 135.920000000]: Got new plan[0m
[0m[INFO] [1774254003.581372068, 136.420000000]: Got new plan[0m
[0m[INFO] [1774254003.888894196, 136.920000000]: Got new plan[0m
[0m[INFO] [1774254004.185780341, 137.420000000]: Got new plan[0m
[0m[INFO] [1774254004.484841649, 137.920000000]: Got new plan[0m
[0m[INFO] [1774254004.771074001, 138.420000000]: Got new plan[0m
[0m[INFO] [1774254005.072018393, 138.920000000]: Got new plan[0m
[0m[INFO] [1774254005.361186978, 139.420000000]: Got new plan[0m
[0m[INFO] [1774254005.641183541, 139.920000000]: Got new plan[0m
[0m[INFO] [1774254005.940069124, 140.420000000]: Got new plan[0m
[0m[INFO] [1774254006.241356648, 140.920000000]: Got new plan[0m
[0m[INFO] [1774254006.438592493, 141.270000000]: Got new plan[0m
[0m[INFO] [1774254006.711297743, 141.770000000]: Got new plan[0m
[0m[INFO] [1774254006.991363169, 142.270000000]: Got new plan[0m
[0m[INFO] [1774254007.272302458, 142.770000000]: Got new plan[0m
[0m[INFO] [1774254007.543664852, 143.270000000]: Got new plan[0m
[0m[INFO] [1774254007.839672376, 143.770000000]: Got new plan[0m
[0m[INFO] [1774254008.119711678, 144.270000000]: Got new plan[0m
[0m[INFO] [1774254008.412798401, 144.770000000]: Got new plan[0m
[0m[INFO] [1774254008.698682862, 145.270000000]: Got new plan[0m
[0m[INFO] [1774254008.996959346, 145.770000000]: Got new plan[0m
[0m[INFO] [1774254009.294030701, 146.270000000]: Got new plan[0m
[0m[INFO] [1774254009.581538222, 146.772000000]: Got new plan[0m
[0m[INFO] [1774254009.872390413, 147.270000000]: Got new plan[0m
[0m[INFO] [1774254010.161123243, 147.770000000]: Got new plan[0m
[0m[INFO] [1774254010.432780085, 148.270000000]: Got new plan[0m
[0m[INFO] [1774254010.743664680, 148.770000000]: Got new plan[0m
[0m[INFO] [1774254011.052546271, 149.270000000]: Got new plan[0m
[0m[INFO] [1774254011.329411869, 149.770000000]: Got new plan[0m
[0m[INFO] [1774254011.621066683, 150.270000000]: Got new plan[0m
[0m[INFO] [1774254011.923020280, 150.770000000]: Got new plan[0m
[0m[INFO] [1774254012.216670971, 151.270000000]: Got new plan[0m
[0m[INFO] [1774254012.496716201, 151.770000000]: Got new plan[0m
[0m[INFO] [1774254012.807318210, 152.270000000]: Got new plan[0m
[0m[INFO] [1774254013.113918961, 152.770000000]: Got new plan[0m
[0m[INFO] [1774254013.411663517, 153.270000000]: Got new plan[0m
[0m[INFO] [1774254013.719835087, 153.770000000]: Got new plan[0m
[0m[INFO] [1774254014.026271987, 154.270000000]: Got new plan[0m
[0m[INFO] [1774254014.302253029, 154.772000000]: Got new plan[0m
[0m[INFO] [1774254014.610533830, 155.270000000]: Got new plan[0m
[0m[INFO] [1774254014.907484069, 155.770000000]: Got new plan[0m
[0m[INFO] [1774254015.215259072, 156.272000000]: Got new plan[0m
[0m[INFO] [1774254015.527231238, 156.772000000]: Got new plan[0m
[0m[INFO] [1774254015.825240561, 157.270000000]: Got new plan[0m
[0m[INFO] [1774254015.986357039, 157.522000000]: Got new plan[0m
[0m[INFO] [1774254016.260191409, 158.020000000]: Got new plan[0m
[0m[INFO] [1774254016.539082560, 158.520000000]: Got new plan[0m
[0m[INFO] [1774254016.813952270, 159.020000000]: Got new plan[0m
[0m[INFO] [1774254017.081368007, 159.520000000]: Got new plan[0m
[0m[INFO] [1774254017.359845970, 160.020000000]: Got new plan[0m
[0m[INFO] [1774254017.639381832, 160.520000000]: Got new plan[0m
[0m[INFO] [1774254017.916700974, 161.020000000]: Got new plan[0m
[0m[INFO] [1774254018.191747591, 161.520000000]: Got new plan[0m
[0m[INFO] [1774254018.458125610, 162.020000000]: Got new plan[0m
[0m[INFO] [1774254018.734694366, 162.520000000]: Got new plan[0m
[0m[INFO] [1774254019.006256209, 163.022000000]: Got new plan[0m
[0m[INFO] [1774254019.275785364, 163.522000000]: Got new plan[0m
[0m[INFO] [1774254019.544064274, 164.020000000]: Got new plan[0m
[0m[INFO] [1774254019.813302537, 164.520000000]: Got new plan[0m
[0m[INFO] [1774254020.081960201, 165.020000000]: Got new plan[0m
[0m[INFO] [1774254020.356617374, 165.520000000]: Got new plan[0m
[0m[INFO] [1774254020.627359965, 166.020000000]: Got new plan[0m
[0m[INFO] [1774254020.897802164, 166.520000000]: Got new plan[0m
[0m[INFO] [1774254021.163994957, 167.020000000]: Got new plan[0m
[0m[INFO] [1774254021.435409567, 167.520000000]: Got new plan[0m
[0m[INFO] [1774254021.730021966, 168.020000000]: Got new plan[0m
[0m[INFO] [1774254022.036349617, 168.522000000]: Got new plan[0m
[0m[INFO] [1774254022.321480105, 169.020000000]: Got new plan[0m
[0m[INFO] [1774254022.593024131, 169.520000000]: Got new plan[0m
[0m[INFO] [1774254022.865696107, 170.020000000]: Got new plan[0m
[0m[INFO] [1774254023.136413759, 170.520000000]: Got new plan[0m
[0m[INFO] [1774254023.407973218, 171.020000000]: Got new plan[0m
[0m[INFO] [1774254023.482274295, 171.120000000]: Got new plan[0m
[0m[INFO] [1774254023.755943616, 171.620000000]: Got new plan[0m
[0m[INFO] [1774254024.032955232, 172.120000000]: Got new plan[0m
[0m[INFO] [1774254024.303566023, 172.622000000]: Got new plan[0m
[0m[INFO] [1774254024.572174999, 173.120000000]: Got new plan[0m
[0m[INFO] [1774254024.841848998, 173.620000000]: Got new plan[0m
[0m[INFO] [1774254024.924837668, 173.770000000]: Got new plan[0m
[0m[INFO] [1774254025.210070260, 174.270000000]: Got new plan[0m
[0m[INFO] [1774254025.478363408, 174.770000000]: Got new plan[0m
[0m[INFO] [1774254025.740063388, 175.270000000]: Got new plan[0m
[0m[INFO] [1774254026.009541478, 175.770000000]: Got new plan[0m
[0m[INFO] [1774254026.290765687, 176.270000000]: Got new plan[0m
[0m[INFO] [1774254026.564224847, 176.770000000]: Got new plan[0m
[0m[INFO] [1774254026.834592235, 177.270000000]: Got new plan[0m
[0m[INFO] [1774254027.103268884, 177.770000000]: Got new plan[0m
[0m[INFO] [1774254027.371241453, 178.270000000]: Got new plan[0m
[0m[INFO] [1774254027.638501632, 178.770000000]: Got new plan[0m
[0m[INFO] [1774254027.911084551, 179.270000000]: Got new plan[0m
[0m[INFO] [1774254028.176239616, 179.770000000]: Got new plan[0m
[0m[INFO] [1774254028.449064746, 180.270000000]: Got new plan[0m
[0m[INFO] [1774254028.720955457, 180.770000000]: Got new plan[0m
[0m[INFO] [1774254028.985372012, 181.270000000]: Got new plan[0m
[0m[INFO] [1774254029.254835847, 181.770000000]: Got new plan[0m
[0m[INFO] [1774254029.526985391, 182.270000000]: Got new plan[0m
[0m[INFO] [1774254029.798795364, 182.770000000]: Got new plan[0m
[0m[INFO] [1774254030.070027112, 183.270000000]: Got new plan[0m
[0m[INFO] [1774254030.345476207, 183.770000000]: Got new plan[0m
[0m[INFO] [1774254030.616919297, 184.270000000]: Got new plan[0m
[0m[INFO] [1774254030.883134632, 184.770000000]: Got new plan[0m
[0m[INFO] [1774254031.154253584, 185.270000000]: Got new plan[0m
[0m[INFO] [1774254031.423344598, 185.770000000]: Got new plan[0m
[0m[INFO] [1774254031.698476678, 186.272000000]: Got new plan[0m
[0m[INFO] [1774254031.965194246, 186.772000000]: Got new plan[0m
[0m[INFO] [1774254032.236119662, 187.270000000]: Got new plan[0m
[0m[INFO] [1774254032.469656485, 187.670000000]: Got new plan[0m
[0m[INFO] [1774254032.740666201, 188.170000000]: Got new plan[0m
[0m[INFO] [1774254033.008246947, 188.670000000]: Got new plan[0m
[0m[INFO] [1774254033.275308834, 189.170000000]: Got new plan[0m
[0m[INFO] [1774254033.547909552, 189.670000000]: Got new plan[0m
[0m[INFO] [1774254033.819591286, 190.170000000]: Got new plan[0m
[0m[INFO] [1774254034.085842236, 190.670000000]: Got new plan[0m
[0m[INFO] [1774254034.360486323, 191.170000000]: Got new plan[0m
[0m[INFO] [1774254034.629931152, 191.670000000]: Got new plan[0m
[0m[INFO] [1774254034.892051427, 192.170000000]: Got new plan[0m
[0m[INFO] [1774254035.183531659, 192.670000000]: Got new plan[0m
[0m[INFO] [1774254035.477426893, 193.170000000]: Got new plan[0m
[0m[INFO] [1774254035.760603034, 193.670000000]: Got new plan[0m
[0m[INFO] [1774254036.024699001, 194.170000000]: Got new plan[0m
[0m[INFO] [1774254036.311046462, 194.670000000]: Got new plan[0m
[0m[INFO] [1774254036.601412990, 195.170000000]: Got new plan[0m
[0m[INFO] [1774254036.886659809, 195.670000000]: Got new plan[0m
[0m[INFO] [1774254037.154016144, 196.170000000]: Got new plan[0m
[0m[INFO] [1774254037.431832735, 196.670000000]: Got new plan[0m
[0m[INFO] [1774254037.700870310, 197.170000000]: Got new plan[0m
[0m[INFO] [1774254038.002136399, 197.670000000]: Got new plan[0m
[0m[INFO] [1774254038.273917860, 198.170000000]: Got new plan[0m
[0m[INFO] [1774254038.338944802, 198.270000000]: Got new plan[0m
[0m[INFO] [1774254038.608516667, 198.770000000]: Got new plan[0m
[0m[INFO] [1774254038.876902403, 199.270000000]: Got new plan[0m
[0m[INFO] [1774254039.145263204, 199.770000000]: Got new plan[0m
[0m[INFO] [1774254039.414433755, 200.270000000]: Got new plan[0m
[0m[INFO] [1774254039.679370335, 200.770000000]: Got new plan[0m
[0m[INFO] [1774254039.945878922, 201.270000000]: Got new plan[0m
[0m[INFO] [1774254040.214684965, 201.770000000]: Got new plan[0m
[0m[INFO] [1774254040.480680630, 202.270000000]: Got new plan[0m
[0m[INFO] [1774254040.747892107, 202.770000000]: Got new plan[0m
[0m[INFO] [1774254041.012077114, 203.272000000]: Got new plan[0m
[0m[INFO] [1774254041.276042467, 203.770000000]: Got new plan[0m
[0m[INFO] [1774254041.546663914, 204.270000000]: Got new plan[0m
[0m[INFO] [1774254041.813857580, 204.770000000]: Got new plan[0m
[0m[INFO] [1774254042.078766848, 205.270000000]: Got new plan[0m
[0m[INFO] [1774254042.342584971, 205.770000000]: Got new plan[0m
[0m[INFO] [1774254042.611400509, 206.270000000]: Got new plan[0m
[0m[INFO] [1774254042.880937935, 206.770000000]: Got new plan[0m
[0m[INFO] [1774254043.148255079, 207.272000000]: Got new plan[0m
[0m[INFO] [1774254043.418031153, 207.770000000]: Got new plan[0m
[0m[INFO] [1774254043.684080243, 208.270000000]: Got new plan[0m
[0m[INFO] [1774254043.955632543, 208.770000000]: Got new plan[0m
[0m[INFO] [1774254044.230248117, 209.270000000]: Got new plan[0m
[0m[INFO] [1774254044.536451055, 209.770000000]: Got new plan[0m
[0m[INFO] [1774254044.808822601, 210.270000000]: Got new plan[0m
[0m[INFO] [1774254045.105255112, 210.770000000]: Got new plan[0m
[0m[INFO] [1774254045.386145652, 211.270000000]: Got new plan[0m
[0m[INFO] [1774254045.690501123, 211.770000000]: Got new plan[0m
[0m[INFO] [1774254045.992556762, 212.270000000]: Got new plan[0m
[0m[INFO] [1774254046.297796782, 212.770000000]: Got new plan[0m
[0m[INFO] [1774254046.564737541, 213.170000000]: Got new plan[0m
[0m[INFO] [1774254046.839144144, 213.670000000]: Got new plan[0m
[0m[INFO] [1774254047.107290028, 214.172000000]: Got new plan[0m
[0m[INFO] [1774254047.374369701, 214.670000000]: Got new plan[0m
[0m[INFO] [1774254047.646782799, 215.170000000]: Got new plan[0m
[0m[INFO] [1774254047.922068014, 215.670000000]: Got new plan[0m
[0m[INFO] [1774254048.195325293, 216.172000000]: Got new plan[0m
[0m[INFO] [1774254048.469849437, 216.670000000]: Got new plan[0m
[0m[INFO] [1774254048.740784324, 217.170000000]: Got new plan[0m
[0m[INFO] [1774254049.015903313, 217.670000000]: Got new plan[0m
[0m[INFO] [1774254049.292267796, 218.170000000]: Got new plan[0m
[0m[INFO] [1774254049.562559156, 218.670000000]: Got new plan[0m
[0m[INFO] [1774254049.832673606, 219.170000000]: Got new plan[0m
[0m[INFO] [1774254050.103493321, 219.670000000]: Got new plan[0m
[0m[INFO] [1774254050.373508035, 220.172000000]: Got new plan[0m
[0m[INFO] [1774254050.648317132, 220.670000000]: Got new plan[0m
[0m[INFO] [1774254050.918885135, 221.170000000]: Got new plan[0m
[0m[INFO] [1774254051.196284954, 221.670000000]: Got new plan[0m
[0m[INFO] [1774254051.476254125, 222.172000000]: Got new plan[0m
[0m[INFO] [1774254051.745269117, 222.670000000]: Got new plan[0m
[0m[INFO] [1774254052.014858770, 223.170000000]: Got new plan[0m
[0m[INFO] [1774254052.280251258, 223.670000000]: Got new plan[0m
[0m[INFO] [1774254052.550620976, 224.170000000]: Got new plan[0m
[0m[INFO] [1774254052.821185414, 224.670000000]: Got new plan[0m
[0m[INFO] [1774254053.108252359, 225.170000000]: Got new plan[0m
[0m[INFO] [1774254053.375334397, 225.670000000]: Got new plan[0m
[0m[INFO] [1774254053.644654525, 226.170000000]: Got new plan[0m
[0m[INFO] [1774254053.914484012, 226.670000000]: Got new plan[0m
[0m[INFO] [1774254054.183301905, 227.170000000]: Got new plan[0m
[0m[INFO] [1774254054.454551421, 227.670000000]: Got new plan[0m
[0m[INFO] [1774254054.721552719, 228.170000000]: Got new plan[0m
[0m[INFO] [1774254054.990881157, 228.670000000]: Got new plan[0m
[0m[INFO] [1774254055.259273989, 229.170000000]: Got new plan[0m
[0m[INFO] [1774254055.539066243, 229.670000000]: Got new plan[0m
[0m[INFO] [1774254055.811265610, 230.172000000]: Got new plan[0m
[0m[INFO] [1774254056.078181420, 230.670000000]: Got new plan[0m
[0m[INFO] [1774254056.348196123, 231.172000000]: Got new plan[0m
[0m[INFO] [1774254056.618263069, 231.670000000]: Got new plan[0m
[0m[INFO] [1774254056.888664838, 232.170000000]: Got new plan[0m
[0m[INFO] [1774254057.160067513, 232.670000000]: Got new plan[0m
[0m[INFO] [1774254057.431853691, 233.170000000]: Got new plan[0m
[0m[INFO] [1774254057.702796874, 233.670000000]: Got new plan[0m
[0m[INFO] [1774254057.972889939, 234.170000000]: Got new plan[0m
[0m[INFO] [1774254058.246254058, 234.672000000]: Got new plan[0m
[0m[INFO] [1774254058.515035137, 235.170000000]: Got new plan[0m
[0m[INFO] [1774254058.834876749, 235.670000000]: Got new plan[0m
[0m[INFO] [1774254059.100873570, 236.170000000]: Got new plan[0m
[0m[INFO] [1774254059.371250400, 236.670000000]: Got new plan[0m
[0m[INFO] [1774254059.637250783, 237.170000000]: Got new plan[0m
[0m[INFO] [1774254059.904514470, 237.670000000]: Got new plan[0m
[0m[INFO] [1774254060.176092863, 238.170000000]: Got new plan[0m
[0m[INFO] [1774254060.444561674, 238.670000000]: Got new plan[0m
[0m[INFO] [1774254060.709041103, 239.170000000]: Got new plan[0m
[0m[INFO] [1774254060.976972060, 239.670000000]: Got new plan[0m
[0m[INFO] [1774254061.241121414, 240.170000000]: Got new plan[0m
[0m[INFO] [1774254061.509052369, 240.670000000]: Got new plan[0m
[0m[INFO] [1774254061.778305995, 241.170000000]: Got new plan[0m
[0m[INFO] [1774254062.045399892, 241.670000000]: Got new plan[0m
[0m[INFO] [1774254062.313632425, 242.172000000]: Got new plan[0m
[0m[INFO] [1774254062.581767597, 242.670000000]: Got new plan[0m
[0m[INFO] [1774254062.884131907, 243.170000000]: Got new plan[0m
[0m[INFO] [1774254063.191885444, 243.670000000]: Got new plan[0m
[0m[INFO] [1774254063.468774696, 244.170000000]: Got new plan[0m
[0m[INFO] [1774254063.766957277, 244.670000000]: Got new plan[0m
[0m[INFO] [1774254064.077433329, 245.170000000]: Got new plan[0m
[0m[INFO] [1774254064.381968049, 245.670000000]: Got new plan[0m
[0m[INFO] [1774254064.661256866, 246.170000000]: Got new plan[0m
[0m[INFO] [1774254064.951490363, 246.670000000]: Got new plan[0m
[0m[INFO] [1774254065.259660644, 247.170000000]: Got new plan[0m
[0m[INFO] [1774254065.563870038, 247.670000000]: Got new plan[0m
[0m[INFO] [1774254065.860678890, 248.170000000]: Got new plan[0m
[0m[INFO] [1774254066.151203277, 248.670000000]: Got new plan[0m
Error in XmlRpcClient::writeRequest: write error (Connection refused).
Error in XmlRpcDispatch::work: couldn't find source iterator
Error in XmlRpcClient::writeRequest: write error (Connection refused).
Error in XmlRpcDispatch::work: couldn't find source iterator
Error in XmlRpcClient::writeRequest: write error (Connection refused).
Error in XmlRpcDispatch::work: couldn't find source iterator
[0m[INFO] [1774253975.025093738, 83.942000000]: global_costmap: Using plugin "static_map"[0m
[0m[INFO] [1774253975.028330364, 83.948000000]: Requesting the map...[0m
[0m[INFO] [1774253975.179829619, 84.250000000]: Resizing costmap to 480 X 480 at 0.050000 m/pix[0m
[0m[INFO] [1774253975.230549421, 84.350000000]: Received a 480 X 480 map at 0.050000 m/pix[0m
[0m[INFO] [1774253975.232139238, 84.352000000]: global_costmap: Using plugin "obstacle_layer"[0m
[0m[INFO] [1774253975.233169829, 84.356000000]:     Subscribed to Topics: scan[0m
[0m[INFO] [1774253975.238530565, 84.366000000]: global_costmap: Using plugin "voronoi_layer"[0m
[0m[INFO] [1774253975.240329350, 84.370000000]: global_costmap: Using plugin "inflation_layer"[0m
[0m[INFO] [1774253975.259001095, 84.406000000]: local_costmap: Using plugin "obstacle_layer"[0m
[0m[INFO] [1774253975.259787098, 84.408000000]:     Subscribed to Topics: [0m
[0m[INFO] [1774253975.262063185, 84.412000000]: local_costmap: Using plugin "inflation_layer"[0m
[0m[INFO] [1774253975.274817342, 84.438000000]: Created local_planner pid_controller/PIDController[0m
[0m[INFO] [1774253975.280783610, 84.450000000]: PID Controller initialized![0m
[0m[INFO] [1774253975.775494612, 85.438000000]: Recovery behavior will clear layer 'obstacles'[0m
[0m[INFO] [1774253975.778077026, 85.442000000]: Recovery behavior will clear layer 'obstacles'[0m
[0m[INFO] [1774253975.788395997, 85.464000000]: odom received![0m
Error in XmlRpcClient::writeRequest: write error (Connection refused).
Error in XmlRpcClient::writeRequest: write error (Connection refused).
Error in XmlRpcDispatch::work: couldn't find source iterator
Error in XmlRpcDispatch::work: couldn't find source iterator
Error in XmlRpcClient::writeRequest: write error (Connection refused).
Error in XmlRpcDispatch::work: couldn't find source iterator
Error in XmlRpcClient::writeRequest: write error (Connection refused).
Error in XmlRpcDispatch::work: couldn't find source iterator
Error in XmlRpcClient::writeRequest: write error (Connection refused).
Error in XmlRpcDispatch::work: couldn't find source iterator
Error in XmlRpcClient::writeRequest: write error (Connection refused).
Error in XmlRpcDispatch::work: couldn't find source iterator
Error in XmlRpcClient::writeRequest: write error (Connection refused).
Error in XmlRpcDispatch::work: couldn't find source iterator
Error in XmlRpcClient::writeRequest: write error (Connection refused).
Error in XmlRpcDispatch::work: couldn't find source iterator
Error in XmlRpcClient::writeRequest: write error (Connection refused).
Error in XmlRpcClient::writeRequest: write error (Connection refused).
Error in XmlRpcDispatch::work: couldn't find source iterator
Error in XmlRpcDispatch::work: couldn't find source iterator
Error in XmlRpcClient::writeRequest: write error (Connection refused).
Error in XmlRpcDispatch::work: couldn't find source iterator
Error in XmlRpcClient::writeRequest: write error (Connection refused).
Error in XmlRpcDispatch::work: couldn't find source iterator
Error in XmlRpcClient::writeRequest: write error (Connection refused).
Error in XmlRpcDispatch::work: couldn't find source iterator
Error in XmlRpcClient::writeRequest: write error (Connection refused).
Error in XmlRpcDispatch::work: couldn't find source iterator
Error in XmlRpcClient::writeRequest: write error (Connection refused).
Error in XmlRpcClient::writeRequest: write error (Connection refused).
Error in XmlRpcClient::writeRequest: write error (Connection refused).
Error in XmlRpcDispatch::work: couldn't find source iterator
Error in XmlRpcDispatch::work: couldn't find source iterator
Error in XmlRpcDispatch::work: couldn't find source iterator
Error in XmlRpcClient::writeRequest: write error (Connection refused).
Error in XmlRpcClient::writeRequest: write error (Connection refused).
Error in XmlRpcDispatch::work: couldn't find source iterator
Error in XmlRpcDispatch::work: couldn't find source iterator
Error in XmlRpcClient::writeRequest: write error (Connection refused).
Error in XmlRpcClient::writeRequest: write error (Connection refused).
Error in XmlRpcClient::writeRequest: write error (Connection refused).
Error in XmlRpcDispatch::work: couldn't find source iterator
Error in XmlRpcDispatch::work: couldn't find source iterator
Error in XmlRpcDispatch::work: couldn't find source iterator
Error in XmlRpcClient::writeRequest: write error (Connection refused).
Error in XmlRpcDispatch::work: couldn't find source iterator
Error in XmlRpcClient::writeRequest: write error (Connection refused).
Error in XmlRpcDispatch::work: couldn't find source iterator
Error in XmlRpcClient::writeRequest: write error (Connection refused).
Error in XmlRpcDispatch::work: couldn't find source iterator
Error in XmlRpcClient::writeRequest: write error (Connection refused).
Error in XmlRpcClient::writeRequest: write error (Connection refused).
Error in XmlRpcDispatch::work: couldn't find source iterator
Error in XmlRpcDispatch::work: couldn't find source iterator
Error in XmlRpcClient::writeRequest: write error (Connection refused).
Error in XmlRpcDispatch::work: couldn't find source iterator
Error in XmlRpcClient::writeRequest: write error (Connection refused).
Error in XmlRpcDispatch::work: couldn't find source iterator
Error in XmlRpcClient::writeRequest: write error (Connection refused).
Error in XmlRpcDispatch::work: couldn't find source iterator
Error in XmlRpcClient::writeRequest: write error (Connection refused).
Error in XmlRpcDispatch::work: couldn't find source iterator
Error in XmlRpcClient::writeRequest: write error (Connection refused).
Error in XmlRpcDispatch::work: couldn't find source iterator
Error in XmlRpcClient::writeRequest: write error (Connection refused).
Error in XmlRpcDispatch::work: couldn't find source iterator
Error in XmlRpcClient::writeRequest: write error (Connection refused).
Error in XmlRpcDispatch::work: couldn't find source iterator
Error in XmlRpcClient::writeRequest: write error (Connection refused).
Error in XmlRpcClient::writeRequest: write error (Connection refused).
Error in XmlRpcDispatch::work: couldn't find source iterator
Error in XmlRpcDispatch::work: couldn't find source iterator
Error in XmlRpcClient::writeRequest: write error (Connection refused).
Error in XmlRpcDispatch::work: couldn't find source iterator
Error in XmlRpcClient::writeRequest: write error (Connection refused).
Error in XmlRpcDispatch::work: couldn't find source iterator
Error in XmlRpcClient::writeRequest: write error (Connection refused).
Error in XmlRpcDispatch::work: couldn't find source iterator
Error in XmlRpcClient::writeRequest: write error (Connection refused).
Error in XmlRpcDispatch::work: couldn't find source iterator
Error in XmlRpcClient::writeRequest: write error (Connection refused).
Error in XmlRpcDispatch::work: couldn't find source iterator
Error in XmlRpcClient::writeRequest: write error (Connection refused).
Error in XmlRpcDispatch::work: couldn't find source iterator
Error in XmlRpcClient::writeRequest: write error (Connection refused).
Error in XmlRpcClient::writeRequest: write error (Connection refused).
Error in XmlRpcDispatch::work: couldn't find source iterator
Error in XmlRpcDispatch::work: couldn't find source iterator
Error in XmlRpcClient::writeRequest: write error (Connection refused).
Error in XmlRpcDispatch::work: couldn't find source iterator
Error in XmlRpcClient::writeRequest: write error (Connection refused).
Error in XmlRpcDispatch::work: couldn't find source iterator
Error in XmlRpcClient::writeRequest: write error (Connection refused).
Error in XmlRpcDispatch::work: couldn't find source iterator
Error in XmlRpcClient::writeRequest: write error (Connection refused).
Error in XmlRpcDispatch::work: couldn't find source iterator
Error in XmlRpcClient::writeRequest: write error (Connection refused).
Error in XmlRpcDispatch::work: couldn't find source iterator
Error in XmlRpcClient::writeRequest: write error (Connection refused).
Error in XmlRpcDispatch::work: couldn't find source iterator
Error in XmlRpcClient::writeRequest: write error (Connection refused).
Error in XmlRpcClient::writeRequest: write error (Connection refused).
Error in XmlRpcDispatch::work: couldn't find source iterator
Error in XmlRpcDispatch::work: couldn't find source iterator
Error in XmlRpcClient::writeRequest: write error (Connection refused).
Error in XmlRpcClient::writeRequest: write error (Connection refused).
Error in XmlRpcDispatch::work: couldn't find source iterator
Error in XmlRpcDispatch::work: couldn't find source iterator
Error in XmlRpcClient::writeRequest: write error (Connection refused).
Error in XmlRpcClient::writeRequest: write error (Connection refused).
Error in XmlRpcDispatch::work: couldn't find source iterator
Error in XmlRpcDispatch::work: couldn't find source iterator
Error in XmlRpcClient::writeRequest: write error (Connection refused).
Error in XmlRpcDispatch::work: couldn't find source iterator
Error in XmlRpcClient::writeRequest: write error (Connection refused).
Error in XmlRpcDispatch::work: couldn't find source iterator
Error in XmlRpcClient::writeRequest: write error (Connection refused).
Error in XmlRpcDispatch::work: couldn't find source iterator
Error in XmlRpcClient::writeRequest: write error (Connection refused).
Error in XmlRpcDispatch::work: couldn't find source iterator
Error in XmlRpcClient::writeRequest: write error (Connection refused).
Error in XmlRpcDispatch::work: couldn't find source iterator
Error in XmlRpcClient::writeRequest: write error (Connection refused).
Error in XmlRpcDispatch::work: couldn't find source iterator
Error in XmlRpcClient::writeRequest: write error (Connection refused).
Error in XmlRpcDispatch::work: couldn't find source iterator
Error in XmlRpcClient::writeRequest: write error (Connection refused).
Error in XmlRpcDispatch::work: couldn't find source iterator
Error in XmlRpcClient::writeRequest: write error (Connection refused).
Error in XmlRpcDispatch::work: couldn't find source iterator
Error in XmlRpcClient::writeRequest: write error (Connection refused).
Error in XmlRpcDispatch::work: couldn't find source iterator
Error in XmlRpcClient::writeRequest: write error (Connection refused).
Error in XmlRpcDispatch::work: couldn't find source iterator
Error in XmlRpcClient::writeRequest: write error (Connection refused).
Error in XmlRpcDispatch::work: couldn't find source iterator
Error in XmlRpcClient::writeRequest: write error (Connection refused).
Error in XmlRpcDispatch::work: couldn't find source iterator
Error in XmlRpcClient::writeRequest: write error (Connection refused).
Error in XmlRpcClient::writeRequest: write error (Connection refused).
Error in XmlRpcDispatch::work: couldn't find source iterator
Error in XmlRpcDispatch::work: couldn't find source iterator
Error in XmlRpcClient::writeRequest: write error (Connection refused).
Error in XmlRpcClient::writeRequest: write error (Connection refused).
Error in XmlRpcDispatch::work: couldn't find source iterator
Error in XmlRpcDispatch::work: couldn't find source iterator
Error in XmlRpcClient::writeRequest: write error (Connection refused).
Error in XmlRpcDispatch::work: couldn't find source iterator
Error in XmlRpcClient::writeRequest: write error (Connection refused).
Error in XmlRpcDispatch::work: couldn't find source iterator
Error in XmlRpcClient::writeRequest: write error (Connection refused).
Error in XmlRpcDispatch::work: couldn't find source iterator
Error in XmlRpcClient::writeRequest: write error (Connection refused).
Error in XmlRpcDispatch::work: couldn't find source iterator
Error in XmlRpcClient::writeRequest: write error (Connection refused).
Error in XmlRpcDispatch::work: couldn't find source iterator
Error in XmlRpcClient::writeRequest: write error (Connection refused).
Error in XmlRpcDispatch::work: couldn't find source iterator
Error in XmlRpcClient::writeRequest: write error (Connection refused).
Error in XmlRpcDispatch::work: couldn't find source iterator
Error in XmlRpcClient::writeRequest: write error (Connection refused).
Error in XmlRpcDispatch::work: couldn't find source iterator
Error in XmlRpcClient::writeRequest: write error (Connection refused).
Error in XmlRpcDispatch::work: couldn't find source iterator
Error in XmlRpcClient::writeRequest: write error (Connection refused).
Error in XmlRpcDispatch::work: couldn't find source iterator
Error in XmlRpcClient::writeRequest: write error (Connection refused).
Error in XmlRpcDispatch::work: couldn't find source iterator
Error in XmlRpcClient::writeRequest: write error (Connection refused).
Error in XmlRpcDispatch::work: couldn't find source iterator
Error in XmlRpcClient::writeRequest: write error (Connection refused).
Error in XmlRpcDispatch::work: couldn't find source iterator
Error in XmlRpcClient::writeRequest: write error (Connection refused).
Error in XmlRpcClient::writeRequest: write error (Connection refused).
Error in XmlRpcDispatch::work: couldn't find source iterator
Error in XmlRpcDispatch::work: couldn't find source iterator
Error in XmlRpcClient::writeRequest: write error (Connection refused).
Error in XmlRpcDispatch::work: couldn't find source iterator
Error in XmlRpcClient::writeRequest: write error (Connection refused).
Error in XmlRpcDispatch::work: couldn't find source iterator
Error in XmlRpcClient::writeRequest: write error (Connection refused).
Error in XmlRpcDispatch::work: couldn't find source iterator
Error in XmlRpcClient::writeRequest: write error (Connection refused).
Error in XmlRpcDispatch::work: couldn't find source iterator
Error in XmlRpcClient::writeRequest: write error (Connection refused).
Error in XmlRpcDispatch::work: couldn't find source iterator
Error in XmlRpcClient::writeRequest: write error (Connection refused).
Error in XmlRpcDispatch::work: couldn't find source iterator
Error in XmlRpcClient::writeRequest: write error (Connection refused).
Error in XmlRpcDispatch::work: couldn't find source iterator
Error in XmlRpcClient::writeRequest: write error (Connection refused).
Error in XmlRpcDispatch::work: couldn't find source iterator
Error in XmlRpcClient::writeRequest: write error (Connection refused).
Error in XmlRpcDispatch::work: couldn't find source iterator
Error in XmlRpcClient::writeRequest: write error (Connection refused).
Error in XmlRpcClient::writeRequest: write error (Connection refused).
Error in XmlRpcDispatch::work: couldn't find source iterator
Error in XmlRpcDispatch::work: couldn't find source iterator
Error in XmlRpcClient::writeRequest: write error (Connection refused).
Error in XmlRpcClient::writeRequest: write error (Connection refused).
Error in XmlRpcDispatch::work: couldn't find source iterator
Error in XmlRpcDispatch::work: couldn't find source iterator
Error in XmlRpcClient::writeRequest: write error (Connection refused).
Error in XmlRpcClient::writeRequest: write error (Connection refused).
Error in XmlRpcDispatch::work: couldn't find source iterator
Error in XmlRpcDispatch::work: couldn't find source iterator
Error in XmlRpcClient::writeRequest: write error (Connection refused).
Error in XmlRpcClient::writeRequest: write error (Connection refused).
Error in XmlRpcDispatch::work: couldn't find source iterator
Error in XmlRpcDispatch::work: couldn't find source iterator
Error in XmlRpcClient::writeRequest: write error (Connection refused).
Error in XmlRpcDispatch::work: couldn't find source iterator
Error in XmlRpcClient::writeRequest: write error (Connection refused).
Error in XmlRpcDispatch::work: couldn't find source iterator
Error in XmlRpcClient::writeRequest: write error (Connection refused).
Error in XmlRpcDispatch::work: couldn't find source iterator
Error in XmlRpcClient::writeRequest: write error (Connection refused).
Error in XmlRpcDispatch::work: couldn't find source iterator
Error in XmlRpcClient::writeRequest: write error (Connection refused).
Error in XmlRpcDispatch::work: couldn't find source iterator
Error in XmlRpcClient::writeRequest: write error (Connection refused).
Error in XmlRpcDispatch::work: couldn't find source iterator
Error in XmlRpcClient::writeRequest: write error (Connection refused).
Error in XmlRpcDispatch::work: couldn't find source iterator
Error in XmlRpcClient::writeRequest: write error (Connection refused).
Error in XmlRpcDispatch::work: couldn't find source iterator
Error in XmlRpcClient::writeRequest: write error (Connection refused).
Error in XmlRpcDispatch::work: couldn't find source iterator
Error in XmlRpcClient::writeRequest: write error (Connection refused).
Error in XmlRpcClient::writeRequest: write error (Connection refused).
Error in XmlRpcDispatch::work: couldn't find source iterator
Error in XmlRpcDispatch::work: couldn't find source iterator
Error in XmlRpcClient::writeRequest: write error (Connection refused).
Error in XmlRpcClient::writeRequest: write error (Connection refused).
Error in XmlRpcDispatch::work: couldn't find source iterator
Error in XmlRpcDispatch::work: couldn't find source iterator
Error in XmlRpcClient::writeRequest: write error (Connection refused).
Error in XmlRpcDispatch::work: couldn't find source iterator
Error in XmlRpcClient::writeRequest: write error (Connection refused).
Error in XmlRpcDispatch::work: couldn't find source iterator
Error in XmlRpcClient::writeRequest: write error (Connection refused).
Error in XmlRpcDispatch::work: couldn't find source iterator
Error in XmlRpcClient::writeRequest: write error (Connection refused).
Error in XmlRpcDispatch::work: couldn't find source iterator
Error in XmlRpcClient::writeRequest: write error (Connection refused).
Error in XmlRpcDispatch::work: couldn't find source iterator
Error in XmlRpcClient::writeRequest: write error (Connection refused).
Error in XmlRpcDispatch::work: couldn't find source iterator
Error in XmlRpcClient::writeRequest: write error (Connection refused).
Error in XmlRpcClient::writeRequest: write error (Connection refused).
Error in XmlRpcDispatch::work: couldn't find source iterator
Error in XmlRpcDispatch::work: couldn't find source iterator
Error in XmlRpcClient::writeRequest: write error (Connection refused).
Error in XmlRpcDispatch::work: couldn't find source iterator
Error in XmlRpcClient::writeRequest: write error (Connection refused).
Error in XmlRpcDispatch::work: couldn't find source iterator
Error in XmlRpcClient::writeRequest: write error (Connection refused).
Error in XmlRpcDispatch::work: couldn't find source iterator
Error in XmlRpcClient::writeRequest: write error (Connection refused).
Error in XmlRpcDispatch::work: couldn't find source iterator
Error in XmlRpcClient::writeRequest: write error (Connection refused).
Error in XmlRpcDispatch::work: couldn't find source iterator
Error in XmlRpcClient::writeRequest: write error (Connection refused).
Error in XmlRpcDispatch::work: couldn't find source iterator
Error in XmlRpcClient::writeRequest: write error (Connection refused).
Error in XmlRpcDispatch::work: couldn't find source iterator
Error in XmlRpcClient::writeRequest: write error (Connection refused).
Error in XmlRpcDispatch::work: couldn't find source iterator
Error in XmlRpcClient::writeRequest: write error (Connection refused).
Error in XmlRpcDispatch::work: couldn't find source iterator
Error in XmlRpcClient::writeRequest: write error (Connection refused).
Error in XmlRpcDispatch::work: couldn't find source iterator
Error in XmlRpcClient::writeRequest: write error (Connection refused).
Error in XmlRpcDispatch::work: couldn't find source iterator
Error in XmlRpcClient::writeRequest: write error (Connection refused).
Error in XmlRpcDispatch::work: couldn't find source iterator
Error in XmlRpcClient::writeRequest: write error (Connection refused).
Error in XmlRpcDispatch::work: couldn't find source iterator
Error in XmlRpcClient::writeRequest: write error (Connection refused).
Error in XmlRpcDispatch::work: couldn't find source iterator
Error in XmlRpcClient::writeRequest: write error (Connection refused).
Error in XmlRpcDispatch::work: couldn't find source iterator
Error in XmlRpcClient::writeRequest: write error (Connection refused).
Error in XmlRpcDispatch::work: couldn't find source iterator
Error in XmlRpcClient::writeRequest: write error (Connection refused).
Error in XmlRpcDispatch::work: couldn't find source iterator
Error in XmlRpcClient::writeRequest: write error (Connection refused).
Error in XmlRpcDispatch::work: couldn't find source iterator
Error in XmlRpcClient::writeRequest: write error (Connection refused).
Error in XmlRpcDispatch::work: couldn't find source iterator
Error in XmlRpcClient::writeRequest: write error (Connection refused).
Error in XmlRpcDispatch::work: couldn't find source iterator
Error in XmlRpcClient::writeRequest: write error (Connection refused).
Error in XmlRpcDispatch::work: couldn't find source iterator
[INFO] [1774253970.683045, 0.000000]: Ground Truth Odom Publisher initialized
[INFO] [1774253970.614405, 0.000000]: Ground Truth Odom Publisher initialized
[31mWARNING: disk usage in log directory [/data/lzq/.ros/log] is over 1GB.
It's recommended that you use the 'rosclean' command.[0m
[31m[rviz-16] escalating to SIGTERM[0m

auto-starting new master
[1mprocess[master]: started with pid [627468][0m
[1mROS_MASTER_URI=http://localhost:11311[0m
]2;/data/lzq/ros_motion_planning/src/sim_env/launch/main.launch http://localhost:11311
[1msetting /run_id to 0317f874-2691-11f1-959d-99ad9226bd72[0m
[1mprocess[rosout-1]: started with pid [627487][0m
started core service [/rosout]
[1mprocess[gazebo-2]: started with pid [627494][0m
[1mprocess[map_server-3]: started with pid [627495][0m
[1mprocess[robot2/robot_state_publisher-4]: started with pid [627498][0m
[1mprocess[robot2/joint_state_publisher-5]: started with pid [627501][0m
[1mprocess[robot2/urdf_spawner-6]: started with pid [627502][0m
[1mprocess[robot2/tf_map2odom_node-7]: started with pid [627509][0m
[1mprocess[robot2/ground_truth_odom_publisher-8]: started with pid [627515][0m
[1mprocess[robot2/move_base-9]: started with pid [627516][0m
[1mprocess[robot1/robot_state_publisher-10]: started with pid [627517][0m
[1mprocess[robot1/joint_state_publisher-11]: started with pid [627518][0m
[1mprocess[robot1/urdf_spawner-12]: started with pid [627519][0m
[1mprocess[robot1/tf_map2odom_node-13]: started with pid [627530][0m
[1mprocess[robot1/ground_truth_odom_publisher-14]: started with pid [627564][0m
[1mprocess[robot1/move_base-15]: started with pid [627596][0m
[1mprocess[rviz-16]: started with pid [627628][0m
[1m[robot2/urdf_spawner-6] process has finished cleanly
log file: /data/lzq/.ros/log/0317f874-2691-11f1-959d-99ad9226bd72/robot2-urdf_spawner-6*.log[0m
[1m[robot1/urdf_spawner-12] process has finished cleanly
log file: /data/lzq/.ros/log/0317f874-2691-11f1-959d-99ad9226bd72/robot1-urdf_spawner-12*.log[0m
[rviz-16] killing on exit
[robot1/move_base-15] killing on exit
[robot1/ground_truth_odom_publisher-14] killing on exit
[robot1/tf_map2odom_node-13] killing on exit
[robot1/joint_state_publisher-11] killing on exit
[robot1/robot_state_publisher-10] killing on exit
[robot2/move_base-9] killing on exit
[robot2/ground_truth_odom_publisher-8] killing on exit
[robot2/tf_map2odom_node-7] killing on exit
[robot2/joint_state_publisher-5] killing on exit
[robot2/robot_state_publisher-4] killing on exit
[map_server-3] killing on exit
[gazebo-2] killing on exit
[rosout-1] killing on exit
[master] killing on exit
shutting down processing monitor...
... shutting down processing monitor complete
[1mdone[0m
