xacro: in-order processing became default in ROS Melodic. You can drop the option.
xacro: in-order processing became default in ROS Melodic. You can drop the option.
... logging to /data/lzq/.ros/log/2b2c0390-25fc-11f1-9841-ef63e69f4ffa/roslaunch-lzq-196309.log
Checking log directory for disk usage. This may take a while.
Press Ctrl-C to interrupt
]2;/data/lzq/ros_motion_planning/src/sim_env/launch/main.launch
[1mstarted roslaunch server http://lzq:40927/[0m

SUMMARY
========

PARAMETERS
 * /gazebo/enable_ros_network: True
 * /robot1/move_base/PIDController/base_frame: base_link
 * /robot1/move_base/PIDController/convert_offset: 0.0
 * /robot1/move_base/PIDController/goal_dist_tolerance: 0.2
 * /robot1/move_base/PIDController/k: 1.0
 * /robot1/move_base/PIDController/k_theta: 0.7
 * /robot1/move_base/PIDController/k_v_d: 0.1
 * /robot1/move_base/PIDController/k_v_i: 0.1
 * /robot1/move_base/PIDController/k_v_p: 1.0
 * /robot1/move_base/PIDController/k_w_d: 0.1
 * /robot1/move_base/PIDController/k_w_i: 0.1
 * /robot1/move_base/PIDController/k_w_p: 1.0
 * /robot1/move_base/PIDController/l: 0.2
 * /robot1/move_base/PIDController/lookahead_time: 0.5
 * /robot1/move_base/PIDController/map_frame: map
 * /robot1/move_base/PIDController/max_lookahead_dist: 0.9
 * /robot1/move_base/PIDController/max_v: 0.5
 * /robot1/move_base/PIDController/max_v_inc: 0.5
 * /robot1/move_base/PIDController/max_w: 1.57
 * /robot1/move_base/PIDController/max_w_inc: 1.57
 * /robot1/move_base/PIDController/min_lookahead_dist: 0.3
 * /robot1/move_base/PIDController/min_v: 0.0
 * /robot1/move_base/PIDController/min_w: 0.0
 * /robot1/move_base/PIDController/rotate_tolerance: 0.5
 * /robot1/move_base/PathPlanner/convert_offset: 0.0
 * /robot1/move_base/PathPlanner/default_tolerance: 0.0
 * /robot1/move_base/PathPlanner/expand_zone: True
 * /robot1/move_base/PathPlanner/hybrid_astar/analytic_expansion_max_length: 5.0
 * /robot1/move_base/PathPlanner/hybrid_astar/analytic_expansion_ratio: 1.5
 * /robot1/move_base/PathPlanner/hybrid_astar/cache_obstacle_heuristic: False
 * /robot1/move_base/PathPlanner/hybrid_astar/change_penalty: 0.4
 * /robot1/move_base/PathPlanner/hybrid_astar/cost_penalty: 2.0
 * /robot1/move_base/PathPlanner/hybrid_astar/curve_sample_ratio: 0.15
 * /robot1/move_base/PathPlanner/hybrid_astar/dim_3_size: 32
 * /robot1/move_base/PathPlanner/hybrid_astar/downsample_obstacle_heuristic: True
 * /robot1/move_base/PathPlanner/hybrid_astar/goal_tolerance: 0.2
 * /robot1/move_base/PathPlanner/hybrid_astar/lookup_table_dim: 20.0
 * /robot1/move_base/PathPlanner/hybrid_astar/max_approach_iterations: 500
 * /robot1/move_base/PathPlanner/hybrid_astar/max_iterations: 20000
 * /robot1/move_base/PathPlanner/hybrid_astar/minimum_turning_radius: 0.3
 * /robot1/move_base/PathPlanner/hybrid_astar/motion_model: 2
 * /robot1/move_base/PathPlanner/hybrid_astar/non_straight_penalty: 1.5
 * /robot1/move_base/PathPlanner/hybrid_astar/retrospective_penalty: 0.025
 * /robot1/move_base/PathPlanner/hybrid_astar/reverse_penalty: 2.5
 * /robot1/move_base/PathPlanner/hybrid_astar/traverse_unknown: False
 * /robot1/move_base/PathPlanner/obstacle_factor: 0.5
 * /robot1/move_base/PathPlanner/outline_map: True
 * /robot1/move_base/PathPlanner/planner_name: theta_star
 * /robot1/move_base/PathPlanner/show_safety_corridor: False
 * /robot1/move_base/base_global_planner: path_planner/Path...
 * /robot1/move_base/base_local_planner: pid_controller/PI...
 * /robot1/move_base/conservative_reset_dist: 3.0
 * /robot1/move_base/controller_frequency: 20.0
 * /robot1/move_base/controller_patience: 15.0
 * /robot1/move_base/global_costmap/footprint: [[-0.21, -0.165],...
 * /robot1/move_base/global_costmap/footprint_padding: 0.1
 * /robot1/move_base/global_costmap/global_frame: map
 * /robot1/move_base/global_costmap/inflation_layer/cost_scaling_factor: 5
 * /robot1/move_base/global_costmap/inflation_layer/enabled: True
 * /robot1/move_base/global_costmap/inflation_layer/inflation_radius: 0.2
 * /robot1/move_base/global_costmap/map_type: costmap
 * /robot1/move_base/global_costmap/meter_scoring: True
 * /robot1/move_base/global_costmap/obstacle_layer/observation_sources: scan
 * /robot1/move_base/global_costmap/obstacle_layer/scan/clearing: True
 * /robot1/move_base/global_costmap/obstacle_layer/scan/data_type: LaserScan
 * /robot1/move_base/global_costmap/obstacle_layer/scan/expected_update_rate: 1
 * /robot1/move_base/global_costmap/obstacle_layer/scan/inf_is_valid: True
 * /robot1/move_base/global_costmap/obstacle_layer/scan/marking: True
 * /robot1/move_base/global_costmap/obstacle_layer/scan/max_obstacle_height: 0.2
 * /robot1/move_base/global_costmap/obstacle_layer/scan/min_obstacle_height: 0.0
 * /robot1/move_base/global_costmap/obstacle_layer/scan/observation_persistence: 0.0
 * /robot1/move_base/global_costmap/obstacle_layer/scan/obstacle_range: 2.5
 * /robot1/move_base/global_costmap/obstacle_layer/scan/raytrace_range: 3.0
 * /robot1/move_base/global_costmap/obstacle_layer/scan/sensor_frame: robot1/base_footp...
 * /robot1/move_base/global_costmap/obstacle_layer/scan/topic: /robot1/scan
 * /robot1/move_base/global_costmap/origin_z: 0.0
 * /robot1/move_base/global_costmap/plugins: [{'name': 'static...
 * /robot1/move_base/global_costmap/publish_frequency: 0.5
 * /robot1/move_base/global_costmap/publish_voxel_map: False
 * /robot1/move_base/global_costmap/robot_base_frame: robot1/base_footp...
 * /robot1/move_base/global_costmap/scan/sensor_frame: robot1/base_scan
 * /robot1/move_base/global_costmap/scan/topic: /robot1/scan
 * /robot1/move_base/global_costmap/static_map/clear_time: 20
 * /robot1/move_base/global_costmap/static_map/enabled: True
 * /robot1/move_base/global_costmap/static_map/publish_static_map: True
 * /robot1/move_base/global_costmap/transform_tolerance: 0.2
 * /robot1/move_base/global_costmap/update_frequency: 1.0
 * /robot1/move_base/global_costmap/z_resolution: 1
 * /robot1/move_base/global_costmap/z_voxels: 2
 * /robot1/move_base/local_costmap/global_frame: robot1/odom
 * /robot1/move_base/local_costmap/height: 3
 * /robot1/move_base/local_costmap/inflation_radius: 0.2
 * /robot1/move_base/local_costmap/plugins: [{'name': 'obstac...
 * /robot1/move_base/local_costmap/publish_frequency: 0.5
 * /robot1/move_base/local_costmap/resolution: 0.05
 * /robot1/move_base/local_costmap/robot_base_frame: robot1/base_footp...
 * /robot1/move_base/local_costmap/rolling_window: True
 * /robot1/move_base/local_costmap/scan/sensor_frame: robot1/base_scan
 * /robot1/move_base/local_costmap/scan/topic: /robot1/scan
 * /robot1/move_base/local_costmap/static_map: False
 * /robot1/move_base/local_costmap/transform_tolerance: 1.0
 * /robot1/move_base/local_costmap/update_frequency: 1.0
 * /robot1/move_base/local_costmap/width: 3
 * /robot1/move_base/oscillation_distance: 0.2
 * /robot1/move_base/oscillation_timeout: 10.0
 * /robot1/move_base/planner_frequency: 2
 * /robot1/move_base/planner_patience: 5.0
 * /robot1/move_base/shutdown_costmaps: False
 * /robot1/move_base/transform_tolerance: 2.0
 * /robot1/robot_description: <?xml version="1....
 * /robot1/tf_map2odom_node/odom_frame_id: robot1/odom
 * /robot1/tf_prefix: robot1
 * /robot2/move_base/DWAController/acc_lim_theta: 3.2
 * /robot2/move_base/DWAController/acc_lim_x: 2.5
 * /robot2/move_base/DWAController/acc_lim_y: 0.0
 * /robot2/move_base/DWAController/controller_frequency: 10.0
 * /robot2/move_base/DWAController/forward_point_distance: 0.05
 * /robot2/move_base/DWAController/goal_distance_bias: 24.0
 * /robot2/move_base/DWAController/latch_xy_goal_tolerance: False
 * /robot2/move_base/DWAController/max_scaling_factor: 0.2
 * /robot2/move_base/DWAController/max_vel_theta: 1.35
 * /robot2/move_base/DWAController/max_vel_trans: 1.5
 * /robot2/move_base/DWAController/max_vel_x: 1.5
 * /robot2/move_base/DWAController/max_vel_y: 0.0
 * /robot2/move_base/DWAController/min_vel_theta: 0.1
 * /robot2/move_base/DWAController/min_vel_trans: 0
 * /robot2/move_base/DWAController/min_vel_x: 0
 * /robot2/move_base/DWAController/min_vel_y: 0.0
 * /robot2/move_base/DWAController/occdist_scale: 0.02
 * /robot2/move_base/DWAController/oscillation_reset_dist: 0.05
 * /robot2/move_base/DWAController/path_distance_bias: 32.0
 * /robot2/move_base/DWAController/publish_cost_grid_pc: True
 * /robot2/move_base/DWAController/publish_traj_pc: True
 * /robot2/move_base/DWAController/scaling_speed: 0.25
 * /robot2/move_base/DWAController/sim_time: 2.0
 * /robot2/move_base/DWAController/stop_time_buffer: 0.2
 * /robot2/move_base/DWAController/vth_samples: 60
 * /robot2/move_base/DWAController/vx_samples: 10
 * /robot2/move_base/DWAController/vy_samples: 0
 * /robot2/move_base/DWAController/xy_goal_tolerance: 0.1
 * /robot2/move_base/DWAController/yaw_goal_tolerance: 0.3
 * /robot2/move_base/PathPlanner/convert_offset: 0.0
 * /robot2/move_base/PathPlanner/default_tolerance: 0.0
 * /robot2/move_base/PathPlanner/expand_zone: True
 * /robot2/move_base/PathPlanner/hybrid_astar/analytic_expansion_max_length: 5.0
 * /robot2/move_base/PathPlanner/hybrid_astar/analytic_expansion_ratio: 1.5
 * /robot2/move_base/PathPlanner/hybrid_astar/cache_obstacle_heuristic: False
 * /robot2/move_base/PathPlanner/hybrid_astar/change_penalty: 0.4
 * /robot2/move_base/PathPlanner/hybrid_astar/cost_penalty: 2.0
 * /robot2/move_base/PathPlanner/hybrid_astar/curve_sample_ratio: 0.15
 * /robot2/move_base/PathPlanner/hybrid_astar/dim_3_size: 32
 * /robot2/move_base/PathPlanner/hybrid_astar/downsample_obstacle_heuristic: True
 * /robot2/move_base/PathPlanner/hybrid_astar/goal_tolerance: 0.2
 * /robot2/move_base/PathPlanner/hybrid_astar/lookup_table_dim: 20.0
 * /robot2/move_base/PathPlanner/hybrid_astar/max_approach_iterations: 500
 * /robot2/move_base/PathPlanner/hybrid_astar/max_iterations: 20000
 * /robot2/move_base/PathPlanner/hybrid_astar/minimum_turning_radius: 0.3
 * /robot2/move_base/PathPlanner/hybrid_astar/motion_model: 2
 * /robot2/move_base/PathPlanner/hybrid_astar/non_straight_penalty: 1.5
 * /robot2/move_base/PathPlanner/hybrid_astar/retrospective_penalty: 0.025
 * /robot2/move_base/PathPlanner/hybrid_astar/reverse_penalty: 2.5
 * /robot2/move_base/PathPlanner/hybrid_astar/traverse_unknown: False
 * /robot2/move_base/PathPlanner/obstacle_factor: 0.5
 * /robot2/move_base/PathPlanner/outline_map: True
 * /robot2/move_base/PathPlanner/planner_name: theta_star
 * /robot2/move_base/PathPlanner/show_safety_corridor: False
 * /robot2/move_base/base_global_planner: path_planner/Path...
 * /robot2/move_base/base_local_planner: dwa_controller/DW...
 * /robot2/move_base/conservative_reset_dist: 3.0
 * /robot2/move_base/controller_frequency: 20.0
 * /robot2/move_base/controller_patience: 15.0
 * /robot2/move_base/global_costmap/footprint: [[-0.21, -0.165],...
 * /robot2/move_base/global_costmap/footprint_padding: 0.1
 * /robot2/move_base/global_costmap/global_frame: map
 * /robot2/move_base/global_costmap/inflation_layer/cost_scaling_factor: 5
 * /robot2/move_base/global_costmap/inflation_layer/enabled: True
 * /robot2/move_base/global_costmap/inflation_layer/inflation_radius: 0.2
 * /robot2/move_base/global_costmap/map_type: costmap
 * /robot2/move_base/global_costmap/meter_scoring: True
 * /robot2/move_base/global_costmap/obstacle_layer/observation_sources: scan
 * /robot2/move_base/global_costmap/obstacle_layer/scan/clearing: True
 * /robot2/move_base/global_costmap/obstacle_layer/scan/data_type: LaserScan
 * /robot2/move_base/global_costmap/obstacle_layer/scan/expected_update_rate: 1
 * /robot2/move_base/global_costmap/obstacle_layer/scan/inf_is_valid: True
 * /robot2/move_base/global_costmap/obstacle_layer/scan/marking: True
 * /robot2/move_base/global_costmap/obstacle_layer/scan/max_obstacle_height: 0.2
 * /robot2/move_base/global_costmap/obstacle_layer/scan/min_obstacle_height: 0.0
 * /robot2/move_base/global_costmap/obstacle_layer/scan/observation_persistence: 0.0
 * /robot2/move_base/global_costmap/obstacle_layer/scan/obstacle_range: 2.5
 * /robot2/move_base/global_costmap/obstacle_layer/scan/raytrace_range: 3.0
 * /robot2/move_base/global_costmap/obstacle_layer/scan/sensor_frame: robot2/base_footp...
 * /robot2/move_base/global_costmap/obstacle_layer/scan/topic: /robot2/scan
 * /robot2/move_base/global_costmap/origin_z: 0.0
 * /robot2/move_base/global_costmap/plugins: [{'name': 'static...
 * /robot2/move_base/global_costmap/publish_frequency: 0.5
 * /robot2/move_base/global_costmap/publish_voxel_map: False
 * /robot2/move_base/global_costmap/robot_base_frame: robot2/base_footp...
 * /robot2/move_base/global_costmap/scan/sensor_frame: robot2/base_scan
 * /robot2/move_base/global_costmap/scan/topic: /robot2/scan
 * /robot2/move_base/global_costmap/static_map/clear_time: 20
 * /robot2/move_base/global_costmap/static_map/enabled: True
 * /robot2/move_base/global_costmap/static_map/publish_static_map: True
 * /robot2/move_base/global_costmap/transform_tolerance: 0.2
 * /robot2/move_base/global_costmap/update_frequency: 1.0
 * /robot2/move_base/global_costmap/z_resolution: 1
 * /robot2/move_base/global_costmap/z_voxels: 2
 * /robot2/move_base/local_costmap/global_frame: robot2/odom
 * /robot2/move_base/local_costmap/height: 3
 * /robot2/move_base/local_costmap/inflation_radius: 0.2
 * /robot2/move_base/local_costmap/plugins: [{'name': 'obstac...
 * /robot2/move_base/local_costmap/publish_frequency: 0.5
 * /robot2/move_base/local_costmap/resolution: 0.05
 * /robot2/move_base/local_costmap/robot_base_frame: robot2/base_footp...
 * /robot2/move_base/local_costmap/rolling_window: True
 * /robot2/move_base/local_costmap/scan/sensor_frame: robot2/base_scan
 * /robot2/move_base/local_costmap/scan/topic: /robot2/scan
 * /robot2/move_base/local_costmap/static_map: False
 * /robot2/move_base/local_costmap/transform_tolerance: 1.0
 * /robot2/move_base/local_costmap/update_frequency: 1.0
 * /robot2/move_base/local_costmap/width: 3
 * /robot2/move_base/oscillation_distance: 0.2
 * /robot2/move_base/oscillation_timeout: 10.0
 * /robot2/move_base/planner_frequency: 2
 * /robot2/move_base/planner_patience: 5.0
 * /robot2/move_base/shutdown_costmaps: False
 * /robot2/move_base/transform_tolerance: 2.0
 * /robot2/robot_description: <?xml version="1....
 * /robot2/tf_map2odom_node/odom_frame_id: robot2/odom
 * /robot2/tf_prefix: robot2
 * /rosdistro: noetic
 * /rosversion: 1.17.4
 * /use_sim_time: True

NODES
  /
    gazebo (gazebo_ros/gzserver)
    map_server (map_server/map_server)
    rviz (rviz/rviz)
  /robot1/
    ground_truth_odom_publisher (sim_env/ground_truth_odom_publisher.py)
    joint_state_publisher (joint_state_publisher/joint_state_publisher)
    move_base (move_base/move_base)
    robot_state_publisher (robot_state_publisher/robot_state_publisher)
    tf_map2odom_node (sim_env/tf_map2odom.py)
    urdf_spawner (gazebo_ros/spawn_model)
  /robot2/
    ground_truth_odom_publisher (sim_env/ground_truth_odom_publisher.py)
    joint_state_publisher (joint_state_publisher/joint_state_publisher)
    move_base (move_base/move_base)
    robot_state_publisher (robot_state_publisher/robot_state_publisher)
    tf_map2odom_node (sim_env/tf_map2odom.py)
    urdf_spawner (gazebo_ros/spawn_model)
[33m[WARN] [1774190042.088589511]: link 'base_scan' material 'dark' undefined.[0m
[33m[WARN] [1774190042.088881584]: link 'base_scan' material 'dark' undefined.[0m
[33m[WARN] [1774190042.089043055]: The root link base_footprint has an inertia specified in the URDF, but KDL does not support a root link with an inertia.  As a workaround, you can add an extra dummy link to your URDF.[0m
[33m[WARN] [1774190042.112909879]: link 'base_scan' material 'dark' undefined.[0m
[33m[WARN] [1774190042.113251817]: link 'base_scan' material 'dark' undefined.[0m
[33m[WARN] [1774190042.113469091]: The root link base_footprint has an inertia specified in the URDF, but KDL does not support a root link with an inertia.  As a workaround, you can add an extra dummy link to your URDF.[0m
[33m[WARN] [1774190043.649911060]: link 'base_scan' material 'dark' undefined.[0m
[33m[WARN] [1774190043.649934806]: link 'base_scan' material 'dark' undefined.[0m
[33m[WARN] [1774190044.264867082]: link 'base_scan' material 'dark' undefined.[0m
[33m[WARN] [1774190044.264893202]: link 'base_scan' material 'dark' undefined.[0m
[INFO] [1774190042.576474, 0.000000]: Loading model XML from ros parameter robot_description
[INFO] [1774190042.579590, 0.000000]: Waiting for service /gazebo/spawn_urdf_model
[INFO] [1774190043.784839, 0.000000]: Calling service /gazebo/spawn_urdf_model
[INFO] [1774190045.683701, 0.000000]: Spawn status: SpawnModel: Successfully spawned entity
[33m[WARN] [1774190045.794419303, 83.540000000]: GazeboRosSkidSteerDrive Plugin (ns = /robot2//) missing <covariance_x>, defaults to 0.000100[0m
[33m[WARN] [1774190045.794458483, 83.540000000]: GazeboRosSkidSteerDrive Plugin (ns = /robot2//) missing <covariance_y>, defaults to 0.000100[0m
[33m[WARN] [1774190045.794471543, 83.540000000]: GazeboRosSkidSteerDrive Plugin (ns = /robot2//) missing <covariance_yaw>, defaults to 0.010000[0m
[33m[WARN] [1774190045.797395829, 83.544000000]: Timed out waiting for transform from robot1/base_footprint to map to become available before running costmap, tf error: canTransform: target_frame map does not exist. canTransform: source_frame robot1/base_footprint does not exist.. canTransform returned after 83.544 timeout was 0.1.[0m
[33m[WARN] [1774190045.797418387, 83.544000000]: Timed out waiting for transform from robot2/base_footprint to map to become available before running costmap, tf error: canTransform: target_frame map does not exist. canTransform: source_frame robot2/base_footprint does not exist.. canTransform returned after 83.544 timeout was 0.1.[0m
Warning: TF_REPEATED_DATA ignoring data with redundant timestamp for frame robot2/odom (parent map) at time 83.612000 according to authority unknown_publisher
         at line 277 in /tmp/binarydeb/ros-noetic-tf2-0.7.10/src/buffer_core.cpp
Warning: TF_REPEATED_DATA ignoring data with redundant timestamp for frame robot1/odom (parent map) at time 83.612000 according to authority unknown_publisher
         at line 277 in /tmp/binarydeb/ros-noetic-tf2-0.7.10/src/buffer_core.cpp
Warning: [33m[WARN] [1774190045.806742145, 83.562000000]: TF_REPEATED_DATA ignoring data with redundant timestamp for frame robot2/odom (parent map) at time 83.612000 according to authority unknown_publisher[0m
TF_REPEATED_DATA ignoring data with redundant timestamp for frame robot2/odom (parent map) at time 83.612000 according to authority unknown_publisher
         at line 277 in /tmp/binarydeb/ros-noetic-tf2-0.7.10/src/buffer_core.cpp
Warning: TF_REPEATED_DATA ignoring data with redundant timestamp for frame robot1/odom (parent map) at time 83.612000 according to authority unknown_publisher
         at line 277 in /tmp/binarydeb/ros-noetic-tf2-0.7.10/src/buffer_core.cpp[33m[WARN] [1774190045.806781326, 83.562000000]: TF_REPEATED_DATA ignoring data with redundant timestamp for frame robot1/odom (parent map) at time 83.612000 according to authority unknown_publisher[0m

[INFO] [1774190042.595113, 0.000000]: Loading model XML from ros parameter robot_description
[INFO] [1774190042.597935, 0.000000]: Waiting for service /gazebo/spawn_urdf_model
[INFO] [1774190043.802148, 0.000000]: Calling service /gazebo/spawn_urdf_model
[INFO] [1774190046.078760, 83.942000]: Spawn status: SpawnModel: Successfully spawned entity
[33m[WARN] [1774190046.880657912, 83.942000000]: GazeboRosSkidSteerDrive Plugin (ns = /robot1//) missing <covariance_x>, defaults to 0.000100[0m
[33m[WARN] [1774190046.880711340, 83.942000000]: GazeboRosSkidSteerDrive Plugin (ns = /robot1//) missing <covariance_y>, defaults to 0.000100[0m
[33m[WARN] [1774190046.880723213, 83.942000000]: GazeboRosSkidSteerDrive Plugin (ns = /robot1//) missing <covariance_yaw>, defaults to 0.010000[0m
[33m[WARN] [1774190046.935375183, 84.048000000]: global_costmap: Pre-Hydro parameter "static_map" unused since "plugins" is provided[0m
[33m[WARN] [1774190046.935535466, 84.048000000]: global_costmap: Pre-Hydro parameter "static_map" unused since "plugins" is provided[0m
[33m[WARN] [1774190046.935724245, 84.048000000]: global_costmap: Pre-Hydro parameter "map_type" unused since "plugins" is provided[0m
[33m[WARN] [1774190046.935778860, 84.048000000]: global_costmap: Pre-Hydro parameter "map_type" unused since "plugins" is provided[0m
WARNING: Logging before InitGoogleLogging() is written to STDERR
I20260322 22:34:07.164381 196515 path_planner_factory.cpp:308] Using path planner: theta_star
[33m[WARN] [1774190047.167340034, 84.510000000]: local_costmap: Pre-Hydro parameter "static_map" unused since "plugins" is provided[0m
WARNING: Logging before InitGoogleLogging() is written to STDERR
I20260322 22:34:07.213241 196438 path_planner_factory.cpp:308] Using path planner: theta_star
[33m[WARN] [1774190047.215857296, 84.608000000]: local_costmap: Pre-Hydro parameter "static_map" unused since "plugins" is provided[0m
[33m[WARN] [1774190047.660511410, 85.494000000]: The /robot1/scan observation buffer has not been updated for 1.02 seconds, and it should be updated every 1.00 seconds.[0m
[33m[WARN] [1774190047.711562342, 85.594000000]: The /robot2/scan observation buffer has not been updated for 1.02 seconds, and it should be updated every 1.00 seconds.[0m
[31m[ERROR] [1774190053.071732419, 96.264000000]: None of the points of the global plan were in the local costmap, global plan points too far from robot[0m
[31m[ERROR] [1774190053.071791784, 96.264000000]: None of the 1 first of 1 (1) points of the global plan were in the local costmap and free[0m
[31m[ERROR] [1774190053.071807218, 96.264000000]: None of the 1 first of 1 (1) points of the global plan were in the local costmap and free[0m
[31m[ERROR] [1774190053.071825028, 96.264000000]: None of the points of the global plan were in the local costmap, global plan points too far from robot[0m
[33m[WARN] [1774190053.073449235, 96.268000000]: DWA planner failed to produce path.[0m
[31m[ERROR] [1774190053.100048011, 96.314000000]: None of the points of the global plan were in the local costmap, global plan points too far from robot[0m
[31m[ERROR] [1774190053.100074132, 96.314000000]: None of the 26 first of 26 (2) points of the global plan were in the local costmap and free[0m
[31m[ERROR] [1774190053.100093128, 96.314000000]: None of the 26 first of 26 (2) points of the global plan were in the local costmap and free[0m
[31m[ERROR] [1774190053.100110938, 96.314000000]: None of the points of the global plan were in the local costmap, global plan points too far from robot[0m
[33m[WARN] [1774190053.101704276, 96.318000000]: DWA planner failed to produce path.[0m
[31m[ERROR] [1774190053.125149619, 96.364000000]: None of the points of the global plan were in the local costmap, global plan points too far from robot[0m
[31m[ERROR] [1774190053.125172178, 96.364000000]: None of the 26 first of 26 (2) points of the global plan were in the local costmap and free[0m
[31m[ERROR] [1774190053.125192362, 96.364000000]: None of the 26 first of 26 (2) points of the global plan were in the local costmap and free[0m
[31m[ERROR] [1774190053.125210171, 96.364000000]: None of the points of the global plan were in the local costmap, global plan points too far from robot[0m
[33m[WARN] [1774190053.126865248, 96.368000000]: DWA planner failed to produce path.[0m
[31m[ERROR] [1774190053.160953427, 96.414000000]: None of the points of the global plan were in the local costmap, global plan points too far from robot[0m
[31m[ERROR] [1774190053.160993794, 96.414000000]: None of the 26 first of 26 (2) points of the global plan were in the local costmap and free[0m
[31m[ERROR] [1774190053.161008042, 96.414000000]: None of the 26 first of 26 (2) points of the global plan were in the local costmap and free[0m
[31m[ERROR] [1774190053.161022289, 96.414000000]: None of the points of the global plan were in the local costmap, global plan points too far from robot[0m
[33m[WARN] [1774190053.162652433, 96.418000000]: DWA planner failed to produce path.[0m
[31m[ERROR] [1774190053.186129834, 96.464000000]: None of the points of the global plan were in the local costmap, global plan points too far from robot[0m
[31m[ERROR] [1774190053.186151205, 96.464000000]: None of the 26 first of 26 (2) points of the global plan were in the local costmap and free[0m
[31m[ERROR] [1774190053.186166640, 96.464000000]: None of the 26 first of 26 (2) points of the global plan were in the local costmap and free[0m
[31m[ERROR] [1774190053.186196322, 96.464000000]: None of the points of the global plan were in the local costmap, global plan points too far from robot[0m
[33m[WARN] [1774190053.187884643, 96.468000000]: DWA planner failed to produce path.[0m
[31m[ERROR] [1774190053.222976078, 96.516000000]: None of the points of the global plan were in the local costmap, global plan points too far from robot[0m
[31m[ERROR] [1774190053.223012884, 96.516000000]: None of the 26 first of 26 (2) points of the global plan were in the local costmap and free[0m
[31m[ERROR] [1774190053.223027132, 96.516000000]: None of the 26 first of 26 (2) points of the global plan were in the local costmap and free[0m
[31m[ERROR] [1774190053.223040192, 96.516000000]: None of the points of the global plan were in the local costmap, global plan points too far from robot[0m
[33m[WARN] [1774190053.224605035, 96.520000000]: DWA planner failed to produce path.[0m
[31m[ERROR] [1774190053.246961637, 96.564000000]: None of the points of the global plan were in the local costmap, global plan points too far from robot[0m
[31m[ERROR] [1774190053.246983008, 96.564000000]: None of the 26 first of 26 (2) points of the global plan were in the local costmap and free[0m
[31m[ERROR] [1774190053.246997256, 96.564000000]: None of the 26 first of 26 (2) points of the global plan were in the local costmap and free[0m
[31m[ERROR] [1774190053.247011503, 96.564000000]: None of the points of the global plan were in the local costmap, global plan points too far from robot[0m
[33m[WARN] [1774190053.248705761, 96.568000000]: DWA planner failed to produce path.[0m
[31m[ERROR] [1774190053.284896623, 96.614000000]: None of the points of the global plan were in the local costmap, global plan points too far from robot[0m
[31m[ERROR] [1774190053.284941740, 96.614000000]: None of the 26 first of 26 (2) points of the global plan were in the local costmap and free[0m
[31m[ERROR] [1774190053.284957175, 96.614000000]: None of the 26 first of 26 (2) points of the global plan were in the local costmap and free[0m
[31m[ERROR] [1774190053.284971422, 96.614000000]: None of the points of the global plan were in the local costmap, global plan points too far from robot[0m
[33m[WARN] [1774190053.286614627, 96.618000000]: DWA planner failed to produce path.[0m
E20260322 22:34:14.015026 196718 path_planner_node.cpp:250] Failed to get a path.
[33m[WARN] [1774190054.613963974, 98.866000000]: Control loop missed its desired rate of 20.0000Hz... the loop actually took 0.0520 seconds[0m
E20260322 22:34:14.982374 196718 path_planner_node.cpp:250] Failed to get a path.
E20260322 22:34:15.948810 196718 path_planner_node.cpp:250] Failed to get a path.
[33m[WARN] [1774190055.952597328, 101.198000000]: Map update loop missed its desired rate of 1.0000Hz... the loop actually took 4.7040 seconds[0m
[33m[WARN] [1774190055.961852226, 101.208000000]: Clearing both costmaps outside a square (3.00m) large centered on the robot.[0m
E20260322 22:34:16.952620 196718 path_planner_node.cpp:250] Failed to get a path.
[33m[WARN] [1774190057.242126932, 103.366000000]: Control loop missed its desired rate of 20.0000Hz... the loop actually took 0.0520 seconds[0m
[33m[WARN] [1774190057.298863790, 103.466000000]: Control loop missed its desired rate of 20.0000Hz... the loop actually took 0.0520 seconds[0m
[33m[WARN] [1774190057.604658915, 104.016000000]: Control loop missed its desired rate of 20.0000Hz... the loop actually took 0.0520 seconds[0m
[33m[WARN] [1774190057.672756917, 104.126000000]: Control loop missed its desired rate of 20.0000Hz... the loop actually took 0.0620 seconds[0m
[33m[WARN] [1774190057.702813073, 104.168000000]: Control loop missed its desired rate of 20.0000Hz... the loop actually took 0.0540 seconds[0m
[33m[WARN] [1774190057.741763193, 104.232000000]: Control loop missed its desired rate of 20.0000Hz... the loop actually took 0.0680 seconds[0m
[33m[WARN] [1774190057.780951957, 104.302000000]: Control loop missed its desired rate of 20.0000Hz... the loop actually took 0.0880 seconds[0m
[33m[WARN] [1774190057.816330719, 104.346000000]: Control loop missed its desired rate of 20.0000Hz... the loop actually took 0.0820 seconds[0m
[33m[WARN] [1774190057.857618605, 104.430000000]: Control loop missed its desired rate of 20.0000Hz... the loop actually took 0.1160 seconds[0m
[33m[WARN] [1774190057.898875622, 104.490000000]: Control loop missed its desired rate of 20.0000Hz... the loop actually took 0.0600 seconds[0m
E20260322 22:34:17.934553 196718 path_planner_node.cpp:250] Failed to get a path.
[33m[WARN] [1774190057.937753317, 104.548000000]: Control loop missed its desired rate of 20.0000Hz... the loop actually took 0.0680 seconds[0m
[33m[WARN] [1774190057.972102702, 104.616000000]: Control loop missed its desired rate of 20.0000Hz... the loop actually took 0.0860 seconds[0m
[33m[WARN] [1774190058.007040980, 104.658000000]: Control loop missed its desired rate of 20.0000Hz... the loop actually took 0.0780 seconds[0m
[33m[WARN] [1774190058.044710018, 104.734000000]: Control loop missed its desired rate of 20.0000Hz... the loop actually took 0.1040 seconds[0m
[33m[WARN] [1774190058.082209275, 104.786000000]: Control loop missed its desired rate of 20.0000Hz... the loop actually took 0.0520 seconds[0m
[33m[WARN] [1774190058.117972718, 104.858000000]: Control loop missed its desired rate of 20.0000Hz... the loop actually took 0.0740 seconds[0m
[33m[WARN] [1774190058.156449111, 104.910000000]: Control loop missed its desired rate of 20.0000Hz... the loop actually took 0.0760 seconds[0m
[33m[WARN] [1774190058.195081038, 104.966000000]: Control loop missed its desired rate of 20.0000Hz... the loop actually took 0.0820 seconds[0m
[33m[WARN] [1774190058.231022575, 105.034000000]: Control loop missed its desired rate of 20.0000Hz... the loop actually took 0.1000 seconds[0m
[33m[WARN] [1774190058.267555380, 105.088000000]: Control loop missed its desired rate of 20.0000Hz... the loop actually took 0.1040 seconds[0m
[33m[WARN] [1774190058.302915146, 105.158000000]: Control loop missed its desired rate of 20.0000Hz... the loop actually took 0.0700 seconds[0m
[33m[WARN] [1774190058.338014896, 105.204000000]: Control loop missed its desired rate of 20.0000Hz... the loop actually took 0.0660 seconds[0m
[33m[WARN] [1774190058.372535251, 105.272000000]: Control loop missed its desired rate of 20.0000Hz... the loop actually took 0.0840 seconds[0m
[33m[WARN] [1774190058.404099262, 105.316000000]: Control loop missed its desired rate of 20.0000Hz... the loop actually took 0.0780 seconds[0m
[33m[WARN] [1774190058.435449561, 105.380000000]: Control loop missed its desired rate of 20.0000Hz... the loop actually took 0.0920 seconds[0m
[33m[WARN] [1774190058.463217817, 105.410000000]: Control loop missed its desired rate of 20.0000Hz... the loop actually took 0.0720 seconds[0m
[33m[WARN] [1774190058.491178414, 105.466000000]: Control loop missed its desired rate of 20.0000Hz... the loop actually took 0.0780 seconds[0m
[33m[WARN] [1774190058.523046370, 105.510000000]: Control loop missed its desired rate of 20.0000Hz... the loop actually took 0.0720 seconds[0m
[33m[WARN] [1774190058.555082922, 105.574000000]: Control loop missed its desired rate of 20.0000Hz... the loop actually took 0.0860 seconds[0m
[33m[WARN] [1774190058.579289318, 105.600000000]: Control loop missed its desired rate of 20.0000Hz... the loop actually took 0.0620 seconds[0m
[33m[WARN] [1774190058.604006248, 105.646000000]: Control loop missed its desired rate of 20.0000Hz... the loop actually took 0.0580 seconds[0m
[33m[WARN] [1774190058.629148227, 105.696000000]: Control loop missed its desired rate of 20.0000Hz... the loop actually took 0.0580 seconds[0m
[33m[WARN] [1774190058.869339844, 106.090000000]: Control loop missed its desired rate of 20.0000Hz... the loop actually took 0.0520 seconds[0m
E20260322 22:34:18.909060 196718 path_planner_node.cpp:250] Failed to get a path.
[33m[WARN] [1774190058.993616682, 106.290000000]: Control loop missed its desired rate of 20.0000Hz... the loop actually took 0.0520 seconds[0m
E20260322 22:34:19.881739 196718 path_planner_node.cpp:250] Failed to get a path.
[33m[WARN] [1774190059.885144183, 107.840000000]: Map update loop missed its desired rate of 1.0000Hz... the loop actually took 5.6420 seconds[0m
[33m[WARN] [1774190059.894756455, 107.860000000]: Rotate recovery behavior started.[0m
[0m[INFO] [1774190046.936158791, 84.048000000]: global_costmap: Using plugin "static_map"[0m
[0m[INFO] [1774190046.940208625, 84.056000000]: Requesting the map...[0m
[0m[INFO] [1774190047.142312041, 84.460000000]: Resizing costmap to 480 X 480 at 0.050000 m/pix[0m
[0m[INFO] [1774190047.191869366, 84.560000000]: Received a 480 X 480 map at 0.050000 m/pix[0m
[0m[INFO] [1774190047.193466266, 84.562000000]: global_costmap: Using plugin "obstacle_layer"[0m
[0m[INFO] [1774190047.194382851, 84.566000000]:     Subscribed to Topics: scan[0m
[0m[INFO] [1774190047.199616409, 84.576000000]: global_costmap: Using plugin "voronoi_layer"[0m
[0m[INFO] [1774190047.201227556, 84.578000000]: global_costmap: Using plugin "inflation_layer"[0m
[0m[INFO] [1774190047.216401074, 84.610000000]: local_costmap: Using plugin "obstacle_layer"[0m
[0m[INFO] [1774190047.217418578, 84.612000000]:     Subscribed to Topics: [0m
[0m[INFO] [1774190047.219495141, 84.616000000]: local_costmap: Using plugin "inflation_layer"[0m
[0m[INFO] [1774190047.230489411, 84.638000000]: Created local_planner dwa_controller/DWAController[0m
[0m[INFO] [1774190047.231534223, 84.640000000]: Sim period is set to 0.10[0m
[0m[INFO] [1774190047.233543112, 84.644000000]: Using local controller: DWAController[0m
[0m[INFO] [1774190047.733694544, 85.638000000]: Recovery behavior will clear layer 'obstacles'[0m
[0m[INFO] [1774190047.735368617, 85.642000000]: Recovery behavior will clear layer 'obstacles'[0m
[0m[INFO] [1774190047.744628262, 85.660000000]: odom received![0m
[0m[INFO] [1774190053.046984623, 96.214000000]: Got new plan[0m
[0m[INFO] [1774190053.099955403, 96.314000000]: Got new plan[0m
[0m[INFO] [1774190053.125084319, 96.364000000]: Got new plan[0m
[0m[INFO] [1774190053.160829949, 96.414000000]: Got new plan[0m
[0m[INFO] [1774190053.186045536, 96.464000000]: Got new plan[0m
[0m[INFO] [1774190053.222863286, 96.516000000]: Got new plan[0m
[0m[INFO] [1774190053.246895149, 96.564000000]: Got new plan[0m
[0m[INFO] [1774190053.284756524, 96.614000000]: Got new plan[0m
[0m[INFO] [1774190053.309967362, 96.664000000]: Got new plan[0m
[0m[INFO] [1774190053.616569814, 97.164000000]: Got new plan[0m
[0m[INFO] [1774190053.921821135, 97.664000000]: Got new plan[0m
[0m[INFO] [1774190054.228756033, 98.164000000]: Got new plan[0m
[0m[INFO] [1774190054.496555599, 98.664000000]: Got new plan[0m
[0m[INFO] [1774190054.773912820, 99.164000000]: Got new plan[0m
[0m[INFO] [1774190055.047774671, 99.664000000]: Got new plan[0m
[0m[INFO] [1774190055.353792993, 100.166000000]: Got new plan[0m
[0m[INFO] [1774190055.646205012, 100.664000000]: Got new plan[0m
[0m[INFO] [1774190055.926107781, 101.164000000]: Got new plan[0m
[0m[INFO] [1774190056.233422624, 101.666000000]: Got new plan[0m
[0m[INFO] [1774190056.543325753, 102.164000000]: Got new plan[0m
[0m[INFO] [1774190056.839849352, 102.664000000]: Got new plan[0m
[0m[INFO] [1774190057.134036373, 103.164000000]: Got new plan[0m
[0m[INFO] [1774190057.403831786, 103.664000000]: Got new plan[0m
[0m[INFO] [1774190057.672805595, 104.126000000]: Got new plan[0m
[0m[INFO] [1774190058.007101532, 104.658000000]: Got new plan[0m
[0m[INFO] [1774190058.302980447, 105.158000000]: Got new plan[0m
[0m[INFO] [1774190058.604052552, 105.646000000]: Got new plan[0m
[0m[INFO] [1774190058.904547637, 106.138000000]: Got new plan[0m
[0m[INFO] [1774190059.184525228, 106.638000000]: Got new plan[0m
[0m[INFO] [1774190059.478035513, 107.138000000]: Got new plan[0m
[0m[INFO] [1774190059.777199656, 107.638000000]: Got new plan[0m
[0m[INFO] [1774190060.049487195, 108.140000000]: Got new plan[0m
[0m[INFO] [1774190060.320982820, 108.638000000]: Got new plan[0m
[0m[INFO] [1774190060.600492628, 109.138000000]: Got new plan[0m
[0m[INFO] [1774190060.879783976, 109.638000000]: Got new plan[0m
[0m[INFO] [1774190061.156856288, 110.138000000]: Got new plan[0m
[0m[INFO] [1774190061.464437119, 110.640000000]: Got new plan[0m
[0m[INFO] [1774190061.731947028, 111.138000000]: Got new plan[0[33m[WARN] [1774190063.732985600, 114.590000000]: Control loop missed its desired rate of 20.0000Hz... the loop actually took 0.0520 seconds[0m
[33m[WARN] [1774190069.251295846, 124.688000000]: Clearing both costmaps outside a square (3.00m) large centered on the robot.[0m
E20260322 22:34:32.450163 196718 path_planner_node.cpp:250] Failed to get a path.
E20260322 22:34:33.441381 196718 path_planner_node.cpp:250] Failed to get a path.
E20260322 22:34:34.426682 196718 path_planner_node.cpp:250] Failed to get a path.
[33m[WARN] [1774190074.429878849, 133.830000000]: Map update loop missed its desired rate of 1.0000Hz... the loop actually took 4.9900 seconds[0m
[33m[WARN] [1774190074.445053562, 133.860000000]: Clearing both costmaps outside a square (1.84m) large centered on the robot.[0m
[33m[WARN] [1774190075.015751502, 134.838000000]: Rotate recovery behavior started.[0m
E20260322 22:34:35.464937 196718 path_planner_node.cpp:250] Failed to get a path.
E20260322 22:34:36.439251 196718 path_planner_node.cpp:250] Failed to get a path.
E20260322 22:34:37.395802 196718 path_planner_node.cpp:250] Failed to get a path.
E20260322 22:34:38.345605 196718 path_planner_node.cpp:250] Failed to get a path.
[33m[WARN] [1774190078.348465960, 138.062000000]: Map update loop missed its desired rate of 1.0000Hz... the loop actually took 3.2320 seconds[0m
[0m[INFO] [1774190046.936245463, 84.048000000]: global_costmap: Using plugin "static_map"[0m
[0m[INFO] [1774190046.940335664, 84.056000000]: Requesting the map...[0m
[0m[INFO] [1774190047.092494699, 84.362000000]: Resizing costmap to 480 X 480 at 0.050000 m/pix[0m
[0m[INFO] [1774190047.142055587, 84.460000000]: Received a 480 X 480 map at 0.050000 m/pix[0m
[0m[INFO] [1774190047.143842452, 84.464000000]: global_costmap: Using plugin "obstacle_layer"[0m
[0m[INFO] [1774190047.144831462, 84.466000000]:     Subscribed to Topics: scan[0m
[0m[INFO] [1774190047.149777696, 84.476000000]: global_costmap: Using plugin "voronoi_layer"[0m
[0m[INFO] [1774190047.151614428, 84.480000000]: global_costmap: Using plugin "inflation_layer"[0m
[0m[INFO] [1774190047.167733025, 84.512000000]: local_costmap: Using plugin "obstacle_layer"[0m
[0m[INFO] [1774190047.168735095, 84.514000000]:     Subscribed to Topics: [0m
[0m[INFO] [1774190047.171064550, 84.518000000]: local_costmap: Using plugin "inflation_layer"[0m
[0m[INFO] [1774190047.182594287, 84.542000000]: Created local_planner pid_controller/PIDController[0m
[0m[INFO] [1774190047.188561587, 84.554000000]: PID Controller initialized![0m
[0m[INFO] [1774190047.684843653, 85.540000000]: Recovery behavior will clear layer 'obstacles'[0m
[0m[INFO] [1774190047.687526920, 85.546000000]: Recovery behavior will clear layer 'obstacles'[0m
[0m[INFO] [1774190047.696739074, 85.564000000]: odom received![0m
Error in XmlRpcClient::writeRequest: write error (Connection refused).
Error in XmlRpcDispatch::work: couldn't find source iterator
Error in XmlRpcClient::writeRequest: write error (Connection refused).
Error in XmlRpcDispatch::work: couldn't find source iterator
Error in XmlRpcClient::writeRequest: write error (Connection refused).
m
[0m[INFO] [1774190062.022573407, 111.638000000]: Got new plan[0m
[0m[INFO] [1774190062.308984924, 112.138000000]: Got new plan[0m
[0m[INFO] [1774190062.614666103, 112.638000000]: Got new plan[0m
[0m[INFO] [1774190062.908423362, 113.140000000]: Got new plan[0m
[0m[INFO] [1774190063.172515083, 113.638000000]: Got new plan[0m
[0m[INFO] [1774190063.469025666, 114.138000000]: Got new plan[0m
[0m[INFO] [1774190063.765497070, 114.638000000]: Got new plan[0m
[0m[INFO] [1774190064.032216258, 115.138000000]: Got new plan[0m
[0m[INFO] [1774190064.310739456, 115.638000000]: Got new plan[0m
[0m[INFO] [1774190064.586918949, 116.138000000]: Got new plan[0m
[0m[INFO] [1774190064.862440686, 116.638000000]: Got new plan[0m
[0m[INFO] [1774190065.137437645, 117.138000000]: Got new plan[0m
[0m[INFO] [1774190065.401890314, 117.638000000]: Got new plan[0m
[0m[INFO] [1774190065.669042873, 118.138000000]: Got new plan[0m
[0m[INFO] [1774190065.938447715, 118.640000000]: Got new plan[0m
[0m[INFO] [1774190066.206737700, 119.138000000]: Got new plan[0m
[0m[INFO] [1774190066.477215854, 119.638000000]: Got new plan[0m
[0m[INFO] [1774190066.743885194, 120.138000000]: Got new plan[0m
[0m[INFO] [1774190067.013491880, 120.638000000]: Got new plan[0m
[0m[INFO] [1774190067.291051019, 121.138000000]: Got new plan[0m
[0m[INFO] [1774190067.558323506, 121.638000000]: Got new plan[0m
[0m[INFO] [1774190067.825231495, 122.138000000]: Got new plan[0m
[0m[INFO] [1774190068.092236844, 122.638000000]: Got new plan[0m
[0m[INFO] [1774190068.363110377, 123.138000000]: Got new plan[0m
[0m[INFO] [1774190068.639792117, 123.638000000]: Got new plan[0m
[0m[INFO] [1774190068.917207600, 124.138000000]: Got new plan[0m
[0m[INFO] [1774190069.213550813, 124.638000000]: Got new plan[0m
[0m[INFO] [1774190069.314003584, 124.788000000]: Got new plan[0m
[0m[INFO] [1774190069.618441719, 125.290000000]: Got new plan[0m
[0m[INFO] [1774190069.887554512, 125.788000000]: Got new plan[0m
[0m[INFO] [1774190070.174131109, 126.288000000]: Got new plan[0m
[0m[INFO] [1774190070.469922242, 126.788000000]: Got new plan[0m
[0m[INFO] [1774190070.736305468, 127.288000000]: Got new plan[0m
[0m[INFO] [1774190071.007859328, 127.788000000]: Got new plan[0m
[0m[INFO] [1774190071.303757322, 128.288000000]: Got new plan[0m
[0m[INFO] [1774190071.593945655, 128.788000000]: Got new plan[0m
[0m[INFO] [1774190071.883706564, 129.288000000]: Got new plan[0m
[0m[INFO] [1774190072.126462791, 129.740000000]: Got new plan[0m
[0m[INFO] [1774190072.440933520, 130.288000000]: Got new plan[0m
[0m[INFO] [1774190072.712870885, 130.788000000]: Got new plan[0m
[0m[INFO] [1774190073.013937146, 131.288000000]: Got new plan[0m
[0m[INFO] [1774190073.291794329, 131.788000000]: Got new plan[0m
[0m[INFO] [1774190073.575127279, 132.288000000]: Got new plan[0m
[0m[INFO] [1774190073.870314102, 132.788000000]: Got new plan[0m
[0m[INFO] [1774190074.131442416, 133.288000000]: Got new plan[0m
[0m[INFO] [1774190074.399741945, 133.788000000]: Got new plan[0m
[0m[INFO] [1774190074.706494136, 134.288000000]: Got new plan[0m
[0m[INFO] [1774190074.990763861, 134.788000000]: Got new plan[0m
Error in XmlRpcClient::writeRequest: write error (Connection refused).
Error in XmlRpcDispatch::work: couldn't find source iterator
Error in XmlRpcDispatch::work: couldn't find source iterator
Error in XmlRpcClient::writeRequest: write error (Connection refused).
Error in XmlRpcDispatch::work: couldn't find source iterator
Error in XmlRpcClient::writeRequest: write error (Connection refused).
Error in XmlRpcClient::writeRequest: write error (Connection refused).
Error in XmlRpcDispatch::work: couldn't find source iterator
Error in XmlRpcDispatch::work: couldn't find source iterator
Error in XmlRpcClient::writeRequest: write error (Connection refused).
Error in XmlRpcClient::writeRequest: write error (Connection refused).
Error in XmlRpcDispatch::work: couldn't find source iterator
Error in XmlRpcDispatch::work: couldn't find source iterator
Error in XmlRpcClient::writeRequest: write error (Connection refused).
Error in XmlRpcClient::writeRequest: write error (Connection refused).
Error in XmlRpcDispatch::work: couldn't find source iterator
Error in XmlRpcDispatch::work: couldn't find source iterator
Error in XmlRpcClient::writeRequest: write error (Connection refused).
Error in XmlRpcDispatch::work: couldn't find source iterator
Error in XmlRpcClient::writeRequest: write error (Connection refused).
Error in XmlRpcDispatch::work: couldn't find source iterator
Error in XmlRpcClient::writeRequest: write error (Connection refused).
Error in XmlRpcDispatch::work: couldn't find source iterator
Error in XmlRpcClient::writeRequest: write error (Connection refused).
Error in XmlRpcDispatch::work: couldn't find source iterator
Error in XmlRpcClient::writeRequest: write error (Connection refused).
Error in XmlRpcDispatch::work: couldn't find source iterator
Error in XmlRpcClient::writeRequest: write error (Connection refused).
Error in XmlRpcDispatch::work: couldn't find source iterator
Error in XmlRpcClient::writeRequest: write error (Connection refused).
Error in XmlRpcDispatch::work: couldn't find source iterator
Error in XmlRpcClient::writeRequest: write error (Connection refused).
Error in XmlRpcDispatch::work: couldn't find source iterator
Error in XmlRpcClient::writeRequest: write error (Connection refused).
Error in XmlRpcDispatch::work: couldn't find source iterator
Error in XmlRpcClient::writeRequest: write error (Connection refused).
Error in XmlRpcDispatch::work: couldn't find source iterator
Error in XmlRpcClient::writeRequest: write error (Connection refused).
Error in XmlRpcDispatch::work: couldn't find source iterator
Error in XmlRpcClient::writeRequest: write error (Connection refused).
Error in XmlRpcDispatch::work: couldn't find source iterator
Error in XmlRpcClient::writeRequest: write error (Connection refused).
Error in XmlRpcDispatch::work: couldn't find source iterator
Error in XmlRpcClient::writeRequest: write error (Connection refused).
Error in XmlRpcDispatch::work: couldn't find source iterator
Error in XmlRpcClient::writeRequest: write error (Connection refused).
Error in XmlRpcDispatch::work: couldn't find source iterator
Error in XmlRpcClient::writeRequest: write error (Connection refused).
Error in XmlRpcDispatch::work: couldn't find source iterator
Error in XmlRpcClient::writeRequest: write error (Connection refused).
Error in XmlRpcDispatch::work: couldn't find source iterator
Error in XmlRpcClient::writeRequest: write error (Connection refused).
Error in XmlRpcDispatch::work: couldn't find source iterator
Error in XmlRpcClient::writeRequest: write error (Connection refused).
Error in XmlRpcClient::writeRequest: write error (Connection refused).
Error in XmlRpcDispatch::work: couldn't find source iterator
Error in XmlRpcDispatch::work: couldn't find source iterator
Error in XmlRpcClient::writeRequest: write error (Connection refused).
Error in XmlRpcDispatch::work: couldn't find source iterator
Error in XmlRpcClient::writeRequest: write error (Connection refused).
Error in XmlRpcDispatch::work: couldn't find source iterator
Error in XmlRpcClient::writeRequest: write error (Connection refused).
Error in XmlRpcDispatch::work: couldn't find source iterator
Error in XmlRpcClient::writeRequest: write error (Connection refused).
Error in XmlRpcDispatch::work: couldn't find source iterator
Error in XmlRpcClient::writeRequest: write error (Connection refused).
Error in XmlRpcDispatch::work: couldn't find source iterator
Error in XmlRpcClient::writeRequest: write error (Connection refused).
Error in XmlRpcDispatch::work: couldn't find source iterator
Error in XmlRpcClient::writeRequest: write error (Connection refused).
Error in XmlRpcDispatch::work: couldn't find source iterator
Error in XmlRpcClient::writeRequest: write error (Connection refused).
Error in XmlRpcDispatch::work: couldn't find source iterator
Error in XmlRpcClient::writeRequest: write error (Connection refused).
Error in XmlRpcDispatch::work: couldn't find source iterator
Error in XmlRpcClient::writeRequest: write error (Connection refused).
Error in XmlRpcDispatch::work: couldn't find source iterator
Error in XmlRpcClient::writeRequest: write error (Connection refused).
Error in XmlRpcDispatch::work: couldn't find source iterator
Error in XmlRpcClient::writeRequest: write error (Connection refused).
Error in XmlRpcDispatch::work: couldn't find source iterator
Error in XmlRpcClient::writeRequest: write error (Connection refused).
Error in XmlRpcDispatch::work: couldn't find source iterator
Error in XmlRpcClient::writeRequest: write error (Connection refused).
Error in XmlRpcDispatch::work: couldn't find source iterator
Error in XmlRpcClient::writeRequest: write error (Connection refused).
Error in XmlRpcDispatch::work: couldn't find source iterator
Error in XmlRpcClient::writeRequest: write error (Connection refused).
Error in XmlRpcDispatch::work: couldn't find source iterator
Error in XmlRpcClient::writeRequest: write error (Connection refused).
Error in XmlRpcDispatch::work: couldn't find source iterator
Error in XmlRpcClient::writeRequest: write error (Connection refused).
Error in XmlRpcDispatch::work: couldn't find source iterator
Error in XmlRpcClient::writeRequest: write error (Connection refused).
Error in XmlRpcDispatch::work: couldn't find source iterator
Error in XmlRpcClient::writeRequest: write error (Connection refused).
Error in XmlRpcDispatch::work: couldn't find source iterator
Error in XmlRpcClient::writeRequest: write error (Connection refused).
Error in XmlRpcDispatch::work: couldn't find source iterator
Error in XmlRpcClient::writeRequest: write error (Connection refused).
Error in XmlRpcDispatch::work: couldn't find source iterator
Error in XmlRpcClient::writeRequest: write error (Connection refused).
Error in XmlRpcDispatch::work: couldn't find source iterator
Error in XmlRpcClient::writeRequest: write error (Connection refused).
Error in XmlRpcDispatch::work: couldn't find source iterator
Error in XmlRpcClient::writeRequest: write error (Connection refused).
Error in XmlRpcDispatch::work: couldn't find source iterator
Error in XmlRpcClient::writeRequest: write error (Connection refused).
Error in XmlRpcDispatch::work: couldn't find source iterator
Error in XmlRpcClient::writeRequest: write error (Connection refused).
Error in XmlRpcDispatch::work: couldn't find source iterator
Error in XmlRpcClient::writeRequest: write error (Connection refused).
Error in XmlRpcDispatch::work: couldn't find source iterator
Error in XmlRpcClient::writeRequest: write error (Connection refused).
Error in XmlRpcDispatch::work: couldn't find source iterator
Error in XmlRpcClient::writeRequest: write error (Connection refused).
Error in XmlRpcDispatch::work: couldn't find source iterator
Error in XmlRpcClient::writeRequest: write error (Connection refused).
Error in XmlRpcDispatch::work: couldn't find source iterator
Error in XmlRpcClient::writeRequest: write error (Connection refused).
Error in XmlRpcDispatch::work: couldn't find source iterator
Error in XmlRpcClient::writeRequest: write error (Connection refused).
Error in XmlRpcDispatch::work: couldn't find source iterator
Error in XmlRpcClient::writeRequest: write error (Connection refused).
Error in XmlRpcDispatch::work: couldn't find source iterator
Error in XmlRpcClient::writeRequest: write error (Connection refused).
Error in XmlRpcDispatch::work: couldn't find source iterator
Error in XmlRpcClient::writeRequest: write error (Connection refused).
Error in XmlRpcDispatch::work: couldn't find source iterator
Error in XmlRpcClient::writeRequest: write error (Connection refused).
Error in XmlRpcDispatch::work: couldn't find source iterator
Error in XmlRpcClient::writeRequest: write error (Connection refused).
Error in XmlRpcDispatch::work: couldn't find source iterator
Error in XmlRpcClient::writeRequest: write error (Connection refused).
Error in XmlRpcDispatch::work: couldn't find source iterator
Error in XmlRpcClient::writeRequest: write error (Connection refused).
Error in XmlRpcDispatch::work: couldn't find source iterator
Error in XmlRpcClient::writeRequest: write error (Connection refused).
Error in XmlRpcDispatch::work: couldn't find source iterator
Error in XmlRpcClient::writeRequest: write error (Connection refused).
Error in XmlRpcDispatch::work: couldn't find source iterator
Error in XmlRpcClient::writeRequest: write error (Connection refused).
Error in XmlRpcDispatch::work: couldn't find source iterator
Error in XmlRpcClient::writeRequest: write error (Connection refused).
Error in XmlRpcDispatch::work: couldn't find source iterator
Error in XmlRpcClient::writeRequest: write error (Connection refused).
Error in XmlRpcDispatch::work: couldn't find source iterator
Error in XmlRpcClient::writeRequest: write error (Connection refused).
Error in XmlRpcDispatch::work: couldn't find source iterator
Error in XmlRpcClient::writeRequest: write error (Connection refused).
Error in XmlRpcDispatch::work: couldn't find source iterator
Error in XmlRpcClient::writeRequest: write error (Connection refused).
Error in XmlRpcDispatch::work: couldn't find source iterator
Error in XmlRpcClient::writeRequest: write error (Connection refused).
Error in XmlRpcDispatch::work: couldn't find source iterator
Error in XmlRpcClient::writeRequest: write error (Connection refused).
Error in XmlRpcDispatch::work: couldn't find source iterator
Error in XmlRpcClient::writeRequest: write error (Connection refused).
Error in XmlRpcDispatch::work: couldn't find source iterator
Error in XmlRpcClient::writeRequest: write error (Connection refused).
Error in XmlRpcDispatch::work: couldn't find source iterator
Error in XmlRpcClient::writeRequest: write error (Connection refused).
Error in XmlRpcDispatch::work: couldn't find source iterator
Error in XmlRpcClient::writeRequest: write error (Connection refused).
Error in XmlRpcDispatch::work: couldn't find source iterator
Error in XmlRpcClient::writeRequest: write error (Connection refused).
Error in XmlRpcDispatch::work: couldn't find source iterator
Error in XmlRpcClient::writeRequest: write error (Connection refused).
Error in XmlRpcDispatch::work: couldn't find source iterator
Error in XmlRpcClient::writeRequest: write error (Connection refused).
Error in XmlRpcDispatch::work: couldn't find source iterator
Error in XmlRpcClient::writeRequest: write error (Connection refused).
Error in XmlRpcDispatch::work: couldn't find source iterator
Error in XmlRpcClient::writeRequest: write error (Connection refused).
Error in XmlRpcDispatch::work: couldn't find source iterator
Error in XmlRpcClient::writeRequest: write error (Connection refused).
Error in XmlRpcDispatch::work: couldn't find source iterator
Error in XmlRpcClient::writeRequest: write error (Connection refused).
Error in XmlRpcDispatch::work: couldn't find source iterator
Error in XmlRpcClient::writeRequest: write error (Connection refused).
Error in XmlRpcDispatch::work: couldn't find source iterator
Error in XmlRpcClient::writeRequest: write error (Connection refused).
Error in XmlRpcDispatch::work: couldn't find source iterator
Error in XmlRpcClient::writeRequest: write error (Connection refused).
Error in XmlRpcDispatch::work: couldn't find source iterator
Error in XmlRpcClient::writeRequest: write error (Connection refused).
Error in XmlRpcDispatch::work: couldn't find source iterator
Error in XmlRpcClient::writeRequest: write error (Connection refused).
Error in XmlRpcDispatch::work: couldn't find source iterator
Error in XmlRpcClient::writeRequest: write error (Connection refused).
Error in XmlRpcClient::writeRequest: write error (Connection refused).
Error in XmlRpcDispatch::work: couldn't find source iterator
Error in XmlRpcDispatch::work: couldn't find source iterator
Error in XmlRpcClient::writeRequest: write error (Connection refused).
Error in XmlRpcDispatch::work: couldn't find source iterator
Error in XmlRpcClient::writeRequest: write error (Connection refused).
Error in XmlRpcDispatch::work: couldn't find source iterator
Error in XmlRpcClient::writeRequest: write error (Connection refused).
Error in XmlRpcDispatch::work: couldn't find source iterator
Error in XmlRpcClient::writeRequest: write error (Connection refused).
Error in XmlRpcDispatch::work: couldn't find source iterator
Error in XmlRpcClient::writeRequest: write error (Connection refused).
Error in XmlRpcDispatch::work: couldn't find source iterator
Error in XmlRpcClient::writeRequest: write error (Connection refused).
Error in XmlRpcDispatch::work: couldn't find source iterator
Error in XmlRpcClient::writeRequest: write error (Connection refused).
Error in XmlRpcDispatch::work: couldn't find source iterator
Error in XmlRpcClient::writeRequest: write error (Connection refused).
Error in XmlRpcDispatch::work: couldn't find source iterator
Error in XmlRpcClient::writeRequest: write error (Connection refused).
Error in XmlRpcDispatch::work: couldn't find source iterator
Error in XmlRpcClient::writeRequest: write error (Connection refused).
Error in XmlRpcDispatch::work: couldn't find source iterator
Error in XmlRpcClient::writeRequest: write error (Connection refused).
Error in XmlRpcDispatch::work: couldn't find source iterator
Error in XmlRpcClient::writeRequest: write error (Connection refused).
Error in XmlRpcDispatch::work: couldn't find source iterator
Error in XmlRpcClient::writeRequest: write error (Connection refused).
Error in XmlRpcDispatch::work: couldn't find source iterator
Error in XmlRpcClient::writeRequest: write error (Connection refused).
Error in XmlRpcDispatch::work: couldn't find source iterator
Error in XmlRpcClient::writeRequest: write error (Connection refused).
Error in XmlRpcDispatch::work: couldn't find source iterator
Error in XmlRpcClient::writeRequest: write error (Connection refused).
Error in XmlRpcDispatch::work: couldn't find source iterator
Error in XmlRpcClient::writeRequest: write error (Connection refused).
Error in XmlRpcDispatch::work: couldn't find source iterator
Error in XmlRpcClient::writeRequest: write error (Connection refused).
Error in XmlRpcDispatch::work: couldn't find source iterator
Error in XmlRpcClient::writeRequest: write error (Connection refused).
Error in XmlRpcDispatch::work: couldn't find source iterator
Error in XmlRpcClient::writeRequest: write error (Connection refused).
Error in XmlRpcDispatch::work: couldn't find source iterator
Error in XmlRpcClient::writeRequest: write error (Connection refused).
Error in XmlRpcDispatch::work: couldn't find source iterator
Error in XmlRpcClient::writeRequest: write error (Connection refused).
Error in XmlRpcDispatch::work: couldn't find source iterator
Error in XmlRpcClient::writeRequest: write error (Connection refused).
Error in XmlRpcDispatch::work: couldn't find source iterator
Error in XmlRpcClient::writeRequest: write error (Connection refused).
Error in XmlRpcDispatch::work: couldn't find source iterator
Error in XmlRpcClient::writeRequest: write error (Connection refused).
Error in XmlRpcDispatch::work: couldn't find source iterator
Error in XmlRpcClient::writeRequest: write error (Connection refused).
Error in XmlRpcDispatch::work: couldn't find source iterator
Error in XmlRpcClient::writeRequest: write error (Connection refused).
Error in XmlRpcDispatch::work: couldn't find source iterator
Error in XmlRpcClient::writeRequest: write error (Connection refused).
Error in XmlRpcDispatch::work: couldn't find source iterator
Error in XmlRpcClient::writeRequest: write error (Connection refused).
Error in XmlRpcDispatch::work: couldn't find source iterator
Error in XmlRpcClient::writeRequest: write error (Connection refused).
Error in XmlRpcDispatch::work: couldn't find source iterator
Error in XmlRpcClient::writeRequest: write error (Connection refused).
Error in XmlRpcDispatch::work: couldn't find source iterator
Error in XmlRpcClient::writeRequest: write error (Connection refused).
Error in XmlRpcClient::writeRequest: write error (Connection refused).
Error in XmlRpcDispatch::work: couldn't find source iterator
Error in XmlRpcDispatch::work: couldn't find source iterator
Error in XmlRpcClient::writeRequest: write error (Connection refused).
Error in XmlRpcDispatch::work: couldn't find source iterator
Error in XmlRpcClient::writeRequest: write error (Connection refused).
Error in XmlRpcDispatch::work: couldn't find source iterator
Error in XmlRpcClient::writeRequest: write error (Connection refused).
Error in XmlRpcDispatch::work: couldn't find source iterator
Error in XmlRpcClient::writeRequest: write error (Connection refused).
Error in XmlRpcDispatch::work: couldn't find source iterator
Error in XmlRpcClient::writeRequest: write error (Connection refused).
Error in XmlRpcDispatch::work: couldn't find source iterator
Error in XmlRpcClient::writeRequest: write error (Connection refused).
Error in XmlRpcDispatch::work: couldn't find source iterator
Error in XmlRpcClient::writeRequest: write error (Connection refused).
Error in XmlRpcDispatch::work: couldn't find source iterator
Error in XmlRpcClient::writeRequest: write error (Connection refused).
Error in XmlRpcDispatch::work: couldn't find source iterator
Error in XmlRpcClient::writeRequest: write error (Connection refused).
Error in XmlRpcDispatch::work: couldn't find source iterator
Error in XmlRpcClient::writeRequest: write error (Connection refused).
Error in XmlRpcDispatch::work: couldn't find source iterator
Error in XmlRpcClient::writeRequest: write error (Connection refused).
Error in XmlRpcClient::writeRequest: write error (Connection refused).
Error in XmlRpcDispatch::work: couldn't find source iterator
Error in XmlRpcDispatch::work: couldn't find source iterator
Error in XmlRpcClient::writeRequest: write error (Connection refused).
Error in XmlRpcDispatch::work: couldn't find source iterator
Error in XmlRpcClient::writeRequest: write error (Connection refused).
Error in XmlRpcDispatch::work: couldn't find source iterator
Error in XmlRpcClient::writeRequest: write error (Connection refused).
Error in XmlRpcClient::writeRequest: write error (Connection refused).
Error in XmlRpcDispatch::work: couldn't find source iterator
Error in XmlRpcDispatch::work: couldn't find source iterator
Error in XmlRpcClient::writeRequest: write error (Connection refused).
Error in XmlRpcDispatch::work: couldn't find source iterator
Error in XmlRpcClient::writeRequest: write error (Connection refused).
Error in XmlRpcDispatch::work: couldn't find source iterator
Error in XmlRpcClient::writeRequest: write error (Connection refused).
Error in XmlRpcClient::writeRequest: write error (Connection refused).
Error in XmlRpcDispatch::work: couldn't find source iterator
Error in XmlRpcDispatch::work: couldn't find source iterator
Error in XmlRpcClient::writeRequest: write error (Connection refused).
Error in XmlRpcDispatch::work: couldn't find source iterator
Error in XmlRpcClient::writeRequest: write error (Connection refused).
Error in XmlRpcDispatch::work: couldn't find source iterator
Error in XmlRpcClient::writeRequest: write error (Connection refused).
Error in XmlRpcDispatch::work: couldn't find source iterator
QFileSystemWatcher::removePaths: list is empty
QFileSystemWatcher::removePaths: list is empty
[INFO] [1774190042.563416, 0.000000]: Ground Truth Odom Publisher initialized
[INFO] [1774190042.563542, 0.000000]: Ground Truth Odom Publisher initialized
[31mWARNING: disk usage in log directory [/data/lzq/.ros/log] is over 1GB.
It's recommended that you use the 'rosclean' command.[0m

auto-starting new master
[1mprocess[master]: started with pid [196390][0m
[1mROS_MASTER_URI=http://localhost:11311[0m
]2;/data/lzq/ros_motion_planning/src/sim_env/launch/main.launch http://localhost:11311
[1msetting /run_id to 2b2c0390-25fc-11f1-9841-ef63e69f4ffa[0m
[1mprocess[rosout-1]: started with pid [196409][0m
started core service [/rosout]
[1mprocess[gazebo-2]: started with pid [196416][0m
[1mprocess[map_server-3]: started with pid [196418][0m
[1mprocess[robot2/robot_state_publisher-4]: started with pid [196420][0m
[1mprocess[robot2/joint_state_publisher-5]: started with pid [196423][0m
[1mprocess[robot2/urdf_spawner-6]: started with pid [196424][0m
[1mprocess[robot2/tf_map2odom_node-7]: started with pid [196434][0m
[1mprocess[robot2/ground_truth_odom_publisher-8]: started with pid [196437][0m
[1mprocess[robot2/move_base-9]: started with pid [196438][0m
[1mprocess[robot1/robot_state_publisher-10]: started with pid [196439][0m
[1mprocess[robot1/joint_state_publisher-11]: started with pid [196440][0m
[1mprocess[robot1/urdf_spawner-12]: started with pid [196441][0m
[1mprocess[robot1/tf_map2odom_node-13]: started with pid [196448][0m
[1mprocess[robot1/ground_truth_odom_publisher-14]: started with pid [196454][0m
[1mprocess[robot1/move_base-15]: started with pid [196515][0m
[1mprocess[rviz-16]: started with pid [196518][0m
[1m[robot2/urdf_spawner-6] process has finished cleanly
log file: /data/lzq/.ros/log/2b2c0390-25fc-11f1-9841-ef63e69f4ffa/robot2-urdf_spawner-6*.log[0m
[1m[robot1/urdf_spawner-12] process has finished cleanly
log file: /data/lzq/.ros/log/2b2c0390-25fc-11f1-9841-ef63e69f4ffa/robot1-urdf_spawner-12*.log[0m
[rviz-16] killing on exit
[robot1/move_base-15] killing on exit
[robot1/ground_truth_odom_publisher-14] killing on exit
[robot1/tf_map2odom_node-13] killing on exit
[robot1/joint_state_publisher-11] killing on exit
[robot1/robot_state_publisher-10] killing on exit
[robot2/move_base-9] killing on exit
[robot2/ground_truth_odom_publisher-8] killing on exit
[robot2/tf_map2odom_node-7] killing on exit
[robot2/joint_state_publisher-5] killing on exit
[robot2/robot_state_publisher-4] killing on exit
[map_server-3] killing on exit
[gazebo-2] killing on exit
[rosout-1] killing on exit
[master] killing on exit
shutting down processing monitor...
... shutting down processing monitor complete
[1mdone[0m
