xacro: in-order processing became default in ROS Melodic. You can drop the option.
xacro: in-order processing became default in ROS Melodic. You can drop the option.
... logging to /data/lzq/.ros/log/65dc176e-2480-11f1-b59d-97ab0d48338d/roslaunch-lzq-1577253.log
Checking log directory for disk usage. This may take a while.
Press Ctrl-C to interrupt
]2;/data/lzq/ros_motion_planning/src/sim_env/launch/main.launch
[1mstarted roslaunch server http://lzq:43011/[0m

SUMMARY
========

PARAMETERS
 * /gazebo/enable_ros_network: True
 * /robot1/move_base/PIDController/base_frame: base_link
 * /robot1/move_base/PIDController/convert_offset: 0.0
 * /robot1/move_base/PIDController/goal_dist_tolerance: 0.2
 * /robot1/move_base/PIDController/k: 1.0
 * /robot1/move_base/PIDController/k_theta: 0.7
 * /robot1/move_base/PIDController/k_v_d: 0.1
 * /robot1/move_base/PIDController/k_v_i: 0.1
 * /robot1/move_base/PIDController/k_v_p: 1.0
 * /robot1/move_base/PIDController/k_w_d: 0.1
 * /robot1/move_base/PIDController/k_w_i: 0.1
 * /robot1/move_base/PIDController/k_w_p: 1.0
 * /robot1/move_base/PIDController/l: 0.2
 * /robot1/move_base/PIDController/lookahead_time: 0.5
 * /robot1/move_base/PIDController/map_frame: map
 * /robot1/move_base/PIDController/max_lookahead_dist: 0.9
 * /robot1/move_base/PIDController/max_v: 0.5
 * /robot1/move_base/PIDController/max_v_inc: 0.5
 * /robot1/move_base/PIDController/max_w: 1.57
 * /robot1/move_base/PIDController/max_w_inc: 1.57
 * /robot1/move_base/PIDController/min_lookahead_dist: 0.3
 * /robot1/move_base/PIDController/min_v: 0.0
 * /robot1/move_base/PIDController/min_w: 0.0
 * /robot1/move_base/PIDController/rotate_tolerance: 0.5
 * /robot1/move_base/PathPlanner/convert_offset: 0.0
 * /robot1/move_base/PathPlanner/default_tolerance: 0.0
 * /robot1/move_base/PathPlanner/expand_zone: True
 * /robot1/move_base/PathPlanner/hybrid_astar/analytic_expansion_max_length: 5.0
 * /robot1/move_base/PathPlanner/hybrid_astar/analytic_expansion_ratio: 1.5
 * /robot1/move_base/PathPlanner/hybrid_astar/cache_obstacle_heuristic: False
 * /robot1/move_base/PathPlanner/hybrid_astar/change_penalty: 0.4
 * /robot1/move_base/PathPlanner/hybrid_astar/cost_penalty: 2.0
 * /robot1/move_base/PathPlanner/hybrid_astar/curve_sample_ratio: 0.15
 * /robot1/move_base/PathPlanner/hybrid_astar/dim_3_size: 32
 * /robot1/move_base/PathPlanner/hybrid_astar/downsample_obstacle_heuristic: True
 * /robot1/move_base/PathPlanner/hybrid_astar/goal_tolerance: 0.2
 * /robot1/move_base/PathPlanner/hybrid_astar/lookup_table_dim: 20.0
 * /robot1/move_base/PathPlanner/hybrid_astar/max_approach_iterations: 500
 * /robot1/move_base/PathPlanner/hybrid_astar/max_iterations: 20000
 * /robot1/move_base/PathPlanner/hybrid_astar/minimum_turning_radius: 0.3
 * /robot1/move_base/PathPlanner/hybrid_astar/motion_model: 2
 * /robot1/move_base/PathPlanner/hybrid_astar/non_straight_penalty: 1.5
 * /robot1/move_base/PathPlanner/hybrid_astar/retrospective_penalty: 0.025
 * /robot1/move_base/PathPlanner/hybrid_astar/reverse_penalty: 2.5
 * /robot1/move_base/PathPlanner/hybrid_astar/traverse_unknown: False
 * /robot1/move_base/PathPlanner/obstacle_factor: 0.5
 * /robot1/move_base/PathPlanner/outline_map: True
 * /robot1/move_base/PathPlanner/planner_name: theta_star
 * /robot1/move_base/PathPlanner/show_safety_corridor: False
 * /robot1/move_base/base_global_planner: path_planner/Path...
 * /robot1/move_base/base_local_planner: pid_controller/PI...
 * /robot1/move_base/conservative_reset_dist: 3.0
 * /robot1/move_base/controller_frequency: 20.0
 * /robot1/move_base/controller_patience: 15.0
 * /robot1/move_base/global_costmap/footprint: [[-0.21, -0.165],...
 * /robot1/move_base/global_costmap/footprint_padding: 0.1
 * /robot1/move_base/global_costmap/global_frame: map
 * /robot1/move_base/global_costmap/inflation_layer/cost_scaling_factor: 5
 * /robot1/move_base/global_costmap/inflation_layer/enabled: True
 * /robot1/move_base/global_costmap/inflation_layer/inflation_radius: 0.2
 * /robot1/move_base/global_costmap/map_type: costmap
 * /robot1/move_base/global_costmap/meter_scoring: True
 * /robot1/move_base/global_costmap/obstacle_layer/observation_sources: scan
 * /robot1/move_base/global_costmap/obstacle_layer/scan/clearing: True
 * /robot1/move_base/global_costmap/obstacle_layer/scan/data_type: LaserScan
 * /robot1/move_base/global_costmap/obstacle_layer/scan/expected_update_rate: 1
 * /robot1/move_base/global_costmap/obstacle_layer/scan/inf_is_valid: True
 * /robot1/move_base/global_costmap/obstacle_layer/scan/marking: True
 * /robot1/move_base/global_costmap/obstacle_layer/scan/max_obstacle_height: 0.2
 * /robot1/move_base/global_costmap/obstacle_layer/scan/min_obstacle_height: 0.0
 * /robot1/move_base/global_costmap/obstacle_layer/scan/observation_persistence: 0.0
 * /robot1/move_base/global_costmap/obstacle_layer/scan/obstacle_range: 2.5
 * /robot1/move_base/global_costmap/obstacle_layer/scan/raytrace_range: 3.0
 * /robot1/move_base/global_costmap/obstacle_layer/scan/sensor_frame: robot1/base_footp...
 * /robot1/move_base/global_costmap/obstacle_layer/scan/topic: /robot1/scan
 * /robot1/move_base/global_costmap/origin_z: 0.0
 * /robot1/move_base/global_costmap/plugins: [{'name': 'static...
 * /robot1/move_base/global_costmap/publish_frequency: 0.5
 * /robot1/move_base/global_costmap/publish_voxel_map: False
 * /robot1/move_base/global_costmap/robot_base_frame: robot1/base_footp...
 * /robot1/move_base/global_costmap/scan/sensor_frame: robot1/base_scan
 * /robot1/move_base/global_costmap/scan/topic: /robot1/scan
 * /robot1/move_base/global_costmap/static_map/clear_time: 20
 * /robot1/move_base/global_costmap/static_map/enabled: True
 * /robot1/move_base/global_costmap/static_map/publish_static_map: True
 * /robot1/move_base/global_costmap/transform_tolerance: 0.2
 * /robot1/move_base/global_costmap/update_frequency: 1.0
 * /robot1/move_base/global_costmap/z_resolution: 1
 * /robot1/move_base/global_costmap/z_voxels: 2
 * /robot1/move_base/local_costmap/global_frame: robot1/odom
 * /robot1/move_base/local_costmap/height: 3
 * /robot1/move_base/local_costmap/inflation_radius: 0.2
 * /robot1/move_base/local_costmap/plugins: [{'name': 'obstac...
 * /robot1/move_base/local_costmap/publish_frequency: 0.5
 * /robot1/move_base/local_costmap/resolution: 0.05
 * /robot1/move_base/local_costmap/robot_base_frame: robot1/base_footp...
 * /robot1/move_base/local_costmap/rolling_window: True
 * /robot1/move_base/local_costmap/scan/sensor_frame: robot1/base_scan
 * /robot1/move_base/local_costmap/scan/topic: /robot1/scan
 * /robot1/move_base/local_costmap/static_map: False
 * /robot1/move_base/local_costmap/transform_tolerance: 1.0
 * /robot1/move_base/local_costmap/update_frequency: 1.0
 * /robot1/move_base/local_costmap/width: 3
 * /robot1/move_base/oscillation_distance: 0.2
 * /robot1/move_base/oscillation_timeout: 10.0
 * /robot1/move_base/planner_frequency: 2
 * /robot1/move_base/planner_patience: 5.0
 * /robot1/move_base/shutdown_costmaps: False
 * /robot1/move_base/transform_tolerance: 2.0
 * /robot1/robot_description: <?xml version="1....
 * /robot1/tf_map2odom_node/odom_frame_id: robot1/odom
 * /robot1/tf_prefix: robot1
 * /robot2/move_base/PIDController/base_frame: base_link
 * /robot2/move_base/PIDController/convert_offset: 0.0
 * /robot2/move_base/PIDController/goal_dist_tolerance: 0.2
 * /robot2/move_base/PIDController/k: 1.0
 * /robot2/move_base/PIDController/k_theta: 0.7
 * /robot2/move_base/PIDController/k_v_d: 0.1
 * /robot2/move_base/PIDController/k_v_i: 0.1
 * /robot2/move_base/PIDController/k_v_p: 1.0
 * /robot2/move_base/PIDController/k_w_d: 0.1
 * /robot2/move_base/PIDController/k_w_i: 0.1
 * /robot2/move_base/PIDController/k_w_p: 1.0
 * /robot2/move_base/PIDController/l: 0.2
 * /robot2/move_base/PIDController/lookahead_time: 0.5
 * /robot2/move_base/PIDController/map_frame: map
 * /robot2/move_base/PIDController/max_lookahead_dist: 0.9
 * /robot2/move_base/PIDController/max_v: 0.5
 * /robot2/move_base/PIDController/max_v_inc: 0.5
 * /robot2/move_base/PIDController/max_w: 1.57
 * /robot2/move_base/PIDController/max_w_inc: 1.57
 * /robot2/move_base/PIDController/min_lookahead_dist: 0.3
 * /robot2/move_base/PIDController/min_v: 0.0
 * /robot2/move_base/PIDController/min_w: 0.0
 * /robot2/move_base/PIDController/rotate_tolerance: 0.5
 * /robot2/move_base/PathPlanner/convert_offset: 0.0
 * /robot2/move_base/PathPlanner/default_tolerance: 0.0
 * /robot2/move_base/PathPlanner/expand_zone: True
 * /robot2/move_base/PathPlanner/informed_rrt/optimization_r: 20.0
 * /robot2/move_base/PathPlanner/informed_rrt/sample_max_d: 30.0
 * /robot2/move_base/PathPlanner/informed_rrt/sample_points: 1500
 * /robot2/move_base/PathPlanner/obstacle_factor: 0.5
 * /robot2/move_base/PathPlanner/outline_map: True
 * /robot2/move_base/PathPlanner/planner_name: rrt
 * /robot2/move_base/PathPlanner/quick_informed_rrt/optimization_r: 20.0
 * /robot2/move_base/PathPlanner/quick_informed_rrt/prior_circle_set_r: 15.0
 * /robot2/move_base/PathPlanner/quick_informed_rrt/rewire_threads_num: 4
 * /robot2/move_base/PathPlanner/quick_informed_rrt/sample_max_d: 30.0
 * /robot2/move_base/PathPlanner/quick_informed_rrt/sample_points: 3000
 * /robot2/move_base/PathPlanner/quick_informed_rrt/step_extend_d: 30.0
 * /robot2/move_base/PathPlanner/quick_informed_rrt/t_distr_freedom: 1.0
 * /robot2/move_base/PathPlanner/rrt/sample_max_d: 30.0
 * /robot2/move_base/PathPlanner/rrt/sample_points: 1500
 * /robot2/move_base/PathPlanner/rrt_connect/sample_max_d: 30.0
 * /robot2/move_base/PathPlanner/rrt_connect/sample_points: 1500
 * /robot2/move_base/PathPlanner/rrt_star/optimization_r: 20.0
 * /robot2/move_base/PathPlanner/rrt_star/sample_max_d: 30.0
 * /robot2/move_base/PathPlanner/rrt_star/sample_points: 1500
 * /robot2/move_base/PathPlanner/show_safety_corridor: False
 * /robot2/move_base/base_global_planner: path_planner/Path...
 * /robot2/move_base/base_local_planner: pid_controller/PI...
 * /robot2/move_base/conservative_reset_dist: 3.0
 * /robot2/move_base/controller_frequency: 20.0
 * /robot2/move_base/controller_patience: 15.0
 * /robot2/move_base/global_costmap/footprint: [[-0.21, -0.165],...
 * /robot2/move_base/global_costmap/footprint_padding: 0.1
 * /robot2/move_base/global_costmap/global_frame: map
 * /robot2/move_base/global_costmap/inflation_layer/cost_scaling_factor: 5
 * /robot2/move_base/global_costmap/inflation_layer/enabled: True
 * /robot2/move_base/global_costmap/inflation_layer/inflation_radius: 0.2
 * /robot2/move_base/global_costmap/map_type: costmap
 * /robot2/move_base/global_costmap/meter_scoring: True
 * /robot2/move_base/global_costmap/obstacle_layer/observation_sources: scan
 * /robot2/move_base/global_costmap/obstacle_layer/scan/clearing: True
 * /robot2/move_base/global_costmap/obstacle_layer/scan/data_type: LaserScan
 * /robot2/move_base/global_costmap/obstacle_layer/scan/expected_update_rate: 1
 * /robot2/move_base/global_costmap/obstacle_layer/scan/inf_is_valid: True
 * /robot2/move_base/global_costmap/obstacle_layer/scan/marking: True
 * /robot2/move_base/global_costmap/obstacle_layer/scan/max_obstacle_height: 0.2
 * /robot2/move_base/global_costmap/obstacle_layer/scan/min_obstacle_height: 0.0
 * /robot2/move_base/global_costmap/obstacle_layer/scan/observation_persistence: 0.0
 * /robot2/move_base/global_costmap/obstacle_layer/scan/obstacle_range: 2.5
 * /robot2/move_base/global_costmap/obstacle_layer/scan/raytrace_range: 3.0
 * /robot2/move_base/global_costmap/obstacle_layer/scan/sensor_frame: robot2/base_footp...
 * /robot2/move_base/global_costmap/obstacle_layer/scan/topic: /robot2/scan
 * /robot2/move_base/global_costmap/origin_z: 0.0
 * /robot2/move_base/global_costmap/plugins: [{'name': 'static...
 * /robot2/move_base/global_costmap/publish_frequency: 0.5
 * /robot2/move_base/global_costmap/publish_voxel_map: False
 * /robot2/move_base/global_costmap/robot_base_frame: robot2/base_footp...
 * /robot2/move_base/global_costmap/scan/sensor_frame: robot2/base_scan
 * /robot2/move_base/global_costmap/scan/topic: /robot2/scan
 * /robot2/move_base/global_costmap/static_map/clear_time: 20
 * /robot2/move_base/global_costmap/static_map/enabled: True
 * /robot2/move_base/global_costmap/static_map/publish_static_map: True
 * /robot2/move_base/global_costmap/transform_tolerance: 0.2
 * /robot2/move_base/global_costmap/update_frequency: 1.0
 * /robot2/move_base/global_costmap/z_resolution: 1
 * /robot2/move_base/global_costmap/z_voxels: 2
 * /robot2/move_base/local_costmap/global_frame: robot2/odom
 * /robot2/move_base/local_costmap/height: 3
 * /robot2/move_base/local_costmap/inflation_radius: 0.2
 * /robot2/move_base/local_costmap/plugins: [{'name': 'obstac...
 * /robot2/move_base/local_costmap/publish_frequency: 0.5
 * /robot2/move_base/local_costmap/resolution: 0.05
 * /robot2/move_base/local_costmap/robot_base_frame: robot2/base_footp...
 * /robot2/move_base/local_costmap/rolling_window: True
 * /robot2/move_base/local_costmap/scan/sensor_frame: robot2/base_scan
 * /robot2/move_base/local_costmap/scan/topic: /robot2/scan
 * /robot2/move_base/local_costmap/static_map: False
 * /robot2/move_base/local_costmap/transform_tolerance: 1.0
 * /robot2/move_base/local_costmap/update_frequency: 1.0
 * /robot2/move_base/local_costmap/width: 3
 * /robot2/move_base/oscillation_distance: 0.2
 * /robot2/move_base/oscillation_timeout: 10.0
 * /robot2/move_base/planner_frequency: 2
 * /robot2/move_base/planner_patience: 5.0
 * /robot2/move_base/shutdown_costmaps: False
 * /robot2/move_base/transform_tolerance: 2.0
 * /robot2/robot_description: <?xml version="1....
 * /robot2/tf_map2odom_node/odom_frame_id: robot2/odom
 * /robot2/tf_prefix: robot2
 * /rosdistro: noetic
 * /rosversion: 1.17.4
 * /use_sim_time: True

NODES
  /
    gazebo (gazebo_ros/gzserver)
    map_server (map_server/map_server)
    rviz (rviz/rviz)
  /robot1/
    ground_truth_odom_publisher (sim_env/ground_truth_odom_publisher.py)
    joint_state_publisher (joint_state_publisher/joint_state_publisher)
    move_base (move_base/move_base)
    robot_state_publisher (robot_state_publisher/robot_state_publisher)
    tf_map2odom_node (sim_env/tf_map2odom.py)
    urdf_spawner (gazebo_ros/spawn_model)
  /robot2/
    ground_truth_odom_publisher (sim_env/ground_truth_odom_publisher.py)
    joint_state_publisher (joint_state_publisher/joint_state_publisher)
    move_base (move_base/move_base)
    robot_state_publisher (robot_state_publisher/robot_state_publisher)
    tf_map2odom_node (sim_env/tf_map2odom.py)
    urdf_spawner (gazebo_ros/spawn_model)
[33m[WARN] [1774026931.822609466]: link 'base_scan' material 'dark' undefined.[0m
[33m[WARN] [1774026931.822927668]: link 'base_scan' material 'dark' undefined.[0m
[33m[WARN] [1774026931.823102205]: The root link base_footprint has an inertia specified in the URDF, but KDL does not support a root link with an inertia.  As a workaround, you can add an extra dummy link to your URDF.[0m
[33m[WARN] [1774026931.849641232]: link 'base_scan' material 'dark' undefined.[0m
[33m[WARN] [1774026931.849998616]: link 'base_scan' material 'dark' undefined.[0m
[33m[WARN] [1774026931.850192149]: The root link base_footprint has an inertia specified in the URDF, but KDL does not support a root link with an inertia.  As a workaround, you can add an extra dummy link to your URDF.[0m
[33m[WARN] [1774026933.193536853]: link 'base_scan' material 'dark' undefined.[0m
[33m[WARN] [1774026933.193564162]: link 'base_scan' material 'dark' undefined.[0m
Warning: TF_REPEATED_DATA ignoring data with redundant timestamp for frame robot2/odom (parent map) at time 83.406000 according to authority unknown_publisher
         at line 277 in /tmp/binarydeb/ros-noetic-tf2-0.7.10/src/buffer_core.cpp
Warning: TF_REPEATED_DATA ignoring data with redundant timestamp for frame robot2/odom (parent map) at time 83.406000 according to authority unknown_publisher
         at line 277[33m[WARN] [1774026933.397402457]: TF_REPEATED_DATA ignoring data with redundant timestamp for frame robot2/odom (parent map) at time 83.406000 according to authority unknown_publisher[0m
 in /tmp/binarydeb/ros-noetic-tf2-0.7.10/src/buffer_core.cpp
Warning: TF_REPEATED_DATA ignoring data with redundant timestamp for frame robot1/odom (parent map) at time 83.408000 according to authority unknown_publisher[33m[WARN] [1774026933.398294136]: TF_REPEATED_DATA ignoring data with redundant timestamp for frame robot1/odom (parent map) at time 83.408000 according to authority unknown_publisher[0m
Warning: 
TF_REPEATED_DATA ignoring data with redundant timestamp for frame robot1/odom (parent map) at time 83.408000 according to authority unknown_publisher         at line 
277         at line  in /tmp/binarydeb/ros-noetic-tf2-0.7.10/src/buffer_core.cpp277
 in /tmp/binarydeb/ros-noetic-tf2-0.7.10/src/buffer_core.cpp
[33m[WARN] [1774026933.584276292, 83.728000000]: Timed out waiting for transform from robot1/base_footprint to map to become available before running costmap, tf error: canTransform: source_frame robot1/base_footprint does not exist.. canTransform returned after 83.728 timeout was 0.1.[0m
[33m[WARN] [1774026933.584276292, 83.728000000]: Timed out waiting for transform from robot2/base_footprint to map to become available before running costmap, tf error: canTransform: source_frame robot2/base_footprint does not exist.. canTransform returned after 83.728 timeout was 0.1.[0m
[33m[WARN] [1774026933.904530346, 83.940000000]: link 'base_scan' material 'dark' undefined.[0m
[33m[WARN] [1774026933.904569528, 83.940000000]: link 'base_scan' material 'dark' undefined.[0m
[INFO] [1774026932.340910, 0.000000]: Loading model XML from ros parameter robot_description
[INFO] [1774026932.345493, 0.000000]: Waiting for service /gazebo/spawn_urdf_model
[INFO] [1774026933.550357, 83.660000]: Calling service /gazebo/spawn_urdf_model
[INFO] [1774026935.304416, 83.940000]: Spawn status: SpawnModel: Successfully spawned entity
[33m[WARN] [1774026935.520231319, 83.940000000]: GazeboRosSkidSteerDrive Plugin (ns = /robot2//) missing <covariance_x>, defaults to 0.000100[0m
[33m[WARN] [1774026935.520270501, 83.940000000]: GazeboRosSkidSteerDrive Plugin (ns = /robot2//) missing <covariance_y>, defaults to 0.000100[0m
[33m[WARN] [1774026935.520283561, 83.940000000]: GazeboRosSkidSteerDrive Plugin (ns = /robot2//) missing <covariance_yaw>, defaults to 0.010000[0m
[INFO] [1774026932.372912, 0.000000]: Loading model XML from ros parameter robot_description
[INFO] [1774026932.376102, 0.000000]: Waiting for service /gazebo/spawn_urdf_model
[INFO] [1774026933.580844, 83.720000]: Calling service /gazebo/spawn_urdf_model
[INFO] [1774026935.817100, 84.340000]: Spawn status: SpawnModel: Successfully spawned entity
[33m[WARN] [1774026936.518836989, 84.340000000]: GazeboRosSkidSteerDrive Plugin (ns = /robot1//) missing <covariance_x>, defaults to 0.000100[0m
[33m[WARN] [1774026936.518859548, 84.340000000]: GazeboRosSkidSteerDrive Plugin (ns = /robot1//) missing <covariance_y>, defaults to 0.000100[0m
[33m[WARN] [1774026936.518889231, 84.340000000]: GazeboRosSkidSteerDrive Plugin (ns = /robot1//) missing <covariance_yaw>, defaults to 0.010000[0m
[33m[WARN] [1774026936.523783373, 84.344000000]: global_costmap: Pre-Hydro parameter "static_map" unused since "plugins" is provided[0m
[33m[WARN] [1774026936.523929414, 84.344000000]: global_costmap: Pre-Hydro parameter "map_type" unused since "plugins" is provided[0m
[33m[WARN] [1774026936.573058433, 84.444000000]: global_costmap: Pre-Hydro parameter "static_map" unused since "plugins" is provided[0m
[33m[WARN] [1774026936.573198537, 84.444000000]: global_costmap: Pre-Hydro parameter "map_type" unused since "plugins" is provided[0m
WARNING: Logging before InitGoogleLogging() is written to STDERR
I20260321 01:15:36.815285 1577462 path_planner_factory.cpp:308] Using path planner: theta_star
WARNING: Logging before InitGoogleLogging() is written to STDERR
I20260321 01:15:36.816109 1577382 path_planner_factory.cpp:308] Using path planner: rrt
[33m[WARN] [1774026936.819386238, 84.932000000]: local_costmap: Pre-Hydro parameter "static_map" unused since "plugins" is provided[0m
[33m[WARN] [1774026936.821195717, 84.938000000]: local_costmap: Pre-Hydro parameter "static_map" unused since "plugins" is provided[0m
[33m[WARN] [1774026937.308177112, 85.910000000]: The /robot2/scan observation buffer has not been updated for 1.04 seconds, and it should be updated every 1.00 seconds.[0m
[33m[WARN] [1774026937.308685286, 85.910000000]: The /robot1/scan observation buffer has not been updated for 1.04 seconds, and it should be updated every 1.00 seconds.[0m
E20260321 01:15:43.076227 1577596 path_planner_node.cpp:250] Failed to get a path.
E20260321 01:15:43.229197 1577596 path_planner_node.cpp:250] Failed to get a path.
E20260321 01:15:43.387878 1577596 path_planner_node.cpp:250] Failed to get a path.
E20260321 01:15:43.553213 1577596 path_planner_node.cpp:250] Failed to get a path.
E20260321 01:15:43.712865 1577596 path_planner_node.cpp:250] Failed to get a path.
E20260321 01:15:43.728927 1577662 path_planner_node.cpp:250] Failed to get a path.
E20260321 01:15:43.873797 1577596 path_planner_node.cpp:250] Failed to get a path.
E20260321 01:15:44.003350 1577662 path_planner_node.cpp:250] Failed to get a path.
E20260321 01:15:44.030623 1577596 path_planner_node.cpp:250] Failed to get a path.
E20260321 01:15:44.171451 1577596 path_planner_node.cpp:250] Failed to get a path.
E20260321 01:15:44.262176 1577662 path_planner_node.cpp:250] Failed to get a path.
E20260321 01:15:44.336490 1577596 path_planner_node.cpp:250] Failed to get a path.
E20260321 01:15:47.344961 1577662 path_planner_node.cpp:250] Failed to get a path.
E20260321 01:15:48.492425 1577662 path_planner_node.cpp:250] Failed to get a path.
[33m[WARN] [1774026948.498383532, 106.956000000]: Map update loop missed its desired rate of 1.0000Hz... the loop actually took 3.0460 seconds[0m
E20260321 01:15:50.932672 1577596 path_planner_node.cpp:250] Failed to get a path.
E20260321 01:15:51.069514 1577596 path_planner_node.cpp:250] Failed to get a path.
E20260321 01:15:51.227030 1577596 path_planner_node.cpp:250] Failed to get a path.
E20260321 01:15:51.375329 1577596 path_planner_node.cpp:250] Failed to get a path.
E20260321 01:15:51.531837 1577596 path_planner_node.cpp:250] Failed to get a path.
E20260321 01:15:51.670266 1577596 path_planner_node.cpp:250] Failed to get a path.
E20260321 01:15:51.808116 1577596 path_planner_node.cpp:250] Failed to get a path.
E20260321 01:15:51.949771 1577596 path_planner_node.cpp:250] Failed to get a path.
E20260321 01:15:52.114224 1577596 path_planner_node.cpp:250] Failed to get a path.
E20260321 01:15:52.272387 1577596 path_planner_node.cpp:250] Failed to get a path.
E20260321 01:15:52.415302 1577596 path_planner_node.cpp:250] Failed to get a path.
E20260321 01:15:52.563598 1577596 path_planner_node.cpp:250] Failed to get a path.
E20260321 01:15:52.723842 1577596 path_planner_node.cpp:250] Failed to get a path.
E20260321 01:15:52.864313 1577596 path_planner_node.cpp:250] Failed to get a path.
E20260321 01:15:53.003456 1577596 path_planner_node.cpp:250] Failed to get a path.
E20260321 01:15:55.425045 1577596 path_planner_node.cpp:250] Failed to get a path.
E20260321 01:15:55.570464 1577596 path_planner_node.cpp:250] Failed to get a path.
E20260321 01:15:55.712015 1577596 path_planner_node.cpp:250] Failed to get a path.
[0m[INFO] [1774026936.573465684, 84.444000000]: global_costmap: Using plugin "static_map"[0m
[0m[INFO] [1774026936.576477921, 84.450000000]: Requesting the map...[0m
[0m[INFO] [1774026936.727812824, 84.752000000]: Resizing costmap to 480 X 480 at 0.050000 m/pix[0m
[0m[INFO] [1774026936.778463990, 84.852000000]: Received a 480 X 480 map at 0.050000 m/pix[0m
[0m[INFO] [1774026936.780808951, 84.856000000]: global_costmap: Using plugin "obstacle_layer"[0m
[0m[INFO] [1774026936.783408000, 84.862000000]:     Subscribed to Topics: scan[0m
[0m[INFO] [1774026936.792727292, 84.880000000]: global_costmap: Using plugin "voronoi_layer"[0m
[0m[INFO] [1774026936.795050881, 84.886000000]: global_costmap: Using plugin "inflation_layer"[0m
[0m[INFO] [1774026936.820320660, 84.936000000]: local_costmap: Using plugin "obstacle_layer"[0m
[0m[INFO] [1774026936.822936331, 84.940000000]:     Subscribed to Topics: [0m
[0m[INFO] [1774026936.826558851, 84.948000000]: local_costmap: Using plugin "inflation_layer"[0m
[0m[INFO] [1774026936.846263651, 84.988000000]: Created local_planner pid_controller/PIDController[0m
[0m[INFO] [1774026936.854121349, 85.004000000]: PID Controller initialized![0m
[0m[INFO] [1774026937.348036706, 85.990000000]: Recovery behavior will clear layer 'obstacles'[0m
[0m[INFO] [1774026937.351170050, 85.994000000]: Recovery behavior will clear layer 'obstacles'[0m
[0m[INFO] [1774026937.367694013, 86.028000000]: odom received![0m
[0m[INFO] [1774026942.938920851, 97.128000000]: Got new plan[0m
[0m[INFO] [1774026943.211278311, 97.630000000]: Got new plan[0m
[0m[INFO] [1774026943.486146958, 98.128000000]: Got new plan[0m
[0m[INFO] [1774026944.316273942, 99.628000000]: Got new plan[0m
[0m[INFO] [1774026944.583783564, 100.128000000]: Got new plan[0m
[0m[INFO] [1774026944.853640522, 100.628000000]: Got new plan[0m
[0m[INFO] [1774026945.121528899, 101.128000000]: Got new plan[0m
[0m[INFO] [1774026945.393925537, 101.628000000]: Got new plan[0m
[0m[INFO] [1774026945.660840309, 102.128000000]: Got new plan[0m
[0m[INFO] [1774026945.929954002, 102.628000000]: Got new plan[0m
[0m[INFO] [1774026948.517987408, 106.978000000]: Got new plan[0m
[0m[INFO] [1774026948.798469706, 107.478000000]: Got new plan[0m
[0m[INFO] [1774026949.065228934, 107.978000000]: Got new plan[0m
[0m[INFO] [1774026949.341280144, 108.478000000]: Got new plan[0m
[0m[INFO] [1774026949.636776129, 108.978000000]: Got new plan[0m
[0m[INFO] [1774026949.903660025, 109.478000000]: Got new plan[0m
[0m[INFO] [1774026950.192599616, 109.978000000]: Got new plan[0m
[0m[INFO] [1774026950.465796502, 110.478000000]: Got new plan[0m
[0m[INFO] [1774026950.745412051, 110.978000000]: Got new plan[0m
[0m[INFO] [1774026950.838855491, 111.128000000]: Got new plan[0m
[0m[INFO] [1774026951.141408916, 111.628000000]: Got new plan[0m
[0m[INFO] [1774026951.450008184, 112.128000000]: Got new plan[0m
[0m[INFO] [1774026951.726420337, 112.628000000]: Got new plan[0m
[0m[INFO] [1774026952.002819430, 113.128000000]: Got new plan[0m
[0m[INFO] [1774026952.298156309, 113.628000000]: Got new plan[0m
[0m[INFO] [1774026952.604342937, 114.128000000]: Got new plan[0m
[0m[INFO] [1774026952.900607114, 114.628000000]: Got new plan[0m
[0m[INFO] [1774026952.926100108, 114.680000000]: Got new plan[0m
[0m[INFO] [1774026953.037910232, 114.878000000]: Got new plan[0m
[0m[INFO] [1774026953.321841693, 115.378000000]: Got new plan[0m
[0m[INFO] [1774026953.615404711, 115.878000000]: Got new plan[0m
[0m[INFO] [1774026953.914618195, 116.378000000]: Got new plan[0m
[0m[INFO] [1774026954.179385088, 116.878000000]: Got new plan[0m
[0m[INFO] [1774026954.467722700, 117.378000000]: Got new plan[0m
[0m[INFO] [1774026954.775115645, 117.880000000]: Got new plan[0m
[0m[INFO] [1774026955.043541865, 118.378000000]: Got new plan[0m
[0m[INFO] [1774026955.300943797, 118.828000000]: Got new plan[0m
[0m[INFO] [1774026955.573397413, 119.328000000]: Got new plan[0m
[0m[INFO] [1774026955.598880907, 119.378000000]: Got new plan[0m
[0m[INFOE20260321 01:15:55.883263 1577596 path_planner_node.cpp:250] Failed to get a path.
E20260321 01:15:56.037230 1577596 path_planner_node.cpp:250] Failed to get a path.
E20260321 01:15:56.189250 1577596 path_planner_node.cpp:250] Failed to get a path.
E20260321 01:15:56.337520 1577596 path_planner_node.cpp:250] Failed to get a path.
E20260321 01:15:56.500896 1577596 path_planner_node.cpp:250] Failed to get a path.
E20260321 01:15:56.664496 1577596 path_planner_node.cpp:250] Failed to get a path.
E20260321 01:15:56.827649 1577596 path_planner_node.cpp:250] Failed to get a path.
E20260321 01:15:56.984800 1577596 path_planner_node.cpp:250] Failed to get a path.
E20260321 01:15:57.136742 1577596 path_planner_node.cpp:250] Failed to get a path.
E20260321 01:15:57.298879 1577596 path_planner_node.cpp:250] Failed to get a path.
E20260321 01:15:57.453965 1577596 path_planner_node.cpp:250] Failed to get a path.
E20260321 01:15:57.616787 1577596 path_planner_node.cpp:250] Failed to get a path.
E20260321 01:15:57.786641 1577596 path_planner_node.cpp:250] Failed to get a path.
E20260321 01:15:57.943037 1577596 path_planner_node.cpp:250] Failed to get a path.
E20260321 01:15:58.098937 1577596 path_planner_node.cpp:250] Failed to get a path.
E20260321 01:15:58.263494 1577596 path_planner_node.cpp:250] Failed to get a path.
E20260321 01:15:58.431828 1577596 path_planner_node.cpp:250] Failed to get a path.
E20260321 01:15:58.592730 1577596 path_planner_node.cpp:250] Failed to get a path.
E20260321 01:15:58.751195 1577596 path_planner_node.cpp:250] Failed to get a path.
E20260321 01:15:58.907763 1577596 path_planner_node.cpp:250] Failed to get a path.
E20260321 01:15:59.049381 1577596 path_planner_node.cpp:250] Failed to get a path.
E20260321 01:15:59.214466 1577596 path_planner_node.cpp:250] Failed to get a path.
E20260321 01:15:59.368139 1577596 path_planner_node.cpp:250] Failed to get a path.
E20260321 01:15:59.503583 1577596 path_planner_node.cpp:250] Failed to get a path.
E20260321 01:15:59.648582 1577596 path_planner_node.cpp:250] Failed to get a path.
E20260321 01:15:59.803268 1577596 path_planner_node.cpp:250] Failed to get a path.
E20260321 01:15:59.947158 1577596 path_planner_node.cpp:250] Failed to get a path.
E20260321 01:16:00.085311 1577596 path_planner_node.cpp:250] Failed to get a path.
E20260321 01:16:00.244380 1577596 path_planner_node.cpp:250] Failed to get a path.
E20260321 01:16:00.407447 1577596 path_planner_node.cpp:250] Failed to get a path.
E20260321 01:16:00.569188 1577596 path_planner_node.cpp:250] Failed to get a path.
E20260321 01:16:00.735149 1577596 path_planner_node.cpp:250] Failed to get a path.
E20260321 01:16:00.907395 1577596 path_planner_node.cpp:250] Failed to get a path.
E20260321 01:16:01.062608 1577596 path_planner_node.cpp:250] Failed to get a path.
E20260321 01:16:01.204011 1577596 path_planner_node.cpp:250] Failed to get a path.
[33m[WARN] [1774026961.217292566, 129.582000000]: Clearing both costmaps outside a square (3.00m) large centered on the robot.[0m
E20260321 01:16:01.374925 1577596 path_planner_node.cpp:250] Failed to get a path.
] [1774026955.866661222, 119.878000000]: Got new plan[0m
[0m[INFO] [1774026956.136937288, 120.378000000]: Got new plan[0m
[0m[INFO] [1774026956.409541692, 120.878000000]: Got new plan[0m
[0m[INFO] [1774026956.681044261, 121.378000000]: Got new plan[0m
[0m[INFO] [1774026956.956990976, 121.878000000]: Got new plan[0m
[0m[INFO] [1774026957.231807360, 122.378000000]: Got new plan[0m
[0m[INFO] [1774026957.500219328, 122.878000000]: Got new plan[0m
[0m[INFO] [1774026957.767227881, 123.380000000]: Got new plan[0m
[0m[INFO] [1774026958.036053037, 123.880000000]: Got new plan[0m
[0m[INFO] [1774026958.313368732, 124.378000000]: Got new plan[0m
[0m[INFO] [1774026958.589823618, 124.878000000]: Got new plan[0m
[0m[INFO] [1774026958.854710425, 125.378000000]: Got new plan[0m
[0m[INFO] [1774026959.123681620, 125.880000000]: Got new plan[0m
[0m[INFO] [1774026959.395840774, 126.380000000]: Got new plan[0m
[0m[INFO] [1774026959.668105599, 126.878000000]: Got new plan[0m
[0m[INFO] [1774026959.945556647, 127.378000000]: Got new plan[0m
[0m[INFO] [1774026960.211222335, 127.878000000]: Got new plan[0m
[0m[INFO] [1774026960.485398748, 128.378000000]: Got new plan[0m
[0m[INFO] [1774026960.789418500, 128.878000000]: Got new plan[0m
[0m[INFO] [1774026961.100026702, 129.378000000]: Got new plan[0m
[0m[INFO] [1774026961.386026466, 129.878000000]: Got new plan[0m
[0m[INFO] [1774026961.411471966, 129.928000000]: Got new plan[0m
[0m[INFO] [1774026961.698716043, 130.428000000]: Got new plan[0m
[0m[INFO] [1774026961.984576891, 130.928000000]: Got new plan[0m
[0m[INFO] [1774026962.282097239, 131.428000000]: Got new plan[0m
[0m[INFO] [1774026962.560035085, 131.928000000]: Got new plan[0m
[0m[INFO] [1774026962.838088101, 132.428000000]: Got new plan[0m
[0m[INFO] [1774026963.120499776, 132.928000000]: Got new plan[0m
[0m[INFO] [1774026963.428233467, 133.428000000]: Got new plan[0m
[0m[INFO] [1774026963.712528233, 133.928000000]: Got new plan[0m
[0m[INFO] [1774026964.001053429, 134.430000000]: Got new plan[0m
[0m[INFO] [1774026964.306522895, 134.928000000]: Got new plan[0m
Error in XmlRpcClient::writeRequest: write error (Connection refused).
Error in XmlRpcDispatch::work: couldn't find source iterator
Error in XmlRpcClient::writeRequest: write error (Connection refused).
Error in XmlRpcDispatch::work: couldn't find source iterator
Error in XmlRpcClient::writeRequest: write error (Connection refused).
Error in XmlRpcClient::writeRequest: write error (Connection refused).
Error in XmlRpcDispatch::work: couldn't find source iterator
Error in XmlRpcDispatch::work: couldn't find source iterator
Error in XmlRpcClient::writeRequest: write error (Connection refused).
Error in XmlRpcDispatch::work: couldn't find source iterator
Error in XmlRpcClient::writeRequest: write error (Connection refused).
Error in XmlRpcDispatch::work: couldn't find source iterator
Error in XmlRpcClient::writeRequest: write error (Connection refused).
Error in XmlRpcDispatch::work: couldn't find source iterator
[0m[INFO] [1774026936.524328354, 84.346000000]: global_costmap: Using plugin "static_map"[0m
[0m[INFO] [1774026936.527716972, 84.352000000]: Requesting the map...[0m
[0m[INFO] [1774026936.728908722, 84.754000000]: Resizing costmap to 480 X 480 at 0.050000 m/pix[0m
[0m[INFO] [1774026936.779660811, 84.854000000]: Received a 480 X 480 map at 0.050000 m/pix[0m
[0m[INFO] [1774026936.782597059, 84.858000000]: global_costmap: Using plugin "obstacle_layer"[0m
[0m[INFO] [1774026936.784180946, 84.864000000]:     Subscribed to Topics: scan[0m
[0m[INFO] [1774026936.793033621, 84.882000000]: global_costmap: Using plugin "voronoi_layer"[0m
[0m[INFO] [1774026936.795282409, 84.886000000]: global_costmap: Using plugin "inflation_layer"[0m
[0m[INFO] [1774026936.822493460, 84.940000000]: local_costmap: Using plugin "obstacle_layer"[0m
[0m[INFO] [1774026936.823812575, 84.942000000]:     Subscribed to Topics: [0m
[0m[INFO] [1774026936.827850658, 84.950000000]: local_costmap: Using plugin "inflation_layer"[0m
[0m[INFO] [1774026936.846217345, 84.988000000]: Created local_planner pid_controller/PIDController[0m
[0m[INFO] [1774026936.854000242, 85.002000000]: PID Controller initialized![0m
[0m[INFO] [1774026937.346861257, 85.986000000]: Recovery behavior will clear layer 'obstacles'[0m
[0m[INFO] [1774026937.349852122, 85.992000000]: Recovery behavior will clear layer 'obstacles'[0m
[0m[INFO] [1774026937.366552996, 86.026000000]: odom received![0m
[0m[INFO] [1774026944.374833859, 99.732000000]: Got new plan[0m
[0m[INFO] [1774026944.639790738, 100.232000000]: Got new plan[0m
[0m[INFO] [1774026944.909467223, 100.732000000]: Got new plan[0m
[0m[INFO] [1774026945.178047809, 101.234000000]: Got new plan[0m
[0m[INFO] [1774026945.450044319, 101.734000000]: Got new plan[0m
[0m[INFO] [1774026945.715547365, 102.232000000]: Got new plan[0m
[0m[INFO] [1774026945.986786364, 102.732000000]: Got new plan[0m
[0m[INFO] [1774026946.263162905, 103.232000000]: Got new plan[0m
[0m[INFO] [1774026946.543877921, 103.732000000]: Got new plan[0m
[0m[INFO] [1774026946.847759967, 104.232000000]: Got new plan[0m
[0m[INFO] [1774026947.143346192, 104.732000000]: Got new plan[0m
[0m[INFO] [1774026947.398217953, 105.134000000]: Got new plan[0m
[0m[INFO] [1774026947.699073513, 105.634000000]: Got new plan[0m
[0m[INFO] [1774026948.007404453, 106.132000000]: Got new plan[0m
[0m[INFO] [1774026948.302845823, 106.632000000]: Got new plan[0m
[0m[INFO] [1774026948.598462916, 107.134000000]: Got new plan[0m
[0m[INFO] [1774026948.882985671, 107.632000000]: Got new plan[0m
[0m[INFO] [1774026949.155933222, 108.132000000]: Got new plan[0m
[0m[INFO] [1774026949.429853189, 108.632000000]: Got new plan[0m
[0m[INFO] [1774026949.717642265, 109.132000000]: Got new plan[0m
[0m[INFO] [1774026949.984104662, 109.632000000]: Got new plan[0m
[0m[INFO] [1774026950.281160786, 110.132000000]: Got new plan[0m
[0m[INFO] [1774026950.549522897, 110.632000000]: Got new plan[0m
[0m[INFO] [1774026953.040014166, 114.882000000]: Got new plan[0m
[0m[INFO] [1774026953.323768716, 115.382000000]: Got new plan[0m
[0m[INFO] [1774026953.617274743, 115.882000000]: Got new plan[0m
[0m[INFO] [1774026953.916688884, 116.382000000]: Got new plan[0m
[0m[INFO] [1774026954.181341795, 116.882000000]: Got new plan[0m
[0m[INFO] [1774026954.469481124, 117.382000000]: Got new plan[0m
[0m[INFO] [1774026954.776589111, 117.882000000]: Got new plan[0m
[0m[INFO] [1774026955.045458202, 118.382000000]: Got new plan[0m
[0m[INFO] [1774026961.413467854, 129.932000000]: Got new plan[0m
[0m[INFO] [1774026961.701171425, 130.432000000]: Got new plan[0m
[0m[INFO] [1774026961.986988342, 130.932000000]: Got new plan[0m
[0m[INFO] [1774026962.283327305, 131.432000000]: Got new plan[0m
[0m[INFO] [1774026962.561173727, 131.932000000]: Got new plan[0m
[0m[INFO] [1774026962.840186099, 132.432000000]: Got new plan[0m
[0m[INFO] [1774026963.122312816, 132.932000000]: Got new plan[0m
[0m[INFO] [1774026963.244739968, 133.132000000]: GOAL Reached![0m
ErrorError in XmlRpcClient::writeRequest: write error (Connection refused).
 in XmlRpcClient::writeRequest: write error (Connection refused).
Error in XmlRpcDispatch::work: couldn't find source iterator
Error in XmlRpcDispatch::work: couldn't find source iterator
Error in XmlRpcClient::writeRequest: write error (Connection refused).
Error in XmlRpcDispatch::work: couldn't find source iterator
Error in XmlRpcClient::writeRequest: write error (Connection refused).
Error in XmlRpcDispatch::work: couldn't find source iterator
Error in XmlRpcClient::writeRequest: write error (Connection refused).
Error in XmlRpcClient::writeRequest: write error (Connection refused).
Error in XmlRpcDispatch::work: couldn't find source iterator
Error in XmlRpcDispatch::work: couldn't find source iterator
Error in XmlRpcClient::writeRequest: write error (Connection refused).
Error in XmlRpcDispatch::work: couldn't find source iterator
Error in XmlRpcClient::writeRequest: write error (Connection refused).
Error in XmlRpcDispatch::work: couldn't find source iterator
Error in XmlRpcClient::writeRequest: write error (Connection refused).
Error in XmlRpcDispatch::work: couldn't find source iterator
Error in XmlRpcClient::writeRequest: write error (Connection refused).
Error in XmlRpcDispatch::work: couldn't find source iterator
Error in XmlRpcClient::writeRequest: write error (Connection refused).
Error in XmlRpcDispatch::work: couldn't find source iterator
Error in XmlRpcClient::writeRequest: write error (Connection refused).
Error in XmlRpcDispatch::work: couldn't find source iterator
Error in XmlRpcClient::writeRequest: write error (Connection refused).
Error in XmlRpcDispatch::work: couldn't find source iterator
Error in XmlRpcClient::writeRequest: write error (Connection refused).
Error in XmlRpcClient::writeRequest: write error (Connection refused).
Error in XmlRpcDispatch::work: couldn't find source iterator
Error in XmlRpcDispatch::work: couldn't find source iterator
Error in XmlRpcClient::writeRequest: write error (Connection refused).
Error in XmlRpcDispatch::work: couldn't find source iterator
Error in XmlRpcClient::writeRequest: write error (Connection refused).
Error in XmlRpcDispatch::work: couldn't find source iterator
Error in XmlRpcClient::writeRequest: write error (Connection refused).
Error in XmlRpcClient::writeRequest: write error (Connection refused).
Error in XmlRpcDispatch::work: couldn't find source iterator
Error in XmlRpcDispatch::work: couldn't find source iterator
Error in XmlRpcClient::writeRequest: write error (Connection refused).
Error in XmlRpcDispatch::work: couldn't find source iterator
Error in XmlRpcClient::writeRequest: write error (Connection refused).
Error in XmlRpcDispatch::work: couldn't find source iterator
Error in XmlRpcClient::writeRequest: write error (Connection refused).
Error in XmlRpcDispatch::work: couldn't find source iterator
Error in XmlRpcClient::writeRequest: write error (Connection refused).
Error in XmlRpcDispatch::work: couldn't find source iterator
Error in XmlRpcClient::writeRequest: write error (Connection refused).
Error in XmlRpcDispatch::work: couldn't find source iterator
Error in XmlRpcClient::writeRequest: write error (Connection refused).
Error in XmlRpcDispatch::work: couldn't find source iterator
Error in XmlRpcClient::writeRequest: write error (Connection refused).
Error in XmlRpcDispatch::work: couldn't find source iterator
Error in XmlRpcClient::writeRequest: write error (Connection refused).
Error in XmlRpcDispatch::work: couldn't find source iterator
Error in XmlRpcClient::writeRequest: write error (Connection refused).
Error in XmlRpcDispatch::work: couldn't find source iterator
Error in XmlRpcClient::writeRequest: write error (Connection refused).
Error in XmlRpcDispatch::work: couldn't find source iterator
Error in XmlRpcClient::writeRequest: write error (Connection refused).
Error in XmlRpcDispatch::work: couldn't find source iterator
Error in XmlRpcClient::writeRequest: write error (Connection refused).
Error in XmlRpcDispatch::work: couldn't find source iterator
Error in XmlRpcClient::writeRequest: write error (Connection refused).
Error in XmlRpcDispatch::work: couldn't find source iterator
Error in XmlRpcClient::writeRequest: write error (Connection refused).
Error in XmlRpcDispatch::work: couldn't find source iterator
Error in XmlRpcClient::writeRequest: write error (Connection refused).
Error in XmlRpcDispatch::work: couldn't find source iterator
Error in XmlRpcClient::writeRequest: write error (Connection refused).
Error in XmlRpcDispatch::work: couldn't find source iterator
Error in XmlRpcClient::writeRequest: write error (Connection refused).
Error in XmlRpcDispatch::work: couldn't find source iterator
Error in XmlRpcClient::writeRequest: write error (Connection refused).
Error in XmlRpcDispatch::work: couldn't find source iterator
Error in XmlRpcClient::writeRequest: write error (Connection refused).
Error in XmlRpcDispatch::work: couldn't find source iterator
Error in XmlRpcClient::writeRequest: write error (Connection refused).
Error in XmlRpcDispatch::work: couldn't find source iterator
Error in XmlRpcClient::writeRequest: write error (Connection refused).
Error in XmlRpcDispatch::work: couldn't find source iterator
Error in XmlRpcClient::writeRequest: write error (Connection refused).
Error in XmlRpcClient::writeRequest: write error (Connection refused).
Error in XmlRpcDispatch::work: couldn't find source iterator
Error in XmlRpcDispatch::work: couldn't find source iterator
Error in XmlRpcClient::writeRequest: write error (Connection refused).
Error in XmlRpcClient::writeRequest: write error (Connection refused).
Error in XmlRpcDispatch::work: couldn't find source iterator
Error in XmlRpcDispatch::work: couldn't find source iterator
Error in XmlRpcClient::writeRequest: write error (Connection refused).
Error in XmlRpcDispatch::work: couldn't find source iterator
Error in XmlRpcClient::writeRequest: write error (Connection refused).
Error in XmlRpcDispatch::work: couldn't find source iterator
Error in XmlRpcClient::writeRequest: write error (Connection refused).
Error in XmlRpcDispatch::work: couldn't find source iterator
Error in XmlRpcClient::writeRequest: write error (Connection refused).
Error in XmlRpcDispatch::work: couldn't find source iterator
Error in XmlRpcClient::writeRequest: write error (Connection refused).
Error in XmlRpcDispatch::work: couldn't find source iterator
Error in XmlRpcClient::writeRequest: write error (Connection refused).
Error in XmlRpcDispatch::work: couldn't find source iterator
Error in XmlRpcClient::writeRequest: write error (Connection refused).
Error in XmlRpcDispatch::work: couldn't find source iterator
Error in XmlRpcClient::writeRequest: write error (Connection refused).
Error in XmlRpcDispatch::work: couldn't find source iterator
Error in XmlRpcClient::writeRequest: write error (Connection refused).
Error in XmlRpcDispatch::work: couldn't find source iterator
Error in XmlRpcClient::writeRequest: write error (Connection refused).
Error in XmlRpcDispatch::work: couldn't find source iterator
Error in XmlRpcClient::writeRequest: write error (Connection refused).
Error in XmlRpcDispatch::work: couldn't find source iterator
Error in XmlRpcClient::writeRequest: write error (Connection refused).
Error in XmlRpcDispatch::work: couldn't find source iterator
Error in XmlRpcClient::writeRequest: write error (Connection refused).
Error in XmlRpcDispatch::work: couldn't find source iterator
Error in XmlRpcClient::writeRequest: write error (Connection refused).
Error in XmlRpcDispatch::work: couldn't find source iterator
Error in XmlRpcClient::writeRequest: write error (Connection refused).
Error in XmlRpcDispatch::work: couldn't find source iterator
Error in XmlRpcClient::writeRequest: write error (Connection refused).
Error in XmlRpcDispatch::work: couldn't find source iterator
Error in XmlRpcClient::writeRequest: write error (Connection refused).
Error in XmlRpcDispatch::work: couldn't find source iterator
Error in XmlRpcClient::writeRequest: write error (Connection refused).
Error in XmlRpcDispatch::work: couldn't find source iterator
Error in XmlRpcClient::writeRequest: write error (Connection refused).
Error in XmlRpcDispatch::work: couldn't find source iterator
Error in XmlRpcClient::writeRequest: write error (Connection refused).
Error in XmlRpcDispatch::work: couldn't find source iterator
Error in XmlRpcClient::writeRequest: write error (Connection refused).
Error in XmlRpcDispatch::work: couldn't find source iterator
Error in XmlRpcClient::writeRequest: write error (Connection refused).
Error in XmlRpcDispatch::work: couldn't find source iterator
Error in XmlRpcClient::writeRequest: write error (Connection refused).
Error in XmlRpcDispatch::work: couldn't find source iterator
Error in XmlRpcClient::writeRequest: write error (Connection refused).
Error in XmlRpcDispatch::work: couldn't find source iterator
Error in XmlRpcClient::writeRequest: write error (Connection refused).
Error in XmlRpcDispatch::work: couldn't find source iterator
Error in XmlRpcClient::writeRequest: write error (Connection refused).
Error in XmlRpcDispatch::work: couldn't find source iterator
Error in XmlRpcClient::writeRequest: write error (Connection refused).
Error in XmlRpcDispatch::work: couldn't find source iterator
Error in XmlRpcClient::writeRequest: write error (Connection refused).
Error in XmlRpcDispatch::work: couldn't find source iterator
Error in XmlRpcClient::writeRequest: write error (Connection refused).
Error in XmlRpcDispatch::work: couldn't find source iterator
Error in XmlRpcClient::writeRequest: write error (Connection refused).
Error in XmlRpcDispatch::work: couldn't find source iterator
Error in XmlRpcClient::writeRequest: write error (Connection refused).
Error in XmlRpcDispatch::work: couldn't find source iterator
Error in XmlRpcClient::writeRequest: write error (Connection refused).
Error in XmlRpcDispatch::work: couldn't find source iterator
Error in XmlRpcClient::writeRequest: write error (Connection refused).
Error in XmlRpcDispatch::work: couldn't find source iterator
Error in XmlRpcClient::writeRequest: write error (Connection refused).
Error in XmlRpcDispatch::work: couldn't find source iterator
Error in XmlRpcClient::writeRequest: write error (Connection refused).
Error in XmlRpcDispatch::work: couldn't find source iterator
Error in XmlRpcClient::writeRequest: write error (Connection refused).
Error in XmlRpcDispatch::work: couldn't find source iterator
Error in XmlRpcClient::writeRequest: write error (Connection refused).
Error in XmlRpcDispatch::work: couldn't find source iterator
Error in XmlRpcClient::writeRequest: write error (Connection refused).
Error in XmlRpcDispatch::work: couldn't find source iterator
Error in XmlRpcClient::writeRequest: write error (Connection refused).
Error in XmlRpcDispatch::work: couldn't find source iterator
Error in XmlRpcClient::writeRequest: write error (Connection refused).
Error in XmlRpcDispatch::work: couldn't find source iterator
Error in XmlRpcClient::writeRequest: write error (Connection refused).
Error in XmlRpcDispatch::work: couldn't find source iterator
Error in XmlRpcClient::writeRequest: write error (Connection refused).
Error in XmlRpcDispatch::work: couldn't find source iterator
Error in XmlRpcClient::writeRequest: write error (Connection refused).
Error in XmlRpcDispatch::work: couldn't find source iterator
Error in XmlRpcClient::writeRequest: write error (Connection refused).
Error in XmlRpcDispatch::work: couldn't find source iterator
Error in XmlRpcClient::writeRequest: write error (Connection refused).
Error in XmlRpcDispatch::work: couldn't find source iterator
Error in XmlRpcClient::writeRequest: write error (Connection refused).
Error in XmlRpcDispatch::work: couldn't find source iterator
Error in XmlRpcClient::writeRequest: write error (Connection refused).
Error in XmlRpcDispatch::work: couldn't find source iterator
Error in XmlRpcClient::writeRequest: write error (Connection refused).
Error in XmlRpcDispatch::work: couldn't find source iterator
Error in XmlRpcClient::writeRequest: write error (Connection refused).
Error in XmlRpcDispatch::work: couldn't find source iterator
Error in XmlRpcClient::writeRequest: write error (Connection refused).
Error in XmlRpcDispatch::work: couldn't find source iterator
Error in XmlRpcClient::writeRequest: write error (Connection refused).
Error in XmlRpcDispatch::work: couldn't find source iterator
Error in XmlRpcClient::writeRequest: write error (Connection refused).
Error in XmlRpcDispatch::work: couldn't find source iterator
Error in XmlRpcClient::writeRequest: write error (Connection refused).
Error in XmlRpcDispatch::work: couldn't find source iterator
Error in XmlRpcClient::writeRequest: write error (Connection refused).
Error in XmlRpcDispatch::work: couldn't find source iterator
Error in XmlRpcClient::writeRequest: write error (Connection refused).
Error in XmlRpcDispatch::work: couldn't find source iterator
Error in XmlRpcClient::writeRequest: write error (Connection refused).
Error in XmlRpcDispatch::work: couldn't find source iterator
Error in XmlRpcClient::writeRequest: write error (Connection refused).
Error in XmlRpcDispatch::work: couldn't find source iterator
Error in XmlRpcClient::writeRequest: write error (Connection refused).
Error in XmlRpcClient::writeRequest: write error (Connection refused).
Error in XmlRpcDispatch::work: couldn't find source iterator
Error in XmlRpcDispatch::work: couldn't find source iterator
Error in XmlRpcClient::writeRequest: write error (Connection refused).
Error in XmlRpcClient::writeRequest: write error (Connection refused).
Error in XmlRpcDispatch::work: couldn't find source iterator
Error in XmlRpcDispatch::work: couldn't find source iterator
Error in XmlRpcClient::writeRequest: write error (Connection refused).
Error in XmlRpcClient::writeRequest: write error (Connection refused).
Error in XmlRpcDispatch::work: couldn't find source iterator
Error in XmlRpcDispatch::work: couldn't find source iterator
Error in XmlRpcClient::writeRequest: write error (Connection refused).
Error in XmlRpcClient::writeRequest: write error (Connection refused).
Error in XmlRpcDispatch::work: couldn't find source iterator
Error in XmlRpcDispatch::work: couldn't find source iterator
Error in XmlRpcClient::writeRequest: write error (Connection refused).
Error in XmlRpcDispatch::work: couldn't find source iterator
Error in XmlRpcClient::writeRequest: write error (Connection refused).
Error in XmlRpcDispatch::work: couldn't find source iterator
Error in XmlRpcClient::writeRequest: write error (Connection refused).
Error in XmlRpcDispatch::work: couldn't find source iterator
Error in XmlRpcClient::writeRequest: write error (Connection refused).
Error in XmlRpcDispatch::work: couldn't find source iterator
Error in XmlRpcClient::writeRequest: write error (Connection refused).
Error in XmlRpcDispatch::work: couldn't find source iterator
Error in XmlRpcClient::writeRequest: write error (Connection refused).
Error in XmlRpcDispatch::work: couldn't find source iterator
Error in XmlRpcClient::writeRequest: write error (Connection refused).
Error in XmlRpcDispatch::work: couldn't find source iterator
Error in XmlRpcClient::writeRequest: write error (Connection refused).
Error in XmlRpcDispatch::work: couldn't find source iterator
Error in XmlRpcClient::writeRequest: write error (Connection refused).
Error in XmlRpcDispatch::work: couldn't find source iterator
Error in XmlRpcClient::writeRequest: write error (Connection refused).
Error in XmlRpcDispatch::work: couldn't find source iterator
Error in XmlRpcClient::writeRequest: write error (Connection refused).
Error in XmlRpcDispatch::work: couldn't find source iterator
Error in XmlRpcClient::writeRequest: write error (Connection refused).
Error in XmlRpcDispatch::work: couldn't find source iterator
Error in XmlRpcClient::writeRequest: write error (Connection refused).
Error in XmlRpcDispatch::work: couldn't find source iterator
Error in XmlRpcClient::writeRequest: write error (Connection refused).
Error in XmlRpcDispatch::work: couldn't find source iterator
Error in XmlRpcClient::writeRequest: write error (Connection refused).
Error in XmlRpcDispatch::work: couldn't find source iterator
Error in XmlRpcClient::writeRequest: write error (Connection refused).
Error in XmlRpcDispatch::work: couldn't find source iterator
Error in XmlRpcClient::writeRequest: write error (Connection refused).
Error in XmlRpcDispatch::work: couldn't find source iterator
Error in XmlRpcClient::writeRequest: write error (Connection refused).
Error in XmlRpcDispatch::work: couldn't find source iterator
Error in XmlRpcClient::writeRequest: write error (Connection refused).
Error in XmlRpcDispatch::work: couldn't find source iterator
Error in XmlRpcClient::writeRequest: write error (Connection refused).
Error in XmlRpcDispatch::work: couldn't find source iterator
Error in XmlRpcClient::writeRequest: write error (Connection refused).
Error in XmlRpcDispatch::work: couldn't find source iterator
Error in XmlRpcClient::writeRequest: write error (Connection refused).
Error in XmlRpcClient::writeRequest: write error (Connection refused).
Error in XmlRpcDispatch::work: couldn't find source iterator
Error in XmlRpcDispatch::work: couldn't find source iterator
Error in XmlRpcClient::writeRequest: write error (Connection refused).
Error in XmlRpcDispatch::work: couldn't find source iterator
Error in XmlRpcClient::writeRequest: write error (Connection refused).
Error in XmlRpcDispatch::work: couldn't find source iterator
Error in XmlRpcClient::writeRequest: write error (Connection refused).
Error in XmlRpcDispatch::work: couldn't find source iterator
Error in XmlRpcClient::writeRequest: write error (Connection refused).
Error in XmlRpcDispatch::work: couldn't find source iterator
Error in XmlRpcClient::writeRequest: write error (Connection refused).
Error in XmlRpcDispatch::work: couldn't find source iterator
Error in XmlRpcClient::writeRequest: write error (Connection refused).
Error in XmlRpcDispatch::work: couldn't find source iterator
Error in XmlRpcClient::writeRequest: write error (Connection refused).
Error in XmlRpcDispatch::work: couldn't find source iterator
Error in XmlRpcClient::writeRequest: write error (Connection refused).
Error in XmlRpcDispatch::work: couldn't find source iterator
Error in XmlRpcClient::writeRequest: write error (Connection refused).
Error in XmlRpcDispatch::work: couldn't find source iterator
Error in XmlRpcClient::writeRequest: write error (Connection refused).
Error in XmlRpcDispatch::work: couldn't find source iterator
Error in XmlRpcClient::writeRequest: write error (Connection refused).
Error in XmlRpcDispatch::work: couldn't find source iterator
[INFO] [1774026932.386706, 0.000000]: Ground Truth Odom Publisher initialized
[INFO] [1774026932.344301, 0.000000]: Ground Truth Odom Publisher initialized
[31mWARNING: disk usage in log directory [/data/lzq/.ros/log] is over 1GB.
It's recommended that you use the 'rosclean' command.[0m
[31m================================================================================REQUIRED process [master] has died!
process has died [pid 1577334, exit code -9, cmd rosmaster --core -p 11311 -w 3 __log:=/data/lzq/.ros/log/65dc176e-2480-11f1-b59d-97ab0d48338d/master.log].
log file: /data/lzq/.ros/log/65dc176e-2480-11f1-b59d-97ab0d48338d/master*.log
Initiating shutdown!
================================================================================[0m
[31m[rviz-16] escalating to SIGTERM[0m

auto-starting new master
[1mprocess[master]: started with pid [1577334][0m
[1mROS_MASTER_URI=http://localhost:11311[0m
]2;/data/lzq/ros_motion_planning/src/sim_env/launch/main.launch http://localhost:11311
[1msetting /run_id to 65dc176e-2480-11f1-b59d-97ab0d48338d[0m
[1mprocess[rosout-1]: started with pid [1577344][0m
started core service [/rosout]
[1mprocess[gazebo-2]: started with pid [1577360][0m
[1mprocess[map_server-3]: started with pid [1577362][0m
[1mprocess[robot2/robot_state_publisher-4]: started with pid [1577364][0m
[1mprocess[robot2/joint_state_publisher-5]: started with pid [1577367][0m
[1mprocess[robot2/urdf_spawner-6]: started with pid [1577368][0m
[1mprocess[robot2/tf_map2odom_node-7]: started with pid [1577379][0m
[1mprocess[robot2/ground_truth_odom_publisher-8]: started with pid [1577381][0m
[1mprocess[robot2/move_base-9]: started with pid [1577382][0m
[1mprocess[robot1/robot_state_publisher-10]: started with pid [1577383][0m
[1mprocess[robot1/joint_state_publisher-11]: started with pid [1577384][0m
[1mprocess[robot1/urdf_spawner-12]: started with pid [1577385][0m
[1mprocess[robot1/tf_map2odom_node-13]: started with pid [1577396][0m
[1mprocess[robot1/ground_truth_odom_publisher-14]: started with pid [1577430][0m
[1mprocess[robot1/move_base-15]: started with pid [1577462][0m
[1mprocess[rviz-16]: started with pid [1577463][0m
[1m[robot2/urdf_spawner-6] process has finished cleanly
log file: /data/lzq/.ros/log/65dc176e-2480-11f1-b59d-97ab0d48338d/robot2-urdf_spawner-6*.log[0m
[1m[robot1/urdf_spawner-12] process has finished cleanly
log file: /data/lzq/.ros/log/65dc176e-2480-11f1-b59d-97ab0d48338d/robot1-urdf_spawner-12*.log[0m
[rviz-16] killing on exit
[robot1/move_base-15] killing on exit
[robot1/ground_truth_odom_publisher-14] killing on exit
[robot1/tf_map2odom_node-13] killing on exit
[robot1/joint_state_publisher-11] killing on exit
[robot1/robot_state_publisher-10] killing on exit
[robot2/move_base-9] killing on exit
[robot2/ground_truth_odom_publisher-8] killing on exit
[robot2/tf_map2odom_node-7] killing on exit
[robot2/joint_state_publisher-5] killing on exit
[robot2/robot_state_publisher-4] killing on exit
[map_server-3] killing on exit
[gazebo-2] killing on exit
[rosout-1] killing on exit
[master] killing on exit
shutting down processing monitor...
... shutting down processing monitor complete
[1mdone[0m
