xacro: in-order processing became default in ROS Melodic. You can drop the option.
xacro: in-order processing became default in ROS Melodic. You can drop the option.
... logging to /data/lzq/.ros/log/cb83ee92-2666-11f1-959d-99ad9226bd72/roslaunch-lzq-104598.log
Checking log directory for disk usage. This may take a while.
Press Ctrl-C to interrupt
]2;/data/lzq/ros_motion_planning/src/sim_env/launch/main.launch
[1mstarted roslaunch server http://lzq:38477/[0m

SUMMARY
========

PARAMETERS
 * /gazebo/enable_ros_network: True
 * /robot1/move_base/PIDController/base_frame: base_link
 * /robot1/move_base/PIDController/convert_offset: 0.0
 * /robot1/move_base/PIDController/goal_dist_tolerance: 0.2
 * /robot1/move_base/PIDController/k: 1.0
 * /robot1/move_base/PIDController/k_theta: 0.7
 * /robot1/move_base/PIDController/k_v_d: 0.1
 * /robot1/move_base/PIDController/k_v_i: 0.1
 * /robot1/move_base/PIDController/k_v_p: 1.0
 * /robot1/move_base/PIDController/k_w_d: 0.1
 * /robot1/move_base/PIDController/k_w_i: 0.1
 * /robot1/move_base/PIDController/k_w_p: 1.0
 * /robot1/move_base/PIDController/l: 0.2
 * /robot1/move_base/PIDController/lookahead_time: 0.5
 * /robot1/move_base/PIDController/map_frame: map
 * /robot1/move_base/PIDController/max_lookahead_dist: 0.9
 * /robot1/move_base/PIDController/max_v: 0.5
 * /robot1/move_base/PIDController/max_v_inc: 0.5
 * /robot1/move_base/PIDController/max_w: 1.57
 * /robot1/move_base/PIDController/max_w_inc: 1.57
 * /robot1/move_base/PIDController/min_lookahead_dist: 0.3
 * /robot1/move_base/PIDController/min_v: 0.0
 * /robot1/move_base/PIDController/min_w: 0.0
 * /robot1/move_base/PIDController/rotate_tolerance: 0.5
 * /robot1/move_base/PathPlanner/convert_offset: 0.0
 * /robot1/move_base/PathPlanner/default_tolerance: 0.0
 * /robot1/move_base/PathPlanner/expand_zone: True
 * /robot1/move_base/PathPlanner/hybrid_astar/analytic_expansion_max_length: 5.0
 * /robot1/move_base/PathPlanner/hybrid_astar/analytic_expansion_ratio: 1.5
 * /robot1/move_base/PathPlanner/hybrid_astar/cache_obstacle_heuristic: False
 * /robot1/move_base/PathPlanner/hybrid_astar/change_penalty: 0.4
 * /robot1/move_base/PathPlanner/hybrid_astar/cost_penalty: 2.0
 * /robot1/move_base/PathPlanner/hybrid_astar/curve_sample_ratio: 0.15
 * /robot1/move_base/PathPlanner/hybrid_astar/dim_3_size: 32
 * /robot1/move_base/PathPlanner/hybrid_astar/downsample_obstacle_heuristic: True
 * /robot1/move_base/PathPlanner/hybrid_astar/goal_tolerance: 0.2
 * /robot1/move_base/PathPlanner/hybrid_astar/lookup_table_dim: 20.0
 * /robot1/move_base/PathPlanner/hybrid_astar/max_approach_iterations: 500
 * /robot1/move_base/PathPlanner/hybrid_astar/max_iterations: 20000
 * /robot1/move_base/PathPlanner/hybrid_astar/minimum_turning_radius: 0.3
 * /robot1/move_base/PathPlanner/hybrid_astar/motion_model: 2
 * /robot1/move_base/PathPlanner/hybrid_astar/non_straight_penalty: 1.5
 * /robot1/move_base/PathPlanner/hybrid_astar/retrospective_penalty: 0.025
 * /robot1/move_base/PathPlanner/hybrid_astar/reverse_penalty: 2.5
 * /robot1/move_base/PathPlanner/hybrid_astar/traverse_unknown: False
 * /robot1/move_base/PathPlanner/obstacle_factor: 0.5
 * /robot1/move_base/PathPlanner/outline_map: True
 * /robot1/move_base/PathPlanner/planner_name: theta_star
 * /robot1/move_base/PathPlanner/show_safety_corridor: False
 * /robot1/move_base/base_global_planner: path_planner/Path...
 * /robot1/move_base/base_local_planner: pid_controller/PI...
 * /robot1/move_base/conservative_reset_dist: 3.0
 * /robot1/move_base/controller_frequency: 20.0
 * /robot1/move_base/controller_patience: 15.0
 * /robot1/move_base/global_costmap/footprint: [[-0.21, -0.165],...
 * /robot1/move_base/global_costmap/footprint_padding: 0.1
 * /robot1/move_base/global_costmap/global_frame: map
 * /robot1/move_base/global_costmap/inflation_layer/cost_scaling_factor: 5
 * /robot1/move_base/global_costmap/inflation_layer/enabled: True
 * /robot1/move_base/global_costmap/inflation_layer/inflation_radius: 0.2
 * /robot1/move_base/global_costmap/map_type: costmap
 * /robot1/move_base/global_costmap/meter_scoring: True
 * /robot1/move_base/global_costmap/obstacle_layer/observation_sources: scan
 * /robot1/move_base/global_costmap/obstacle_layer/scan/clearing: True
 * /robot1/move_base/global_costmap/obstacle_layer/scan/data_type: LaserScan
 * /robot1/move_base/global_costmap/obstacle_layer/scan/expected_update_rate: 1
 * /robot1/move_base/global_costmap/obstacle_layer/scan/inf_is_valid: True
 * /robot1/move_base/global_costmap/obstacle_layer/scan/marking: True
 * /robot1/move_base/global_costmap/obstacle_layer/scan/max_obstacle_height: 0.2
 * /robot1/move_base/global_costmap/obstacle_layer/scan/min_obstacle_height: 0.0
 * /robot1/move_base/global_costmap/obstacle_layer/scan/observation_persistence: 0.0
 * /robot1/move_base/global_costmap/obstacle_layer/scan/obstacle_range: 2.5
 * /robot1/move_base/global_costmap/obstacle_layer/scan/raytrace_range: 3.0
 * /robot1/move_base/global_costmap/obstacle_layer/scan/sensor_frame: robot1/base_footp...
 * /robot1/move_base/global_costmap/obstacle_layer/scan/topic: /robot1/scan
 * /robot1/move_base/global_costmap/origin_z: 0.0
 * /robot1/move_base/global_costmap/plugins: [{'name': 'static...
 * /robot1/move_base/global_costmap/publish_frequency: 0.5
 * /robot1/move_base/global_costmap/publish_voxel_map: False
 * /robot1/move_base/global_costmap/robot_base_frame: robot1/base_footp...
 * /robot1/move_base/global_costmap/scan/sensor_frame: robot1/base_scan
 * /robot1/move_base/global_costmap/scan/topic: /robot1/scan
 * /robot1/move_base/global_costmap/static_map/clear_time: 20
 * /robot1/move_base/global_costmap/static_map/enabled: True
 * /robot1/move_base/global_costmap/static_map/publish_static_map: True
 * /robot1/move_base/global_costmap/transform_tolerance: 0.2
 * /robot1/move_base/global_costmap/update_frequency: 1.0
 * /robot1/move_base/global_costmap/z_resolution: 1
 * /robot1/move_base/global_costmap/z_voxels: 2
 * /robot1/move_base/local_costmap/global_frame: robot1/odom
 * /robot1/move_base/local_costmap/height: 3
 * /robot1/move_base/local_costmap/inflation_radius: 0.2
 * /robot1/move_base/local_costmap/plugins: [{'name': 'obstac...
 * /robot1/move_base/local_costmap/publish_frequency: 0.5
 * /robot1/move_base/local_costmap/resolution: 0.05
 * /robot1/move_base/local_costmap/robot_base_frame: robot1/base_footp...
 * /robot1/move_base/local_costmap/rolling_window: True
 * /robot1/move_base/local_costmap/scan/sensor_frame: robot1/base_scan
 * /robot1/move_base/local_costmap/scan/topic: /robot1/scan
 * /robot1/move_base/local_costmap/static_map: False
 * /robot1/move_base/local_costmap/transform_tolerance: 1.0
 * /robot1/move_base/local_costmap/update_frequency: 1.0
 * /robot1/move_base/local_costmap/width: 3
 * /robot1/move_base/oscillation_distance: 0.2
 * /robot1/move_base/oscillation_timeout: 10.0
 * /robot1/move_base/planner_frequency: 2
 * /robot1/move_base/planner_patience: 5.0
 * /robot1/move_base/shutdown_costmaps: False
 * /robot1/move_base/transform_tolerance: 2.0
 * /robot1/robot_description: <?xml version="1....
 * /robot1/tf_map2odom_node/odom_frame_id: robot1/odom
 * /robot1/tf_prefix: robot1
 * /robot2/move_base/PIDController/base_frame: base_link
 * /robot2/move_base/PIDController/convert_offset: 0.0
 * /robot2/move_base/PIDController/goal_dist_tolerance: 0.2
 * /robot2/move_base/PIDController/k: 1.0
 * /robot2/move_base/PIDController/k_theta: 0.7
 * /robot2/move_base/PIDController/k_v_d: 0.1
 * /robot2/move_base/PIDController/k_v_i: 0.1
 * /robot2/move_base/PIDController/k_v_p: 1.0
 * /robot2/move_base/PIDController/k_w_d: 0.1
 * /robot2/move_base/PIDController/k_w_i: 0.1
 * /robot2/move_base/PIDController/k_w_p: 1.0
 * /robot2/move_base/PIDController/l: 0.2
 * /robot2/move_base/PIDController/lookahead_time: 0.5
 * /robot2/move_base/PIDController/map_frame: map
 * /robot2/move_base/PIDController/max_lookahead_dist: 0.9
 * /robot2/move_base/PIDController/max_v: 0.5
 * /robot2/move_base/PIDController/max_v_inc: 0.5
 * /robot2/move_base/PIDController/max_w: 1.57
 * /robot2/move_base/PIDController/max_w_inc: 1.57
 * /robot2/move_base/PIDController/min_lookahead_dist: 0.3
 * /robot2/move_base/PIDController/min_v: 0.0
 * /robot2/move_base/PIDController/min_w: 0.0
 * /robot2/move_base/PIDController/rotate_tolerance: 0.5
 * /robot2/move_base/PathPlanner/convert_offset: 0.0
 * /robot2/move_base/PathPlanner/default_tolerance: 0.0
 * /robot2/move_base/PathPlanner/expand_zone: True
 * /robot2/move_base/PathPlanner/hybrid_astar/analytic_expansion_max_length: 5.0
 * /robot2/move_base/PathPlanner/hybrid_astar/analytic_expansion_ratio: 1.5
 * /robot2/move_base/PathPlanner/hybrid_astar/cache_obstacle_heuristic: False
 * /robot2/move_base/PathPlanner/hybrid_astar/change_penalty: 0.4
 * /robot2/move_base/PathPlanner/hybrid_astar/cost_penalty: 2.0
 * /robot2/move_base/PathPlanner/hybrid_astar/curve_sample_ratio: 0.15
 * /robot2/move_base/PathPlanner/hybrid_astar/dim_3_size: 32
 * /robot2/move_base/PathPlanner/hybrid_astar/downsample_obstacle_heuristic: True
 * /robot2/move_base/PathPlanner/hybrid_astar/goal_tolerance: 0.2
 * /robot2/move_base/PathPlanner/hybrid_astar/lookup_table_dim: 20.0
 * /robot2/move_base/PathPlanner/hybrid_astar/max_approach_iterations: 500
 * /robot2/move_base/PathPlanner/hybrid_astar/max_iterations: 20000
 * /robot2/move_base/PathPlanner/hybrid_astar/minimum_turning_radius: 0.3
 * /robot2/move_base/PathPlanner/hybrid_astar/motion_model: 2
 * /robot2/move_base/PathPlanner/hybrid_astar/non_straight_penalty: 1.5
 * /robot2/move_base/PathPlanner/hybrid_astar/retrospective_penalty: 0.025
 * /robot2/move_base/PathPlanner/hybrid_astar/reverse_penalty: 2.5
 * /robot2/move_base/PathPlanner/hybrid_astar/traverse_unknown: False
 * /robot2/move_base/PathPlanner/obstacle_factor: 0.5
 * /robot2/move_base/PathPlanner/outline_map: True
 * /robot2/move_base/PathPlanner/planner_name: theta_star
 * /robot2/move_base/PathPlanner/show_safety_corridor: False
 * /robot2/move_base/base_global_planner: path_planner/Path...
 * /robot2/move_base/base_local_planner: pid_controller/PI...
 * /robot2/move_base/conservative_reset_dist: 3.0
 * /robot2/move_base/controller_frequency: 20.0
 * /robot2/move_base/controller_patience: 15.0
 * /robot2/move_base/global_costmap/footprint: [[-0.21, -0.165],...
 * /robot2/move_base/global_costmap/footprint_padding: 0.1
 * /robot2/move_base/global_costmap/global_frame: map
 * /robot2/move_base/global_costmap/inflation_layer/cost_scaling_factor: 5
 * /robot2/move_base/global_costmap/inflation_layer/enabled: True
 * /robot2/move_base/global_costmap/inflation_layer/inflation_radius: 0.2
 * /robot2/move_base/global_costmap/map_type: costmap
 * /robot2/move_base/global_costmap/meter_scoring: True
 * /robot2/move_base/global_costmap/obstacle_layer/observation_sources: scan
 * /robot2/move_base/global_costmap/obstacle_layer/scan/clearing: True
 * /robot2/move_base/global_costmap/obstacle_layer/scan/data_type: LaserScan
 * /robot2/move_base/global_costmap/obstacle_layer/scan/expected_update_rate: 1
 * /robot2/move_base/global_costmap/obstacle_layer/scan/inf_is_valid: True
 * /robot2/move_base/global_costmap/obstacle_layer/scan/marking: True
 * /robot2/move_base/global_costmap/obstacle_layer/scan/max_obstacle_height: 0.2
 * /robot2/move_base/global_costmap/obstacle_layer/scan/min_obstacle_height: 0.0
 * /robot2/move_base/global_costmap/obstacle_layer/scan/observation_persistence: 0.0
 * /robot2/move_base/global_costmap/obstacle_layer/scan/obstacle_range: 2.5
 * /robot2/move_base/global_costmap/obstacle_layer/scan/raytrace_range: 3.0
 * /robot2/move_base/global_costmap/obstacle_layer/scan/sensor_frame: robot2/base_footp...
 * /robot2/move_base/global_costmap/obstacle_layer/scan/topic: /robot2/scan
 * /robot2/move_base/global_costmap/origin_z: 0.0
 * /robot2/move_base/global_costmap/plugins: [{'name': 'static...
 * /robot2/move_base/global_costmap/publish_frequency: 0.5
 * /robot2/move_base/global_costmap/publish_voxel_map: False
 * /robot2/move_base/global_costmap/robot_base_frame: robot2/base_footp...
 * /robot2/move_base/global_costmap/scan/sensor_frame: robot2/base_scan
 * /robot2/move_base/global_costmap/scan/topic: /robot2/scan
 * /robot2/move_base/global_costmap/static_map/clear_time: 20
 * /robot2/move_base/global_costmap/static_map/enabled: True
 * /robot2/move_base/global_costmap/static_map/publish_static_map: True
 * /robot2/move_base/global_costmap/transform_tolerance: 0.2
 * /robot2/move_base/global_costmap/update_frequency: 1.0
 * /robot2/move_base/global_costmap/z_resolution: 1
 * /robot2/move_base/global_costmap/z_voxels: 2
 * /robot2/move_base/local_costmap/global_frame: robot2/odom
 * /robot2/move_base/local_costmap/height: 3
 * /robot2/move_base/local_costmap/inflation_radius: 0.2
 * /robot2/move_base/local_costmap/plugins: [{'name': 'obstac...
 * /robot2/move_base/local_costmap/publish_frequency: 0.5
 * /robot2/move_base/local_costmap/resolution: 0.05
 * /robot2/move_base/local_costmap/robot_base_frame: robot2/base_footp...
 * /robot2/move_base/local_costmap/rolling_window: True
 * /robot2/move_base/local_costmap/scan/sensor_frame: robot2/base_scan
 * /robot2/move_base/local_costmap/scan/topic: /robot2/scan
 * /robot2/move_base/local_costmap/static_map: False
 * /robot2/move_base/local_costmap/transform_tolerance: 1.0
 * /robot2/move_base/local_costmap/update_frequency: 1.0
 * /robot2/move_base/local_costmap/width: 3
 * /robot2/move_base/oscillation_distance: 0.2
 * /robot2/move_base/oscillation_timeout: 10.0
 * /robot2/move_base/planner_frequency: 2
 * /robot2/move_base/planner_patience: 5.0
 * /robot2/move_base/shutdown_costmaps: False
 * /robot2/move_base/transform_tolerance: 2.0
 * /robot2/robot_description: <?xml version="1....
 * /robot2/tf_map2odom_node/odom_frame_id: robot2/odom
 * /robot2/tf_prefix: robot2
 * /rosdistro: noetic
 * /rosversion: 1.17.4
 * /use_sim_time: True

NODES
  /
    gazebo (gazebo_ros/gzserver)
    map_server (map_server/map_server)
    rviz (rviz/rviz)
  /robot1/
    ground_truth_odom_publisher (sim_env/ground_truth_odom_publisher.py)
    joint_state_publisher (joint_state_publisher/joint_state_publisher)
    move_base (move_base/move_base)
    robot_state_publisher (robot_state_publisher/robot_state_publisher)
    tf_map2odom_node (sim_env/tf_map2odom.py)
    urdf_spawner (gazebo_ros/spawn_model)
  /robot2/
    ground_truth_odom_publisher (sim_env/ground_truth_odom_publisher.py)
    joint_state_publisher (joint_state_publisher/joint_state_publisher)
    move_base (move_base/move_base)
    robot_state_publisher (robot_state_publisher/robot_state_publisher)
    tf_map2odom_node (sim_env/tf_map2odom.py)
    urdf_spawner (gazebo_ros/spawn_model)
[33m[WARN] [1774235837.856111547]: link 'base_scan' material 'dark' undefined.[0m
[33m[WARN] [1774235837.856420247]: link 'base_scan' material 'dark' undefined.[0m
[33m[WARN] [1774235837.856579346]: The root link base_footprint has an inertia specified in the URDF, but KDL does not support a root link with an inertia.  As a workaround, you can add an extra dummy link to your URDF.[0m
[33m[WARN] [1774235837.881423768]: link 'base_scan' material 'dark' undefined.[0m
[33m[WARN] [1774235837.881779960]: link 'base_scan' material 'dark' undefined.[0m
[33m[WARN] [1774235837.881963993]: The root link base_footprint has an inertia specified in the URDF, but KDL does not support a root link with an inertia.  As a workaround, you can add an extra dummy link to your URDF.[0m
[33m[WARN] [1774235839.043925406]: link 'base_scan' material 'dark' undefined.[0m
[33m[WARN] [1774235839.043946778]: link 'base_scan' material 'dark' undefined.[0m
Warning: Warning: TF_REPEATED_DATA ignoring data with redundant timestamp for frame robot1/odom (parent map) at time 83.374000 according to authority unknown_publisherTF_REPEATED_DATA ignoring data with redundant timestamp for frame robot1/odom (parent map) at time 83.374000 according to authority unknown_publisher

         at line          at line 277 in 277/tmp/binarydeb/ros-noetic-tf2-0.7.10/src/buffer_core.cpp in 
/tmp/binarydeb/ros-noetic-tf2-0.7.10/src/buffer_core.cpp
Warning: TF_REPEATED_DATA ignoring data with redundant timestamp for frame robot2/odom (parent map) at time 83.374000 according to authority unknown_publisher
Warning:          at line TF_REPEATED_DATA ignoring data with redundant timestamp for frame robot2/odom (parent map) at time 83.374000 according to authority unknown_publisher277[33m[WARN] [1774235839.297504725]: TF_REPEATED_DATA ignoring data with redundant timestamp for frame robot1/odom (parent map) at time 83.374000 according to authority unknown_publisher[0m

 in          at line /tmp/binarydeb/ros-noetic-tf2-0.7.10/src/buffer_core.cpp277
 in /tmp/binarydeb/ros-noetic-tf2-0.7.10/src/buffer_core.cpp
[33m[WARN] [1774235839.297537969]: TF_REPEATED_DATA ignoring data with redundant timestamp for frame robot2/odom (parent map) at time 83.374000 according to authority unknown_publisher[0m
[33m[WARN] [1774235839.723447929]: link 'base_scan' material 'dark' undefined.[0m
[33m[WARN] [1774235839.723470487]: link 'base_scan' material 'dark' undefined.[0m
[INFO] [1774235838.355677, 0.000000]: Loading model XML from ros parameter robot_description
[INFO] [1774235838.360151, 0.000000]: Waiting for service /gazebo/spawn_urdf_model
[INFO] [1774235839.263760, 0.000000]: Calling service /gazebo/spawn_urdf_model
[INFO] [1774235841.226104, 83.536000]: Spawn status: SpawnModel: Successfully spawned entity
[33m[WARN] [1774235841.436456800, 83.536000000]: GazeboRosSkidSteerDrive Plugin (ns = /robot2//) missing <covariance_x>, defaults to 0.000100[0m
[33m[WARN] [1774235841.436484108, 83.536000000]: GazeboRosSkidSteerDrive Plugin (ns = /robot2//) missing <covariance_y>, defaults to 0.000100[0m
[33m[WARN] [1774235841.436494794, 83.536000000]: GazeboRosSkidSteerDrive Plugin (ns = /robot2//) missing <covariance_yaw>, defaults to 0.010000[0m
[33m[WARN] [1774235841.439648284, 83.540000000]: Timed out waiting for transform from robot2/base_footprint to map to become available before running costmap, tf error: Could not find a connection between 'map' and 'robot2/base_footprint' because they are not part of the same tree.Tf has two or more unconnected trees.. canTransform returned after 83.54 timeout was 0.1.[0m
[33m[WARN] [1774235841.439648284, 83.540000000]: Timed out waiting for transform from robot1/base_footprint to map to become available before running costmap, tf error: Could not find a connection between 'map' and 'robot1/base_footprint' because they are not part of the same tree.Tf has two or more unconnected trees.. canTransform returned after 83.54 timeout was 0.1.[0m
[33m[WARN] [1774235841.639949525, 83.938000000]: global_costmap: Pre-Hydro parameter "static_map" unused since "plugins" is provided[0m
[33m[WARN] [1774235841.640097939, 83.938000000]: global_costmap: Pre-Hydro parameter "map_type" unused since "plugins" is provided[0m
[INFO] [1774235838.387935, 0.000000]: Loading model XML from ros parameter robot_description
[INFO] [1774235838.390988, 0.000000]: Waiting for service /gazebo/spawn_urdf_model
[INFO] [1774235839.294147, 83.316000]: Calling service /gazebo/spawn_urdf_model
[INFO] [1774235841.722130, 83.938000]: Spawn status: SpawnModel: Successfully spawned entity
[33m[WARN] [1774235842.423446975, 83.938000000]: GazeboRosSkidSteerDrive Plugin (ns = /robot1//) missing <covariance_x>, defaults to 0.000100[0m
[33m[WARN] [1774235842.423477845, 83.938000000]: GazeboRosSkidSteerDrive Plugin (ns = /robot1//) missing <covariance_y>, defaults to 0.000100[0m
[33m[WARN] [1774235842.423488531, 83.938000000]: GazeboRosSkidSteerDrive Plugin (ns = /robot1//) missing <covariance_yaw>, defaults to 0.010000[0m
[33m[WARN] [1774235842.475947362, 84.040000000]: global_costmap: Pre-Hydro parameter "static_map" unused since "plugins" is provided[0m
[33m[WARN] [1774235842.476079153, 84.040000000]: global_costmap: Pre-Hydro parameter "map_type" unused since "plugins" is provided[0m
WARNING: Logging before InitGoogleLogging() is written to STDERR
I20260323 11:17:22.545738 104728 path_planner_factory.cpp:308] Using path planner: theta_star
[33m[WARN] [1774235842.548792272, 84.186000000]: local_costmap: Pre-Hydro parameter "static_map" unused since "plugins" is provided[0m
WARNING: Logging before InitGoogleLogging() is written to STDERR
I20260323 11:17:22.702387 104808 path_planner_factory.cpp:308] Using path planner: theta_star
[33m[WARN] [1774235842.705323401, 84.500000000]: local_costmap: Pre-Hydro parameter "static_map" unused since "plugins" is provided[0m
[33m[WARN] [1774235843.041314952, 85.170000000]: The /robot2/scan observation buffer has not been updated for 1.02 seconds, and it should be updated every 1.00 seconds.[0m
[33m[WARN] [1774235843.199922682, 85.484000000]: The /robot1/scan observation buffer has not been updated for 1.03 seconds, and it should be updated every 1.00 seconds.[0m
E20260323 11:17:29.961006 105014 path_planner_node.cpp:250] Failed to get a path.
[33m[WARN] [1774235849.965145493, 98.652000000]: Map update loop missed its desired rate of 1.0000Hz... the loop actually took 1.1680 seconds[0m
E20260323 11:17:30.991550 105014 path_planner_node.cpp:250] Failed to get a path.
E20260323 11:17:32.024540 105014 path_planner_node.cpp:250] Failed to get a path.
[33m[WARN] [1774235852.028393472, 102.178000000]: Map update loop missed its desired rate of 1.0000Hz... the loop actually took 3.6940 seconds[0m
[33m[WARN] [1774235852.028670115, 102.178000000]: Clearing both costmaps outside a square (3.00m) large centered on the robot.[0m
E20260323 11:17:33.097752 105014 path_planner_node.cpp:250] Failed to get a path.
E20260323 11:17:34.144387 105014 path_planner_node.cpp:250] Failed to get a path.
E20260323 11:17:35.183066 105014 path_planner_node.cpp:250] Failed to get a path.
[33m[WARN] [1774235855.187107529, 107.608000000]: Map update loop missed its desired rate of 1.0000Hz... the loop actually took 4.4300 seconds[0m
[33m[WARN] [1774235855.196837517, 107.628000000]: Rotate recovery behavior started.[0m
[33m[WARN] [1774235856.659414476, 110.182000000]: Clearing both costmaps outside a square (3.00m) large centered on the robot.[0m
[0m[INFO] [1774235841.640337775, 83.938000000]: global_costmap: Using plugin "static_map"[0m
[0m[INFO] [1774235841.643069771, 83.938000000]: Requesting the map...[0m
[0m[INFO] [1774235842.474780238, 84.038000000]: Resizing costmap to 480 X 480 at 0.050000 m/pix[0m
[0m[INFO] [1774235842.524294545, 84.138000000]: Received a 480 X 480 map at 0.050000 m/pix[0m
[0m[INFO] [1774235842.525751372, 84.140000000]: global_costmap: Using plugin "obstacle_layer"[0m
[0m[INFO] [1774235842.526692907, 84.142000000]:     Subscribed to Topics: scan[0m
[0m[INFO] [1774235842.531762713, 84.152000000]: global_costmap: Using plugin "voronoi_layer"[0m
[0m[INFO] [1774235842.533367953, 84.156000000]: global_costmap: Using plugin "inflation_layer"[0m
[0m[INFO] [1774235842.549224452, 84.188000000]: local_costmap: Using plugin "obstacle_layer"[0m
[0m[INFO] [1774235842.550072190, 84.188000000]:     Subscribed to Topics: [0m
[0m[INFO] [1774235842.552281770, 84.194000000]: local_costmap: Using plugin "inflation_layer"[0m
[0m[INFO] [1774235842.564139415, 84.216000000]: Created local_planner pid_controller/PIDController[0m
[0m[INFO] [1774235842.568853028, 84.226000000]: PID Controller initialized![0m
[0m[INFO] [1774235843.066636670, 85.220000000]: Recovery behavior will clear layer 'obstacles'[0m
[0m[INFO] [1774235843.068411696, 85.224000000]: Recovery behavior will clear layer 'obstacles'[0m
[0m[INFO] [1774235843.077505288, 85.240000000]: odom received![0m
[0m[INFO] [1774235848.855264242, 96.734000000]: Got new plan[0m
[0m[INFO] [1774235849.137934964, 97.232000000]: Got new plan[0m
[0m[INFO] [1774235849.431146606, 97.732000000]: Got new plan[0m
[0m[INFO] [1774235849.726598698, 98.232000000]: Got new plan[0m
[0m[INFO] [1774235850.014485263, 98.732000000]: Got new plan[0m
[0m[INFO] [1774235850.324543615, 99.232000000]: Got new plan[0m
[0m[INFO] [1774235850.627311897, 99.732000000]: Got new plan[0m
[0m[INFO] [1774235850.896986343, 100.232000000]: Got new plan[0m
[0m[INFO] [1774235851.189813294, 100.732000000]: Got new plan[0m
[0m[INFO] [1774235851.481620346, 101.232000000]: Got new plan[0m
[0m[INFO] [1774235851.784025309, 101.732000000]: Got new plan[0m
[0m[INFO] [1774235852.056043500, 102.232000000]: Got new plan[0m
[0m[INFO] [1774235852.352232904, 102.734000000]: Got new plan[0m
[0m[INFO] [1774235852.631182596, 103.232000000]: Got new plan[0m
[0m[INFO] [1774235852.920790752, 103.732000000]: Got new plan[0m
[0m[INFO] [1774235853.223388056, 104.232000000]: Got new plan[0m
[0m[INFO] [1774235853.495237645, 104.734000000]: Got new plan[0m
[0m[INFO] [1774235853.778408216, 105.232000000]: Got new plan[0m
[0m[INFO] [1774235854.077537392, 105.732000000]: Got new plan[0m
[0m[INFO] [1774235854.386206586, 106.232000000]: Got new plan[0m
[0m[INFO] [1774235854.680325321, 106.732000000]: Got new plan[0m
[0m[INFO] [1774235854.984916112, 107.232000000]: Got new plan[0m
[0m[INFO] [1774235855.254544245, 107.732000000]: Got new plan[0m
[0m[INFO] [1774235855.538910431, 108.234000000]: Got new plan[0m
[0m[INFO] [1774235855.824355879, 108.732000000]: Got new plan[0m
[0m[INFO] [1774235856.109793016, 109.232000000]: Got new plan[0m
[0m[INFO] [1774235856.393125055, 109.732000000]: Got new plan[0m
[0m[INFO] [1774235856.697701594, 110.232000000]: Got new plan[0m
[0m[INFO] [1774235857.005201286, 110.734000000]: Got new plan[0m
[0m[INFO] [1774235857.298387979, 111.232000000]: Got new plan[0m
[0m[INFO] [1774235857.608481936, 111.732000000]: Got new plan[0m
[0m[INFO] [1774235857.883562183, 112.232000000]: Got new plan[0m
[0m[INFO] [1774235858.192885576, 112.732000000]: Got new plan[0m
[0m[INFO] [1774235858.472896711, 113.232000000]: Got new plan[0m
[0m[INFO] [1774235858.767382316, 113.732000000]: Got new plan[0m
[0m[INFO] [1774235859.076545422, 114.234000000]: Got new plan[0m
[0m[INFO] [1774235859.369688180, 114.732000000]: Got new plan[0m
[0m[INFO] [1774235859.659946968, 115.232000000]: Got new plan[0m
[0m[INFO] [1774235859.955268436, 115.734000000]: Got new plan[0m
[0m[INFO] [E20260323 11:17:45.977437 105014 path_planner_node.cpp:250] Failed to get a path.
E20260323 11:17:47.022928 105014 path_planner_node.cpp:250] Failed to get a path.
E20260323 11:17:48.062340 105014 path_planner_node.cpp:250] Failed to get a path.
[33m[WARN] [1774235868.065656850, 129.594000000]: Map update loop missed its desired rate of 1.0000Hz... the loop actually took 4.9860 seconds[0m
[33m[WARN] [1774235868.083201698, 129.630000000]: Clearing both costmaps outside a square (1.84m) large centered on the robot.[0m
E20260323 11:17:49.154911 105014 path_planner_node.cpp:250] Failed to get a path.
E20260323 11:17:50.213147 105014 path_planner_node.cpp:250] Failed to get a path.
E20260323 11:17:51.271796 105014 path_planner_node.cpp:250] Failed to get a path.
[33m[WARN] [1774235871.275355949, 135.002000000]: Map update loop missed its desired rate of 1.0000Hz... the loop actually took 4.4080 seconds[0m
[33m[WARN] [1774235871.288491135, 135.028000000]: Rotate recovery behavior started.[0m
Error in XmlRpcClient::writeRequest: write error (Connection refused).
Error in XmlRpcDispatch::work: couldn't find source iterator
[0m[INFO] [1774235842.476327300, 84.042000000]: global_costmap: Using plugin "static_map"[0m
[0m[INFO] [1774235842.479157843, 84.046000000]: Requesting the map...[0m
[0m[INFO] [1774235842.629421173, 84.348000000]: Resizing costmap to 480 X 480 at 0.050000 m/pix[0m
[0m[INFO] [1774235842.680065797, 84.448000000]: Received a 480 X 480 map at 0.050000 m/pix[0m
[0m[INFO] [1774235842.681581989, 84.452000000]: global_costmap: Using plugin "obstacle_layer"[0m
[0m[INFO] [1774235842.682574579, 84.454000000]:     Subscribed to Topics: scan[0m
[0m[INFO] [1774235842.687567209, 84.464000000]: global_costmap: Using plugin "voronoi_layer"[0m
[0m[INFO] [1774235842.689116646, 84.466000000]: global_costmap: Using plugin "inflation_layer"[0m
[0m[INFO] [1774235842.705639225, 84.500000000]: local_costmap: Using plugin "obstacle_layer"[0m
[0m[INFO] [1774235842.706390791, 84.502000000]:     Subscribed to Topics: [0m
[0m[INFO] [1774235842.709664199, 84.508000000]: local_costmap: Using plugin "inflation_layer"[0m
[0m[INFO] [1774235842.720098262, 84.528000000]: Created local_planner pid_controller/PIDController[0m
[0m[INFO] [1774235842.724695519, 84.538000000]: PID Controller initialized![0m
[0m[INFO] [1774235843.223794697, 85.532000000]: Recovery behavior will clear layer 'obstacles'[0m
[0m[INFO] [1774235843.225773939, 85.536000000]: Recovery behavior will clear layer 'obstacles'[0m
[0m[INFO] [1774235843.234893652, 85.554000000]: odom received![0m
Error in XmlRpcClient::writeRequest: write error (Connection refused).
Error in XmlRpcDispatch::work: couldn't find source iterator
1774235860.252673628, 116.232000000]: Got new plan[0m
[0m[INFO] [1774235860.523568609, 116.732000000]: Got new plan[0m
[0m[INFO] [1774235860.815786453, 117.232000000]: Got new plan[0m
[0m[INFO] [1774235861.096552711, 117.732000000]: Got new plan[0m
[0m[INFO] [1774235861.392171003, 118.234000000]: Got new plan[0m
[0m[INFO] [1774235861.669862132, 118.732000000]: Got new plan[0m
[0m[INFO] [1774235861.979067975, 119.232000000]: Got new plan[0m
[0m[INFO] [1774235862.285216499, 119.734000000]: Got new plan[0m
[0m[INFO] [1774235862.346910203, 119.832000000]: GOAL Reached![0m
Error in XmlRpcClient::writeRequest: write error (Connection refused).
Error in XmlRpcDispatch::work: couldn't find source iterator
Error in XmlRpcClient::writeRequest: write error (Connection refused).
Error in XmlRpcDispatch::work: couldn't find source iterator
Error in XmlRpcClient::writeRequest: write error (Connection refused).
Error in XmlRpcDispatch::work: couldn't find source iterator
Error in XmlRpcClient::writeRequest: write error (Connection refused).
Error in XmlRpcClient::writeRequest: write error (Connection refused).
Error in XmlRpcDispatch::work: couldn't find source iterator
Error in XmlRpcDispatch::work: couldn't find source iterator
Error in XmlRpcClient::writeRequest: write error (Connection refused).
Error in XmlRpcDispatch::work: couldn't find source iterator
Error in XmlRpcClient::writeRequest: write error (Connection refused).
Error in XmlRpcClient::writeRequest: write error (Connection refused).
Error in XmlRpcDispatch::work: couldn't find source iterator
Error in XmlRpcDispatch::work: couldn't find source iterator
Error in XmlRpcClient::writeRequest: write error (Connection refused).
Error in XmlRpcClient::writeRequest: write error (Connection refused).
Error in XmlRpcDispatch::work: couldn't find source iterator
Error in XmlRpcDispatch::work: couldn't find source iterator
Error in XmlRpcClient::writeRequest: write error (Connection refused).
Error in XmlRpcDispatch::work: couldn't find source iterator
Error in XmlRpcClient::writeRequest: write error (Connection refused).
Error in XmlRpcClient::writeRequest: write error (Connection refused).
Error in XmlRpcDispatch::work: couldn't find source iterator
Error in XmlRpcDispatch::work: couldn't find source iterator
Error in XmlRpcClient::writeRequest: write error (Connection refused).
Error in XmlRpcDispatch::work: couldn't find source iterator
Error in XmlRpcClient::writeRequest: write error (Connection refused).
Error in XmlRpcClient::writeRequest: write error (Connection refused).
Error in XmlRpcDispatch::work: couldn't find source iterator
Error in XmlRpcDispatch::work: couldn't find source iterator
Error in XmlRpcClient::writeRequest: write error (Connection refused).
Error in XmlRpcDispatch::work: couldn't find source iterator
Error in XmlRpcClient::writeRequest: write error (Connection refused).
Error in XmlRpcClient::writeRequest: write error (Connection refused).
Error in XmlRpcDispatch::work: couldn't find source iterator
Error in XmlRpcDispatch::work: couldn't find source iterator
Error in XmlRpcClient::writeRequest: write error (Connection refused).
Error in XmlRpcDispatch::work: couldn't find source iterator
Error in XmlRpcClient::writeRequest: write error (Connection refused).
Error in XmlRpcClient::writeRequest: write error (Connection refused).
Error in XmlRpcDispatch::work: couldn't find source iterator
Error in XmlRpcDispatch::work: couldn't find source iterator
Error in XmlRpcClient::writeRequest: write error (Connection refused).
Error in XmlRpcDispatch::work: couldn't find source iterator
Error in XmlRpcClient::writeRequest: write error (Connection refused).
Error in XmlRpcDispatch::work: couldn't find source iterator
Error in XmlRpcClient::writeRequest: write error (Connection refused).
Error in XmlRpcDispatch::work: couldn't find source iterator
Error in XmlRpcClient::writeRequest: write error (Connection refused).
Error in XmlRpcDispatch::work: couldn't find source iterator
Error in XmlRpcClient::writeRequest: write error (Connection refused).
Error in XmlRpcDispatch::work: couldn't find source iterator
Error in XmlRpcClient::writeRequest: write error (Connection refused).
Error in XmlRpcDispatch::work: couldn't find source iterator
Error in XmlRpcClient::writeRequest: write error (Connection refused).
Error in XmlRpcDispatch::work: couldn't find source iterator
Error in XmlRpcClient::writeRequest: write error (Connection refused).
Error in XmlRpcClient::writeRequest: write error (Connection refused).
Error in XmlRpcDispatch::work: couldn't find source iterator
Error in XmlRpcDispatch::work: couldn't find source iterator
Error in XmlRpcClient::writeRequest: write error (Connection refused).
Error in XmlRpcClient::writeRequest: write error (Connection refused).
Error in XmlRpcDispatch::work: couldn't find source iterator
Error in XmlRpcDispatch::work: couldn't find source iterator
Error in XmlRpcClient::writeRequest: write error (Connection refused).
Error in XmlRpcClient::writeRequest: write error (Connection refused).
Error in XmlRpcDispatch::work: couldn't find source iterator
Error in XmlRpcDispatch::work: couldn't find source iterator
Error in XmlRpcClient::writeRequest: write error (Connection refused).
Error in XmlRpcClient::writeRequest: write error (Connection refused).
Error in XmlRpcDispatch::work: couldn't find source iterator
Error in XmlRpcDispatch::work: couldn't find source iterator
Error in XmlRpcClient::writeRequest: write error (Connection refused).
Error in XmlRpcDispatch::work: couldn't find source iterator
Error in XmlRpcClient::writeRequest: write error (Connection refused).
Error in XmlRpcDispatch::work: couldn't find source iterator
Error in XmlRpcClient::writeRequest: write error (Connection refused).
Error in XmlRpcDispatch::work: couldn't find source iterator
Error in XmlRpcClient::writeRequest: write error (Connection refused).
Error in XmlRpcDispatch::work: couldn't find source iterator
Error in XmlRpcClient::writeRequest: write error (Connection refused).
Error in XmlRpcDispatch::work: couldn't find source iterator
Error in XmlRpcClient::writeRequest: write error (Connection refused).
Error in XmlRpcDispatch::work: couldn't find source iterator
Error in XmlRpcClient::writeRequest: write error (Connection refused).
Error in XmlRpcDispatch::work: couldn't find source iterator
Error in XmlRpcClient::writeRequest: write error (Connection refused).
Error in XmlRpcDispatch::work: couldn't find source iterator
Error in XmlRpcClient::writeRequest: write error (Connection refused).
Error in XmlRpcDispatch::work: couldn't find source iterator
Error in XmlRpcClient::writeRequest: write error (Connection refused).
Error in XmlRpcDispatch::work: couldn't find source iterator
Error in XmlRpcClient::writeRequest: write error (Connection refused).
Error in XmlRpcDispatch::work: couldn't find source iterator
Error in XmlRpcClient::writeRequest: write error (Connection refused).
Error in XmlRpcDispatch::work: couldn't find source iterator
Error in XmlRpcClient::writeRequest: write error (Connection refused).
Error in XmlRpcDispatch::work: couldn't find source iterator
Error in XmlRpcClient::writeRequest: write error (Connection refused).
Error in XmlRpcDispatch::work: couldn't find source iterator
Error in XmlRpcClient::writeRequest: write error (Connection refused).
Error in XmlRpcDispatch::work: couldn't find source iterator
Error in XmlRpcClient::writeRequest: write error (Connection refused).
Error in XmlRpcDispatch::work: couldn't find source iterator
Error in XmlRpcClient::writeRequest: write error (Connection refused).
Error in XmlRpcDispatch::work: couldn't find source iterator
Error in XmlRpcClient::writeRequest: write error (Connection refused).
Error in XmlRpcDispatch::work: couldn't find source iterator
Error in XmlRpcClient::writeRequest: write error (Connection refused).
Error in XmlRpcDispatch::work: couldn't find source iterator
Error in XmlRpcClient::writeRequest: write error (Connection refused).
Error in XmlRpcDispatch::work: couldn't find source iterator
Error in XmlRpcClient::writeRequest: write error (Connection refused).
Error in XmlRpcDispatch::work: couldn't find source iterator
Error in XmlRpcClient::writeRequest: write error (Connection refused).
Error in XmlRpcDispatch::work: couldn't find source iterator
Error in XmlRpcClient::writeRequest: write error (Connection refused).
Error in XmlRpcDispatch::work: couldn't find source iterator
Error in XmlRpcClient::writeRequest: write error (Connection refused).
Error in XmlRpcDispatch::work: couldn't find source iterator
Error in XmlRpcClient::writeRequest: write error (Connection refused).
Error in XmlRpcDispatch::work: couldn't find source iterator
Error in XmlRpcClient::writeRequest: write error (Connection refused).
Error in XmlRpcDispatch::work: couldn't find source iterator
Error in XmlRpcClient::writeRequest: write error (Connection refused).
Error in XmlRpcDispatch::work: couldn't find source iterator
Error in XmlRpcClient::writeRequest: write error (Connection refused).
Error in XmlRpcDispatch::work: couldn't find source iterator
Error in XmlRpcClient::writeRequest: write error (Connection refused).
Error in XmlRpcDispatch::work: couldn't find source iterator
Error in XmlRpcClient::writeRequest: write error (Connection refused).
Error in XmlRpcDispatch::work: couldn't find source iterator
Error in XmlRpcClient::writeRequest: write error (Connection refused).
Error in XmlRpcDispatch::work: couldn't find source iterator
Error in XmlRpcClient::writeRequest: write error (Connection refused).
Error in XmlRpcDispatch::work: couldn't find source iterator
Error in XmlRpcClient::writeRequest: write error (Connection refused).
Error in XmlRpcDispatch::work: couldn't find source iterator
Error in XmlRpcClient::writeRequest: write error (Connection refused).
Error in XmlRpcDispatch::work: couldn't find source iterator
Error in XmlRpcClient::writeRequest: write error (Connection refused).
Error in XmlRpcClient::writeRequest: write error (Connection refused).
Error in XmlRpcDispatch::work: couldn't find source iterator
Error in XmlRpcDispatch::work: couldn't find source iterator
Error in XmlRpcClient::writeRequest: write error (Connection refused).
Error in XmlRpcDispatch::work: couldn't find source iterator
Error in XmlRpcClient::writeRequest: write error (Connection refused).
Error in XmlRpcDispatch::work: couldn't find source iterator
Error in XmlRpcClient::writeRequest: write error (Connection refused).
Error in XmlRpcDispatch::work: couldn't find source iterator
Error in XmlRpcClient::writeRequest: write error (Connection refused).
Error in XmlRpcDispatch::work: couldn't find source iterator
Error in XmlRpcClient::writeRequest: write error (Connection refused).
Error in XmlRpcDispatch::work: couldn't find source iterator
Error in XmlRpcClient::writeRequest: write error (Connection refused).
Error in XmlRpcDispatch::work: couldn't find source iterator
Error in XmlRpcClient::writeRequest: write error (Connection refused).
Error in XmlRpcClient::writeRequest: write error (Connection refused).
Error in XmlRpcDispatch::work: couldn't find source iterator
Error in XmlRpcDispatch::work: couldn't find source iterator
Error in XmlRpcClient::writeRequest: write error (Connection refused).
Error in XmlRpcClient::writeRequest: write error (Connection refused).
Error in XmlRpcDispatch::work: couldn't find source iterator
Error in XmlRpcDispatch::work: couldn't find source iterator
Error in XmlRpcClient::writeRequest: write error (Connection refused).
Error in XmlRpcClient::writeRequest: write error (Connection refused).
Error in XmlRpcDispatch::work: couldn't find source iterator
Error in XmlRpcDispatch::work: couldn't find source iterator
Error in XmlRpcClient::writeRequest: write error (Connection refused).
Error in XmlRpcDispatch::work: couldn't find source iterator
Error in XmlRpcClient::writeRequest: write error (Connection refused).
Error in XmlRpcDispatch::work: couldn't find source iterator
Error in XmlRpcClient::writeRequest: write error (Connection refused).
Error in XmlRpcDispatch::work: couldn't find source iterator
Error in XmlRpcClient::writeRequest: write error (Connection refused).
Error in XmlRpcDispatch::work: couldn't find source iterator
Error in XmlRpcClient::writeRequest: write error (Connection refused).
Error in XmlRpcDispatch::work: couldn't find source iterator
Error in XmlRpcClient::writeRequest: write error (Connection refused).
Error in XmlRpcDispatch::work: couldn't find source iterator
Error in XmlRpcClient::writeRequest: write error (Connection refused).
Error in XmlRpcDispatch::work: couldn't find source iterator
Error in XmlRpcClient::writeRequest: write error (Connection refused).
Error in XmlRpcDispatch::work: couldn't find source iterator
Error in XmlRpcClient::writeRequest: write error (Connection refused).
Error in XmlRpcDispatch::work: couldn't find source iterator
Error in XmlRpcClient::writeRequest: write error (Connection refused).
Error in XmlRpcDispatch::work: couldn't find source iterator
Error in XmlRpcClient::writeRequest: write error (Connection refused).
Error in XmlRpcDispatch::work: couldn't find source iterator
Error in XmlRpcClient::writeRequest: write error (Connection refused).
Error in XmlRpcDispatch::work: couldn't find source iterator
Error in XmlRpcClient::writeRequest: write error (Connection refused).
Error in XmlRpcDispatch::work: couldn't find source iterator
Error in XmlRpcClient::writeRequest: write error (Connection refused).
Error in XmlRpcDispatch::work: couldn't find source iterator
Error in XmlRpcClient::writeRequest: write error (Connection refused).
Error in XmlRpcClient::writeRequest: write error (Connection refused).
Error in XmlRpcDispatch::work: couldn't find source iterator
Error in XmlRpcDispatch::work: couldn't find source iterator
Error in XmlRpcClient::writeRequest: write error (Connection refused).
Error in XmlRpcClient::writeRequest: write error (Connection refused).
Error in XmlRpcDispatch::work: couldn't find source iterator
Error in XmlRpcDispatch::work: couldn't find source iterator
Error in XmlRpcClient::writeRequest: write error (Connection refused).
Error in XmlRpcDispatch::work: couldn't find source iterator
Error in XmlRpcClient::writeRequest: write error (Connection refused).
Error in XmlRpcDispatch::work: couldn't find source iterator
Error in XmlRpcClient::writeRequest: write error (Connection refused).
Error in XmlRpcDispatch::work: couldn't find source iterator
Error in XmlRpcClient::writeRequest: write error (Connection refused).
Error in XmlRpcDispatch::work: couldn't find source iterator
Error in XmlRpcClient::writeRequest: write error (Connection refused).
Error in XmlRpcDispatch::work: couldn't find source iterator
Error in XmlRpcClient::writeRequest: write error (Connection refused).
Error in XmlRpcDispatch::work: couldn't find source iterator
Error in XmlRpcClient::writeRequest: write error (Connection refused).
Error in XmlRpcDispatch::work: couldn't find source iterator
Error in XmlRpcClient::writeRequest: write error (Connection refused).
Error in XmlRpcDispatch::work: couldn't find source iterator
Error in XmlRpcClient::writeRequest: write error (Connection refused).
Error in XmlRpcDispatch::work: couldn't find source iterator
Error in XmlRpcClient::writeRequest: write error (Connection refused).
Error in XmlRpcDispatch::work: couldn't find source iterator
Error in XmlRpcClient::writeRequest: write error (Connection refused).
Error in XmlRpcDispatch::work: couldn't find source iterator
Error in XmlRpcClient::writeRequest: write error (Connection refused).
Error in XmlRpcDispatch::work: couldn't find source iterator
Error in XmlRpcClient::writeRequest: write error (Connection refused).
Error in XmlRpcDispatch::work: couldn't find source iterator
Error in XmlRpcClient::writeRequest: write error (Connection refused).
Error in XmlRpcDispatch::work: couldn't find source iterator
Error in XmlRpcClient::writeRequest: write error (Connection refused).
Error in XmlRpcDispatch::work: couldn't find source iterator
Error in XmlRpcClient::writeRequest: write error (Connection refused).
Error in XmlRpcDispatch::work: couldn't find source iterator
Error in XmlRpcClient::writeRequest: write error (Connection refused).
Error in XmlRpcDispatch::work: couldn't find source iterator
Error in XmlRpcClient::writeRequest: write error (Connection refused).
Error in XmlRpcDispatch::work: couldn't find source iterator
Error in XmlRpcClient::writeRequest: write error (Connection refused).
Error in XmlRpcDispatch::work: couldn't find source iterator
Error in XmlRpcClient::writeRequest: write error (Connection refused).
Error in XmlRpcDispatch::work: couldn't find source iterator
Error in XmlRpcClient::writeRequest: write error (Connection refused).
Error in XmlRpcDispatch::work: couldn't find source iterator
Error in XmlRpcClient::writeRequest: write error (Connection refused).
Error in XmlRpcDispatch::work: couldn't find source iterator
Error in XmlRpcClient::writeRequest: write error (Connection refused).
Error in XmlRpcDispatch::work: couldn't find source iterator
Error in XmlRpcClient::writeRequest: write error (Connection refused).
Error in XmlRpcDispatch::work: couldn't find source iterator
Error in XmlRpcClient::writeRequest: write error (Connection refused).
Error in XmlRpcDispatch::work: couldn't find source iterator
Error in XmlRpcClient::writeRequest: write error (Connection refused).
Error in XmlRpcDispatch::work: couldn't find source iterator
Error in XmlRpcClient::writeRequest: write error (Connection refused).
Error in XmlRpcDispatch::work: couldn't find source iterator
Error in XmlRpcClient::writeRequest: write error (Connection refused).
Error in XmlRpcDispatch::work: couldn't find source iterator
Error in XmlRpcClient::writeRequest: write error (Connection refused).
Error in XmlRpcDispatch::work: couldn't find source iterator
Error in XmlRpcClient::writeRequest: write error (Connection refused).
Error in XmlRpcDispatch::work: couldn't find source iterator
Error in XmlRpcClient::writeRequest: write error (Connection refused).
Error in XmlRpcDispatch::work: couldn't find source iterator
Error in XmlRpcClient::writeRequest: write error (Connection refused).
Error in XmlRpcDispatch::work: couldn't find source iterator
Error in XmlRpcClient::writeRequest: write error (Connection refused).
Error in XmlRpcDispatch::work: couldn't find source iterator
Error in XmlRpcClient::writeRequest: write error (Connection refused).
Error in XmlRpcDispatch::work: couldn't find source iterator
Error in XmlRpcClient::writeRequest: write error (Connection refused).
Error in XmlRpcDispatch::work: couldn't find source iterator
Error in XmlRpcClient::writeRequest: write error (Connection refused).
Error in XmlRpcDispatch::work: couldn't find source iterator
Error in XmlRpcClient::writeRequest: write error (Connection refused).
Error in XmlRpcDispatch::work: couldn't find source iterator
Error in XmlRpcClient::writeRequest: write error (Connection refused).
Error in XmlRpcDispatch::work: couldn't find source iterator
Error in XmlRpcClient::writeRequest: write error (Connection refused).
Error in XmlRpcDispatch::work: couldn't find source iterator
Error in XmlRpcClient::writeRequest: write error (Connection refused).
Error in XmlRpcDispatch::work: couldn't find source iterator
Error in XmlRpcClient::writeRequest: write error (Connection refused).
Error in XmlRpcDispatch::work: couldn't find source iterator
Error in XmlRpcClient::writeRequest: write error (Connection refused).
Error in XmlRpcDispatch::work: couldn't find source iterator
Error in XmlRpcClient::writeRequest: write error (Connection refused).
Error in XmlRpcDispatch::work: couldn't find source iterator
Error in XmlRpcClient::writeRequest: write error (Connection refused).
Error in XmlRpcDispatch::work: couldn't find source iterator
Error in XmlRpcClient::writeRequest: write error (Connection refused).
Error in XmlRpcDispatch::work: couldn't find source iterator
[INFO] [1774235838.425328, 0.000000]: Ground Truth Odom Publisher initialized
[INFO] [1774235838.356605, 0.000000]: Ground Truth Odom Publisher initialized
[31mWARNING: disk usage in log directory [/data/lzq/.ros/log] is over 1GB.
It's recommended that you use the 'rosclean' command.[0m
[31m[rviz-16] escalating to SIGTERM[0m

auto-starting new master
[1mprocess[master]: started with pid [104680][0m
[1mROS_MASTER_URI=http://localhost:11311[0m
]2;/data/lzq/ros_motion_planning/src/sim_env/launch/main.launch http://localhost:11311
[1msetting /run_id to cb83ee92-2666-11f1-959d-99ad9226bd72[0m
[1mprocess[rosout-1]: started with pid [104699][0m
started core service [/rosout]
[1mprocess[gazebo-2]: started with pid [104706][0m
[1mprocess[map_server-3]: started with pid [104708][0m
[1mprocess[robot2/robot_state_publisher-4]: started with pid [104710][0m
[1mprocess[robot2/joint_state_publisher-5]: started with pid [104713][0m
[1mprocess[robot2/urdf_spawner-6]: started with pid [104714][0m
[1mprocess[robot2/tf_map2odom_node-7]: started with pid [104724][0m
[1mprocess[robot2/ground_truth_odom_publisher-8]: started with pid [104727][0m
[1mprocess[robot2/move_base-9]: started with pid [104728][0m
[1mprocess[robot1/robot_state_publisher-10]: started with pid [104729][0m
[1mprocess[robot1/joint_state_publisher-11]: started with pid [104730][0m
[1mprocess[robot1/urdf_spawner-12]: started with pid [104731][0m
[1mprocess[robot1/tf_map2odom_node-13]: started with pid [104743][0m
[1mprocess[robot1/ground_truth_odom_publisher-14]: started with pid [104807][0m
[1mprocess[robot1/move_base-15]: started with pid [104808][0m
[1mprocess[rviz-16]: started with pid [104809][0m
[1m[robot2/urdf_spawner-6] process has finished cleanly
log file: /data/lzq/.ros/log/cb83ee92-2666-11f1-959d-99ad9226bd72/robot2-urdf_spawner-6*.log[0m
[1m[robot1/urdf_spawner-12] process has finished cleanly
log file: /data/lzq/.ros/log/cb83ee92-2666-11f1-959d-99ad9226bd72/robot1-urdf_spawner-12*.log[0m
[rviz-16] killing on exit
[robot1/move_base-15] killing on exit
[robot1/ground_truth_odom_publisher-14] killing on exit
[robot1/tf_map2odom_node-13] killing on exit
[robot1/joint_state_publisher-11] killing on exit
[robot1/robot_state_publisher-10] killing on exit
[robot2/move_base-9] killing on exit
[robot2/ground_truth_odom_publisher-8] killing on exit
[robot2/tf_map2odom_node-7] killing on exit
[robot2/joint_state_publisher-5] killing on exit
[robot2/robot_state_publisher-4] killing on exit
[map_server-3] killing on exit
[gazebo-2] killing on exit
[rosout-1] killing on exit
[master] killing on exit
shutting down processing monitor...
... shutting down processing monitor complete
[1mdone[0m
