xacro: in-order processing became default in ROS Melodic. You can drop the option.
xacro: in-order processing became default in ROS Melodic. You can drop the option.
... logging to /data/lzq/.ros/log/58616fd0-25f7-11f1-9841-ef63e69f4ffa/roslaunch-lzq-144146.log
Checking log directory for disk usage. This may take a while.
Press Ctrl-C to interrupt
]2;/data/lzq/ros_motion_planning/src/sim_env/launch/main.launch
[1mstarted roslaunch server http://lzq:40299/[0m

SUMMARY
========

PARAMETERS
 * /gazebo/enable_ros_network: True
 * /robot1/move_base/PIDController/base_frame: base_link
 * /robot1/move_base/PIDController/convert_offset: 0.0
 * /robot1/move_base/PIDController/goal_dist_tolerance: 0.2
 * /robot1/move_base/PIDController/k: 1.0
 * /robot1/move_base/PIDController/k_theta: 0.7
 * /robot1/move_base/PIDController/k_v_d: 0.1
 * /robot1/move_base/PIDController/k_v_i: 0.1
 * /robot1/move_base/PIDController/k_v_p: 1.0
 * /robot1/move_base/PIDController/k_w_d: 0.1
 * /robot1/move_base/PIDController/k_w_i: 0.1
 * /robot1/move_base/PIDController/k_w_p: 1.0
 * /robot1/move_base/PIDController/l: 0.2
 * /robot1/move_base/PIDController/lookahead_time: 0.5
 * /robot1/move_base/PIDController/map_frame: map
 * /robot1/move_base/PIDController/max_lookahead_dist: 0.9
 * /robot1/move_base/PIDController/max_v: 0.5
 * /robot1/move_base/PIDController/max_v_inc: 0.5
 * /robot1/move_base/PIDController/max_w: 1.57
 * /robot1/move_base/PIDController/max_w_inc: 1.57
 * /robot1/move_base/PIDController/min_lookahead_dist: 0.3
 * /robot1/move_base/PIDController/min_v: 0.0
 * /robot1/move_base/PIDController/min_w: 0.0
 * /robot1/move_base/PIDController/rotate_tolerance: 0.5
 * /robot1/move_base/PathPlanner/convert_offset: 0.0
 * /robot1/move_base/PathPlanner/default_tolerance: 0.0
 * /robot1/move_base/PathPlanner/expand_zone: True
 * /robot1/move_base/PathPlanner/hybrid_astar/analytic_expansion_max_length: 5.0
 * /robot1/move_base/PathPlanner/hybrid_astar/analytic_expansion_ratio: 1.5
 * /robot1/move_base/PathPlanner/hybrid_astar/cache_obstacle_heuristic: False
 * /robot1/move_base/PathPlanner/hybrid_astar/change_penalty: 0.4
 * /robot1/move_base/PathPlanner/hybrid_astar/cost_penalty: 2.0
 * /robot1/move_base/PathPlanner/hybrid_astar/curve_sample_ratio: 0.15
 * /robot1/move_base/PathPlanner/hybrid_astar/dim_3_size: 32
 * /robot1/move_base/PathPlanner/hybrid_astar/downsample_obstacle_heuristic: True
 * /robot1/move_base/PathPlanner/hybrid_astar/goal_tolerance: 0.2
 * /robot1/move_base/PathPlanner/hybrid_astar/lookup_table_dim: 20.0
 * /robot1/move_base/PathPlanner/hybrid_astar/max_approach_iterations: 500
 * /robot1/move_base/PathPlanner/hybrid_astar/max_iterations: 20000
 * /robot1/move_base/PathPlanner/hybrid_astar/minimum_turning_radius: 0.3
 * /robot1/move_base/PathPlanner/hybrid_astar/motion_model: 2
 * /robot1/move_base/PathPlanner/hybrid_astar/non_straight_penalty: 1.5
 * /robot1/move_base/PathPlanner/hybrid_astar/retrospective_penalty: 0.025
 * /robot1/move_base/PathPlanner/hybrid_astar/reverse_penalty: 2.5
 * /robot1/move_base/PathPlanner/hybrid_astar/traverse_unknown: False
 * /robot1/move_base/PathPlanner/obstacle_factor: 0.5
 * /robot1/move_base/PathPlanner/outline_map: True
 * /robot1/move_base/PathPlanner/planner_name: theta_star
 * /robot1/move_base/PathPlanner/show_safety_corridor: False
 * /robot1/move_base/base_global_planner: path_planner/Path...
 * /robot1/move_base/base_local_planner: pid_controller/PI...
 * /robot1/move_base/conservative_reset_dist: 3.0
 * /robot1/move_base/controller_frequency: 20.0
 * /robot1/move_base/controller_patience: 15.0
 * /robot1/move_base/global_costmap/footprint: [[-0.21, -0.165],...
 * /robot1/move_base/global_costmap/footprint_padding: 0.1
 * /robot1/move_base/global_costmap/global_frame: map
 * /robot1/move_base/global_costmap/inflation_layer/cost_scaling_factor: 5
 * /robot1/move_base/global_costmap/inflation_layer/enabled: True
 * /robot1/move_base/global_costmap/inflation_layer/inflation_radius: 0.2
 * /robot1/move_base/global_costmap/map_type: costmap
 * /robot1/move_base/global_costmap/meter_scoring: True
 * /robot1/move_base/global_costmap/obstacle_layer/observation_sources: scan
 * /robot1/move_base/global_costmap/obstacle_layer/scan/clearing: True
 * /robot1/move_base/global_costmap/obstacle_layer/scan/data_type: LaserScan
 * /robot1/move_base/global_costmap/obstacle_layer/scan/expected_update_rate: 1
 * /robot1/move_base/global_costmap/obstacle_layer/scan/inf_is_valid: True
 * /robot1/move_base/global_costmap/obstacle_layer/scan/marking: True
 * /robot1/move_base/global_costmap/obstacle_layer/scan/max_obstacle_height: 0.2
 * /robot1/move_base/global_costmap/obstacle_layer/scan/min_obstacle_height: 0.0
 * /robot1/move_base/global_costmap/obstacle_layer/scan/observation_persistence: 0.0
 * /robot1/move_base/global_costmap/obstacle_layer/scan/obstacle_range: 2.5
 * /robot1/move_base/global_costmap/obstacle_layer/scan/raytrace_range: 3.0
 * /robot1/move_base/global_costmap/obstacle_layer/scan/sensor_frame: robot1/base_footp...
 * /robot1/move_base/global_costmap/obstacle_layer/scan/topic: /robot1/scan
 * /robot1/move_base/global_costmap/origin_z: 0.0
 * /robot1/move_base/global_costmap/plugins: [{'name': 'static...
 * /robot1/move_base/global_costmap/publish_frequency: 0.5
 * /robot1/move_base/global_costmap/publish_voxel_map: False
 * /robot1/move_base/global_costmap/robot_base_frame: robot1/base_footp...
 * /robot1/move_base/global_costmap/scan/sensor_frame: robot1/base_scan
 * /robot1/move_base/global_costmap/scan/topic: /robot1/scan
 * /robot1/move_base/global_costmap/static_map/clear_time: 20
 * /robot1/move_base/global_costmap/static_map/enabled: True
 * /robot1/move_base/global_costmap/static_map/publish_static_map: True
 * /robot1/move_base/global_costmap/transform_tolerance: 0.2
 * /robot1/move_base/global_costmap/update_frequency: 1.0
 * /robot1/move_base/global_costmap/z_resolution: 1
 * /robot1/move_base/global_costmap/z_voxels: 2
 * /robot1/move_base/local_costmap/global_frame: robot1/odom
 * /robot1/move_base/local_costmap/height: 3
 * /robot1/move_base/local_costmap/inflation_radius: 0.2
 * /robot1/move_base/local_costmap/plugins: [{'name': 'obstac...
 * /robot1/move_base/local_costmap/publish_frequency: 0.5
 * /robot1/move_base/local_costmap/resolution: 0.05
 * /robot1/move_base/local_costmap/robot_base_frame: robot1/base_footp...
 * /robot1/move_base/local_costmap/rolling_window: True
 * /robot1/move_base/local_costmap/scan/sensor_frame: robot1/base_scan
 * /robot1/move_base/local_costmap/scan/topic: /robot1/scan
 * /robot1/move_base/local_costmap/static_map: False
 * /robot1/move_base/local_costmap/transform_tolerance: 1.0
 * /robot1/move_base/local_costmap/update_frequency: 1.0
 * /robot1/move_base/local_costmap/width: 3
 * /robot1/move_base/oscillation_distance: 0.2
 * /robot1/move_base/oscillation_timeout: 10.0
 * /robot1/move_base/planner_frequency: 2
 * /robot1/move_base/planner_patience: 5.0
 * /robot1/move_base/shutdown_costmaps: False
 * /robot1/move_base/transform_tolerance: 2.0
 * /robot1/robot_description: <?xml version="1....
 * /robot1/tf_map2odom_node/odom_frame_id: robot1/odom
 * /robot1/tf_prefix: robot1
 * /robot2/move_base/NoMaDPlanner/connect_timeout: 5.0
 * /robot2/move_base/NoMaDPlanner/log_plan_summary: False
 * /robot2/move_base/NoMaDPlanner/request_timeout: 3.0
 * /robot2/move_base/NoMaDPlanner/retry_count: 1
 * /robot2/move_base/NoMaDPlanner/service_name: /nomad/make_plan
 * /robot2/move_base/PIDController/base_frame: base_link
 * /robot2/move_base/PIDController/convert_offset: 0.0
 * /robot2/move_base/PIDController/goal_dist_tolerance: 0.2
 * /robot2/move_base/PIDController/k: 1.0
 * /robot2/move_base/PIDController/k_theta: 0.7
 * /robot2/move_base/PIDController/k_v_d: 0.1
 * /robot2/move_base/PIDController/k_v_i: 0.1
 * /robot2/move_base/PIDController/k_v_p: 1.0
 * /robot2/move_base/PIDController/k_w_d: 0.1
 * /robot2/move_base/PIDController/k_w_i: 0.1
 * /robot2/move_base/PIDController/k_w_p: 1.0
 * /robot2/move_base/PIDController/l: 0.2
 * /robot2/move_base/PIDController/lookahead_time: 0.5
 * /robot2/move_base/PIDController/map_frame: map
 * /robot2/move_base/PIDController/max_lookahead_dist: 0.9
 * /robot2/move_base/PIDController/max_v: 0.5
 * /robot2/move_base/PIDController/max_v_inc: 0.5
 * /robot2/move_base/PIDController/max_w: 1.57
 * /robot2/move_base/PIDController/max_w_inc: 1.57
 * /robot2/move_base/PIDController/min_lookahead_dist: 0.3
 * /robot2/move_base/PIDController/min_v: 0.0
 * /robot2/move_base/PIDController/min_w: 0.0
 * /robot2/move_base/PIDController/rotate_tolerance: 0.5
 * /robot2/move_base/PathPlanner/convert_offset: 0.0
 * /robot2/move_base/PathPlanner/default_tolerance: 0.0
 * /robot2/move_base/PathPlanner/expand_zone: True
 * /robot2/move_base/PathPlanner/obstacle_factor: 0.5
 * /robot2/move_base/PathPlanner/outline_map: True
 * /robot2/move_base/PathPlanner/show_safety_corridor: False
 * /robot2/move_base/base_global_planner: nomad_planner/NoM...
 * /robot2/move_base/base_local_planner: pid_controller/PI...
 * /robot2/move_base/conservative_reset_dist: 3.0
 * /robot2/move_base/controller_frequency: 20.0
 * /robot2/move_base/controller_patience: 15.0
 * /robot2/move_base/global_costmap/footprint: [[-0.21, -0.165],...
 * /robot2/move_base/global_costmap/footprint_padding: 0.1
 * /robot2/move_base/global_costmap/global_frame: map
 * /robot2/move_base/global_costmap/inflation_layer/cost_scaling_factor: 5
 * /robot2/move_base/global_costmap/inflation_layer/enabled: True
 * /robot2/move_base/global_costmap/inflation_layer/inflation_radius: 0.2
 * /robot2/move_base/global_costmap/map_type: costmap
 * /robot2/move_base/global_costmap/meter_scoring: True
 * /robot2/move_base/global_costmap/obstacle_layer/observation_sources: scan
 * /robot2/move_base/global_costmap/obstacle_layer/scan/clearing: True
 * /robot2/move_base/global_costmap/obstacle_layer/scan/data_type: LaserScan
 * /robot2/move_base/global_costmap/obstacle_layer/scan/expected_update_rate: 1
 * /robot2/move_base/global_costmap/obstacle_layer/scan/inf_is_valid: True
 * /robot2/move_base/global_costmap/obstacle_layer/scan/marking: True
 * /robot2/move_base/global_costmap/obstacle_layer/scan/max_obstacle_height: 0.2
 * /robot2/move_base/global_costmap/obstacle_layer/scan/min_obstacle_height: 0.0
 * /robot2/move_base/global_costmap/obstacle_layer/scan/observation_persistence: 0.0
 * /robot2/move_base/global_costmap/obstacle_layer/scan/obstacle_range: 2.5
 * /robot2/move_base/global_costmap/obstacle_layer/scan/raytrace_range: 3.0
 * /robot2/move_base/global_costmap/obstacle_layer/scan/sensor_frame: robot2/base_footp...
 * /robot2/move_base/global_costmap/obstacle_layer/scan/topic: /robot2/scan
 * /robot2/move_base/global_costmap/origin_z: 0.0
 * /robot2/move_base/global_costmap/plugins: [{'name': 'static...
 * /robot2/move_base/global_costmap/publish_frequency: 0.5
 * /robot2/move_base/global_costmap/publish_voxel_map: False
 * /robot2/move_base/global_costmap/robot_base_frame: robot2/base_footp...
 * /robot2/move_base/global_costmap/scan/sensor_frame: robot2/base_scan
 * /robot2/move_base/global_costmap/scan/topic: /robot2/scan
 * /robot2/move_base/global_costmap/static_map/clear_time: 20
 * /robot2/move_base/global_costmap/static_map/enabled: True
 * /robot2/move_base/global_costmap/static_map/publish_static_map: True
 * /robot2/move_base/global_costmap/transform_tolerance: 0.2
 * /robot2/move_base/global_costmap/update_frequency: 1.0
 * /robot2/move_base/global_costmap/z_resolution: 1
 * /robot2/move_base/global_costmap/z_voxels: 2
 * /robot2/move_base/local_costmap/global_frame: robot2/odom
 * /robot2/move_base/local_costmap/height: 3
 * /robot2/move_base/local_costmap/inflation_radius: 0.2
 * /robot2/move_base/local_costmap/plugins: [{'name': 'obstac...
 * /robot2/move_base/local_costmap/publish_frequency: 0.5
 * /robot2/move_base/local_costmap/resolution: 0.05
 * /robot2/move_base/local_costmap/robot_base_frame: robot2/base_footp...
 * /robot2/move_base/local_costmap/rolling_window: True
 * /robot2/move_base/local_costmap/scan/sensor_frame: robot2/base_scan
 * /robot2/move_base/local_costmap/scan/topic: /robot2/scan
 * /robot2/move_base/local_costmap/static_map: False
 * /robot2/move_base/local_costmap/transform_tolerance: 1.0
 * /robot2/move_base/local_costmap/update_frequency: 1.0
 * /robot2/move_base/local_costmap/width: 3
 * /robot2/move_base/oscillation_distance: 0.2
 * /robot2/move_base/oscillation_timeout: 10.0
 * /robot2/move_base/planner_frequency: 2
 * /robot2/move_base/planner_patience: 5.0
 * /robot2/move_base/shutdown_costmaps: False
 * /robot2/move_base/transform_tolerance: 2.0
 * /robot2/robot_description: <?xml version="1....
 * /robot2/tf_map2odom_node/odom_frame_id: robot2/odom
 * /robot2/tf_prefix: robot2
 * /rosdistro: noetic
 * /rosversion: 1.17.4
 * /use_sim_time: True

NODES
  /
    gazebo (gazebo_ros/gzserver)
    map_server (map_server/map_server)
    rviz (rviz/rviz)
  /robot1/
    ground_truth_odom_publisher (sim_env/ground_truth_odom_publisher.py)
    joint_state_publisher (joint_state_publisher/joint_state_publisher)
    move_base (move_base/move_base)
    robot_state_publisher (robot_state_publisher/robot_state_publisher)
    tf_map2odom_node (sim_env/tf_map2odom.py)
    urdf_spawner (gazebo_ros/spawn_model)
  /robot2/
    ground_truth_odom_publisher (sim_env/ground_truth_odom_publisher.py)
    joint_state_publisher (joint_state_publisher/joint_state_publisher)
    move_base (move_base/move_base)
    robot_state_publisher (robot_state_publisher/robot_state_publisher)
    tf_map2odom_node (sim_env/tf_map2odom.py)
    urdf_spawner (gazebo_ros/spawn_model)
[33m[WARN] [1774187970.453941627]: link 'base_scan' material 'dark' undefined.[0m
[33m[WARN] [1774187970.454228960]: link 'base_scan' material 'dark' undefined.[0m
[33m[WARN] [1774187970.454401122]: The root link base_footprint has an inertia specified in the URDF, but KDL does not support a root link with an inertia.  As a workaround, you can add an extra dummy link to your URDF.[0m
[33m[WARN] [1774187970.476718099]: link 'base_scan' material 'dark' undefined.[0m
[33m[WARN] [1774187970.477035115]: link 'base_scan' material 'dark' undefined.[0m
[33m[WARN] [1774187970.477215588]: The root link base_footprint has an inertia specified in the URDF, but KDL does not support a root link with an inertia.  As a workaround, you can add an extra dummy link to your URDF.[0m
[33m[WARN] [1774187971.591883046]: link 'base_scan' material 'dark' undefined.[0m
[33m[WARN] [1774187971.591905605]: link 'base_scan' material 'dark' undefined.[0m
Warning: Warning: TF_REPEATED_DATA ignoring data with redundant timestamp for frame robot2/odom (parent map) at time 83.360000 according to authority unknown_publisherTF_REPEATED_DATA ignoring data with redundant timestamp for frame robot2/odom (parent map) at time 83.360000 according to authority unknown_publisher

         at line          at line 277277 in  in /tmp/binarydeb/ros-noetic-tf2-0.7.10/src/buffer_core.cpp/tmp/binarydeb/ros-noetic-tf2-0.7.10/src/buffer_core.cpp

[33m[WARN] [1774187971.827723957]: TF_REPEATED_DATA ignoring data with redundant timestamp for frame robot2/odom (parent map) at time 83.360000 according to authority unknown_publisher[0m
Warning: TF_REPEATED_DATA ignoring data with redundant timestamp for frame robot1/odom (parent map) at time 83.362000 according to authority unknown_publisher
         at line 277 in /tmp/binarydeb/ros-noetic-tf2-0.7.10/src/buffer_core.cpp
Warning: TF_REPEATED_DATA ignoring data with redundant timestamp for frame robot1/odom (parent map) at time 83.362000 according to authority unknown_publisher
         at line 277[33m[WARN] [1774187971.828676192]: TF_REPEATED_DATA ignoring data with redundant timestamp for frame robot1/odom (parent map) at time 83.362000 according to authority unknown_publisher[0m
 in /tmp/binarydeb/ros-noetic-tf2-0.7.10/src/buffer_core.cpp
[33m[WARN] [1774187972.241565201]: link 'base_scan' material 'dark' undefined.[0m
[33m[WARN] [1774187972.241593697]: link 'base_scan' material 'dark' undefined.[0m
[INFO] [1774187970.886248, 0.000000]: Loading model XML from ros parameter robot_description
[INFO] [1774187970.889507, 0.000000]: Waiting for service /gazebo/spawn_urdf_model
[INFO] [1774187971.793676, 0.000000]: Calling service /gazebo/spawn_urdf_model
[INFO] [1774187973.757884, 83.534000]: Spawn status: SpawnModel: Successfully spawned entity
[33m[WARN] [1774187973.969088729, 83.534000000]: GazeboRosSkidSteerDrive Plugin (ns = /robot2//) missing <covariance_x>, defaults to 0.000100[0m
[33m[WARN] [1774187973.969121975, 83.534000000]: GazeboRosSkidSteerDrive Plugin (ns = /robot2//) missing <covariance_y>, defaults to 0.000100[0m
[33m[WARN] [1774187973.969131473, 83.534000000]: GazeboRosSkidSteerDrive Plugin (ns = /robot2//) missing <covariance_yaw>, defaults to 0.010000[0m
[33m[WARN] [1774187973.972178151, 83.538000000]: Timed out waiting for transform from robot2/base_footprint to map to become available before running costmap, tf error: canTransform: source_frame robot2/base_footprint does not exist.. canTransform returned after 83.538 timeout was 0.1.[0m
[33m[WARN] [1774187973.972178151, 83.538000000]: Timed out waiting for transform from robot1/base_footprint to map to become available before running costmap, tf error: canTransform: source_frame robot1/base_footprint does not exist.. canTransform returned after 83.538 timeout was 0.1.[0m
[INFO] [1774187970.964032, 0.000000]: Loading model XML from ros parameter robot_description
[INFO] [1774187970.967238, 0.000000]: Waiting for service /gazebo/spawn_urdf_model
[INFO] [1774187971.870989, 83.396000]: Calling service /gazebo/spawn_urdf_model
[INFO] [1774187974.258464, 83.936000]: Spawn status: SpawnModel: Successfully spawned entity
[33m[WARN] [1774187974.960182889, 83.936000000]: GazeboRosSkidSteerDrive Plugin (ns = /robot1//) missing <covariance_x>, defaults to 0.000100[0m
[33m[WARN] [1774187974.960213759, 83.936000000]: GazeboRosSkidSteerDrive Plugin (ns = /robot1//) missing <covariance_y>, defaults to 0.000100[0m
[33m[WARN] [1774187974.960224445, 83.936000000]: GazeboRosSkidSteerDrive Plugin (ns = /robot1//) missing <covariance_yaw>, defaults to 0.010000[0m
[33m[WARN] [1774187975.014077985, 84.040000000]: global_costmap: Pre-Hydro parameter "static_map" unused since "plugins" is provided[0m
[33m[WARN] [1774187975.014191968, 84.040000000]: global_costmap: Pre-Hydro parameter "static_map" unused since "plugins" is provided[0m
[33m[WARN] [1774187975.014279830, 84.040000000]: global_costmap: Pre-Hydro parameter "map_type" unused since "plugins" is provided[0m
[33m[WARN] [1774187975.014387877, 84.040000000]: global_costmap: Pre-Hydro parameter "map_type" unused since "plugins" is provided[0m
WARNING: Logging before InitGoogleLogging() is written to STDERR
I20260322 21:59:35.258062 144312 path_planner_factory.cpp:308] Using path planner: theta_star
[33m[WARN] [1774187975.261245990, 84.532000000]: local_costmap: Pre-Hydro parameter "static_map" unused since "plugins" is provided[0m
[33m[WARN] [1774187975.750811324, 85.512000000]: The /robot1/scan observation buffer has not been updated for 1.04 seconds, and it should be updated every 1.00 seconds.[0m
[33m[WARN] [1774187980.260511376, 94.488000000]: Timed out waiting for NoMaD service /nomad/make_plan (5.00s).[0m
[33m[WARN] [1774187980.260558869, 94.488000000]: NoMaD service /nomad/make_plan not available yet.[0m
[33m[WARN] [1774187980.263562803, 94.496000000]: local_costmap: Pre-Hydro parameter "static_map" unused since "plugins" is provided[0m
[33m[WARN] [1774187980.772589608, 95.514000000]: The /robot2/scan observation buffer has not been updated for 11.04 seconds, and it should be updated every 1.00 seconds.[0m
[33m[WARN] [1774187990.239825615, 114.040000000]: Map update loop missed its desired rate of 1.0000Hz... the loop actually took 1.5260 seconds[0m
[0m[INFO] [1774187975.014761885, 84.042000000]: global_costmap: Using plugin "static_map"[0m
[0m[INFO] [1774187975.018575576, 84.050000000]: Requesting the map...[0m
[0m[INFO] [1774187975.171669376, 84.354000000]: Resizing costmap to 480 X 480 at 0.050000 m/pix[0m
[0m[INFO] [1774187975.221316220, 84.452000000]: Received a 480 X 480 map at 0.050000 m/pix[0m
[0m[INFO] [1774187975.223897467, 84.458000000]: global_costmap: Using plugin "obstacle_layer"[0m
[0m[INFO] [1774187975.225653522, 84.462000000]:     Subscribed to Topics: scan[0m
[0m[INFO] [1774187975.235691175, 84.482000000]: global_costmap: Using plugin "voronoi_layer"[0m
[0m[INFO] [1774187975.238278358, 84.486000000]: global_costmap: Using plugin "inflation_layer"[0m
[0m[INFO] [1774187975.256355394, 84.522000000]: waitForService: Service [/nomad/make_plan] has not been advertised, waiting...[0m
[0m[INFO] [1774187980.260568367, 94.488000000]: NoMaDPlanner initialized for frame map[0m
[0m[INFO] [1774187980.263915439, 94.496000000]: local_costmap: Using plugin "obstacle_layer"[0m
[0m[INFO] [1774187980.264693138, 94.498000000]:     Subscribed to Topics: [0m
[0m[INFO] [1774187980.267404990, 94.502000000]: local_costmap: Using plugin "inflation_layer"[0m
[0m[INFO] [1774187980.278937487, 94.526000000]: Created local_planner pid_controller/PIDController[0m
[0m[INFO] [1774187980.284155784, 94.536000000]: PID Controller initialized![0m
[0m[INFO] [1774187980.781969482, 95.532000000]: Recovery behavior will clear layer 'obstacles'[0m
[0m[INFO] [1774187980.783856143, 95.536000000]: Recovery behavior will clear layer 'obstacles'[0m
[0m[INFO] [1774187980.793720447, 95.556000000]: odom received![0m
[0m[INFO] [1774187990.252471823, 114.066000000]: Got new plan[0m
[0m[INFO] [1774187990.348812640, 114.216000000]: Got new plan[0m
[0m[INFO] [1774187990.624946666, 114.666000000]: Got new plan[0m
[0m[INFO] [1774187990.931237584, 115.166000000]: Got new plan[0m
[0m[INFO] [1774187991.251382222, 115.716000000]: Got new plan[0m
[0m[INFO] [1774187991.504339646, 116.166000000]: Got new plan[0m
[0m[INFO] [1774187991.811551930, 116.666000000]: Got new plan[0m
[0m[INFO] [1774187992.135557754, 117.216000000]: Got new plan[0m
[0m[INFO] [1774187992.413950076, 117.666000000]: Got new plan[0m
[0m[INFO] [1774187992.718740217, 118.166000000]: Got new plan[0m
[0m[INFO] [1774187993.076631137, 118.766000000]: Got new plan[0m
[0m[INFO] [1774187993.353046563, 119.216000000]: Got new plan[0m
[0m[INFO] [1774187993.628971623, 119.666000000]: Got new plan[0m
[0m[INFO] [1774187993.925340062, 120.168000000]: Got new plan[0m
[0m[INFO] [1774187994.237744527, 120.666000000]: Got new plan[0m
[0m[INFO] [1774187994.532152692, 121.166000000]: Got new plan[0m
[0m[INFO] [1774187994.838842557, 121.668000000]: Got new plan[0m
[0m[INFO] [1774187995.133926311, 122.166000000]: Got new plan[0m
[0m[INFO] [1774187995.421605900, 122.668000000]: Got new plan[0m
[0m[INFO] [1774187995.726200136, 123.166000000]: Got new plan[0m
[0m[INFO] [1774187996.031003342, 123.668000000]: Got new plan[0m
[0m[INFO] [1774187996.330234427, 124.166000000]: Got new plan[0m
[0m[INFO] [1774187996.673662536, 124.716000000]: Got new plan[0m
[0m[INFO] [1774187996.945756099, 125.166000000]: Got new plan[0m
[0m[INFO] [1774187997.247539936, 125.668000000]: Got new plan[0m
[0m[INFO] [1774187997.557868960, 126.166000000]: Got new plan[0m
[0m[INFO] [1774187997.854504552, 126.668000000]: Got new plan[0m
[0m[INFO] [1774187998.099614946, 127.066000000]: Got new plan[0m
[0m[INFO] [1774187998.524434255, 127.768000000]: Got new plan[0m
[0m[INFO] [1774187998.795163583, 128.216000000]: Got new plan[0m
[0m[INFO] [1774187999.107755651, 128.770000000]: Got new plan[0m
[0m[INFO] [1774187999.365997872, 129.216000000]: Got new plan[0m
[0m[INFO] [1774187999.588959888, 129.568000000]: Got new plan[0m
[0m[INFO] [1774187999.900149725, 130.068000000]: Got new plan[0m
[0m[INFO] [1774188000.203610071, 130.566000000]: Got new plan[0m
[0m[INFO] [1774188000.506705908, 131.066000000]:[0m[INFO] [1774187975.014862807, 84.042000000]: global_costmap: Using plugin "static_map"[0m
[0m[INFO] [1774187975.018665812, 84.050000000]: Requesting the map...[0m
[0m[INFO] [1774187975.171669376, 84.354000000]: Resizing costmap to 480 X 480 at 0.050000 m/pix[0m
[0m[INFO] [1774187975.221315033, 84.452000000]: Received a 480 X 480 map at 0.050000 m/pix[0m
[0m[INFO] [1774187975.223839288, 84.458000000]: global_costmap: Using plugin "obstacle_layer"[0m
[0m[INFO] [1774187975.225544288, 84.462000000]:     Subscribed to Topics: scan[0m
[0m[INFO] [1774187975.235543946, 84.482000000]: global_costmap: Using plugin "voronoi_layer"[0m
[0m[INFO] [1774187975.238148939, 84.486000000]: global_costmap: Using plugin "inflation_layer"[0m
[0m[INFO] [1774187975.261694799, 84.534000000]: local_costmap: Using plugin "obstacle_layer"[0m
[0m[INFO] [1774187975.262594792, 84.536000000]:     Subscribed to Topics: [0m
[0m[INFO] [1774187975.264957571, 84.540000000]: local_costmap: Using plugin "inflation_layer"[0m
[0m[INFO] [1774187975.276602863, 84.564000000]: Created local_planner pid_controller/PIDController[0m
[0m[INFO] [1774187975.281457838, 84.572000000]: PID Controller initialized![0m
[0m[INFO] [1774187975.779110049, 85.568000000]: Recovery behavior will clear layer 'obstacles'[0m
[0m[INFO] [1774187975.781066762, 85.572000000]: Recovery behavior will clear layer 'obstacles'[0m
[0m[INFO] [1774187975.790899008, 85.592000000]: odom received![0m
[0m[INFO] [1774187989.153836734, 112.210000000]: Got new plan[0m
[0m[INFO] [1774187989.436820442, 112.710000000]: Got new plan[0m
[0m[INFO] [1774187989.732708009, 113.210000000]: Got new plan[0m
[0m[INFO] [1774187990.036310820, 113.710000000]: Got new plan[0m
[0m[INFO] [1774187990.345884694, 114.210000000]: Got new plan[0m
[0m[INFO] [1774187990.652183923, 114.710000000]: Got new plan[0m
[0m[INFO] [1774187990.953197177, 115.210000000]: Got new plan[0m
[0m[INFO] [1774187991.248054147, 115.710000000]: Got new plan[0m
[0m[INFO] [1774187991.529031277, 116.210000000]: Got new plan[0m
[0m[INFO] [1774187991.837819143, 116.714000000]: Got new plan[0m
[0m[INFO] [1774187992.133428878, 117.210000000]: Got new plan[0m
[0m[INFO] [1774187992.435819433, 117.710000000]: Got new plan[0m
[0m[INFO] [1774187992.716407121, 118.160000000]: Got new plan[0m
[0m[INFO] [1774187993.018521029, 118.660000000]: Got new plan[0m
[0m[INFO] [1774187993.324813139, 119.160000000]: Got new plan[0m
[0m[INFO] [1774187993.625786028, 119.660000000]: Got new plan[0m
[0m[INFO] [1774187993.921187983, 120.160000000]: Got new plan[0m
[0m[INFO] [1774187994.234689537, 120.660000000]: Got new plan[0m
[0m[INFO] [1774187994.529523952, 121.160000000]: Got new plan[0m
[0m[INFO] [1774187994.830380484, 121.660000000]: Got new plan[0m
[0m[INFO] [1774187995.130987679, 122.160000000]: Got new plan[0m
[0m[INFO] [1774187995.417732843, 122.660000000]: Got new plan[0m
[0m[INFO] [1774187995.722800822, 123.160000000]: Got new plan[0m
[0m[INFO] [1774187996.027053108, 123.660000000]: Got new plan[0m
[0m[INFO] [1774187996.326782871, 124.160000000]: Got new plan[0m
[0m[INFO] [1774187996.638374020, 124.660000000]: Got new plan[0m
[0m[INFO] [1774187996.942498076, 125.160000000]: Got new plan[0m
[0m[INFO] [1774187997.210374258, 125.610000000]: Got new plan[0m
[0m[INFO] [1774187997.547295822, 126.160000000]: Got new plan[0m
[0m[INFO] [1774187997.851317769, 126.660000000]: Got new plan[0m
[0m[INFO] [1774187998.041494150, 126.960000000]: Got new plan[0m
[0m[INFO] [1774187998.343447777, 127.462000000]: Got new plan[0m
[0m[INFO] [1774187998.630498088, 127.960000000]: Got new plan[0m
[0m[INFO] [1774187998.934566342, 128.460000000]: Got new plan[0m
[0m[INFO] [1774187999.215732266, 128.960000000]: Got new plan[0m
[0m[INFO] [1774187999.528336209, 129.460000000]: Got new plan[0m
[0m[INFO] [1774187999.837794925, 129.960000000]: Got new plan[0m
[0m[INFO] [1774188000.133002167, 130.462000000]: Got new plan[0m
[0m[INFO] [1774188000.439863015, 130.960000000]: Got new plan[0m
[0m[E20260322 22:00:03.824466 144539 path_planner_node.cpp:250] Failed to get a path.
[33m[WARN] [1774188003.827788604, 136.766000000]: Map update loop missed its desired rate of 1.0000Hz... the loop actually took 1.2540 seconds[0m
E20260322 22:00:11.249392 144539 path_planner_node.cpp:250] Failed to get a path.
 Got new plan[0m
[0m[INFO] [1774188000.784445211, 131.568000000]: Got new plan[0m
[0m[INFO] [1774188001.059384799, 132.016000000]: Got new plan[0m
[0m[INFO] [1774188001.372040986, 132.516000000]: Got new plan[0m
[0m[INFO] [1774188001.678612128, 133.066000000]: Got new plan[0m
[0m[INFO] [1774188001.960686359, 133.566000000]: Got new plan[0m
[0m[INFO] [1774188002.236236235, 134.068000000]: Got new plan[0m
[0m[INFO] [1774188002.505619139, 134.566000000]: Got new plan[0m
[0m[INFO] [1774188002.825833846, 135.116000000]: Got new plan[0m
[0m[INFO] [1774188002.976465150, 135.366000000]: Got new plan[0m
[0m[INFO] [1774188003.395320530, 136.066000000]: Got new plan[0m
[0m[INFO] [1774188003.674171174, 136.516000000]: Got new plan[0m
[0m[INFO] [1774188003.969805858, 137.016000000]: Got new plan[0m
[0m[INFO] [1774188004.254438780, 137.468000000]: Got new plan[0m
[0m[INFO] [1774188004.522685416, 137.916000000]: Got new plan[0m
[0m[INFO] [1774188004.755680342, 138.316000000]: Got new plan[0m
[0m[INFO] [1774188005.037279646, 138.816000000]: Got new plan[0m
[0m[INFO] [1774188005.375489470, 139.366000000]: Got new plan[0m
[0m[INFO] [1774188005.646610624, 139.816000000]: Got new plan[0m
[0m[INFO] [1774188005.922989257, 140.316000000]: Got new plan[0m
[0m[INFO] [1774188006.206447916, 140.816000000]: Got new plan[0m
[0m[INFO] [1774188006.475144550, 141.266000000]: Got new plan[0m
[0m[INFO] [1774188006.779153449, 141.766000000]: Got new plan[0m
[0m[INFO] [1774188007.080997853, 142.268000000]: Got new plan[0m
[0m[INFO] [1774188007.319803555, 142.666000000]: Got new plan[0m
[0m[INFO] [1774188007.622552702, 143.216000000]: Got new plan[0m
[0m[INFO] [1774188007.898887407, 143.666000000]: Got new plan[0m
[0m[INFO] [1774188008.229380803, 144.216000000]: Got new plan[0m
[0m[INFO] [1774188008.541762727, 144.766000000]: Got new plan[0m
[0m[INFO] [1774188008.841464010, 145.268000000]: Got new plan[0m
[0m[INFO] [1774188009.217334635, 145.866000000]: Got new plan[0m
[0m[INFO] [1774188009.485995653, 146.316000000]: Got new plan[0m
[0m[INFO] [1774188009.797136823, 146.820000000]: Got new plan[0m
[0m[INFO] [1774188010.103812461, 147.316000000]: Got new plan[0m
[0m[INFO] [1774188010.438999360, 147.868000000]: Got new plan[0m
[0m[INFO] [1774188010.725573568, 148.366000000]: Got new plan[0m
[0m[INFO] [1774188010.984562629, 148.816000000]: Got new plan[0m
[0m[INFO] [1774188011.316434515, 149.368000000]: Got new plan[0m
[0m[INFO] [1774188011.590216473, 149.866000000]: Got new plan[0m
[0m[INFO] [1774188011.888890722, 150.416000000]: Got new plan[0m
[0m[INFO] [1774188012.155839619, 150.866000000]: Got new plan[0m
[0m[INFO] [1774188012.431395444, 151.366000000]: Got new plan[0m
[0m[INFO] [1774188012.713549239, 151.868000000]: Got new plan[0m
[0m[INFO] [1774188012.996512791, 152.366000000]: Got new plan[0m
[0m[INFO] [1774188013.270888414, 152.866000000]: Got new plan[0m
[0m[INFO] [1774188013.571621489, 153.416000000]: Got new plan[0m
[0m[INFO] [1774188013.820081346, 153.866000000]: Got new plan[0m
[0m[INFO] [1774188014.098231480, 154.366000000]: Got new plan[0m
[0m[INFO] [1774188014.377691234, 154.866000000]: Got new plan[0m
[0m[INFO] [1774188014.689830953, 155.368000000]: Got new plan[0m
[0m[INFO] [1774188014.967445603, 155.816000000]: Got new plan[0m
[0m[INFO] [1774188015.275117414, 156.366000000]: Got new plan[0m
[0m[INFO] [1774188015.579252181, 156.866000000]: Got new plan[0m
[0m[INFO] [1774188015.875492417, 157.366000000]: Got new plan[0m
[0m[INFO] [1774188016.163404748, 157.816000000]: Got new plan[0m
[0m[INFO] [1774188016.455836043, 158.316000000]: Got new plan[0m
[0m[INFO] [1774188016.797981869, 158.866000000]: Got new plan[0m
[0m[INFO] [1774188017.097520498, 159.368000000]: Got new plan[0m
[0m[INFO] [1774188017.372023170, 159.866000000]: Got new plan[0m
[0m[INFO] [1774188017.649515529, 160.368000000]: Got new plan[0m
[0m[INFO] [1774188017.961253935, 160.866000000]: Got new plan[0m
[0m[INFO] [1774188018.268697783, 161.366000000]: Got new INFO] [1774188000.726616497, 131.460000000]: Got new plan[0m
[0m[INFO] [1774188001.030649134, 131.960000000]: Got new plan[0m
[0m[INFO] [1774188001.343931043, 132.460000000]: Got new plan[0m
[0m[INFO] [1774188001.621025629, 132.960000000]: Got new plan[0m
[0m[INFO] [1774188001.904512778, 133.460000000]: Got new plan[0m
[0m[INFO] [1774188002.175842896, 133.960000000]: Got new plan[0m
[0m[INFO] [1774188002.445850334, 134.460000000]: Got new plan[0m
[0m[INFO] [1774188003.850257561, 136.810000000]: Got new plan[0m
[0m[INFO] [1774188004.157322634, 137.310000000]: Got new plan[0m
[0m[INFO] [1774188004.457090402, 137.810000000]: Got new plan[0m
[0m[INFO] [1774188004.751939077, 138.310000000]: Got new plan[0m
[0m[INFO] [1774188005.034800509, 138.810000000]: Got new plan[0m
[0m[INFO] [1774188005.339517053, 139.312000000]: Got new plan[0m
[0m[INFO] [1774188005.643693364, 139.810000000]: Got new plan[0m
[0m[INFO] [1774188005.920336770, 140.310000000]: Got new plan[0m
[0m[INFO] [1774188006.203033166, 140.810000000]: Got new plan[0m
[0m[INFO] [1774188006.497385542, 141.310000000]: Got new plan[0m
[0m[INFO] [1774188006.801324389, 141.810000000]: Got new plan[0m
[0m[INFO] [1774188007.107534590, 142.310000000]: Got new plan[0m
[0m[INFO] [1774188007.262848712, 142.562000000]: Got new plan[0m
[0m[INFO] [1774188007.541383531, 143.060000000]: Got new plan[0m
[0m[INFO] [1774188007.839486671, 143.560000000]: Got new plan[0m
[0m[INFO] [1774188008.132990111, 144.060000000]: Got new plan[0m
[0m[INFO] [1774188008.428924008, 144.560000000]: Got new plan[0m
[0m[INFO] [1774188008.715250062, 145.060000000]: Got new plan[0m
[0m[INFO] [1774188009.028755197, 145.560000000]: Got new plan[0m
[0m[INFO] [1774188009.344398708, 146.060000000]: Got new plan[0m
[0m[INFO] [1774188009.633503107, 146.560000000]: Got new plan[0m
[0m[INFO] [1774188009.939278751, 147.060000000]: Got new plan[0m
[0m[INFO] [1774188011.255193424, 149.260000000]: Got new plan[0m
[0m[INFO] [1774188011.529316144, 149.760000000]: Got new plan[0m
[0m[INFO] [1774188011.804291365, 150.260000000]: Got new plan[0m
[0m[INFO] [1774188012.094499979, 150.762000000]: Got new plan[0m
[0m[INFO] [1774188012.370510550, 151.262000000]: Got new plan[0m
[0m[INFO] [1774188012.656399673, 151.760000000]: Got new plan[0m
[0m[INFO] [1774188012.941154900, 152.260000000]: Got new plan[0m
[0m[INFO] [1774188013.214318263, 152.760000000]: Got new plan[0m
[0m[INFO] [1774188013.485226894, 153.260000000]: Got new plan[0m
[0m[INFO] [1774188013.762505530, 153.760000000]: Got new plan[0m
[0m[INFO] [1774188014.037808455, 154.260000000]: Got new plan[0m
[0m[INFO] [1774188014.312448853, 154.760000000]: Got new plan[0m
[0m[INFO] [1774188014.620000743, 155.260000000]: Got new plan[0m
[0m[INFO] [1774188014.685817790, 155.360000000]: Got new plan[0m
[0m[INFO] [1774188014.989965617, 155.860000000]: Got new plan[0m
[0m[INFO] [1774188015.272886428, 156.362000000]: Got new plan[0m
[0m[INFO] [1774188015.576755234, 156.862000000]: Got new plan[0m
[0m[INFO] [1774188015.873479899, 157.362000000]: Got new plan[0m
[0m[INFO] [1774188016.184718439, 157.860000000]: Got new plan[0m
[0m[INFO] [1774188016.489545418, 158.362000000]: Got new plan[0m
[0m[INFO] [1774188016.794936377, 158.860000000]: Got new plan[0m
[0m[INFO] [1774188017.094279098, 159.360000000]: Got new plan[0m
[0m[INFO] [1774188017.369331502, 159.860000000]: Got new plan[0m
[0m[INFO] [1774188017.646325184, 160.360000000]: Got new plan[0m
[0m[INFO] [1774188017.958828228, 160.860000000]: Got new plan[0m
[0m[INFO] [1774188018.266111787, 161.360000000]: Got new plan[0m
[0m[INFO] [1774188018.561934088, 161.860000000]: Got new plan[0m
[0m[INFO] [1774188018.693753407, 162.062000000]: Got new plan[0m
[0m[INFO] [1774188018.991172662, 162.560000000]: Got new plan[0m
[0m[INFO] [1774188019.301499339, 163.062000000]: Got new plan[0m
[0m[INFO] [1774188019.612788939, 163.560000000]: Got new plan[0m
[0m[INFO] [1774188019.891195541, 164.060000000]: Got new plan[0m
[0m[INFO] [17E20260322 22:00:23.101495 144539 path_planner_node.cpp:250] Failed to get a path.
E20260322 22:00:24.131546 144539 path_planner_node.cpp:250] Failed to get a path.
E20260322 22:00:25.186704 144539 path_planner_node.cpp:250] Failed to get a path.
[33m[WARN] [1774188025.190927839, 173.166000000]: Map update loop missed its desired rate of 1.0000Hz... the loop actually took 4.6540 seconds[0m
[33m[WARN] [1774188025.223650548, 173.210000000]: Clearing both costmaps outside a square (3.00m) large centered on the robot.[0m
E20260322 22:00:26.310273 144539 path_planner_node.cpp:250] Failed to get a path.
E20260322 22:00:27.411638 144539 path_planner_node.cpp:250] Failed to get a path.
[33m[WARN] [1774188027.417401836, 177.116000000]: Map update loop missed its desired rate of 1.0000Hz... the loop actually took 2.9500 seconds[0m
plan[0m
[0m[INFO] [1774188018.565365460, 161.866000000]: Got new plan[0m
[0m[INFO] [1774188018.846354496, 162.316000000]: Got new plan[0m
[0m[INFO] [1774188019.056910159, 162.666000000]: Got new plan[0m
[0m[INFO] [1774188019.364148602, 163.166000000]: Got new plan[0m
[0m[INFO] [1774188019.672155244, 163.666000000]: Got new plan[0m
[0m[INFO] [1774188019.948457905, 164.168000000]: Got new plan[0m
[0m[INFO] [1774188020.250114728, 164.666000000]: Got new plan[0m
[0m[INFO] [1774188020.521248960, 165.166000000]: Got new plan[0m
[0m[INFO] [1774188020.807202208, 165.666000000]: Got new plan[0m
[0m[INFO] [1774188021.077165736, 166.166000000]: Got new plan[0m
[0m[INFO] [1774188021.376656878, 166.666000000]: Got new plan[0m
[0m[INFO] [1774188021.655007678, 167.166000000]: Got new plan[0m
[0m[INFO] [1774188021.932326693, 167.666000000]: Got new plan[0m
[0m[INFO] [1774188022.137512083, 168.020000000]: Got new plan[0m
[0m[INFO] [1774188022.496272172, 168.666000000]: Got new plan[0m
[0m[INFO] [1774188022.751574599, 169.116000000]: Got new plan[0m
[0m[INFO] [1774188023.049788180, 169.618000000]: Got new plan[0m
[0m[INFO] [1774188023.355849987, 170.116000000]: Got new plan[0m
[0m[INFO] [1774188023.642033580, 170.566000000]: Got new plan[0m
[0m[INFO] [1774188023.883858669, 171.016000000]: Got new plan[0m
[0m[INFO] [1774188024.189640268, 171.516000000]: Got new plan[0m
[0m[INFO] [1774188024.492384688, 172.016000000]: Got new plan[0m
[0m[INFO] [1774188024.798237527, 172.516000000]: Got new plan[0m
[0m[INFO] [1774188025.104118863, 173.016000000]: Got new plan[0m
[0m[INFO] [1774188025.411398870, 173.516000000]: Got new plan[0m
[0m[INFO] [1774188025.802410303, 174.166000000]: Got new plan[0m
[0m[INFO] [1774188026.080964142, 174.666000000]: Got new plan[0m
[0m[INFO] [1774188026.350732954, 175.166000000]: Got new plan[0m
[0m[INFO] [1774188026.597024767, 175.618000000]: Got new plan[0m
[0m[INFO] [1774188026.812316681, 176.016000000]: Got new plan[0m
[0m[INFO] [1774188027.042390807, 176.418000000]: Got new plan[0m
[0m[INFO] [1774188027.310819129, 176.920000000]: Got new plan[0m
[0m[INFO] [1774188027.563461951, 177.366000000]: Got new plan[0m
[0m[INFO] [1774188027.840954321, 177.868000000]: Got new plan[0m
[0m[INFO] [1774188028.112968369, 178.366000000]: Got new plan[0m
[0m[INFO] [1774188028.384850625, 178.868000000]: Got new plan[0m
[0m[INFO] [1774188028.652692410, 179.368000000]: Got new plan[0m
[0m[INFO] [1774188028.928947588, 179.868000000]: Got new plan[0m
[0m[INFO] [1774188029.202050415, 180.366000000]: Got new plan[0m
[0m[INFO] [1774188029.503844980, 180.866000000]: Got new plan[0m
[0m[INFO] [1774188029.782327583, 181.316000000]: Got new plan[0m
[0m[INFO] [1774188030.110118655, 181.866000000]: Got new plan[0m
[0m[INFO] [1774188030.416256460, 182.366000000]: Got new plan[0m
[0m[INFO] [1774188030.689696490, 182.820000000]: Got new plan[0m
[0m[INFO] [1774188031.003320386, 183.316000000]: Got new plan[0m
[0m[INFO] [1774188031.381441029, 184.018000000]: Got new plan[0m
[0m[INFO] [1774188031.706966685, 184.616000000]: Got new plan[0m
[0m[INFO] [1774188031.928039695, 185.016000000]: Got new plan[0m
[0m[INFO] [1774188032.231061958, 185.566000000]: Got new plan[0m
[0m[INFO] [1774188032.482737114, 186.016000000]: Got new plan[0m
[0m[INFO] [1774188032.778621173, 186.516000000]: Got new plan[0m
[0m[INFO] [1774188033.053633225, 187.016000000]: Got new plan[0m
[0m[INFO] [1774188033.327393836, 187.466000000]: Got new plan[0m
[0m[INFO] [1774188033.567011696, 187.866000000]: Got new plan[0m
[0m[INFO] [1774188033.791101703, 188.216000000]: Got new plan[0m
[0m[INFO] [1774188034.086608194, 188.716000000]: Got new plan[0m
[0m[INFO] [1774188034.449230673, 189.316000000]: Got new plan[0m
[0m[INFO] [1774188034.786963233, 189.866000000]: Got new plan[0m
[0m[INFO] [1774188034.962218515, 190.168000000]: Got new plan[0m
[0m[INFO] [1774188035.244190677, 190.666000000]: Got new plan[0m
[0m[INFO] [1774188035.547046718, 191.166000000]: Got new plan[0m
74188020.180612219, 164.560000000]: Got new plan[0m
[0m[INFO] [1774188020.460282138, 165.060000000]: Got new plan[0m
[0m[INFO] [1774188020.750680735, 165.560000000]: Got new plan[0m
[0m[INFO] [1774188021.018966571, 166.060000000]: Got new plan[0m
[0m[INFO] [1774188021.305099107, 166.560000000]: Got new plan[0m
[0m[INFO] [1774188021.598856651, 167.060000000]: Got new plan[0m
[0m[INFO] [1774188021.875316041, 167.560000000]: Got new plan[0m
[0m[INFO] [1774188027.414882330, 177.112000000]: Got new plan[0m
[0m[INFO] [1774188027.726797661, 177.660000000]: Got new plan[0m
[0m[INFO] [1774188027.973291320, 178.110000000]: Got new plan[0m
[0m[INFO] [1774188028.244322263, 178.610000000]: Got new plan[0m
[0m[INFO] [1774188028.514320232, 179.110000000]: Got new plan[0m
[0m[INFO] [1774188028.815984189, 179.660000000]: Got new plan[0m
[0m[INFO] [1774188029.092274987, 180.160000000]: Got new plan[0m
[0m[INFO] [1774188029.376353458, 180.660000000]: Got new plan[0m
[0m[INFO] [1774188029.672305191, 181.160000000]: Got new plan[0m
[0m[INFO] [1774188029.957618481, 181.614000000]: Got new plan[0m
[0m[INFO] [1774188030.264418814, 182.112000000]: Got new plan[0m
[0m[INFO] [1774188030.593396026, 182.660000000]: Got new plan[0m
[0m[INFO] [1774188030.863810749, 183.110000000]: Got new plan[0m
[0m[INFO] [1774188031.025512700, 183.362000000]: Got new plan[0m
[0m[INFO] [1774188031.294818461, 183.860000000]: Got new plan[0m
[0m[INFO] [1774188031.565334108, 184.360000000]: Got new plan[0m
[0m[INFO] [1774188031.840666736, 184.860000000]: Got new plan[0m
[0m[INFO] [1774188032.119044857, 185.360000000]: Got new plan[0m
[0m[INFO] [1774188032.394378675, 185.860000000]: Got new plan[0m
[0m[INFO] [1774188032.690694920, 186.360000000]: Got new plan[0m
[0m[INFO] [1774188032.967315799, 186.860000000]: Got new plan[0m
[0m[INFO] [1774188033.246781512, 187.310000000]: Got new plan[0m
[0m[INFO] [1774188033.384996966, 187.560000000]: Got new plan[0m
[0m[INFO] [1774188033.687030189, 188.060000000]: Got new plan[0m
[0m[INFO] [1774188033.996611243, 188.560000000]: Got new plan[0m
[0m[INFO] [1774188034.300933632, 189.060000000]: Got new plan[0m
[0m[INFO] [1774188034.592690547, 189.560000000]: Got new plan[0m
[0m[INFO] [1774188034.784038849, 189.860000000]: Got new plan[0m
[0m[INFO] [1774188035.080010772, 190.360000000]: Got new plan[0m
[0m[INFO] [1774188035.356699332, 190.860000000]: Got new plan[0m
[0m[INFO] [1774188035.656438643, 191.360000000]: Got new plan[0m
[0m[INFO] [1774188035.966994495, 191.860000000]: Got new plan[0m
[0m[INFO] [1774188036.269197508, 192.362000000]: Got new plan[0m
[0m[INFO] [1774188036.547876028, 192.860000000]: Got new plan[0m
[0m[INFO] [1774188036.854916209, 193.360000000]: Got new plan[0m
[0m[INFO] [1774188037.150567557, 193.860000000]: Got new plan[0m
[0m[INFO] [1774188037.458798627, 194.360000000]: Got new plan[0m
[0m[INFO] [1774188037.764186051, 194.860000000]: Got new plan[0m
[0m[INFO] [1774188038.061925907, 195.360000000]: Got new plan[0m
[0m[INFO] [1774188038.340182928, 195.860000000]: Got new plan[0m
[0m[INFO] [1774188038.536826707, 196.160000000]: Got new plan[0m
[0m[INFO] [1774188038.806886428, 196.660000000]: Got new plan[0m
[0m[INFO] [1774188039.081519730, 197.162000000]: Got new plan[0m
[0m[INFO] [1774188039.351808606, 197.660000000]: Got new plan[0m
[0m[INFO] [1774188039.650788033, 198.160000000]: Got new plan[0m
[0m[INFO] [1774188039.958389822, 198.662000000]: Got new plan[0m
[0m[INFO] [1774188040.257629274, 199.160000000]: Got new plan[0m
[0m[INFO] [1774188040.537952245, 199.660000000]: Got new plan[0m
[0m[INFO] [1774188040.837875597, 200.160000000]: Got new plan[0m
[0m[INFO] [1774188041.141096155, 200.660000000]: Got new plan[0m
[0m[INFO] [1774188041.448223017, 201.160000000]: Got new plan[0m
[0m[INFO] [1774188041.756679684, 201.660000000]: Got new plan[0m
[0m[INFO] [1774188042.055380091, 202.160000000]: Got new plan[0m
[0m[INFO] [1774188042.303152516, 202.560000000]: Got new plan[0m
[0m[INFO] [1774188042.[0m[INFO] [1774188035.852863952, 191.668000000]: Got new plan[0m
[0m[INFO] [1774188036.161070086, 192.166000000]: Got new plan[0m
[0m[INFO] [1774188036.459714683, 192.716000000]: Got new plan[0m
[0m[INFO] [1774188036.735270535, 193.166000000]: Got new plan[0m
[0m[INFO] [1774188037.036496379, 193.668000000]: Got new plan[0m
[0m[INFO] [1774188037.340551623, 194.166000000]: Got new plan[0m
[0m[INFO] [1774188037.767871511, 194.868000000]: Got new plan[0m
[0m[INFO] [1774188038.064504779, 195.366000000]: Got new plan[0m
[0m[INFO] [1774188038.343234356, 195.866000000]: Got new plan[0m
[0m[INFO] [1774188038.645554917, 196.366000000]: Got new plan[0m
[0m[INFO] [1774188038.838922864, 196.716000000]: Got new plan[0m
[0m[INFO] [1774188039.109144062, 197.216000000]: Got new plan[0m
[0m[INFO] [1774188039.359409868, 197.668000000]: Got new plan[0m
[0m[INFO] [1774188039.654082863, 198.166000000]: Got new plan[0m
[0m[INFO] [1774188039.960284795, 198.666000000]: Got new plan[0m
[0m[INFO] [1774188040.260931229, 199.166000000]: Got new plan[0m
[0m[INFO] [1774188040.540433757, 199.666000000]: Got new plan[0m
[0m[INFO] [1774188040.816656891, 200.116000000]: Got new plan[0m
[0m[INFO] [1774188041.144164206, 200.666000000]: Got new plan[0m
[0m[INFO] [1774188041.451022732, 201.166000000]: Got new plan[0m
[0m[INFO] [1774188041.759515019, 201.666000000]: Got new plan[0m
[0m[INFO] [1774188042.058321098, 202.166000000]: Got new plan[0m
[0m[INFO] [1774188042.360118054, 202.666000000]: Got new plan[0m
[0m[INFO] [1774188042.661943505, 203.166000000]: Got new plan[0m
[0m[INFO] [1774188043.092012062, 203.868000000]: Got new plan[0m
[0m[INFO] [1774188043.361620605, 204.368000000]: Got new plan[0m
[0m[INFO] [1774188043.668741532, 204.866000000]: Got new plan[0m
[0m[INFO] [1774188043.976876436, 205.366000000]: Got new plan[0m
[0m[INFO] [1774188044.248924935, 205.818000000]: Got new plan[0m
[0m[INFO] [1774188044.514739971, 206.266000000]: Got new plan[0m
[0m[INFO] [1774188044.859927766, 206.816000000]: Got new plan[0m
[0m[INFO] [1774188045.069028978, 207.166000000]: Got new plan[0m
[0m[INFO] [1774188045.376481172, 207.666000000]: Got new plan[0m
[0m[INFO] [1774188045.655012473, 208.116000000]: Got new plan[0m
[0m[INFO] [1774188045.954990448, 208.666000000]: Got new plan[0m
[0m[INFO] [1774188046.257141231, 209.166000000]: Got new plan[0m
[0m[INFO] [1774188046.566581011, 209.666000000]: Got new plan[0m
[0m[INFO] [1774188046.877294791, 210.166000000]: Got new plan[0m
[0m[INFO] [1774188047.152651184, 210.616000000]: Got new plan[0m
[0m[INFO] [1774188047.465178012, 211.116000000]: Got new plan[0m
[0m[INFO] [1774188047.772019923, 211.666000000]: Got new plan[0m
[0m[INFO] [1774188048.191587776, 212.366000000]: Got new plan[0m
[0m[INFO] [1774188048.524281342, 212.916000000]: Got new plan[0m
[0m[INFO] [1774188048.796050824, 213.366000000]: Got new plan[0m
[0m[INFO] [1774188049.124015270, 213.918000000]: Got new plan[0m
[0m[INFO] [1774188049.370544571, 214.366000000]: Got new plan[0m
[0m[INFO] [1774188049.653662518, 214.868000000]: Got new plan[0m
[0m[INFO] [1774188049.953319920, 215.416000000]: Got new plan[0m
[0m[INFO] [1774188050.225318558, 215.916000000]: Got new plan[0m
[0m[INFO] [1774188050.471365805, 216.370000000]: Got new plan[0m
[0m[INFO] [1774188050.747977206, 216.866000000]: Got new plan[0m
[0m[INFO] [1774188051.018883503, 217.366000000]: Got new plan[0m
[0m[INFO] [1774188051.299599491, 217.870000000]: Got new plan[0m
[0m[INFO] [1774188051.594384109, 218.416000000]: Got new plan[0m
[0m[INFO] [1774188051.898548603, 218.970000000]: Got new plan[0m
[0m[INFO] [1774188052.163387665, 219.466000000]: Got new plan[0m
[0m[INFO] [1774188052.414259021, 219.916000000]: Got new plan[0m
[0m[INFO] [1774188052.687788125, 220.416000000]: Got new plan[0m
[0m[INFO] [1774188052.956734149, 220.918000000]: Got new plan[0m
[0m[INFO] [1774188053.208684785, 221.366000000]: Got new plan[0m
[0m[INFO] [1774188053.503278245, 221.866000000]: Got new plan[0m
[0m[INFOError in XmlRpcClient::writeRequest: write error (Connection refused).
Error in XmlRpcDispatch::work: couldn't find source iterator
600758210, 203.060000000]: Got new plan[0m
[0m[INFO] [1774188042.913454820, 203.562000000]: Got new plan[0m
[0m[INFO] [1774188043.191096811, 204.060000000]: Got new plan[0m
[0m[INFO] [1774188043.482596087, 204.560000000]: Got new plan[0m
[0m[INFO] [1774188043.790809355, 205.060000000]: Got new plan[0m
[0m[INFO] [1774188044.101221551, 205.560000000]: Got new plan[0m
[0m[INFO] [1774188044.391685480, 206.060000000]: Got new plan[0m
[0m[INFO] [1774188044.696152734, 206.560000000]: Got new plan[0m
[0m[INFO] [1774188044.825749393, 206.760000000]: Got new plan[0m
[0m[INFO] [1774188045.124569725, 207.260000000]: Got new plan[0m
[0m[INFO] [1774188045.432934973, 207.760000000]: Got new plan[0m
[0m[INFO] [1774188045.729615743, 208.260000000]: Got new plan[0m
[0m[INFO] [1774188046.006812489, 208.760000000]: Got new plan[0m
[0m[INFO] [1774188046.315979184, 209.260000000]: Got new plan[0m
[0m[INFO] [1774188046.623994171, 209.760000000]: Got new plan[0m
[0m[INFO] [1774188046.937277326, 210.260000000]: Got new plan[0m
[0m[INFO] [1774188047.233676702, 210.760000000]: Got new plan[0m
[0m[INFO] [1774188047.539924949, 211.260000000]: Got new plan[0m
[0m[INFO] [1774188047.821644224, 211.760000000]: Got new plan[0m
[0m[INFO] [1774188048.126112670, 212.260000000]: Got new plan[0m
[0m[INFO] [1774188048.424080505, 212.760000000]: Got new plan[0m
[0m[INFO] [1774188048.731393785, 213.260000000]: Got new plan[0m
[0m[INFO] [1774188049.037989921, 213.760000000]: Got new plan[0m
[0m[INFO] [1774188049.312842890, 214.260000000]: Got new plan[0m
[0m[INFO] [1774188049.511988374, 214.610000000]: Got new plan[0m
[0m[INFO] [1774188049.784827638, 215.110000000]: Got new plan[0m
[0m[INFO] [1774188050.058277187, 215.610000000]: Got new plan[0m
[0m[INFO] [1774188050.326704348, 216.110000000]: Got new plan[0m
[0m[INFO] [1774188050.603481974, 216.612000000]: Got new plan[0m
[0m[INFO] [1774188050.882177131, 217.110000000]: Got new plan[0m
[0m[INFO] [1774188051.163301559, 217.610000000]: Got new plan[0m
[0m[INFO] [1774188051.432498108, 218.112000000]: Got new plan[0m
[0m[INFO] [1774188051.701565238, 218.610000000]: Got new plan[0m
[0m[INFO] [1774188051.974227592, 219.110000000]: Got new plan[0m
[0m[INFO] [1774188052.244452367, 219.612000000]: Got new plan[0m
[0m[INFO] [1774188052.521334479, 220.110000000]: Got new plan[0m
[0m[INFO] [1774188052.787718253, 220.610000000]: Got new plan[0m
[0m[INFO] [1774188053.066355235, 221.110000000]: Got new plan[0m
[0m[INFO] [1774188053.360010707, 221.610000000]: Got new plan[0m
[0m[INFO] [1774188053.636587678, 222.110000000]: Got new plan[0m
[0m[INFO] [1774188053.934394043, 222.610000000]: Got new plan[0m
[0m[INFO] [1774188054.242743866, 223.110000000]: Got new plan[0m
[0m[INFO] [1774188054.546878681, 223.610000000]: Got new plan[0m
[0m[INFO] [1774188054.825591653, 224.114000000]: Got new plan[0m
[0m[INFO] [1774188055.109478994, 224.610000000]: Got new plan[0m
[0m[INFO] [1774188055.422325223, 225.110000000]: Got new plan[0m
[0m[INFO] [1774188055.726672571, 225.610000000]: Got new plan[0m
[0m[INFO] [1774188056.019216708, 226.110000000]: Got new plan[0m
[0m[INFO] [1774188056.297119926, 226.610000000]: Got new plan[0m
[0m[INFO] [1774188056.603573592, 227.110000000]: Got new plan[0m
[0m[INFO] [1774188056.842711793, 227.510000000]: Got new plan[0m
Error in XmlRpcClient::writeRequest: write error (Connection refused).
Error in XmlRpcDispatch::work: couldn't find source iterator
Error in XmlRpcClient::writeRequest: write error (Connection refused).
Error in XmlRpcDispatch::work: couldn't find source iterator
] [1774188053.818341210, 222.416000000]: Got new plan[0m
[0m[INFO] [1774188054.152504694, 222.968000000]: Got new plan[0m
[0m[INFO] [1774188054.401454958, 223.368000000]: Got new plan[0m
[0m[INFO] [1774188054.661775058, 223.816000000]: Got new plan[0m
[0m[INFO] [1774188054.968029251, 224.366000000]: Got new plan[0m
[0m[INFO] [1774188055.237517886, 224.816000000]: Got new plan[0m
[0m[INFO] [1774188055.542393594, 225.316000000]: Got new plan[0m
[0m[INFO] [1774188055.850578380, 225.816000000]: Got new plan[0m
[0m[INFO] [1774188056.155925458, 226.366000000]: Got new plan[0m
[0m[INFO] [1774188056.458650919, 226.866000000]: Got new plan[0m
[0m[INFO] [1774188056.728740342, 227.316000000]: Got new plan[0m
Error in XmlRpcClient::writeRequest: write error (Connection refused).
Error in XmlRpcDispatch::work: couldn't find source iterator
Error in XmlRpcClient::writeRequest: write error (Connection refused).
Error in XmlRpcDispatch::work: couldn't find source iterator
Error in XmlRpcClient::writeRequest: write error (Connection refused).
Error in XmlRpcDispatch::work: couldn't find source iterator
Error in XmlRpcClient::writeRequest: write error (Connection refused).
Error in XmlRpcDispatch::work: couldn't find source iterator
Error in XmlRpcClient::writeRequest: write error (Connection refused).
Error in XmlRpcDispatch::work: couldn't find source iterator
Error in XmlRpcClient::writeRequest: write error (Connection refused).
Error in XmlRpcClient::writeRequest: write error (Connection refused).
Error in XmlRpcDispatch::work: couldn't find source iterator
Error in XmlRpcDispatch::work: couldn't find source iterator
Error in XmlRpcClient::writeRequest: write error (Connection refused).
Error in XmlRpcDispatch::work: couldn't find source iterator
Error in XmlRpcClient::writeRequest: write error (Connection refused).
Error in XmlRpcDispatch::work: couldn't find source iterator
Error in XmlRpcClient::writeRequest: write error (Connection refused).
Error in XmlRpcDispatch::work: couldn't find source iterator
Error in XmlRpcClient::writeRequest: write error (Connection refused).
Error in XmlRpcClient::writeRequest: write error (Connection refused).
Error in XmlRpcDispatch::work: couldn't find source iterator
Error in XmlRpcDispatch::work: couldn't find source iterator
Error in XmlRpcClient::writeRequest: write error (Connection refused).
Error in XmlRpcDispatch::work: couldn't find source iterator
Error in XmlRpcClient::writeRequest: write error (Connection refused).
Error in XmlRpcDispatch::work: couldn't find source iterator
Error in XmlRpcClient::writeRequest: write error (Connection refused).
Error in XmlRpcDispatch::work: couldn't find source iterator
Error in XmlRpcClient::writeRequest: write error (Connection refused).
Error in XmlRpcDispatch::work: couldn't find source iterator
Error in XmlRpcClient::writeRequest: write error (Connection refused).
Error in XmlRpcDispatch::work: couldn't find source iterator
Error in XmlRpcClient::writeRequest: write error (Connection refused).
Error in XmlRpcDispatch::work: couldn't find source iterator
Error in XmlRpcClient::writeRequest: write error (Connection refused).
Error in XmlRpcDispatch::work: couldn't find source iterator
Error in XmlRpcClient::writeRequest: write error (Connection refused).
Error in XmlRpcDispatch::work: couldn't find source iterator
Error in XmlRpcClient::writeRequest: write error (Connection refused).
Error in XmlRpcDispatch::work: couldn't find source iterator
Error in XmlRpcClient::writeRequest: write error (Connection refused).
Error in XmlRpcDispatch::work: couldn't find source iterator
Error in XmlRpcClient::writeRequest: write error (Connection refused).
Error in XmlRpcClient::writeRequest: write error (Connection refused).
Error in XmlRpcDispatch::work: couldn't find source iterator
Error in XmlRpcDispatch::work: couldn't find source iterator
Error in XmlRpcClient::writeRequest: write error (Connection refused).
Error in XmlRpcDispatch::work: couldn't find source iterator
Error in XmlRpcClient::writeRequest: write error (Connection refused).
Error in XmlRpcDispatch::work: couldn't find source iterator
Error in XmlRpcClient::writeRequest: write error (Connection refused).
Error in XmlRpcDispatch::work: couldn't find source iterator
Error in XmlRpcClient::writeRequest: write error (Connection refused).
Error in XmlRpcDispatch::work: couldn't find source iterator
Error in XmlRpcClient::writeRequest: write error (Connection refused).
Error in XmlRpcDispatch::work: couldn't find source iterator
Error in XmlRpcClient::writeRequest: write error (Connection refused).
Error in XmlRpcDispatch::work: couldn't find source iterator
Error in XmlRpcClient::writeRequest: write error (Connection refused).
Error in XmlRpcDispatch::work: couldn't find source iterator
Error in XmlRpcClient::writeRequest: write error (Connection refused).
Error in XmlRpcClient::writeRequest: write error (Connection refused).
Error in XmlRpcDispatch::work: couldn't find source iterator
Error in XmlRpcDispatch::work: couldn't find source iterator
Error in XmlRpcClient::writeRequest: write error (Connection refused).
Error in XmlRpcDispatch::work: couldn't find source iterator
Error in XmlRpcClient::writeRequest: write error (Connection refused).
Error in XmlRpcDispatch::work: couldn't find source iterator
Error in XmlRpcClient::writeRequest: write error (Connection refused).
Error in XmlRpcDispatch::work: couldn't find source iterator
Error in XmlRpcClient::writeRequest: write error (Connection refused).
Error in XmlRpcClient::writeRequest: write error (Connection refused).
Error in XmlRpcDispatch::work: couldn't find source iterator
Error in XmlRpcDispatch::work: couldn't find source iterator
Error in XmlRpcClient::writeRequest: write error (Connection refused).
Error in XmlRpcDispatch::work: couldn't find source iterator
Error in XmlRpcClient::writeRequest: write error (Connection refused).
Error in XmlRpcDispatch::work: couldn't find source iterator
Error in XmlRpcClient::writeRequest: write error (Connection refused).
Error in XmlRpcDispatch::work: couldn't find source iterator
Error in XmlRpcClient::writeRequest: write error (Connection refused).
Error in XmlRpcDispatch::work: couldn't find source iterator
Error in XmlRpcClient::writeRequest: write error (Connection refused).
Error in XmlRpcDispatch::work: couldn't find source iterator
Error in XmlRpcClient::writeRequest: write error (Connection refused).
Error in XmlRpcDispatch::work: couldn't find source iterator
Error in XmlRpcClient::writeRequest: write error (Connection refused).
Error in XmlRpcDispatch::work: couldn't find source iterator
Error in XmlRpcClient::writeRequest: write error (Connection refused).
Error in XmlRpcDispatch::work: couldn't find source iterator
Error in XmlRpcClient::writeRequest: write error (Connection refused).
Error in XmlRpcDispatch::work: couldn't find source iterator
Error in XmlRpcClient::writeRequest: write error (Connection refused).
Error in XmlRpcDispatch::work: couldn't find source iterator
Error in XmlRpcClient::writeRequest: write error (Connection refused).
Error in XmlRpcDispatch::work: couldn't find source iterator
Error in XmlRpcClient::writeRequest: write error (Connection refused).
Error in XmlRpcClient::writeRequest: write error (Connection refused).
Error in XmlRpcDispatch::work: couldn't find source iterator
Error in XmlRpcDispatch::work: couldn't find source iterator
Error in XmlRpcClient::writeRequest: write error (Connection refused).
Error in XmlRpcDispatch::work: couldn't find source iterator
Error in XmlRpcClient::writeRequest: write error (Connection refused).
Error in XmlRpcDispatch::work: couldn't find source iterator
Error in XmlRpcClient::writeRequest: write error (Connection refused).
Error in XmlRpcDispatch::work: couldn't find source iterator
Error in XmlRpcClient::writeRequest: write error (Connection refused).
Error in XmlRpcDispatch::work: couldn't find source iterator
Error in XmlRpcClient::writeRequest: write error (Connection refused).
Error in XmlRpcDispatch::work: couldn't find source iterator
Error in XmlRpcClient::writeRequest: write error (Connection refused).
Error in XmlRpcDispatch::work: couldn't find source iterator
Error in XmlRpcClient::writeRequest: write error (Connection refused).
Error in XmlRpcDispatch::work: couldn't find source iterator
Error in XmlRpcClient::writeRequest: write error (Connection refused).
Error in XmlRpcDispatch::work: couldn't find source iterator
Error in XmlRpcClient::writeRequest: write error (Connection refused).
Error in XmlRpcDispatch::work: couldn't find source iterator
Error in XmlRpcClient::writeRequest: write error (Connection refused).
Error in XmlRpcDispatch::work: couldn't find source iterator
Error in XmlRpcClient::writeRequest: write error (Connection refused).
Error in XmlRpcDispatch::work: couldn't find source iterator
Error in XmlRpcClient::writeRequest: write error (Connection refused).
Error in XmlRpcDispatch::work: couldn't find source iterator
Error in XmlRpcClient::writeRequest: write error (Connection refused).
Error in XmlRpcDispatch::work: couldn't find source iterator
Error in XmlRpcClient::writeRequest: write error (Connection refused).
Error in XmlRpcDispatch::work: couldn't find source iterator
Error in XmlRpcClient::writeRequest: write error (Connection refused).
Error in XmlRpcClient::writeRequest: write error (Connection refused).
Error in XmlRpcDispatch::work: couldn't find source iterator
Error in XmlRpcDispatch::work: couldn't find source iterator
Error in XmlRpcClient::writeRequest: write error (Connection refused).
Error in XmlRpcDispatch::work: couldn't find source iterator
Error in XmlRpcClient::writeRequest: write error (Connection refused).
Error in XmlRpcDispatch::work: couldn't find source iterator
Error in XmlRpcClient::writeRequest: write error (Connection refused).
Error in XmlRpcDispatch::work: couldn't find source iterator
Error in XmlRpcClient::writeRequest: write error (Connection refused).
Error in XmlRpcDispatch::work: couldn't find source iterator
Error in XmlRpcClient::writeRequest: write error (Connection refused).
Error in XmlRpcDispatch::work: couldn't find source iterator
Error in XmlRpcClient::writeRequest: write error (Connection refused).
Error in XmlRpcDispatch::work: couldn't find source iterator
Error in XmlRpcClient::writeRequest: write error (Connection refused).
Error in XmlRpcDispatch::work: couldn't find source iterator
Error in XmlRpcClient::writeRequest: write error (Connection refused).
Error in XmlRpcDispatch::work: couldn't find source iterator
Error in XmlRpcClient::writeRequest: write error (Connection refused).
Error in XmlRpcDispatch::work: couldn't find source iterator
Error in XmlRpcClient::writeRequest: write error (Connection refused).
Error in XmlRpcDispatch::work: couldn't find source iterator
Error in XmlRpcClient::writeRequest: write error (Connection refused).
Error in XmlRpcDispatch::work: couldn't find source iterator
Error in XmlRpcClient::writeRequest: write error (Connection refused).
Error in XmlRpcDispatch::work: couldn't find source iterator
Error in XmlRpcClient::writeRequest: write error (Connection refused).
Error in XmlRpcDispatch::work: couldn't find source iterator
Error in XmlRpcClient::writeRequest: write error (Connection refused).
Error in XmlRpcDispatch::work: couldn't find source iterator
Error in XmlRpcClient::writeRequest: write error (Connection refused).
Error in XmlRpcDispatch::work: couldn't find source iterator
Error in XmlRpcClient::writeRequest: write error (Connection refused).
Error in XmlRpcDispatch::work: couldn't find source iterator
Error in XmlRpcClient::writeRequest: write error (Connection refused).
Error in XmlRpcDispatch::work: couldn't find source iterator
Error in XmlRpcClient::writeRequest: write error (Connection refused).
Error in XmlRpcDispatch::work: couldn't find source iterator
Error in XmlRpcClient::writeRequest: write error (Connection refused).
Error in XmlRpcDispatch::work: couldn't find source iterator
Error in XmlRpcClient::writeRequest: write error (Connection refused).
Error in XmlRpcDispatch::work: couldn't find source iterator
Error in XmlRpcClient::writeRequest: write error (Connection refused).
Error in XmlRpcDispatch::work: couldn't find source iterator
Error in XmlRpcClient::writeRequest: write error (Connection refused).
Error in XmlRpcDispatch::work: couldn't find source iterator
Error in XmlRpcClient::writeRequest: write error (Connection refused).
Error in XmlRpcDispatch::work: couldn't find source iterator
Error in XmlRpcClient::writeRequest: write error (Connection refused).
Error in XmlRpcDispatch::work: couldn't find source iterator
Error in XmlRpcClient::writeRequest: write error (Connection refused).
Error in XmlRpcDispatch::work: couldn't find source iterator
Error in XmlRpcClient::writeRequest: write error (Connection refused).
Error in XmlRpcDispatch::work: couldn't find source iterator
Error in XmlRpcClient::writeRequest: write error (Connection refused).
Error in XmlRpcDispatch::work: couldn't find source iterator
Error in XmlRpcClient::writeRequest: write error (Connection refused).
Error in XmlRpcClient::writeRequest: write error (Connection refused).
Error in XmlRpcDispatch::work: couldn't find source iterator
Error in XmlRpcDispatch::work: couldn't find source iterator
Error in XmlRpcClient::writeRequest: write error (Connection refused).
Error in XmlRpcDispatch::work: couldn't find source iterator
Error in XmlRpcClient::writeRequest: write error (Connection refused).
Error in XmlRpcDispatch::work: couldn't find source iterator
Error in XmlRpcClient::writeRequest: write error (Connection refused).
Error in XmlRpcDispatch::work: couldn't find source iterator
Error in XmlRpcClient::writeRequest: write error (Connection refused).
Error in XmlRpcDispatch::work: couldn't find source iterator
Error in XmlRpcClient::writeRequest: write error (Connection refused).
Error in XmlRpcClient::writeRequest: write error (Connection refused).
Error in XmlRpcDispatch::work: couldn't find source iterator
Error in XmlRpcDispatch::work: couldn't find source iterator
Error in XmlRpcClient::writeRequest: write error (Connection refused).
Error in XmlRpcDispatch::work: couldn't find source iterator
Error in XmlRpcClient::writeRequest: write error (Connection refused).
Error in XmlRpcDispatch::work: couldn't find source iterator
Error in XmlRpcClient::writeRequest: write error (Connection refused).
Error in XmlRpcClient::writeRequest: write error (Connection refused).
Error in XmlRpcDispatch::work: couldn't find source iterator
Error in XmlRpcDispatch::work: couldn't find source iterator
Error in XmlRpcClient::writeRequest: write error (Connection refused).
Error in XmlRpcDispatch::work: couldn't find source iterator
Error in XmlRpcClient::writeRequest: write error (Connection refused).
Error in XmlRpcDispatch::work: couldn't find source iterator
Error in XmlRpcClient::writeRequest: write error (Connection refused).
Error in XmlRpcDispatch::work: couldn't find source iterator
Error in XmlRpcClient::writeRequest: write error (Connection refused).
Error in XmlRpcDispatch::work: couldn't find source iterator
Error in XmlRpcClient::writeRequest: write error (Connection refused).
Error in XmlRpcDispatch::work: couldn't find source iterator
Error in XmlRpcClient::writeRequest: write error (Connection refused).
Error in XmlRpcDispatch::work: couldn't find source iterator
Error in XmlRpcClient::writeRequest: write error (Connection refused).
Error in XmlRpcDispatch::work: couldn't find source iterator
Error in XmlRpcClient::writeRequest: write error (Connection refused).
Error in XmlRpcDispatch::work: couldn't find source iterator
Error in XmlRpcClient::writeRequest: write error (Connection refused).
Error in XmlRpcDispatch::work: couldn't find source iterator
Error in XmlRpcClient::writeRequest: write error (Connection refused).
Error in XmlRpcDispatch::work: couldn't find source iterator
Error in XmlRpcClient::writeRequest: write error (Connection refused).
Error in XmlRpcDispatch::work: couldn't find source iterator
Error in XmlRpcClient::writeRequest: write error (Connection refused).
Error in XmlRpcDispatch::work: couldn't find source iterator
Error in XmlRpcClient::writeRequest: write error (Connection refused).
Error in XmlRpcDispatch::work: couldn't find source iterator
Error in XmlRpcClient::writeRequest: write error (Connection refused).
Error in XmlRpcDispatch::work: couldn't find source iterator
Error in XmlRpcClient::writeRequest: write error (Connection refused).
Error in XmlRpcDispatch::work: couldn't find source iterator
Error in XmlRpcClient::writeRequest: write error (Connection refused).
Error in XmlRpcDispatch::work: couldn't find source iterator
Error in XmlRpcClient::writeRequest: write error (Connection refused).
Error in XmlRpcDispatch::work: couldn't find source iterator
Error in XmlRpcClient::writeRequest: write error (Connection refused).
Error in XmlRpcDispatch::work: couldn't find source iterator
Error in XmlRpcClient::writeRequest: write error (Connection refused).
Error in XmlRpcDispatch::work: couldn't find source iterator
Error in XmlRpcClient::writeRequest: write error (Connection refused).
Error in XmlRpcDispatch::work: couldn't find source iterator
Error in XmlRpcClient::writeRequest: write error (Connection refused).
Error in XmlRpcDispatch::work: couldn't find source iterator
Error in XmlRpcClient::writeRequest: write error (Connection refused).
Error in XmlRpcDispatch::work: couldn't find source iterator
Error in XmlRpcClient::writeRequest: write error (Connection refused).
Error in XmlRpcDispatch::work: couldn't find source iterator
Error in XmlRpcClient::writeRequest: write error (Connection refused).
Error in XmlRpcDispatch::work: couldn't find source iterator
Error in XmlRpcClient::writeRequest: write error (Connection refused).
Error in XmlRpcDispatch::work: couldn't find source iterator
Error in XmlRpcClient::writeRequest: write error (Connection refused).
Error in XmlRpcDispatch::work: couldn't find source iterator
Error in XmlRpcClient::writeRequest: write error (Connection refused).
Error in XmlRpcDispatch::work: couldn't find source iterator
Error in XmlRpcClient::writeRequest: write error (Connection refused).
Error in XmlRpcDispatch::work: couldn't find source iterator
Error in XmlRpcClient::writeRequest: write error (Connection refused).
Error in XmlRpcDispatch::work: couldn't find source iterator
Error in XmlRpcClient::writeRequest: write error (Connection refused).
Error in XmlRpcDispatch::work: couldn't find source iterator
Error in XmlRpcClient::writeRequest: write error (Connection refused).
Error in XmlRpcDispatch::work: couldn't find source iterator
Error in XmlRpcClient::writeRequest: write error (Connection refused).
Error in XmlRpcDispatch::work: couldn't find source iterator
Error in XmlRpcClient::writeRequest: write error (Connection refused).
Error in XmlRpcDispatch::work: couldn't find source iterator
Error in XmlRpcClient::writeRequest: write error (Connection refused).
Error in XmlRpcDispatch::work: couldn't find source iterator
[INFO] [1774187970.984753, 0.000000]: Ground Truth Odom Publisher initialized
[INFO] [1774187970.893743, 0.000000]: Ground Truth Odom Publisher initialized
[31mWARNING: disk usage in log directory [/data/lzq/.ros/log] is over 1GB.
It's recommended that you use the 'rosclean' command.[0m
[31m[rviz-16] escalating to SIGTERM[0m

auto-starting new master
[1mprocess[master]: started with pid [144218][0m
[1mROS_MASTER_URI=http://localhost:11311[0m
]2;/data/lzq/ros_motion_planning/src/sim_env/launch/main.launch http://localhost:11311
[1msetting /run_id to 58616fd0-25f7-11f1-9841-ef63e69f4ffa[0m
[1mprocess[rosout-1]: started with pid [144228][0m
started core service [/rosout]
[1mprocess[gazebo-2]: started with pid [144235][0m
[1mprocess[map_server-3]: started with pid [144237][0m
[1mprocess[robot2/robot_state_publisher-4]: started with pid [144239][0m
[1mprocess[robot2/joint_state_publisher-5]: started with pid [144242][0m
[1mprocess[robot2/urdf_spawner-6]: started with pid [144243][0m
[1mprocess[robot2/tf_map2odom_node-7]: started with pid [144250][0m
[1mprocess[robot2/ground_truth_odom_publisher-8]: started with pid [144255][0m
[1mprocess[robot2/move_base-9]: started with pid [144257][0m
[1mprocess[robot1/robot_state_publisher-10]: started with pid [144258][0m
[1mprocess[robot1/joint_state_publisher-11]: started with pid [144259][0m
[1mprocess[robot1/urdf_spawner-12]: started with pid [144260][0m
[1mprocess[robot1/tf_map2odom_node-13]: started with pid [144271][0m
[1mprocess[robot1/ground_truth_odom_publisher-14]: started with pid [144274][0m
[1mprocess[robot1/move_base-15]: started with pid [144312][0m
[1mprocess[rviz-16]: started with pid [144400][0m
[1m[robot2/urdf_spawner-6] process has finished cleanly
log file: /data/lzq/.ros/log/58616fd0-25f7-11f1-9841-ef63e69f4ffa/robot2-urdf_spawner-6*.log[0m
[1m[robot1/urdf_spawner-12] process has finished cleanly
log file: /data/lzq/.ros/log/58616fd0-25f7-11f1-9841-ef63e69f4ffa/robot1-urdf_spawner-12*.log[0m
[rviz-16] killing on exit
[robot1/move_base-15] killing on exit
[robot1/ground_truth_odom_publisher-14] killing on exit
[robot1/tf_map2odom_node-13] killing on exit
[robot1/joint_state_publisher-11] killing on exit
[robot1/robot_state_publisher-10] killing on exit
[robot2/move_base-9] killing on exit
[robot2/ground_truth_odom_publisher-8] killing on exit
[robot2/tf_map2odom_node-7] killing on exit
[robot2/joint_state_publisher-5] killing on exit
[robot2/robot_state_publisher-4] killing on exit
[map_server-3] killing on exit
[gazebo-2] killing on exit
[rosout-1] killing on exit
[master] killing on exit
shutting down processing monitor...
... shutting down processing monitor complete
[1mdone[0m
