[nomad-env] python= /data/lzq/miniconda3/envs/nomad_train/bin/python
[nomad-env] import PIL: OK
[nomad-env] import torch: OK
[nomad-env] import torchvision: OK
[nomad-env] import cv2: OK
[nomad-env] import diffusers: OK
[nomad-env] import rospy: OK
[nomad-env] import cv_bridge: OK
[INFO] [1774246855.465967, 0.000000]: [nomad_plan_service] Loaded parameter defaults from /tmp/nomad_params_nzgcx30e.yaml
[INFO] [1774246855.477552, 97.478000]: [nomad_plan_service] Loading model 'diffusion'
[INFO] [1774246855.478209, 97.480000]: [nomad_plan_service] Loading config from /data/lzq/visualnav-transformer/train/config/diffusion_2d.yaml
[INFO] [1774246855.478693, 97.480000]: [nomad_plan_service] Loading weights from /data/lzq/visualnav-transformer/train/logs/diffusion_2d_ablation/diffusion_2d_gazebo_20260310_212252/latest.pth
[INFO] [1774246855.771140, 98.060000]: [nomad_plan_service] Loaded diffusion_2d unconditional model
[INFO] [1774246855.782058, 98.082000]: [nomad_plan_service] Ready on /nomad/make_plan
[INFO] [1774246855.782948, 98.084000]: [nomad_plan_service] adversarial_selection_enabled: True, num_samples: 96
[INFO] [1774246863.675962, 113.534000]: [nomad_plan_service] Adversarial selection: best=39/96, score=9.81
published_points: [[ 0.02809466 -0.00925053]
 [ 0.31917539  0.04349872]
 [ 0.55066889  0.19271813]
 [ 0.8070945   0.31285265]
 [ 1.05037717  0.46600742]
 [ 1.29832984  0.61418602]
 [ 1.53739048  0.7771878 ]
 [ 1.74050007  1.00675235]
 [ 2.01450054  1.12617554]
 [ 2.32669342  1.19195939]
 [ 2.60375321  1.31765916]
 [ 2.87018092  1.46807835]
 [ 3.15657849  1.58721576]
 [ 3.43410223  1.72432041]
 [ 3.72131162  1.84732765]
 [ 4.01039858  1.97310452]]
[INFO] [1774246863.677551, 113.540000]: [nomad_plan_service] Generated plan with 17 poses using goal 
[INFO] [1774246863.873676, 113.874000]: [nomad_plan_service] Adversarial selection: best=16/96, score=9.14
published_points: [[ 0.01423056 -0.01562829]
 [ 0.09123444 -0.148387  ]
 [ 0.17102871 -0.27993833]
 [ 0.25510273 -0.41506585]
 [ 0.34146917 -0.54946458]
 [ 0.43185985 -0.68813482]
 [ 0.52729206 -0.82679082]
 [ 0.62160656 -0.97136575]
 [ 0.72056708 -1.11612315]
 [ 0.82115294 -1.26243321]
 [ 0.92455626 -1.4097773 ]
 [ 1.02870462 -1.55992935]
 [ 1.13765527 -1.7196122 ]
 [ 1.24490688 -1.87554804]
 [ 1.36834275 -2.01389211]
 [ 1.51237436 -2.12775498]]
[INFO] [1774246863.875305, 113.906000]: [nomad_plan_service] Generated plan with 17 poses using goal 
[INFO] [1774246864.144177, 114.208000]: [nomad_plan_service] Adversarial selection: best=7/96, score=9.41
published_points: [[ 0.01700802  0.01455039]
 [ 0.12289988 -0.10616983]
 [ 0.23381986 -0.22585822]
 [ 0.34804363 -0.34852462]
 [ 0.50134889 -0.4106931 ]
 [ 0.63425506 -0.51850783]
 [ 0.76442929 -0.63999801]
 [ 0.89747824 -0.75825201]
 [ 1.04854742 -0.85579472]
 [ 1.19892946 -0.95912955]
 [ 1.34680373 -1.07809142]
 [ 1.4974868  -1.19668342]
 [ 1.65359563 -1.31306077]
 [ 1.81760538 -1.43239145]
 [ 1.98061601 -1.54849134]
 [ 2.14810959 -1.66650128]]
[INFO] [1774246864.145660, 114.404000]: [nomad_plan_service] Generated plan with 17 poses using goal 
[INFO] [1774246864.417880, 114.886000]: [nomad_plan_service] Adversarial selection: best=7/96, score=9.89
published_points: [[ 0.01668118 -0.00650294]
 [ 0.12464856 -0.11061873]
 [ 0.23704252 -0.21251052]
 [ 0.36029793 -0.31717464]
 [ 0.49902804 -0.39362397]
 [ 0.63960244 -0.46260183]
 [ 0.76724192 -0.58863901]
 [ 0.89712705 -0.70049961]
 [ 1.03660209 -0.81383259]
 [ 1.19470908 -0.88801437]
 [ 1.34089537 -1.00583557]
 [ 1.48991331 -1.12121568]
 [ 1.64123414 -1.23851313]
 [ 1.79551995 -1.3647497 ]
 [ 1.95554583 -1.48810603]
 [ 2.11360948 -1.6127977 ]]
[INFO] [1774246864.419456, 114.910000]: [nomad_plan_service] Generated plan with 17 poses using goal 
[INFO] [1774246864.676626, 115.288000]: [nomad_plan_service] Adversarial selection: best=84/96, score=10.47
published_points: [[ 2.02671303e-02 -1.22191625e-03]
 [ 1.48293568e-01 -6.22987261e-02]
 [ 2.81709681e-01 -1.21427014e-01]
 [ 4.14941222e-01 -1.81760035e-01]
 [ 5.55594321e-01 -2.41682505e-01]
 [ 6.98942992e-01 -3.05210428e-01]
 [ 8.43650568e-01 -3.65495713e-01]
 [ 9.92071969e-01 -4.27686324e-01]
 [ 1.14345858e+00 -4.93694941e-01]
 [ 1.30026146e+00 -5.62398420e-01]
 [ 1.45799508e+00 -6.31794986e-01]
 [ 1.61902095e+00 -7.00495013e-01]
 [ 1.78375764e+00 -7.70287469e-01]
 [ 1.94709676e+00 -8.38502327e-01]
 [ 2.11804260e+00 -8.73687158e-01]
 [ 2.29112737e+00 -9.00214565e-01]]
[INFO] [1774246864.678477, 115.358000]: [nomad_plan_service] Generated plan with 17 poses using goal 
[INFO] [1774246864.963146, 115.820000]: [nomad_plan_service] Adversarial selection: best=16/96, score=10.88
published_points: [[ 0.01191774  0.00989391]
 [ 0.13964535 -0.03841468]
 [ 0.27271086 -0.08102129]
 [ 0.40911878 -0.12771986]
 [ 0.5485883  -0.17376592]
 [ 0.69255394 -0.22100475]
 [ 0.83917467 -0.26803564]
 [ 0.98885949 -0.31956892]
 [ 1.14246189 -0.36782728]
 [ 1.30085677 -0.41672391]
 [ 1.46158819 -0.46938485]
 [ 1.62753553 -0.52282894]
 [ 1.79401408 -0.57689484]
 [ 1.96244332 -0.63015873]
 [ 2.13751857 -0.68258236]
 [ 2.31129049 -0.69923573]]
[INFO] [1774246864.965813, 115.876000]: [nomad_plan_service] Generated plan with 17 poses using goal 
[INFO] [1774246865.245948, 116.280000]: [nomad_plan_service] Adversarial selection: best=3/96, score=11.89
published_points: [[ 2.33802292e-02  1.27137265e-03]
 [ 1.46547528e-01 -2.14017000e-02]
 [ 2.74459236e-01 -4.19091624e-02]
 [ 4.07968312e-01 -6.36357623e-02]
 [ 5.46179259e-01 -8.73467034e-02]
 [ 6.87335707e-01 -1.11618242e-01]
 [ 8.29992422e-01 -1.37231679e-01]
 [ 9.79138109e-01 -1.62337097e-01]
 [ 1.13103104e+00 -1.89769858e-01]
 [ 1.28766414e+00 -2.16862700e-01]
 [ 1.44627731e+00 -2.42831989e-01]
 [ 1.61442341e+00 -2.70829816e-01]
 [ 1.77926399e+00 -2.96890922e-01]
 [ 1.95094910e+00 -3.22141723e-01]
 [ 2.12319340e+00 -3.47914926e-01]
 [ 2.28983697e+00 -3.35788258e-01]]
[INFO] [1774246865.247676, 116.352000]: [nomad_plan_service] Generated plan with 17 poses using goal 
[INFO] [1774246865.552377, 116.890000]: [nomad_plan_service] Adversarial selection: best=85/96, score=13.77
published_points: [[ 0.01702352 -0.01794887]
 [ 0.13204807 -0.03452414]
 [ 0.25146509 -0.05335458]
 [ 0.37421365 -0.07259777]
 [ 0.50060764 -0.09217243]
 [ 0.63140278 -0.11123295]
 [ 0.76642485 -0.13151516]
 [ 0.90555064 -0.15295665]
 [ 1.04868478 -0.17371726]
 [ 1.19428445 -0.19725569]
 [ 1.34588967 -0.22038955]
 [ 1.49946752 -0.24476482]
 [ 1.65673709 -0.27167511]
 [ 1.81573446 -0.29767949]
 [ 1.97706288 -0.32299262]
 [ 2.13321558 -0.31057546]]
[INFO] [1774246865.553905, 116.908000]: [nomad_plan_service] Generated plan with 17 poses using goal 
[INFO] [1774246865.823318, 117.160000]: [nomad_plan_service] Adversarial selection: best=28/96, score=17.68
published_points: [[-0.01118659  0.00981598]
 [ 0.09604349 -0.00537424]
 [ 0.21008302 -0.02078408]
 [ 0.32732285 -0.03784916]
 [ 0.44827154 -0.05312176]
 [ 0.57412374 -0.07136926]
 [ 0.70637686 -0.08891924]
 [ 0.84037338 -0.10695365]
 [ 0.97845857 -0.12489482]
 [ 1.1207331  -0.14475506]
 [ 1.26892028 -0.16753724]
 [ 1.41856429 -0.19335359]
 [ 1.57213707 -0.219865  ]
 [ 1.72490349 -0.24578092]
 [ 1.8801485  -0.27270536]
 [ 2.01938403 -0.33775404]]
[INFO] [1774246865.825290, 117.404000]: [nomad_plan_service] Generated plan with 17 poses using goal 
[INFO] [1774246866.082836, 117.768000]: [nomad_plan_service] Adversarial selection: best=95/96, score=15.90
published_points: [[-0.01175516 -0.0041376 ]
 [ 0.08704726 -0.01444194]
 [ 0.19342757 -0.02143765]
 [ 0.30417165 -0.03265208]
 [ 0.4189863  -0.04714709]
 [ 0.53570309 -0.0609135 ]
 [ 0.65857078 -0.0740564 ]
 [ 0.78463997 -0.08890617]
 [ 0.9146881  -0.10591861]
 [ 1.04998548 -0.1212917 ]
 [ 1.18721049 -0.13837408]
 [ 1.32943173 -0.15807808]
 [ 1.47331748 -0.17568822]
 [ 1.61965165 -0.19438285]
 [ 1.7690176  -0.21339595]
 [ 1.9016733  -0.27028008]]
[INFO] [1774246866.085017, 117.888000]: [nomad_plan_service] Generated plan with 17 poses using goal 
[INFO] [1774246866.346063, 118.144000]: [nomad_plan_service] Adversarial selection: best=56/96, score=17.87
published_points: [[-0.00526873 -0.01419815]
 [ 0.08892841 -0.0223988 ]
 [ 0.18860459 -0.03038527]
 [ 0.29163678 -0.03922643]
 [ 0.39806677 -0.05078363]
 [ 0.51045885 -0.06054686]
 [ 0.62782908 -0.07280687]
 [ 0.74713132 -0.08551386]
 [ 0.87085771 -0.10126213]
 [ 1.00056564 -0.11581761]
 [ 1.13194112 -0.13213365]
 [ 1.26620083 -0.14704726]
 [ 1.39874841 -0.16264127]
 [ 1.5384977  -0.17830777]
 [ 1.6809616  -0.19989066]
 [ 1.80765331 -0.25287379]]/data/lzq/visualnav-transformer/deployment/src/nomad_plan_service.py:161: FutureWarning: You are using `torch.load` with `weights_only=False` (the current default value), which uses the default pickle module implicitly. It is possible to construct malicious pickle data which will execute arbitrary code during unpickling (See https://github.com/pytorch/pytorch/blob/main/SECURITY.md#untrusted-models for more details). In a future release, the default value for `weights_only` will be flipped to `True`. This limits the functions that could be executed during unpickling. Arbitrary objects will no longer be allowed to be loaded via this mode unless they are explicitly allowlisted by the user via `torch.serialization.add_safe_globals`. We recommend you start setting `weights_only=True` for any use case where you don't have full control of the loaded file. Please open an issue on GitHub for any issues related to this experimental feature.
  checkpoint = torch.load(model_weights_path, map_location=self.device)
[WARN] [1774246863.672718, 113.518000]: [nomad_plan_service] No feasible adversarial candidate; fallback to unconstrained scoring
[WARN] [1774246863.676558, 113.540000]: [nomad_plan_service] Opponent pose frame robot1/world != start frame map
[WARN] [1774246864.964819, 115.876000]: [nomad_plan_service] Opponent pose frame robot1/world != start frame map
[WARN] [1774246866.084036, 117.886000]: [nomad_plan_service] Opponent pose frame robot1/world != start frame map
[WARN] [1774246867.204911, 119.930000]: [nomad_plan_service] Opponent pose frame robot1/world != start frame map
[WARN] [1774246868.586986, 122.400000]: [nomad_plan_service] Opponent pose frame robot1/world != start frame map

[INFO] [1774246866.348044, 118.360000]: [nomad_plan_service] Generated plan with 17 poses using goal 
[INFO] [1774246866.622181, 118.852000]: [nomad_plan_service] Adversarial selection: best=55/96, score=16.88
published_points: [[-1.68499295e-03  1.54735942e-02]
 [ 8.52416465e-02  6.61082856e-03]
 [ 1.78542913e-01  3.38243935e-04]
 [ 2.75749435e-01 -6.37215469e-03]
 [ 3.75408149e-01 -1.23925361e-02]
 [ 4.80686975e-01 -1.87766474e-02]
 [ 5.89234454e-01 -2.98275404e-02]
 [ 6.89712585e-01 -6.00919393e-02]
 [ 7.78462761e-01 -1.21396373e-01]
 [ 9.00275576e-01 -1.29259328e-01]
 [ 1.02180805e+00 -1.40351005e-01]
 [ 1.15213330e+00 -1.48932331e-01]
 [ 1.28217862e+00 -1.64867478e-01]
 [ 1.41552664e+00 -1.70348367e-01]
 [ 1.55422802e+00 -1.80730053e-01]
 [ 1.69487243e+00 -1.93835649e-01]]
[INFO] [1774246866.624052, 118.866000]: [nomad_plan_service] Generated plan with 17 poses using goal 
[INFO] [1774246866.917186, 119.366000]: [nomad_plan_service] Adversarial selection: best=24/96, score=21.54
published_points: [[-0.00193108  0.00773124]
 [ 0.07270989  0.00340808]
 [ 0.15571507 -0.00462225]
 [ 0.23772222 -0.00823197]
 [ 0.32616842 -0.01460788]
 [ 0.41939615 -0.02524646]
 [ 0.51058606 -0.03390118]
 [ 0.58764742 -0.09040835]
 [ 0.66607559 -0.15036363]
 [ 0.76820997 -0.17173173]
 [ 0.87859922 -0.17954244]
 [ 0.99354389 -0.1915133 ]
 [ 1.10470848 -0.20554619]
 [ 1.21751795 -0.21503795]
 [ 1.32880714 -0.24533824]
 [ 1.44083266 -0.28171873]]
[INFO] [1774246866.918867, 119.406000]: [nomad_plan_service] Generated plan with 17 poses using goal 
[INFO] [1774246867.203389, 119.894000]: [nomad_plan_service] Adversarial selection: best=89/96, score=18.97
published_points: [[-0.00315689  0.00530866]
 [ 0.06579067  0.0022285 ]
 [ 0.138869   -0.00254364]
 [ 0.21330565 -0.00595554]
 [ 0.29351309 -0.01250729]
 [ 0.37631475 -0.01701658]
 [ 0.46270979 -0.02673105]
 [ 0.54877056 -0.03919964]
 [ 0.62217314 -0.09260256]
 [ 0.6988629  -0.14379745]
 [ 0.78797194 -0.17554176]
 [ 0.89156502 -0.18807772]
 [ 0.99576757 -0.20111032]
 [ 1.08524126 -0.25173537]
 [ 1.18305474 -0.2889804 ]
 [ 1.28566326 -0.32082338]]
[INFO] [1774246867.206027, 119.932000]: [nomad_plan_service] Generated plan with 17 poses using goal 
[INFO] [1774246867.451595, 120.330000]: [nomad_plan_service] Adversarial selection: best=2/96, score=39.84
published_points: [[-5.15618837e-03  1.16508666e-04]
 [ 5.56453249e-02 -2.88450343e-03]
 [ 1.21010658e-01 -4.50306144e-03]
 [ 1.85449031e-01 -7.86367245e-03]
 [ 2.53234884e-01 -1.08941164e-02]
 [ 3.23477808e-01 -1.48575288e-02]
 [ 3.99934351e-01 -2.24651067e-02]
 [ 4.76107695e-01 -3.26710673e-02]
 [ 5.54328230e-01 -4.30032684e-02]
 [ 6.16945571e-01 -9.17538938e-02]
 [ 6.82192515e-01 -1.40341953e-01]
 [ 7.50243173e-01 -1.91717240e-01]
 [ 8.34242304e-01 -2.10123064e-01]
 [ 9.20735330e-01 -2.28094673e-01]
 [ 9.97054337e-01 -2.73935627e-01]
 [ 1.08174841e+00 -3.04537923e-01]]
[INFO] [1774246867.453632, 120.400000]: [nomad_plan_service] Generated plan with 17 poses using goal 
[INFO] [1774246867.706470, 120.828000]: [nomad_plan_service] Adversarial selection: best=21/96, score=24.48
published_points: [[-0.00410994 -0.00491666]
 [ 0.04341166 -0.00552691]
 [ 0.0958419  -0.00898006]
 [ 0.1517788  -0.01317626]
 [ 0.20674779 -0.01989486]
 [ 0.25501963 -0.04302109]
 [ 0.30557426 -0.06866973]
 [ 0.36088774 -0.08610607]
 [ 0.41487413 -0.11157328]
 [ 0.47379983 -0.13085448]
 [ 0.52875397 -0.16617704]
 [ 0.59220275 -0.18160855]
 [ 0.64837026 -0.22101663]
 [ 0.71548716 -0.23468119]
 [ 0.77621582 -0.27558136]
 [ 0.84609872 -0.29242611]]
[INFO] [1774246867.708116, 120.876000]: [nomad_plan_service] Generated plan with 17 poses using goal 
[INFO] [1774246867.983187, 121.322000]: [nomad_plan_service] Adversarial selection: best=11/96, score=36.16
published_points: [[-0.00386936 -0.00492563]
 [ 0.01903115 -0.02557956]
 [ 0.04111206 -0.04974225]
 [ 0.06705976 -0.07090668]
 [ 0.09266186 -0.09547459]
 [ 0.11940503 -0.12126525]
 [ 0.14527245 -0.14664717]
 [ 0.17244126 -0.17314243]
 [ 0.20549559 -0.18695014]
 [ 0.24111688 -0.20040539]
 [ 0.27034508 -0.2287539 ]
 [ 0.30257795 -0.24675974]
 [ 0.33758118 -0.25855714]
 [ 0.36662545 -0.28995521]
 [ 0.39856433 -0.31258322]
 [ 0.43620833 -0.31894603]]
[INFO] [1774246867.984957, 121.358000]: [nomad_plan_service] Generated plan with 17 poses using goal 
[INFO] [1774246868.265287, 121.832000]: [nomad_plan_service] Adversarial selection: best=31/96, score=27.62
published_points: [[ 0.00723062  0.00303005]
 [ 0.02939536 -0.01377336]
 [ 0.05292426 -0.02681283]
 [ 0.0765437  -0.04396823]
 [ 0.10112548 -0.06260168]
 [ 0.12397873 -0.08343892]
 [ 0.13526738 -0.10798822]
 [ 0.15209057 -0.12826193]
 [ 0.17873741 -0.15087747]
 [ 0.20691889 -0.17307203]
 [ 0.21800339 -0.20303405]
 [ 0.23226432 -0.23382602]
 [ 0.26148934 -0.2539378 ]
 [ 0.29257792 -0.27819157]
 [ 0.31154949 -0.30668809]
 [ 0.32754771 -0.34388926]]
[INFO] [1774246868.267335, 121.886000]: [nomad_plan_service] Generated plan with 17 poses using goal 
[INFO] [1774246868.552486, 122.358000]: [nomad_plan_service] Adversarial selection: best=46/96, score=44.70
published_points: [[ 0.01185179 -0.0071987 ]
 [ 0.03020997 -0.01581246]
 [ 0.05056012 -0.02507067]
 [ 0.06902837 -0.03345261]
 [ 0.07953431 -0.05009895]
 [ 0.09017657 -0.0706044 ]
 [ 0.11147494 -0.08107658]
 [ 0.13497695 -0.09176155]
 [ 0.15608691 -0.1060112 ]
 [ 0.16719178 -0.12696368]
 [ 0.17813882 -0.14937436]
 [ 0.20130037 -0.15992843]
 [ 0.22326967 -0.17245068]
 [ 0.24300415 -0.1864927 ]
 [ 0.25418845 -0.20621792]
 [ 0.26651793 -0.23024219]]
[INFO] [1774246868.588216, 122.400000]: [nomad_plan_service] Generated plan with 17 poses using goal 
