xacro: in-order processing became default in ROS Melodic. You can drop the option.
xacro: in-order processing became default in ROS Melodic. You can drop the option.
... logging to /data/lzq/.ros/log/6cf96dd0-2606-11f1-9841-ef63e69f4ffa/roslaunch-lzq-372369.log
Checking log directory for disk usage. This may take a while.
Press Ctrl-C to interrupt
]2;/data/lzq/ros_motion_planning/src/sim_env/launch/main.launch
[1mstarted roslaunch server http://lzq:41083/[0m

SUMMARY
========

PARAMETERS
 * /gazebo/enable_ros_network: True
 * /robot1/move_base/PIDController/base_frame: base_link
 * /robot1/move_base/PIDController/convert_offset: 0.0
 * /robot1/move_base/PIDController/goal_dist_tolerance: 0.2
 * /robot1/move_base/PIDController/k: 1.0
 * /robot1/move_base/PIDController/k_theta: 0.7
 * /robot1/move_base/PIDController/k_v_d: 0.1
 * /robot1/move_base/PIDController/k_v_i: 0.1
 * /robot1/move_base/PIDController/k_v_p: 1.0
 * /robot1/move_base/PIDController/k_w_d: 0.1
 * /robot1/move_base/PIDController/k_w_i: 0.1
 * /robot1/move_base/PIDController/k_w_p: 1.0
 * /robot1/move_base/PIDController/l: 0.2
 * /robot1/move_base/PIDController/lookahead_time: 0.5
 * /robot1/move_base/PIDController/map_frame: map
 * /robot1/move_base/PIDController/max_lookahead_dist: 0.9
 * /robot1/move_base/PIDController/max_v: 0.5
 * /robot1/move_base/PIDController/max_v_inc: 0.5
 * /robot1/move_base/PIDController/max_w: 1.57
 * /robot1/move_base/PIDController/max_w_inc: 1.57
 * /robot1/move_base/PIDController/min_lookahead_dist: 0.3
 * /robot1/move_base/PIDController/min_v: 0.0
 * /robot1/move_base/PIDController/min_w: 0.0
 * /robot1/move_base/PIDController/rotate_tolerance: 0.5
 * /robot1/move_base/PathPlanner/convert_offset: 0.0
 * /robot1/move_base/PathPlanner/default_tolerance: 0.0
 * /robot1/move_base/PathPlanner/expand_zone: True
 * /robot1/move_base/PathPlanner/hybrid_astar/analytic_expansion_max_length: 5.0
 * /robot1/move_base/PathPlanner/hybrid_astar/analytic_expansion_ratio: 1.5
 * /robot1/move_base/PathPlanner/hybrid_astar/cache_obstacle_heuristic: False
 * /robot1/move_base/PathPlanner/hybrid_astar/change_penalty: 0.4
 * /robot1/move_base/PathPlanner/hybrid_astar/cost_penalty: 2.0
 * /robot1/move_base/PathPlanner/hybrid_astar/curve_sample_ratio: 0.15
 * /robot1/move_base/PathPlanner/hybrid_astar/dim_3_size: 32
 * /robot1/move_base/PathPlanner/hybrid_astar/downsample_obstacle_heuristic: True
 * /robot1/move_base/PathPlanner/hybrid_astar/goal_tolerance: 0.2
 * /robot1/move_base/PathPlanner/hybrid_astar/lookup_table_dim: 20.0
 * /robot1/move_base/PathPlanner/hybrid_astar/max_approach_iterations: 500
 * /robot1/move_base/PathPlanner/hybrid_astar/max_iterations: 20000
 * /robot1/move_base/PathPlanner/hybrid_astar/minimum_turning_radius: 0.3
 * /robot1/move_base/PathPlanner/hybrid_astar/motion_model: 2
 * /robot1/move_base/PathPlanner/hybrid_astar/non_straight_penalty: 1.5
 * /robot1/move_base/PathPlanner/hybrid_astar/retrospective_penalty: 0.025
 * /robot1/move_base/PathPlanner/hybrid_astar/reverse_penalty: 2.5
 * /robot1/move_base/PathPlanner/hybrid_astar/traverse_unknown: False
 * /robot1/move_base/PathPlanner/obstacle_factor: 0.5
 * /robot1/move_base/PathPlanner/outline_map: True
 * /robot1/move_base/PathPlanner/planner_name: theta_star
 * /robot1/move_base/PathPlanner/show_safety_corridor: False
 * /robot1/move_base/base_global_planner: path_planner/Path...
 * /robot1/move_base/base_local_planner: pid_controller/PI...
 * /robot1/move_base/conservative_reset_dist: 3.0
 * /robot1/move_base/controller_frequency: 20.0
 * /robot1/move_base/controller_patience: 15.0
 * /robot1/move_base/global_costmap/footprint: [[-0.21, -0.165],...
 * /robot1/move_base/global_costmap/footprint_padding: 0.1
 * /robot1/move_base/global_costmap/global_frame: map
 * /robot1/move_base/global_costmap/inflation_layer/cost_scaling_factor: 5
 * /robot1/move_base/global_costmap/inflation_layer/enabled: True
 * /robot1/move_base/global_costmap/inflation_layer/inflation_radius: 0.2
 * /robot1/move_base/global_costmap/map_type: costmap
 * /robot1/move_base/global_costmap/meter_scoring: True
 * /robot1/move_base/global_costmap/obstacle_layer/observation_sources: scan
 * /robot1/move_base/global_costmap/obstacle_layer/scan/clearing: True
 * /robot1/move_base/global_costmap/obstacle_layer/scan/data_type: LaserScan
 * /robot1/move_base/global_costmap/obstacle_layer/scan/expected_update_rate: 1
 * /robot1/move_base/global_costmap/obstacle_layer/scan/inf_is_valid: True
 * /robot1/move_base/global_costmap/obstacle_layer/scan/marking: True
 * /robot1/move_base/global_costmap/obstacle_layer/scan/max_obstacle_height: 0.2
 * /robot1/move_base/global_costmap/obstacle_layer/scan/min_obstacle_height: 0.0
 * /robot1/move_base/global_costmap/obstacle_layer/scan/observation_persistence: 0.0
 * /robot1/move_base/global_costmap/obstacle_layer/scan/obstacle_range: 2.5
 * /robot1/move_base/global_costmap/obstacle_layer/scan/raytrace_range: 3.0
 * /robot1/move_base/global_costmap/obstacle_layer/scan/sensor_frame: robot1/base_footp...
 * /robot1/move_base/global_costmap/obstacle_layer/scan/topic: /robot1/scan
 * /robot1/move_base/global_costmap/origin_z: 0.0
 * /robot1/move_base/global_costmap/plugins: [{'name': 'static...
 * /robot1/move_base/global_costmap/publish_frequency: 0.5
 * /robot1/move_base/global_costmap/publish_voxel_map: False
 * /robot1/move_base/global_costmap/robot_base_frame: robot1/base_footp...
 * /robot1/move_base/global_costmap/scan/sensor_frame: robot1/base_scan
 * /robot1/move_base/global_costmap/scan/topic: /robot1/scan
 * /robot1/move_base/global_costmap/static_map/clear_time: 20
 * /robot1/move_base/global_costmap/static_map/enabled: True
 * /robot1/move_base/global_costmap/static_map/publish_static_map: True
 * /robot1/move_base/global_costmap/transform_tolerance: 0.2
 * /robot1/move_base/global_costmap/update_frequency: 1.0
 * /robot1/move_base/global_costmap/z_resolution: 1
 * /robot1/move_base/global_costmap/z_voxels: 2
 * /robot1/move_base/local_costmap/global_frame: robot1/odom
 * /robot1/move_base/local_costmap/height: 3
 * /robot1/move_base/local_costmap/inflation_radius: 0.2
 * /robot1/move_base/local_costmap/plugins: [{'name': 'obstac...
 * /robot1/move_base/local_costmap/publish_frequency: 0.5
 * /robot1/move_base/local_costmap/resolution: 0.05
 * /robot1/move_base/local_costmap/robot_base_frame: robot1/base_footp...
 * /robot1/move_base/local_costmap/rolling_window: True
 * /robot1/move_base/local_costmap/scan/sensor_frame: robot1/base_scan
 * /robot1/move_base/local_costmap/scan/topic: /robot1/scan
 * /robot1/move_base/local_costmap/static_map: False
 * /robot1/move_base/local_costmap/transform_tolerance: 1.0
 * /robot1/move_base/local_costmap/update_frequency: 1.0
 * /robot1/move_base/local_costmap/width: 3
 * /robot1/move_base/oscillation_distance: 0.2
 * /robot1/move_base/oscillation_timeout: 10.0
 * /robot1/move_base/planner_frequency: 2
 * /robot1/move_base/planner_patience: 5.0
 * /robot1/move_base/shutdown_costmaps: False
 * /robot1/move_base/transform_tolerance: 2.0
 * /robot1/robot_description: <?xml version="1....
 * /robot1/tf_map2odom_node/odom_frame_id: robot1/odom
 * /robot1/tf_prefix: robot1
 * /robot2/move_base/DWAController/acc_lim_theta: 3.2
 * /robot2/move_base/DWAController/acc_lim_x: 2.5
 * /robot2/move_base/DWAController/acc_lim_y: 0.0
 * /robot2/move_base/DWAController/controller_frequency: 10.0
 * /robot2/move_base/DWAController/forward_point_distance: 0.05
 * /robot2/move_base/DWAController/goal_distance_bias: 24.0
 * /robot2/move_base/DWAController/latch_xy_goal_tolerance: False
 * /robot2/move_base/DWAController/max_scaling_factor: 0.2
 * /robot2/move_base/DWAController/max_vel_theta: 1.35
 * /robot2/move_base/DWAController/max_vel_trans: 1.5
 * /robot2/move_base/DWAController/max_vel_x: 1.5
 * /robot2/move_base/DWAController/max_vel_y: 0.0
 * /robot2/move_base/DWAController/min_vel_theta: 0.1
 * /robot2/move_base/DWAController/min_vel_trans: 0
 * /robot2/move_base/DWAController/min_vel_x: 0
 * /robot2/move_base/DWAController/min_vel_y: 0.0
 * /robot2/move_base/DWAController/occdist_scale: 0.02
 * /robot2/move_base/DWAController/oscillation_reset_dist: 0.05
 * /robot2/move_base/DWAController/path_distance_bias: 32.0
 * /robot2/move_base/DWAController/publish_cost_grid_pc: True
 * /robot2/move_base/DWAController/publish_traj_pc: True
 * /robot2/move_base/DWAController/scaling_speed: 0.25
 * /robot2/move_base/DWAController/sim_time: 2.0
 * /robot2/move_base/DWAController/stop_time_buffer: 0.2
 * /robot2/move_base/DWAController/vth_samples: 60
 * /robot2/move_base/DWAController/vx_samples: 10
 * /robot2/move_base/DWAController/vy_samples: 0
 * /robot2/move_base/DWAController/xy_goal_tolerance: 0.1
 * /robot2/move_base/DWAController/yaw_goal_tolerance: 0.3
 * /robot2/move_base/PathPlanner/convert_offset: 0.0
 * /robot2/move_base/PathPlanner/default_tolerance: 0.0
 * /robot2/move_base/PathPlanner/expand_zone: True
 * /robot2/move_base/PathPlanner/hybrid_astar/analytic_expansion_max_length: 5.0
 * /robot2/move_base/PathPlanner/hybrid_astar/analytic_expansion_ratio: 1.5
 * /robot2/move_base/PathPlanner/hybrid_astar/cache_obstacle_heuristic: False
 * /robot2/move_base/PathPlanner/hybrid_astar/change_penalty: 0.4
 * /robot2/move_base/PathPlanner/hybrid_astar/cost_penalty: 2.0
 * /robot2/move_base/PathPlanner/hybrid_astar/curve_sample_ratio: 0.15
 * /robot2/move_base/PathPlanner/hybrid_astar/dim_3_size: 32
 * /robot2/move_base/PathPlanner/hybrid_astar/downsample_obstacle_heuristic: True
 * /robot2/move_base/PathPlanner/hybrid_astar/goal_tolerance: 0.2
 * /robot2/move_base/PathPlanner/hybrid_astar/lookup_table_dim: 20.0
 * /robot2/move_base/PathPlanner/hybrid_astar/max_approach_iterations: 500
 * /robot2/move_base/PathPlanner/hybrid_astar/max_iterations: 20000
 * /robot2/move_base/PathPlanner/hybrid_astar/minimum_turning_radius: 0.3
 * /robot2/move_base/PathPlanner/hybrid_astar/motion_model: 2
 * /robot2/move_base/PathPlanner/hybrid_astar/non_straight_penalty: 1.5
 * /robot2/move_base/PathPlanner/hybrid_astar/retrospective_penalty: 0.025
 * /robot2/move_base/PathPlanner/hybrid_astar/reverse_penalty: 2.5
 * /robot2/move_base/PathPlanner/hybrid_astar/traverse_unknown: False
 * /robot2/move_base/PathPlanner/obstacle_factor: 0.5
 * /robot2/move_base/PathPlanner/outline_map: True
 * /robot2/move_base/PathPlanner/planner_name: theta_star
 * /robot2/move_base/PathPlanner/show_safety_corridor: False
 * /robot2/move_base/base_global_planner: path_planner/Path...
 * /robot2/move_base/base_local_planner: dwa_controller/DW...
 * /robot2/move_base/conservative_reset_dist: 3.0
 * /robot2/move_base/controller_frequency: 20.0
 * /robot2/move_base/controller_patience: 15.0
 * /robot2/move_base/global_costmap/footprint: [[-0.21, -0.165],...
 * /robot2/move_base/global_costmap/footprint_padding: 0.1
 * /robot2/move_base/global_costmap/global_frame: map
 * /robot2/move_base/global_costmap/inflation_layer/cost_scaling_factor: 5
 * /robot2/move_base/global_costmap/inflation_layer/enabled: True
 * /robot2/move_base/global_costmap/inflation_layer/inflation_radius: 0.2
 * /robot2/move_base/global_costmap/map_type: costmap
 * /robot2/move_base/global_costmap/meter_scoring: True
 * /robot2/move_base/global_costmap/obstacle_layer/observation_sources: scan
 * /robot2/move_base/global_costmap/obstacle_layer/scan/clearing: True
 * /robot2/move_base/global_costmap/obstacle_layer/scan/data_type: LaserScan
 * /robot2/move_base/global_costmap/obstacle_layer/scan/expected_update_rate: 1
 * /robot2/move_base/global_costmap/obstacle_layer/scan/inf_is_valid: True
 * /robot2/move_base/global_costmap/obstacle_layer/scan/marking: True
 * /robot2/move_base/global_costmap/obstacle_layer/scan/max_obstacle_height: 0.2
 * /robot2/move_base/global_costmap/obstacle_layer/scan/min_obstacle_height: 0.0
 * /robot2/move_base/global_costmap/obstacle_layer/scan/observation_persistence: 0.0
 * /robot2/move_base/global_costmap/obstacle_layer/scan/obstacle_range: 2.5
 * /robot2/move_base/global_costmap/obstacle_layer/scan/raytrace_range: 3.0
 * /robot2/move_base/global_costmap/obstacle_layer/scan/sensor_frame: robot2/base_footp...
 * /robot2/move_base/global_costmap/obstacle_layer/scan/topic: /robot2/scan
 * /robot2/move_base/global_costmap/origin_z: 0.0
 * /robot2/move_base/global_costmap/plugins: [{'name': 'static...
 * /robot2/move_base/global_costmap/publish_frequency: 0.5
 * /robot2/move_base/global_costmap/publish_voxel_map: False
 * /robot2/move_base/global_costmap/robot_base_frame: robot2/base_footp...
 * /robot2/move_base/global_costmap/scan/sensor_frame: robot2/base_scan
 * /robot2/move_base/global_costmap/scan/topic: /robot2/scan
 * /robot2/move_base/global_costmap/static_map/clear_time: 20
 * /robot2/move_base/global_costmap/static_map/enabled: True
 * /robot2/move_base/global_costmap/static_map/publish_static_map: True
 * /robot2/move_base/global_costmap/transform_tolerance: 0.2
 * /robot2/move_base/global_costmap/update_frequency: 1.0
 * /robot2/move_base/global_costmap/z_resolution: 1
 * /robot2/move_base/global_costmap/z_voxels: 2
 * /robot2/move_base/local_costmap/global_frame: robot2/odom
 * /robot2/move_base/local_costmap/height: 3
 * /robot2/move_base/local_costmap/inflation_radius: 0.2
 * /robot2/move_base/local_costmap/plugins: [{'name': 'obstac...
 * /robot2/move_base/local_costmap/publish_frequency: 0.5
 * /robot2/move_base/local_costmap/resolution: 0.05
 * /robot2/move_base/local_costmap/robot_base_frame: robot2/base_footp...
 * /robot2/move_base/local_costmap/rolling_window: True
 * /robot2/move_base/local_costmap/scan/sensor_frame: robot2/base_scan
 * /robot2/move_base/local_costmap/scan/topic: /robot2/scan
 * /robot2/move_base/local_costmap/static_map: False
 * /robot2/move_base/local_costmap/transform_tolerance: 1.0
 * /robot2/move_base/local_costmap/update_frequency: 1.0
 * /robot2/move_base/local_costmap/width: 3
 * /robot2/move_base/oscillation_distance: 0.2
 * /robot2/move_base/oscillation_timeout: 10.0
 * /robot2/move_base/planner_frequency: 2
 * /robot2/move_base/planner_patience: 5.0
 * /robot2/move_base/shutdown_costmaps: False
 * /robot2/move_base/transform_tolerance: 2.0
 * /robot2/robot_description: <?xml version="1....
 * /robot2/tf_map2odom_node/odom_frame_id: robot2/odom
 * /robot2/tf_prefix: robot2
 * /rosdistro: noetic
 * /rosversion: 1.17.4
 * /use_sim_time: True

NODES
  /
    gazebo (gazebo_ros/gzserver)
    map_server (map_server/map_server)
    rviz (rviz/rviz)
  /robot1/
    ground_truth_odom_publisher (sim_env/ground_truth_odom_publisher.py)
    joint_state_publisher (joint_state_publisher/joint_state_publisher)
    move_base (move_base/move_base)
    robot_state_publisher (robot_state_publisher/robot_state_publisher)
    tf_map2odom_node (sim_env/tf_map2odom.py)
    urdf_spawner (gazebo_ros/spawn_model)
  /robot2/
    ground_truth_odom_publisher (sim_env/ground_truth_odom_publisher.py)
    joint_state_publisher (joint_state_publisher/joint_state_publisher)
    move_base (move_base/move_base)
    robot_state_publisher (robot_state_publisher/robot_state_publisher)
    tf_map2odom_node (sim_env/tf_map2odom.py)
    urdf_spawner (gazebo_ros/spawn_model)
[33m[WARN] [1774194447.568526948]: link 'base_scan' material 'dark' undefined.[0m
[33m[WARN] [1774194447.568840404]: link 'base_scan' material 'dark' undefined.[0m
[33m[WARN] [1774194447.569018504]: The root link base_footprint has an inertia specified in the URDF, but KDL does not support a root link with an inertia.  As a workaround, you can add an extra dummy link to your URDF.[0m
[33m[WARN] [1774194447.593241324]: link 'base_scan' material 'dark' undefined.[0m
[33m[WARN] [1774194447.593662827]: link 'base_scan' material 'dark' undefined.[0m
[33m[WARN] [1774194447.593863487]: The root link base_footprint has an inertia specified in the URDF, but KDL does not support a root link with an inertia.  As a workaround, you can add an extra dummy link to your URDF.[0m
[33m[WARN] [1774194449.056561521]: link 'base_scan' material 'dark' undefined.[0m
[33m[WARN] [1774194449.056587642]: link 'base_scan' material 'dark' undefined.[0m
Warning: Warning: TF_REPEATED_DATA ignoring data with redundant timestamp for frame robot2/odom (parent map) at time 83.418000 according to authority unknown_publisherTF_REPEATED_DATA ignoring data with redundant timestamp for frame robot2/odom (parent map) at time 83.418000 according to authority unknown_publisher

         at line          at line 277277 in  in /tmp/binarydeb/ros-noetic-tf2-0.7.10/src/buffer_core.cpp[33m[WARN] [1774194449.242800933]: TF_REPEATED_DATA ignoring data with redundant timestamp for frame robot2/odom (parent map) at time 83.418000 according to authority unknown_publisher[0m
/tmp/binarydeb/ros-noetic-tf2-0.7.10/src/buffer_core.cpp

[33m[WARN] [1774194449.244680484]: TF_REPEATED_DATA ignoring data with redundant timestamp for frame robot1/odom (parent map) at time 83.422000 according to authority unknown_publisher[0m
Warning: TF_REPEATED_DATA ignoring data with redundant timestamp for frame robot1/odom (parent map) at time 83.422000 according to authority unknown_publisher
         at line 277 in /tmp/binarydeb/ros-noetic-tf2-0.7.10/src/buffer_core.cpp
Warning: TF_REPEATED_DATA ignoring data with redundant timestamp for frame robot1/odom (parent map) at time 83.422000 according to authority unknown_publisher
         at line 277 in /tmp/binarydeb/ros-noetic-tf2-0.7.10/src/buffer_core.cpp
[33m[WARN] [1774194449.813212043]: link 'base_scan' material 'dark' undefined.[0m
[33m[WARN] [1774194449.813233415]: link 'base_scan' material 'dark' undefined.[0m
[INFO] [1774194448.071906, 0.000000]: Loading model XML from ros parameter robot_description
[INFO] [1774194448.074986, 0.000000]: Waiting for service /gazebo/spawn_urdf_model
[INFO] [1774194449.279236, 83.440000]: Calling service /gazebo/spawn_urdf_model
[INFO] [1774194451.164042, 83.532000]: Spawn status: SpawnModel: Successfully spawned entity
[33m[WARN] [1774194451.376592482, 83.532000000]: GazeboRosSkidSteerDrive Plugin (ns = /robot2//) missing <covariance_x>, defaults to 0.000100[0m
[33m[WARN] [1774194451.376623352, 83.532000000]: GazeboRosSkidSteerDrive Plugin (ns = /robot2//) missing <covariance_y>, defaults to 0.000100[0m
[33m[WARN] [1774194451.376635226, 83.532000000]: GazeboRosSkidSteerDrive Plugin (ns = /robot2//) missing <covariance_yaw>, defaults to 0.010000[0m
[33m[WARN] [1774194451.379762666, 83.536000000]: Timed out waiting for transform from robot2/base_footprint to map to become available before running costmap, tf error: canTransform: source_frame robot2/base_footprint does not exist.. canTransform returned after 83.536 timeout was 0.1.[0m
[33m[WARN] [1774194451.379862402, 83.536000000]: Timed out waiting for transform from robot1/base_footprint to map to become available before running costmap, tf error: canTransform: source_frame robot1/base_footprint does not exist.. canTransform returned after 83.536 timeout was 0.1.[0m
[INFO] [1774194448.131922, 0.000000]: Loading model XML from ros parameter robot_description
[INFO] [1774194448.135172, 0.000000]: Waiting for service /gazebo/spawn_urdf_model
[INFO] [1774194449.339648, 83.532000]: Calling service /gazebo/spawn_urdf_model
[INFO] [1774194451.671720, 83.932000]: Spawn status: SpawnModel: Successfully spawned entity
[33m[WARN] [1774194452.473153209, 83.932000000]: GazeboRosSkidSteerDrive Plugin (ns = /robot1//) missing <covariance_x>, defaults to 0.000100[0m
[33m[WARN] [1774194452.473175768, 83.932000000]: GazeboRosSkidSteerDrive Plugin (ns = /robot1//) missing <covariance_y>, defaults to 0.000100[0m
[33m[WARN] [1774194452.473186454, 83.932000000]: GazeboRosSkidSteerDrive Plugin (ns = /robot1//) missing <covariance_yaw>, defaults to 0.010000[0m
[33m[WARN] [1774194452.475849646, 83.936000000]: global_costmap: Pre-Hydro parameter "static_map" unused since "plugins" is provided[0m
[33m[WARN] [1774194452.476004000, 83.936000000]: global_costmap: Pre-Hydro parameter "map_type" unused since "plugins" is provided[0m
[33m[WARN] [1774194452.526674701, 84.036000000]: global_costmap: Pre-Hydro parameter "static_map" unused since "plugins" is provided[0m
[33m[WARN] [1774194452.526844490, 84.036000000]: global_costmap: Pre-Hydro parameter "map_type" unused since "plugins" is provided[0m
WARNING: Logging before InitGoogleLogging() is written to STDERR
I20260322 23:47:32.768075 372550 path_planner_factory.cpp:308] Using path planner: theta_star
WARNING: Logging before InitGoogleLogging() is written to STDERR
I20260322 23:47:32.768652 372489 path_planner_factory.cpp:308] Using path planner: theta_star
[33m[WARN] [1774194452.772062381, 84.526000000]: local_costmap: Pre-Hydro parameter "static_map" unused since "plugins" is provided[0m
[33m[WARN] [1774194452.772609743, 84.528000000]: local_costmap: Pre-Hydro parameter "static_map" unused since "plugins" is provided[0m
[33m[WARN] [1774194453.262365179, 85.504000000]: The /robot1/scan observation buffer has not been updated for 1.05 seconds, and it should be updated every 1.00 seconds.[0m
[33m[WARN] [1774194453.263476525, 85.508000000]: The /robot2/scan observation buffer has not been updated for 1.05 seconds, and it should be updated every 1.00 seconds.[0m
[33m[WARN] [1774194458.760427063, 96.454000000]: Received an empty transformed plan.[0m
[31m[ERROR] [1774194458.786210038, 96.504000000]: None of the points of the global plan were in the local costmap, global plan points too far from robot[0m
[31m[ERROR] [1774194458.786243284, 96.504000000]: None of the 33 first of 33 (2) points of the global plan were in the local costmap and free[0m
[31m[ERROR] [1774194458.786271780, 96.504000000]: None of the 33 first of 33 (2) points of the global plan were in the local costmap and free[0m
[31m[ERROR] [1774194458.786291964, 96.506000000]: None of the points of the global plan were in the local costmap, global plan points too far from robot[0m
[33m[WARN] [1774194458.788625077, 96.510000000]: DWA planner failed to produce path.[0m
[31m[ERROR] [1774194458.816291165, 96.554000000]: None of the points of the global plan were in the local costmap, global plan points too far from robot[0m
[31m[ERROR] [1774194458.816333909, 96.554000000]: None of the 33 first of 33 (2) points of the global plan were in the local costmap and free[0m
[31m[ERROR] [1774194458.816365967, 96.554000000]: None of the 33 first of 33 (2) points of the global plan were in the local costmap and free[0m
[31m[ERROR] [1774194458.816387339, 96.554000000]: None of the points of the global plan were in the local costmap, global plan points too far from robot[0m
[33m[WARN] [1774194458.818174278, 96.558000000]: DWA planner failed to produce path.[0m
E20260322 23:47:39.896124 372775 path_planner_node.cpp:250] Failed to get a path.
E20260322 23:47:41.043673 372775 path_planner_node.cpp:250] Failed to get a path.
E20260322 23:47:42.191468 372775 path_planner_node.cpp:250] Failed to get a path.
[33m[WARN] [1774194462.194893794, 102.836000000]: Map update loop missed its desired rate of 1.0000Hz... the loop actually took 6.3320 seconds[0m
[33m[WARN] [1774194462.201735217, 102.850000000]: Clearing both costmaps outside a square (3.00m) large centered on the robot.[0m
[33m[WARN] [1774194462.691457369, 103.758000000]: Control loop missed its desired rate of 20.0000Hz... the loop actually took 0.0520 seconds[0m
[33m[WARN] [1774194462.772982147, 103.910000000]: Control loop missed its desired rate of 20.0000Hz... the loop actually took 0.0560 seconds[0m
[33m[WARN] [1774194462.803106017, 103.962000000]: Control loop missed its desired rate of 20.0000Hz... the loop actually took 0.0580 seconds[0m
[33m[WARN] [1774194462.983526281, 104.308000000]: Control loop missed its desired rate of 20.0000Hz... the loop actually took 0.0540 seconds[0m
E20260322 23:47:43.339411 372775 path_planner_node.cpp:250] Failed to get a path.
[33m[WARN] [1774194464.195342668, 106.554000000]: Clearing both costmaps outside a square (3.00m) large centered on the robot.[0m
E20260322 23:47:44.455420 372775 path_planner_node.cpp:250] Failed to get a path.
E20260322 23:47:45.579759 372775 path_planner_node.cpp:250] Failed to get a path.
[33m[WARN] [1774194465.583753711, 109.122000000]: Map update loop missed its desired rate of 1.0000Hz... the loop actually took 5.2860 seconds[0m
[33m[WARN] [1774194465.598172704, 109.150000000]: Rotate recovery behavior started.[0m
[0m[INFO] [1774194452.476367324, 83.936000000]: global_costmap: Using plugin "static_map"[0m
[0m[INFO] [1774194452.479773788, 83.942000000]: Requesting the map...[0m
[0m[INFO] [1774194452.682207255, 84.346000000]: Resizing costmap to 480 X 480 at 0.050000 m/pix[0m
[0m[INFO] [1774194452.732848273, 84.448000000]: Received a 480 X 480 map at 0.050000 m/pix[0m
[0m[INFO] [1774194452.734687455, 84.452000000]: global_costmap: Using plugin "obstacle_layer"[0m
[0m[INFO] [1774194452.736190621, 84.454000000]:     Subscribed to Topics: scan[0m
[0m[INFO] [1774194452.745648930, 84.474000000]: global_costmap: Using plugin "voronoi_layer"[0m
[0m[INFO] [1774194452.748185078, 84.478000000]: global_costmap: Using plugin "inflation_layer"[0m
[0m[INFO] [1774194452.773168977, 84.528000000]: local_costmap: Using plugin "obstacle_layer"[0m
[0m[INFO] [1774194452.774575969, 84.532000000]:     Subscribed to Topics: [0m
[0m[INFO] [1774194452.779373989, 84.540000000]: local_costmap: Using plugin "inflation_layer"[0m
[0m[INFO] [1774194452.802410660, 84.588000000]: Created local_planner dwa_controller/DWAController[0m
[0m[INFO] [1774194452.803678734, 84.590000000]: Sim period is set to 0.10[0m
[0m[INFO] [1774194452.806251688, 84.594000000]: Using local controller: DWAController[0m
[0m[INFO] [1774194453.304871767, 85.590000000]: Recovery behavior will clear layer 'obstacles'[0m
[0m[INFO] [1774194453.308033639, 85.596000000]: Recovery behavior will clear layer 'obstacles'[0m
[0m[INFO] [1774194453.322295905, 85.624000000]: odom received![0m
[0m[INFO] [1774194458.760328515, 96.454000000]: Got new plan[0m
[0m[INFO] [1774194458.785900144, 96.504000000]: Got new plan[0m
[0m[INFO] [1774194458.816198553, 96.554000000]: Got new plan[0m
[0m[INFO] [1774194458.841480472, 96.606000000]: Got new plan[0m
[0m[INFO] [1774194459.117114305, 97.104000000]: Got new plan[0m
[0m[INFO] [1774194459.385326107, 97.604000000]: Got new plan[0m
[0m[INFO] [1774194459.657391997, 98.104000000]: Got new plan[0m
[0m[INFO] [1774194459.924620685, 98.604000000]: Got new plan[0m
[0m[INFO] [1774194460.194234727, 99.104000000]: Got new plan[0m
[0m[INFO] [1774194460.463559059, 99.604000000]: Got new plan[0m
[0m[INFO] [1774194460.733218220, 100.104000000]: Got new plan[0m
[0m[INFO] [1774194461.001674610, 100.604000000]: Got new plan[0m
[0m[INFO] [1774194461.267432186, 101.104000000]: Got new plan[0m
[0m[INFO] [1774194461.539093191, 101.604000000]: Got new plan[0m
[0m[INFO] [1774194461.809756834, 102.106000000]: Got new plan[0m
[0m[INFO] [1774194462.074086046, 102.604000000]: Got new plan[0m
[0m[INFO] [1774194462.343083856, 103.104000000]: Got new plan[0m
[0m[INFO] [1774194462.612259767, 103.604000000]: Got new plan[0m
[0m[INFO] [1774194462.875664043, 104.104000000]: Got new plan[0m
[0m[INFO] [1774194463.144902881, 104.604000000]: Got new plan[0m
[0m[INFO] [1774194463.413524304, 105.104000000]: Got new plan[0m
[0m[INFO] [1774194463.687565910, 105.604000000]: Got new plan[0m
[0m[INFO] [1774194463.956738257, 106.104000000]: Got new plan[0m
[0m[INFO] [1774194464.219852819, 106.604000000]: Got new plan[0m
[0m[INFO] [1774194464.489836113, 107.104000000]: Got new plan[0m
[0m[INFO] [1774194464.757316505, 107.604000000]: Got new plan[0m
[0m[INFO] [1774194465.025321699, 108.104000000]: Got new plan[0m
[0m[INFO] [1774194465.293833882, 108.604000000]: Got new plan[0m
[0m[INFO] [1774194465.570782079, 109.104000000]: Got new plan[0m
[0m[INFO] [1774194465.839657587, 109.604000000]: Got new plan[0m
[0m[INFO] [1774194466.108322936, 110.104000000]: Got new plan[0m
[0m[INFO] [1774194466.376326939, 110.604000000]: Got new plan[0m
[0m[INFO] [1774194466.644315505, 111.104000000]: Got new plan[0m
[0m[INFO] [1774194466.915801960, 111.604000000]: Got new plan[0m
[0m[INFO] [1774194467.183447386, 112.106000000]: Got new plan[0m
[0m[INFO] [1774194467.448160094, 112.604000000]: Got new plan[0m
[0m[INFO] [1774194467.714450770, 113.104000000]: Got new plan[0m
[0m[INFO] [1774194467.983328649, 113.604000000]: Got new pl[33m[WARN] [1774194469.292514741, 116.020000000]: Control loop missed its desired rate of 20.0000Hz... the loop actually took 0.0660 seconds[0m
[33m[WARN] [1774194469.329443224, 116.094000000]: Control loop missed its desired rate of 20.0000Hz... the loop actually took 0.0880 seconds[0m
[33m[WARN] [1774194469.357193610, 116.138000000]: Control loop missed its desired rate of 20.0000Hz... the loop actually took 0.0840 seconds[0m
[33m[WARN] [1774194469.400935019, 116.220000000]: Control loop missed its desired rate of 20.0000Hz... the loop actually took 0.1160 seconds[0m
[33m[WARN] [1774194469.445058750, 116.306000000]: Control loop missed its desired rate of 20.0000Hz... the loop actually took 0.0860 seconds[0m
[33m[WARN] [1774194469.488204118, 116.388000000]: Control loop missed its desired rate of 20.0000Hz... the loop actually took 0.1180 seconds[0m
[33m[WARN] [1774194469.525702521, 116.458000000]: Control loop missed its desired rate of 20.0000Hz... the loop actually took 0.0700 seconds[0m
[33m[WARN] [1774194469.565043669, 116.524000000]: Control loop missed its desired rate of 20.0000Hz... the loop actually took 0.0860 seconds[0m
[33m[WARN] [1774194469.604691148, 116.604000000]: Control loop missed its desired rate of 20.0000Hz... the loop actually took 0.1160 seconds[0m
[33m[WARN] [1774194469.645726622, 116.678000000]: Control loop missed its desired rate of 20.0000Hz... the loop actually took 0.0740 seconds[0m
[33m[WARN] [1774194469.699131748, 116.776000000]: Control loop missed its desired rate of 20.0000Hz... the loop actually took 0.1220 seconds[0m
[33m[WARN] [1774194469.747533446, 116.868000000]: Control loop missed its desired rate of 20.0000Hz... the loop actually took 0.0920 seconds[0m
[33m[WARN] [1774194469.789341875, 116.936000000]: Control loop missed its desired rate of 20.0000Hz... the loop actually took 0.1100 seconds[0m
[33m[WARN] [1774194469.842038162, 117.036000000]: Control loop missed its desired rate of 20.0000Hz... the loop actually took 0.1000 seconds[0m
[33m[WARN] [1774194469.886448041, 117.124000000]: Control loop missed its desired rate of 20.0000Hz... the loop actually took 0.1380 seconds[0m
[33m[WARN] [1774194469.931135756, 117.206000000]: Control loop missed its desired rate of 20.0000Hz... the loop actually took 0.0820 seconds[0m
[33m[WARN] [1774194469.973876243, 117.284000000]: Control loop missed its desired rate of 20.0000Hz... the loop actually took 0.1100 seconds[0m
[33m[WARN] [1774194470.015795093, 117.364000000]: Control loop missed its desired rate of 20.0000Hz... the loop actually took 0.0800 seconds[0m
[33m[WARN] [1774194470.047051678, 117.426000000]: Control loop missed its desired rate of 20.0000Hz... the loop actually took 0.0920 seconds[0m
[33m[WARN] [1774194470.078199028, 117.482000000]: Control loop missed its desired rate of 20.0000Hz... the loop actually took 0.0980 seconds[0m
[33m[WARN] [1774194470.119010096, 117.558000000]: Control loop missed its desired rate of 20.0000Hz... the loop actually took 0.1240 seconds[0m
[33m[WARN] [1774194470.198149513, 117.710000000]: Control loop missed its desired rate of 20.0000Hz... the loop actually took 0.0520 seconds[0m
[33m[WARN] [1774194470.225005836, 117.762000000]: Control loop missed its desired rate of 20.0000Hz... the loop actually took 0.0540 seconds[0m
[33m[WARN] [1774194470.307614645, 117.918000000]: Control loop missed its desired rate of 20.0000Hz... the loop actually took 0.0600 seconds[0m
[33m[WARN] [1774194470.341098670, 117.980000000]: Control loop missed its desired rate of 20.0000Hz... the loop actually took 0.0720 seconds[0m
[33m[WARN] [1774194470.357448268, 118.014000000]: Control loop missed its desired rate of 20.0000Hz... the loop actually took 0.0540 seconds[0m
[33m[WARN] [1774194470.425300882, 118.138000000]: Control loop missed its desired rate of 20.0000Hz... the loop actually took 0.0800 seconds[0m
[33m[WARN] [1774194470.451820002, 118.184000000]: Control loop missed its desired rate of 20.0000Hz... the loop actually took 0.0760 seconds[0m
[33m[WARN] [1774194470.477853502, 118.236000000]: Control loop missed its desired rate of 20.0000Hz... the loop actually took 0.0780 seconds[0m
[33m[WARN] [1774194470.507492937, 118.292000000]: Control loop missed its desired rate of 20.0000Hz... the loop actually took 0.0840 seconds[0m
[33m[WARN] [1774194470.537139497, 118.350000000]: Control loop missed its desired rate of 20.0000Hz... the loop actually took 0.0920 seconds[0m
[33m[WARN] [1774194470.567322731, 118.402000000]: Control loop missed its desired rate of 20.0000Hz... the loop actually took 0.0940 seconds[0m
[33m[WARN] [1774194470.597600952, 118.464000000]: Control loop missed its desired rate of 20.0000Hz... the loop actually took 0.1060 seconds[0m
[33m[WARN] [1774194470.632993024, 118.526000000]: Control loop missed its desired rate of 20.0000Hz... the loop actually took 0.0620 seconds[0m
E20260322 23:47:50.657581 372767 path_planner_node.cpp:250] Failed to get a path.
[33m[WARN] [1774194470.668481270, 118.592000000]: Control loop missed its desired rate of 20.0000Hz... the loop actually took 0.0780 seconds[0m
[33m[WARN] [1774194470.697074663, 118.648000000]: Control loop missed its desired rate of 20.0000Hz... the loop actually took 0.0840 seconds[0m
[33m[WARN] [1774194470.723750511, 118.698000000]: Control loop missed its desired rate of 20.0000Hz... the loop actually took 0.0840 seconds[0m
[33m[WARN] [1774194470.750565277, 118.750000000]: Control loop missed its desired rate of 20.0000Hz... the loop actually took 0.0860 seconds[0m
[33m[WARN] [1774194470.766521868, 118.784000000]: Control loop missed its desired rate of 20.0000Hz... the loop actually took 0.0700 seconds[0m
E20260322 23:47:50.927817 372767 path_planner_node.cpp:250] Failed to get a path.
E20260322 23:47:51.198153 372767 path_planner_node.cpp:250] Failed to get a path.
E20260322 23:47:51.468570 372767 path_planner_node.cpp:250] Failed to get a path.
E20260322 23:47:51.736923 372767 path_planner_node.cpp:250] Failed to get a path.
E20260322 23:47:52.006049 372767 path_planner_node.cpp:250] Failed to get a path.
E20260322 23:47:52.273239 372767 path_planner_node.cpp:250] Failed to get a path.
E20260322 23:47:52.555546 372767 path_planner_node.cpp:250] Failed to get a path.
E20260322 23:47:52.822988 372767 path_planner_node.cpp:250] Failed to get a path.
E20260322 23:47:53.096832 372767 path_planner_node.cpp:250] Failed to get a path.
E20260322 23:47:53.366410 372767 path_planner_node.cpp:250] Failed to get a path.
E20260322 23:47:53.632506 372767 path_planner_node.cpp:250] Failed to get a path.
E20260322 23:47:53.900971 372767 path_planner_node.cpp:250] Failed to get a path.
E20260322 23:47:54.168180 372767 path_planner_node.cpp:250] Failed to get a path.
E20260322 23:47:54.445042 372767 path_planner_node.cpp:250] Failed to get a path.
E20260322 23:47:54.718818 372767 path_planner_node.cpp:250] Failed to get a path.
E20260322 23:47:54.986017 372767 path_planner_node.cpp:250] Failed to get a path.
E20260322 23:47:55.255259 372767 path_planner_node.cpp:250] Failed to get a path.
E20260322 23:47:55.520278 372767 path_planner_node.cpp:250] Failed to get a path.
E20260322 23:47:55.794878 372767 path_planner_node.cpp:250] Failed to get a path.
[33m[WARN] [1774194475.919731107, 128.314000000]: Clearing both costmaps outside a square (3.00m) large centered on the robot.[0m
E20260322 23:47:55.945475 372767 path_planner_node.cpp:250] Failed to get a path.
E20260322 23:47:55.975077 372767 path_planner_node.cpp:250] Failed to get a path.
E20260322 23:47:56.000481 372767 path_planner_node.cpp:250] Failed to get a path.
E20260322 23:47:56.029094 372767 path_planner_node.cpp:250] Failed to get a path.
E20260322 23:47:56.054554 372767 path_planner_node.cpp:250] Failed to get a path.
E20260322 23:47:56.083189 372767 path_planner_node.cpp:250] Failed to get a path.
E20260322 23:47:56.107599 372767 path_planner_node.cpp:250] Failed to get a path.
E20260322 23:47:56.136289 372767 path_planner_node.cpp:250] Failed to get a path.
E20260322 23:47:56.162773 372767 path_planner_node.cpp:250] Failed to get a path.
E20260322 23:47:56.192479 372767 path_planner_node.cpp:250] Failed to get a path.
E20260322 23:47:56.216886 372767 path_planner_node.cpp:250] Failed to get a path.
E20260322 23:47:56.246539 372767 path_planner_node.cpp:250] Failed to get a path.
E20260322 23:47:56.272042 372767 path_planner_node.cpp:250] Failed to get a path.
E20260322 23:47:56.300698 372767 path_planner_node.cpp:250] Failed to get a path.
E20260322 23:47:56.326196 372767 path_planner_node.cpp:250] Failed to get a path.
E20260322 23:47:56.353832 372767 path_planner_node.cpp:250] Failed to get a path.
E20260322 23:47:56.379206 372767 path_planner_node.cpp:250] Failed to get a path.
E20260322 23:47:56.404601 372767 path_planner_node.cpp:250] Failed to get a path.
E20260322 23:47:56.432176 372767 path_planner_node.cpp:250] Failed to get a path.
E20260322 23:47:56.457544 372767 path_planner_node.cpp:250] Failed to get a path.
E20260322 23:47:56.487272 372767 path_planner_node.cpp:250] Failed to get a path.
E20260322 23:47:56.511554 372767 path_planner_node.cpp:250] Failed to get a path.
E20260322 23:47:56.540210 372767 path_planner_node.cpp:250] Failed to get a path.
E20260322 23:47:56.565101 372767 path_planner_node.cpp:250] Failed to get a path.
E20260322 23:47:56.593185 372767 path_planner_node.cpp:250] Failed to get a path.
E20260322 23:47:56.617573 372767 path_planner_node.cpp:250] Failed to get a path.
E20260322 23:47:56.647221 372767 path_planner_node.cpp:250] Failed to get a path.
E20260322 23:47:56.672618 372767 path_planner_node.cpp:250] Failed to get a path.
E20260322 23:47:56.701225 372767 path_planner_node.cpp:250] Failed to get a path.
E20260322 23:47:56.725556 372767 path_planner_node.cpp:250] Failed to get a path.
E20260322 23:47:56.753108 372767 path_planner_node.cpp:250] Failed to get a path.
E20260322 23:47:56.778580 372767 path_planner_node.cpp:250] Failed to get a path.
E20260322 23:47:56.807094 372767 path_planner_node.cpp:250] Failed to get a path.
E20260322 23:47:56.832484 372767 path_planner_node.cpp:250] Failed to get a path.
E20260322 23:47:56.863247 372767 path_planner_node.cpp:250] Failed to get a path.
E20260322 23:47:56.887547 372767 path_planner_node.cpp:250] Failed to get a path.
E20260322 23:47:56.918329 372767 path_planner_node.cpp:250] Failed to get a path.
E20260322 23:47:56.942658 372767 path_planner_node.cpp:250] Failed to get a path.
E20260322 23:47:56.970252 372767 path_planner_node.cpp:250] Failed to get a path.
E20260322 23:47:56.994607 372767 path_planner_node.cpp:250] Failed to get a path.
E20260322 23:47:57.023252 372767 path_planner_node.cpp:250] Failed to get a path.
E20260322 23:47:57.047595 372767 path_planner_node.cpp:250] Failed to get a path.
E20260322 23:47:57.072983 372767 path_planner_node.cpp:250] Failed to get a path.
E20260322 23:47:57.104629 372767 path_planner_node.cpp:250] Failed to get a path.
E20260322 23:47:57.129159 372767 path_planner_node.cpp:250] Failed to get a path.
E20260322 23:47:57.157687 372767 path_planner_node.cpp:250] Failed to get a path.
E20260322 23:47:57.183202 372767 path_planner_node.cpp:250] Failed to get a path.
E20260322 23:47:57.211768 372767 path_planner_node.cpp:250] Failed to get a path.
E20260322 23:47:57.237203 372767 path_planner_node.cpp:250] Failed to get a path.
E20260322 23:47:57.265817 372767 path_planner_node.cpp:250] Failed to get a path.
E20260322 23:47:57.291358 372767 path_planner_node.cpp:250] Failed to get a path.
E20260322 23:47:57.320941 372767 path_planner_node.cpp:250] Failed to get a path.
E20260322 23:47:57.345299 372767 path_planner_node.cpp:250] Failed to get a path.
E20260322 23:47:57.374915 372767 path_planner_node.cpp:250] Failed to get a path.
E20260322 23:47:57.400326 372767 path_planner_node.cpp:250] Failed to get a path.
E20260322 23:47:57.428973 372767 path_planner_node.cpp:250] Failed to get a path.
E20260322 23:47:57.454447 372767 path_planner_node.cpp:250] Failed to get a path.
E20260322 23:47:57.483081 372767 path_planner_node.cpp:250] Failed to get a path.
E20260322 23:47:57.508507 372767 path_planner_node.cpp:250] Failed to get a path.
E20260322 23:47:57.537174 372767 path_planner_node.cpp:250] Failed to get a path.
E20260322 23:47:57.562616 372767 path_planner_node.cpp:250] Failed to get a path.
E20260322 23:47:57.596594 372767 path_planner_node.cpp:250] Failed to get a path.
E20260322 23:47:57.621011 372767 path_planner_node.cpp:250] Failed to get a path.
E20260322 23:47:57.646950 372767 path_planner_node.cpp:250] Failed to get a path.
E20260322 23:47:57.682518 372767 path_planner_node.cpp:250] Failed to get a path.
E20260322 23:47:57.707897 372767 path_planner_node.cpp:250] Failed to get a path.
E20260322 23:47:57.736514 372767 path_planner_node.cpp:250] Failed to get a path.
E20260322 23:47:57.760798 372767 path_planner_node.cpp:250] Failed to get a path.
E20260322 23:47:57.789387 372767 path_planner_node.cpp:250] Failed to get a path.
E20260322 23:47:57.813788 372767 path_planner_node.cpp:250] Failed to get a path.
E20260322 23:47:57.843456 372767 path_planner_node.cpp:250] Failed to get a path.
E20260322 23:47:57.867816 372767 path_planner_node.cpp:250] Failed to get a path.
E20260322 23:47:57.896538 372767 path_planner_node.cpp:250] Failed to get a path.
E20260322 23:47:57.920827 372767 path_planner_node.cpp:250] Failed to get a path.
E20260322 23:47:57.950542 372767 path_planner_node.cpp:250] Failed to get a path.
E20260322 23:47:57.974895 372767 path_planner_node.cpp:250] Failed to get a path.
E20260322 23:47:58.002429 372767 path_planner_node.cpp:250] Failed to get a path.
E20260322 23:47:58.027794 372767 path_planner_node.cpp:250] Failed to get a path.
E20260322 23:47:58.058439 372767 path_planner_node.cpp:250] Failed to get a path.
E20260322 23:47:58.082962 372767 path_planner_node.cpp:250] Failed to get a path.
E20260322 23:47:58.112555 372767 path_planner_node.cpp:250] Failed to get a path.
E20260322 23:47:58.137939 372767 path_planner_node.cpp:250] Failed to get a path.
E20260322 23:47:58.166569 372767 path_planner_node.cpp:250] Failed to get a path.
E20260322 23:47:58.192981 372767 path_planner_node.cpp:250] Failed to get a path.
E20260322 23:47:58.220589 372767 path_planner_node.cpp:250] Failed to get a path.
E20260322 23:47:58.245967 372767 path_planner_node.cpp:250] Failed to get a path.
E20260322 23:47:58.274624 372767 path_planner_node.cpp:250] Failed to get a path.
E20260322 23:47:58.292178 372775 path_planner_node.cpp:250] Failed to get a path.
E20260322 23:47:58.299964 372767 path_planner_node.cpp:250] Failed to get a path.
E20260322 23:47:58.325373 372767 path_planner_node.cpp:250] Failed to get a path.
E20260322 23:47:58.353019 372767 path_planner_node.cpp:250] Failed to get a path.
E20260322 23:47:58.378440 372767 path_planner_node.cpp:250] Failed to get a path.
E20260322 23:47:58.408346 372767 path_planner_node.cpp:250] Failed to get a path.
E20260322 23:47:58.432539 372767 path_planner_node.cpp:250] Failed to get a path.
E20260322 23:47:58.462347 372767 path_planner_node.cpp:250] Failed to get a path.
E20260322 23:47:58.486738 372767 path_planner_node.cpp:250] Failed to get a path.
E20260322 23:47:58.515375 372767 path_planner_node.cpp:250] Failed to get a path.
E20260322 23:47:58.539805 372767 path_planner_node.cpp:250] Failed to get a path.
E20260322 23:47:58.569504 372767 path_planner_node.cpp:250] Failed to get a path.
E20260322 23:47:58.593948 372767 path_planner_node.cpp:250] Failed to get a path.
E20260322 23:47:58.622588 372767 path_planner_node.cpp:250] Failed to get a path.
E20260322 23:47:58.648094 372767 path_planner_node.cpp:250] Failed to get a path.
[33m[WARN] [1774194478.676663866, 133.414000000]: Rotate recovery behavior started.[0m
E20260322 23:47:59.421804 372775 path_planner_node.cpp:250] Failed to get a path.
E20260322 23:48:00.562615 372775 path_planner_node.cpp:250] Failed to get a path.
[33m[WARN] [1774194480.566660670, 136.920000000]: Map update loop missed its desired rate of 1.0000Hz... the loop actually took 5.7980 seconds[0m
[33m[WARN] [1774194480.586446413, 136.952000000]: Clearing both costmaps outside a square (1.84m) large centered on the robot.[0m
E20260322 23:48:01.718811 372775 path_planner_node.cpp:250] Failed to get a path.
E20260322 23:48:02.784375 372775 path_planner_node.cpp:250] Failed to get a path.
[0m[INFO] [1774194452.527152010, 84.036000000]: global_costmap: Using plugin "static_map"[0m
[0m[INFO] [1774194452.530191587, 84.042000000]: Requesting the map...[0m
[0m[INFO] [1774194452.680915435, 84.344000000]: Resizing costmap to 480 X 480 at 0.050000 m/pix[0m
[0m[INFO] [1774194452.730740754, 84.444000000]: Received a 480 X 480 map at 0.050000 m/pix[0m
[0m[INFO] [1774194452.732470701, 84.448000000]: global_costmap: Using plugin "obstacle_layer"[0m
[0m[INFO] [1774194452.734370437, 84.450000000]:     Subscribed to Topics: scan[0m
[0m[INFO] [1774194452.743575844, 84.470000000]: global_costmap: Using plugin "voronoi_layer"[0m
[0m[INFO] [1774194452.745949326, 84.474000000]: global_costmap: Using plugin "inflation_layer"[0m
[0m[INFO] [1774194452.772707104, 84.528000000]: local_costmap: Using plugin "obstacle_layer"[0m
[0m[INFO] [1774194452.773975178, 84.530000000]:     Subscribed to Topics: [0m
[0m[INFO] [1774194452.778300639, 84.538000000]: local_costmap: Using plugin "inflation_layer"[0m
[0m[INFO] [1774194452.802103140, 84.584000000]: Created local_planner pid_controller/PIDController[0m
[0m[INFO] [1774194452.811986515, 84.606000000]: PID Controller initialized![0m
[0m[INFO] [1774194453.300210290, 85.580000000]: Recovery behavior will clear layer 'obstacles'[0m
[0m[INFO] [1774194453.302262005, 85.584000000]: Recovery behavior will clear layer 'obstacles'[0m
[0m[INFO] [1774194453.318068993, 85.616000000]: odom received![0m
Error in XmlRpcClient::writeRequest: write error (Connection refused).
Error in XmlRpcClient::writeRequest: write error (Connection refused).
Error in XmlRpcDispatch::work: couldn't find source iterator
Error in XmlRpcDispatch::work: couldn't find source iterator
Error in XmlRpcClient::writeRequest: write error (Connection refused).
Error in XmlRpcDispatch::work: couldn't find source iterator
Error in XmlRpcClient::writeRequest: write error (Connection refused).
Error in XmlRpcDispatch::work: couldn't find source iterator
an[0m
[0m[INFO] [1774194468.261043857, 114.104000000]: Got new plan[0m
[0m[INFO] [1774194468.526344293, 114.604000000]: Got new plan[0m
[0m[INFO] [1774194468.793808054, 115.104000000]: Got new plan[0m
[0m[INFO] [1774194469.067562313, 115.606000000]: Got new plan[0m
[0m[INFO] [1774194469.329507340, 116.094000000]: Got new plan[0m
[0m[INFO] [1774194469.604751702, 116.604000000]: Got new plan[0m
[0m[INFO] [1774194469.886509782, 117.124000000]: Got new plan[0m
[0m[INFO] [1774194470.143869321, 117.608000000]: Got new plan[0m
[0m[INFO] [1774194470.425350751, 118.138000000]: Got new plan[0m
Error in XmlRpcClient::writeRequest: write error (Connection refused).
Error in XmlRpcClient::writeRequest: write error (Connection refused).
Error in XmlRpcDispatch::work: couldn't find source iterator
Error in XmlRpcDispatch::work: couldn't find source iterator
Error in XmlRpcClient::writeRequest: write error (Connection refused).
Error in XmlRpcDispatch::work: couldn't find source iterator
Error in XmlRpcClient::writeRequest: write error (Connection refused).
Error in XmlRpcDispatch::work: couldn't find source iterator
Error in XmlRpcClient::writeRequest: write error (Connection refused).
Error in XmlRpcDispatch::work: couldn't find source iterator
Error in XmlRpcClient::writeRequest: write error (Connection refused).
Error in XmlRpcDispatch::work: couldn't find source iterator
Error in XmlRpcClient::writeRequest: write error (Connection refused).
Error in XmlRpcDispatch::work: couldn't find source iterator
Error in XmlRpcClient::writeRequest: write error (Connection refused).
Error in XmlRpcDispatch::work: couldn't find source iterator
Error in XmlRpcClient::writeRequest: write error (Connection refused).
Error in XmlRpcDispatch::work: couldn't find source iterator
Error in XmlRpcClient::writeRequest: write error (Connection refused).
Error in XmlRpcDispatch::work: couldn't find source iterator
Error in XmlRpcClient::writeRequest: write error (Connection refused).
Error in XmlRpcDispatch::work: couldn't find source iterator
Error in XmlRpcClient::writeRequest: write error (Connection refused).
Error in XmlRpcClient::writeRequest: write error (Connection refused).
Error in XmlRpcDispatch::work: couldn't find source iterator
Error in XmlRpcDispatch::work: couldn't find source iterator
Error in XmlRpcClient::writeRequest: write error (Connection refused).
Error in XmlRpcDispatch::work: couldn't find source iterator
Error in XmlRpcClient::writeRequest: write error (Connection refused).
Error in XmlRpcDispatch::work: couldn't find source iterator
Error in XmlRpcClient::writeRequest: write error (Connection refused).
Error in XmlRpcDispatch::work: couldn't find source iterator
Error in XmlRpcClient::writeRequest: write error (Connection refused).
Error in XmlRpcDispatch::work: couldn't find source iterator
Error in XmlRpcClient::writeRequest: write error (Connection refused).
Error in XmlRpcDispatch::work: couldn't find source iterator
Error in XmlRpcClient::writeRequest: write error (Connection refused).
Error in XmlRpcDispatch::work: couldn't find source iterator
Error in XmlRpcClient::writeRequest: write error (Connection refused).
Error in XmlRpcDispatch::work: couldn't find source iterator
Error in XmlRpcClient::writeRequest: write error (Connection refused).
Error in XmlRpcDispatch::work: couldn't find source iterator
Error in XmlRpcClient::writeRequest: write error (Connection refused).
Error in XmlRpcDispatch::work: couldn't find source iterator
Error in XmlRpcClient::writeRequest: write error (Connection refused).
Error in XmlRpcDispatch::work: couldn't find source iterator
Error in XmlRpcClient::writeRequest: write error (Connection refused).
Error in XmlRpcDispatch::work: couldn't find source iterator
Error in XmlRpcClient::writeRequest: write error (Connection refused).
Error in XmlRpcDispatch::work: couldn't find source iterator
Error in XmlRpcClient::writeRequest: write error (Connection refused).
Error in XmlRpcDispatch::work: couldn't find source iterator
Error in XmlRpcClient::writeRequest: write error (Connection refused).
Error in XmlRpcDispatch::work: couldn't find source iterator
Error in XmlRpcClient::writeRequest: write error (Connection refused).
Error in XmlRpcDispatch::work: couldn't find source iterator
Error in XmlRpcClient::writeRequest: write error (Connection refused).
Error in XmlRpcDispatch::work: couldn't find source iterator
Error in XmlRpcClient::writeRequest: write error (Connection refused).
Error in XmlRpcDispatch::work: couldn't find source iterator
Error in XmlRpcClient::writeRequest: write error (Connection refused).
Error in XmlRpcDispatch::work: couldn't find source iterator
Error in XmlRpcClient::writeRequest: write error (Connection refused).
Error in XmlRpcDispatch::work: couldn't find source iterator
Error in XmlRpcClient::writeRequest: write error (Connection refused).
Error in XmlRpcDispatch::work: couldn't find source iterator
Error in XmlRpcClient::writeRequest: write error (Connection refused).
Error in XmlRpcDispatch::work: couldn't find source iterator
Error in XmlRpcClient::writeRequest: write error (Connection refused).
Error in XmlRpcClient::writeRequest: write error (Connection refused).
Error in XmlRpcDispatch::work: couldn't find source iterator
Error in XmlRpcDispatch::work: couldn't find source iterator
Error in XmlRpcClient::writeRequest: write error (Connection refused).
Error in XmlRpcDispatch::work: couldn't find source iterator
Error in XmlRpcClient::writeRequest: write error (Connection refused).
Error in XmlRpcDispatch::work: couldn't find source iterator
Error in XmlRpcClient::writeRequest: write error (Connection refused).
Error in XmlRpcDispatch::work: couldn't find source iterator
Error in XmlRpcClient::writeRequest: write error (Connection refused).
Error in XmlRpcDispatch::work: couldn't find source iterator
Error in XmlRpcClient::writeRequest: write error (Connection refused).
Error in XmlRpcDispatch::work: couldn't find source iterator
Error in XmlRpcClient::writeRequest: write error (Connection refused).
Error in XmlRpcDispatch::work: couldn't find source iterator
Error in XmlRpcClient::writeRequest: write error (Connection refused).
Error in XmlRpcDispatch::work: couldn't find source iterator
Error in XmlRpcClient::writeRequest: write error (Connection refused).
Error in XmlRpcDispatch::work: couldn't find source iterator
Error in XmlRpcClient::writeRequest: write error (Connection refused).
Error in XmlRpcDispatch::work: couldn't find source iterator
Error in XmlRpcClient::writeRequest: write error (Connection refused).
Error in XmlRpcDispatch::work: couldn't find source iterator
Error in XmlRpcClient::writeRequest: write error (Connection refused).
Error in XmlRpcDispatch::work: couldn't find source iterator
Error in XmlRpcClient::writeRequest: write error (Connection refused).
Error in XmlRpcClient::writeRequest: write error (Connection refused).
Error in XmlRpcDispatch::work: couldn't find source iterator
Error in XmlRpcDispatch::work: couldn't find source iterator
Error in XmlRpcClient::writeRequest: write error (Connection refused).
Error in XmlRpcDispatch::work: couldn't find source iterator
Error in XmlRpcClient::writeRequest: write error (Connection refused).
Error in XmlRpcDispatch::work: couldn't find source iterator
Error in XmlRpcClient::writeRequest: write error (Connection refused).
Error in XmlRpcDispatch::work: couldn't find source iterator
Error in XmlRpcClient::writeRequest: write error (Connection refused).
Error in XmlRpcDispatch::work: couldn't find source iterator
Error in XmlRpcClient::writeRequest: write error (Connection refused).
Error in XmlRpcDispatch::work: couldn't find source iterator
Error in XmlRpcClient::writeRequest: write error (Connection refused).
Error in XmlRpcDispatch::work: couldn't find source iterator
Error in XmlRpcClient::writeRequest: write error (Connection refused).
Error in XmlRpcDispatch::work: couldn't find source iterator
Error in XmlRpcClient::writeRequest: write error (Connection refused).
Error in XmlRpcDispatch::work: couldn't find source iterator
Error in XmlRpcClient::writeRequest: write error (Connection refused).
Error in XmlRpcDispatch::work: couldn't find source iterator
Error in XmlRpcClient::writeRequest: write error (Connection refused).
Error in XmlRpcDispatch::work: couldn't find source iterator
Error in XmlRpcClient::writeRequest: write error (Connection refused).
Error in XmlRpcClient::writeRequest: write error (Connection refused).
Error in XmlRpcDispatch::work: couldn't find source iterator
Error in XmlRpcDispatch::work: couldn't find source iterator
Error in XmlRpcClient::writeRequest: write error (Connection refused).
Error in XmlRpcClient::writeRequest: write error (Connection refused).
Error in XmlRpcDispatch::work: couldn't find source iterator
Error in XmlRpcDispatch::work: couldn't find source iterator
Error in XmlRpcClient::writeRequest: write error (Connection refused).
Error in XmlRpcClient::writeRequest: write error (Connection refused).
Error in XmlRpcDispatch::work: couldn't find source iterator
Error in XmlRpcDispatch::work: couldn't find source iterator
Error in XmlRpcClient::writeRequest: write error (Connection refused).
Error in XmlRpcClient::writeRequest: write error (Connection refused).
Error in XmlRpcDispatch::work: couldn't find source iterator
Error in XmlRpcDispatch::work: couldn't find source iterator
Error in XmlRpcClient::writeRequest: write error (Connection refused).
Error in XmlRpcClient::writeRequest: write error (Connection refused).
Error in XmlRpcDispatch::work: couldn't find source iterator
Error in XmlRpcDispatch::work: couldn't find source iterator
Error in XmlRpcClient::writeRequest: write error (Connection refused).
Error in XmlRpcClient::writeRequest: write error (Connection refused).
Error in XmlRpcDispatch::work: couldn't find source iterator
Error in XmlRpcDispatch::work: couldn't find source iterator
Error in XmlRpcClient::writeRequest: write error (Connection refused).
Error in XmlRpcClient::writeRequest: write error (Connection refused).
Error in XmlRpcDispatch::work: couldn't find source iterator
Error in XmlRpcDispatch::work: couldn't find source iterator
Error in XmlRpcClient::writeRequest: write error (Connection refused).
Error in XmlRpcClient::writeRequest: write error (Connection refused).
Error in XmlRpcDispatch::work: couldn't find source iterator
Error in XmlRpcDispatch::work: couldn't find source iterator
Error in XmlRpcClient::writeRequest: write error (Connection refused).
Error in XmlRpcDispatch::work: couldn't find source iterator
Error in XmlRpcClient::writeRequest: write error (Connection refused).
Error in XmlRpcDispatch::work: couldn't find source iterator
Error in XmlRpcClient::writeRequest: write error (Connection refused).
Error in XmlRpcDispatch::work: couldn't find source iterator
Error in XmlRpcClient::writeRequest: write error (Connection refused).
Error in XmlRpcDispatch::work: couldn't find source iterator
Error in XmlRpcClient::writeRequest: write error (Connection refused).
Error in XmlRpcDispatch::work: couldn't find source iterator
Error in XmlRpcClient::writeRequest: write error (Connection refused).
Error in XmlRpcDispatch::work: couldn't find source iterator
Error in XmlRpcClient::writeRequest: write error (Connection refused).
Error in XmlRpcDispatch::work: couldn't find source iterator
Error in XmlRpcClient::writeRequest: write error (Connection refused).
Error in XmlRpcDispatch::work: couldn't find source iterator
Error in XmlRpcClient::writeRequest: write error (Connection refused).
Error in XmlRpcDispatch::work: couldn't find source iterator
Error in XmlRpcClient::writeRequest: write error (Connection refused).
Error in XmlRpcDispatch::work: couldn't find source iterator
Error in XmlRpcClient::writeRequest: write error (Connection refused).
Error in XmlRpcDispatch::work: couldn't find source iterator
Error in XmlRpcClient::writeRequest: write error (Connection refused).
Error in XmlRpcDispatch::work: couldn't find source iterator
Error in XmlRpcClient::writeRequest: write error (Connection refused).
Error in XmlRpcDispatch::work: couldn't find source iterator
Error in XmlRpcClient::writeRequest: write error (Connection refused).
Error in XmlRpcDispatch::work: couldn't find source iterator
Error in XmlRpcClient::writeRequest: write error (Connection refused).
Error in XmlRpcDispatch::work: couldn't find source iterator
Error in XmlRpcClient::writeRequest: write error (Connection refused).
Error in XmlRpcDispatch::work: couldn't find source iterator
Error in XmlRpcClient::writeRequest: write error (Connection refused).
Error in XmlRpcDispatch::work: couldn't find source iterator
Error in XmlRpcClient::writeRequest: write error (Connection refused).
Error in XmlRpcDispatch::work: couldn't find source iterator
Error in XmlRpcClient::writeRequest: write error (Connection refused).
Error in XmlRpcDispatch::work: couldn't find source iterator
Error in XmlRpcClient::writeRequest: write error (Connection refused).
Error in XmlRpcDispatch::work: couldn't find source iterator
Error in XmlRpcClient::writeRequest: write error (Connection refused).
Error in XmlRpcDispatch::work: couldn't find source iterator
Error in XmlRpcClient::writeRequest: write error (Connection refused).
Error in XmlRpcDispatch::work: couldn't find source iterator
Error in XmlRpcClient::writeRequest: write error (Connection refused).
Error in XmlRpcDispatch::work: couldn't find source iterator
Error in XmlRpcClient::writeRequest: write error (Connection refused).
Error in XmlRpcDispatch::work: couldn't find source iterator
Error in XmlRpcClient::writeRequest: write error (Connection refused).
Error in XmlRpcDispatch::work: couldn't find source iterator
Error in XmlRpcClient::writeRequest: write error (Connection refused).
Error in XmlRpcDispatch::work: couldn't find source iterator
Error in XmlRpcClient::writeRequest: write error (Connection refused).
Error in XmlRpcDispatch::work: couldn't find source iterator
Error in XmlRpcClient::writeRequest: write error (Connection refused).
Error in XmlRpcDispatch::work: couldn't find source iterator
Error in XmlRpcClient::writeRequest: write error (Connection refused).
Error in XmlRpcDispatch::work: couldn't find source iterator
Error in XmlRpcClient::writeRequest: write error (Connection refused).
Error in XmlRpcDispatch::work: couldn't find source iterator
Error in XmlRpcClient::writeRequest: write error (Connection refused).
Error in XmlRpcDispatch::work: couldn't find source iterator
Error in XmlRpcClient::writeRequest: write error (Connection refused).
Error in XmlRpcDispatch::work: couldn't find source iterator
Error in XmlRpcClient::writeRequest: write error (Connection refused).
Error in XmlRpcDispatch::work: couldn't find source iterator
Error in XmlRpcClient::writeRequest: write error (Connection refused).
Error in XmlRpcDispatch::work: couldn't find source iterator
Error in XmlRpcClient::writeRequest: write error (Connection refused).
Error in XmlRpcDispatch::work: couldn't find source iterator
Error in XmlRpcClient::writeRequest: write error (Connection refused).
Error in XmlRpcDispatch::work: couldn't find source iterator
Error in XmlRpcClient::writeRequest: write error (Connection refused).
Error in XmlRpcDispatch::work: couldn't find source iterator
Error in XmlRpcClient::writeRequest: write error (Connection refused).
Error in XmlRpcDispatch::work: couldn't find source iterator
Error in XmlRpcClient::writeRequest: write error (Connection refused).
Error in XmlRpcDispatch::work: couldn't find source iterator
Error in XmlRpcClient::writeRequest: write error (Connection refused).
Error in XmlRpcDispatch::work: couldn't find source iterator
Error in XmlRpcClient::writeRequest: write error (Connection refused).
Error in XmlRpcDispatch::work: couldn't find source iterator
Error in XmlRpcClient::writeRequest: write error (Connection refused).
Error in XmlRpcDispatch::work: couldn't find source iterator
Error in XmlRpcClient::writeRequest: write error (Connection refused).
Error in XmlRpcDispatch::work: couldn't find source iterator
Error in XmlRpcClient::writeRequest: write error (Connection refused).
Error in XmlRpcClient::writeRequest: write error (Connection refused).
Error in XmlRpcDispatch::work: couldn't find source iterator
Error in XmlRpcDispatch::work: couldn't find source iterator
Error in XmlRpcClient::writeRequest: write error (Connection refused).
Error in XmlRpcClient::writeRequest: write error (Connection refused).
Error in XmlRpcDispatch::work: couldn't find source iterator
Error in XmlRpcDispatch::work: couldn't find source iterator
Error in XmlRpcClient::writeRequest: write error (Connection refused).
Error in XmlRpcDispatch::work: couldn't find source iterator
Error in XmlRpcClient::writeRequest: write error (Connection refused).
Error in XmlRpcDispatch::work: couldn't find source iterator
Error in XmlRpcClient::writeRequest: write error (Connection refused).
Error in XmlRpcDispatch::work: couldn't find source iterator
Error in XmlRpcClient::writeRequest: write error (Connection refused).
Error in XmlRpcDispatch::work: couldn't find source iterator
Error in XmlRpcClient::writeRequest: write error (Connection refused).
Error in XmlRpcDispatch::work: couldn't find source iterator
Error in XmlRpcClient::writeRequest: write error (Connection refused).
Error in XmlRpcDispatch::work: couldn't find source iterator
Error in XmlRpcClient::writeRequest: write error (Connection refused).
Error in XmlRpcDispatch::work: couldn't find source iterator
Error in XmlRpcClient::writeRequest: write error (Connection refused).
Error in XmlRpcDispatch::work: couldn't find source iterator
Error in XmlRpcClient::writeRequest: write error (Connection refused).
Error in XmlRpcClient::writeRequest: write error (Connection refused).
Error in XmlRpcDispatch::work: couldn't find source iterator
Error in XmlRpcDispatch::work: couldn't find source iterator
Error in XmlRpcClient::writeRequest: write error (Connection refused).
Error in XmlRpcClient::writeRequest: write error (Connection refused).
Error in XmlRpcDispatch::work: couldn't find source iterator
Error in XmlRpcDispatch::work: couldn't find source iterator
Error in XmlRpcClient::writeRequest: write error (Connection refused).
Error in XmlRpcDispatch::work: couldn't find source iterator
Error in XmlRpcClient::writeRequest: write error (Connection refused).
Error in XmlRpcDispatch::work: couldn't find source iterator
Error in XmlRpcClient::writeRequest: write error (Connection refused).
Error in XmlRpcDispatch::work: couldn't find source iterator
Error in XmlRpcClient::writeRequest: write error (Connection refused).
Error in XmlRpcDispatch::work: couldn't find source iterator
Error in XmlRpcClient::writeRequest: write error (Connection refused).
Error in XmlRpcDispatch::work: couldn't find source iterator
Error in XmlRpcClient::writeRequest: write error (Connection refused).
Error in XmlRpcDispatch::work: couldn't find source iterator
Error in XmlRpcClient::writeRequest: write error (Connection refused).
Error in XmlRpcDispatch::work: couldn't find source iterator
Error in XmlRpcClient::writeRequest: write error (Connection refused).
Error in XmlRpcDispatch::work: couldn't find source iterator
Error in XmlRpcClient::writeRequest: write error (Connection refused).
Error in XmlRpcDispatch::work: couldn't find source iterator
QFileSystemWatcher::removePaths: list is empty
QFileSystemWatcher::removePaths: list is empty
Error in XmlRpcClient::writeRequest: write error (Connection refused).
Error in XmlRpcDispatch::work: couldn't find source iterator
Error in XmlRpcClient::writeRequest: write error (Connection refused).
Error in XmlRpcDispatch::work: couldn't find source iterator
Error in XmlRpcClient::writeRequest: write error (Connection refused).
Error in XmlRpcDispatch::work: couldn't find source iterator
Error in XmlRpcClient::writeRequest: write error (Connection refused).
Error in XmlRpcDispatch::work: couldn't find source iterator
Error in XmlRpcClient::writeRequest: write error (Connection refused).
Error in XmlRpcDispatch::work: couldn't find source iterator
Error in XmlRpcClient::writeRequest: write error (Connection refused).
Error in XmlRpcDispatch::work: couldn't find source iterator
Error in XmlRpcClient::writeRequest: write error (Connection refused).
Error in XmlRpcDispatch::work: couldn't find source iterator
Error in XmlRpcClient::writeRequest: write error (Connection refused).
Error in XmlRpcDispatch::work: couldn't find source iterator
[INFO] [1774194448.126818, 0.000000]: Ground Truth Odom Publisher initialized
[INFO] [1774194448.088155, 0.000000]: Ground Truth Odom Publisher initialized
[31mWARNING: disk usage in log directory [/data/lzq/.ros/log] is over 1GB.
It's recommended that you use the 'rosclean' command.[0m

auto-starting new master
[1mprocess[master]: started with pid [372449][0m
[1mROS_MASTER_URI=http://localhost:11311[0m
]2;/data/lzq/ros_motion_planning/src/sim_env/launch/main.launch http://localhost:11311
[1msetting /run_id to 6cf96dd0-2606-11f1-9841-ef63e69f4ffa[0m
[1mprocess[rosout-1]: started with pid [372460][0m
started core service [/rosout]
[1mprocess[gazebo-2]: started with pid [372467][0m
[1mprocess[map_server-3]: started with pid [372468][0m
[1mprocess[robot2/robot_state_publisher-4]: started with pid [372471][0m
[1mprocess[robot2/joint_state_publisher-5]: started with pid [372474][0m
[1mprocess[robot2/urdf_spawner-6]: started with pid [372475][0m
[1mprocess[robot2/tf_map2odom_node-7]: started with pid [372484][0m
[1mprocess[robot2/ground_truth_odom_publisher-8]: started with pid [372488][0m
[1mprocess[robot2/move_base-9]: started with pid [372489][0m
[1mprocess[robot1/robot_state_publisher-10]: started with pid [372490][0m
[1mprocess[robot1/joint_state_publisher-11]: started with pid [372491][0m
[1mprocess[robot1/urdf_spawner-12]: started with pid [372492][0m
[1mprocess[robot1/tf_map2odom_node-13]: started with pid [372504][0m
[1mprocess[robot1/ground_truth_odom_publisher-14]: started with pid [372537][0m
[1mprocess[robot1/move_base-15]: started with pid [372550][0m
[1mprocess[rviz-16]: started with pid [372596][0m
[1m[robot2/urdf_spawner-6] process has finished cleanly
log file: /data/lzq/.ros/log/6cf96dd0-2606-11f1-9841-ef63e69f4ffa/robot2-urdf_spawner-6*.log[0m
[1m[robot1/urdf_spawner-12] process has finished cleanly
log file: /data/lzq/.ros/log/6cf96dd0-2606-11f1-9841-ef63e69f4ffa/robot1-urdf_spawner-12*.log[0m
[rviz-16] killing on exit
[robot1/move_base-15] killing on exit
[robot1/ground_truth_odom_publisher-14] killing on exit
[robot1/tf_map2odom_node-13] killing on exit
[robot1/joint_state_publisher-11] killing on exit
[robot1/robot_state_publisher-10] killing on exit
[robot2/move_base-9] killing on exit
[robot2/ground_truth_odom_publisher-8] killing on exit
[robot2/tf_map2odom_node-7] killing on exit
[robot2/joint_state_publisher-5] killing on exit
[robot2/robot_state_publisher-4] killing on exit
[map_server-3] killing on exit
[gazebo-2] killing on exit
[rosout-1] killing on exit
[master] killing on exit
shutting down processing monitor...
... shutting down processing monitor complete
[1mdone[0m
