xacro: in-order processing became default in ROS Melodic. You can drop the option.
xacro: in-order processing became default in ROS Melodic. You can drop the option.
... logging to /data/lzq/.ros/log/7470ccdc-2603-11f1-9841-ef63e69f4ffa/roslaunch-lzq-296917.log
Checking log directory for disk usage. This may take a while.
Press Ctrl-C to interrupt
]2;/data/lzq/ros_motion_planning/src/sim_env/launch/main.launch
[1mstarted roslaunch server http://lzq:42655/[0m

SUMMARY
========

PARAMETERS
 * /gazebo/enable_ros_network: True
 * /robot1/move_base/PIDController/base_frame: base_link
 * /robot1/move_base/PIDController/convert_offset: 0.0
 * /robot1/move_base/PIDController/goal_dist_tolerance: 0.2
 * /robot1/move_base/PIDController/k: 1.0
 * /robot1/move_base/PIDController/k_theta: 0.7
 * /robot1/move_base/PIDController/k_v_d: 0.1
 * /robot1/move_base/PIDController/k_v_i: 0.1
 * /robot1/move_base/PIDController/k_v_p: 1.0
 * /robot1/move_base/PIDController/k_w_d: 0.1
 * /robot1/move_base/PIDController/k_w_i: 0.1
 * /robot1/move_base/PIDController/k_w_p: 1.0
 * /robot1/move_base/PIDController/l: 0.2
 * /robot1/move_base/PIDController/lookahead_time: 0.5
 * /robot1/move_base/PIDController/map_frame: map
 * /robot1/move_base/PIDController/max_lookahead_dist: 0.9
 * /robot1/move_base/PIDController/max_v: 0.5
 * /robot1/move_base/PIDController/max_v_inc: 0.5
 * /robot1/move_base/PIDController/max_w: 1.57
 * /robot1/move_base/PIDController/max_w_inc: 1.57
 * /robot1/move_base/PIDController/min_lookahead_dist: 0.3
 * /robot1/move_base/PIDController/min_v: 0.0
 * /robot1/move_base/PIDController/min_w: 0.0
 * /robot1/move_base/PIDController/rotate_tolerance: 0.5
 * /robot1/move_base/PathPlanner/convert_offset: 0.0
 * /robot1/move_base/PathPlanner/default_tolerance: 0.0
 * /robot1/move_base/PathPlanner/expand_zone: True
 * /robot1/move_base/PathPlanner/hybrid_astar/analytic_expansion_max_length: 5.0
 * /robot1/move_base/PathPlanner/hybrid_astar/analytic_expansion_ratio: 1.5
 * /robot1/move_base/PathPlanner/hybrid_astar/cache_obstacle_heuristic: False
 * /robot1/move_base/PathPlanner/hybrid_astar/change_penalty: 0.4
 * /robot1/move_base/PathPlanner/hybrid_astar/cost_penalty: 2.0
 * /robot1/move_base/PathPlanner/hybrid_astar/curve_sample_ratio: 0.15
 * /robot1/move_base/PathPlanner/hybrid_astar/dim_3_size: 32
 * /robot1/move_base/PathPlanner/hybrid_astar/downsample_obstacle_heuristic: True
 * /robot1/move_base/PathPlanner/hybrid_astar/goal_tolerance: 0.2
 * /robot1/move_base/PathPlanner/hybrid_astar/lookup_table_dim: 20.0
 * /robot1/move_base/PathPlanner/hybrid_astar/max_approach_iterations: 500
 * /robot1/move_base/PathPlanner/hybrid_astar/max_iterations: 20000
 * /robot1/move_base/PathPlanner/hybrid_astar/minimum_turning_radius: 0.3
 * /robot1/move_base/PathPlanner/hybrid_astar/motion_model: 2
 * /robot1/move_base/PathPlanner/hybrid_astar/non_straight_penalty: 1.5
 * /robot1/move_base/PathPlanner/hybrid_astar/retrospective_penalty: 0.025
 * /robot1/move_base/PathPlanner/hybrid_astar/reverse_penalty: 2.5
 * /robot1/move_base/PathPlanner/hybrid_astar/traverse_unknown: False
 * /robot1/move_base/PathPlanner/obstacle_factor: 0.5
 * /robot1/move_base/PathPlanner/outline_map: True
 * /robot1/move_base/PathPlanner/planner_name: theta_star
 * /robot1/move_base/PathPlanner/show_safety_corridor: False
 * /robot1/move_base/base_global_planner: path_planner/Path...
 * /robot1/move_base/base_local_planner: pid_controller/PI...
 * /robot1/move_base/conservative_reset_dist: 3.0
 * /robot1/move_base/controller_frequency: 20.0
 * /robot1/move_base/controller_patience: 15.0
 * /robot1/move_base/global_costmap/footprint: [[-0.21, -0.165],...
 * /robot1/move_base/global_costmap/footprint_padding: 0.1
 * /robot1/move_base/global_costmap/global_frame: map
 * /robot1/move_base/global_costmap/inflation_layer/cost_scaling_factor: 5
 * /robot1/move_base/global_costmap/inflation_layer/enabled: True
 * /robot1/move_base/global_costmap/inflation_layer/inflation_radius: 0.2
 * /robot1/move_base/global_costmap/map_type: costmap
 * /robot1/move_base/global_costmap/meter_scoring: True
 * /robot1/move_base/global_costmap/obstacle_layer/observation_sources: scan
 * /robot1/move_base/global_costmap/obstacle_layer/scan/clearing: True
 * /robot1/move_base/global_costmap/obstacle_layer/scan/data_type: LaserScan
 * /robot1/move_base/global_costmap/obstacle_layer/scan/expected_update_rate: 1
 * /robot1/move_base/global_costmap/obstacle_layer/scan/inf_is_valid: True
 * /robot1/move_base/global_costmap/obstacle_layer/scan/marking: True
 * /robot1/move_base/global_costmap/obstacle_layer/scan/max_obstacle_height: 0.2
 * /robot1/move_base/global_costmap/obstacle_layer/scan/min_obstacle_height: 0.0
 * /robot1/move_base/global_costmap/obstacle_layer/scan/observation_persistence: 0.0
 * /robot1/move_base/global_costmap/obstacle_layer/scan/obstacle_range: 2.5
 * /robot1/move_base/global_costmap/obstacle_layer/scan/raytrace_range: 3.0
 * /robot1/move_base/global_costmap/obstacle_layer/scan/sensor_frame: robot1/base_footp...
 * /robot1/move_base/global_costmap/obstacle_layer/scan/topic: /robot1/scan
 * /robot1/move_base/global_costmap/origin_z: 0.0
 * /robot1/move_base/global_costmap/plugins: [{'name': 'static...
 * /robot1/move_base/global_costmap/publish_frequency: 0.5
 * /robot1/move_base/global_costmap/publish_voxel_map: False
 * /robot1/move_base/global_costmap/robot_base_frame: robot1/base_footp...
 * /robot1/move_base/global_costmap/scan/sensor_frame: robot1/base_scan
 * /robot1/move_base/global_costmap/scan/topic: /robot1/scan
 * /robot1/move_base/global_costmap/static_map/clear_time: 20
 * /robot1/move_base/global_costmap/static_map/enabled: True
 * /robot1/move_base/global_costmap/static_map/publish_static_map: True
 * /robot1/move_base/global_costmap/transform_tolerance: 0.2
 * /robot1/move_base/global_costmap/update_frequency: 1.0
 * /robot1/move_base/global_costmap/z_resolution: 1
 * /robot1/move_base/global_costmap/z_voxels: 2
 * /robot1/move_base/local_costmap/global_frame: robot1/odom
 * /robot1/move_base/local_costmap/height: 3
 * /robot1/move_base/local_costmap/inflation_radius: 0.2
 * /robot1/move_base/local_costmap/plugins: [{'name': 'obstac...
 * /robot1/move_base/local_costmap/publish_frequency: 0.5
 * /robot1/move_base/local_costmap/resolution: 0.05
 * /robot1/move_base/local_costmap/robot_base_frame: robot1/base_footp...
 * /robot1/move_base/local_costmap/rolling_window: True
 * /robot1/move_base/local_costmap/scan/sensor_frame: robot1/base_scan
 * /robot1/move_base/local_costmap/scan/topic: /robot1/scan
 * /robot1/move_base/local_costmap/static_map: False
 * /robot1/move_base/local_costmap/transform_tolerance: 1.0
 * /robot1/move_base/local_costmap/update_frequency: 1.0
 * /robot1/move_base/local_costmap/width: 3
 * /robot1/move_base/oscillation_distance: 0.2
 * /robot1/move_base/oscillation_timeout: 10.0
 * /robot1/move_base/planner_frequency: 2
 * /robot1/move_base/planner_patience: 5.0
 * /robot1/move_base/shutdown_costmaps: False
 * /robot1/move_base/transform_tolerance: 2.0
 * /robot1/robot_description: <?xml version="1....
 * /robot1/tf_map2odom_node/odom_frame_id: robot1/odom
 * /robot1/tf_prefix: robot1
 * /robot2/move_base/DWAController/acc_lim_theta: 3.2
 * /robot2/move_base/DWAController/acc_lim_x: 2.5
 * /robot2/move_base/DWAController/acc_lim_y: 0.0
 * /robot2/move_base/DWAController/controller_frequency: 10.0
 * /robot2/move_base/DWAController/forward_point_distance: 0.05
 * /robot2/move_base/DWAController/goal_distance_bias: 24.0
 * /robot2/move_base/DWAController/latch_xy_goal_tolerance: False
 * /robot2/move_base/DWAController/max_scaling_factor: 0.2
 * /robot2/move_base/DWAController/max_vel_theta: 1.35
 * /robot2/move_base/DWAController/max_vel_trans: 1.5
 * /robot2/move_base/DWAController/max_vel_x: 1.5
 * /robot2/move_base/DWAController/max_vel_y: 0.0
 * /robot2/move_base/DWAController/min_vel_theta: 0.1
 * /robot2/move_base/DWAController/min_vel_trans: 0
 * /robot2/move_base/DWAController/min_vel_x: 0
 * /robot2/move_base/DWAController/min_vel_y: 0.0
 * /robot2/move_base/DWAController/occdist_scale: 0.02
 * /robot2/move_base/DWAController/oscillation_reset_dist: 0.05
 * /robot2/move_base/DWAController/path_distance_bias: 32.0
 * /robot2/move_base/DWAController/publish_cost_grid_pc: True
 * /robot2/move_base/DWAController/publish_traj_pc: True
 * /robot2/move_base/DWAController/scaling_speed: 0.25
 * /robot2/move_base/DWAController/sim_time: 2.0
 * /robot2/move_base/DWAController/stop_time_buffer: 0.2
 * /robot2/move_base/DWAController/vth_samples: 60
 * /robot2/move_base/DWAController/vx_samples: 10
 * /robot2/move_base/DWAController/vy_samples: 0
 * /robot2/move_base/DWAController/xy_goal_tolerance: 0.1
 * /robot2/move_base/DWAController/yaw_goal_tolerance: 0.3
 * /robot2/move_base/PathPlanner/convert_offset: 0.0
 * /robot2/move_base/PathPlanner/default_tolerance: 0.0
 * /robot2/move_base/PathPlanner/expand_zone: True
 * /robot2/move_base/PathPlanner/hybrid_astar/analytic_expansion_max_length: 5.0
 * /robot2/move_base/PathPlanner/hybrid_astar/analytic_expansion_ratio: 1.5
 * /robot2/move_base/PathPlanner/hybrid_astar/cache_obstacle_heuristic: False
 * /robot2/move_base/PathPlanner/hybrid_astar/change_penalty: 0.4
 * /robot2/move_base/PathPlanner/hybrid_astar/cost_penalty: 2.0
 * /robot2/move_base/PathPlanner/hybrid_astar/curve_sample_ratio: 0.15
 * /robot2/move_base/PathPlanner/hybrid_astar/dim_3_size: 32
 * /robot2/move_base/PathPlanner/hybrid_astar/downsample_obstacle_heuristic: True
 * /robot2/move_base/PathPlanner/hybrid_astar/goal_tolerance: 0.2
 * /robot2/move_base/PathPlanner/hybrid_astar/lookup_table_dim: 20.0
 * /robot2/move_base/PathPlanner/hybrid_astar/max_approach_iterations: 500
 * /robot2/move_base/PathPlanner/hybrid_astar/max_iterations: 20000
 * /robot2/move_base/PathPlanner/hybrid_astar/minimum_turning_radius: 0.3
 * /robot2/move_base/PathPlanner/hybrid_astar/motion_model: 2
 * /robot2/move_base/PathPlanner/hybrid_astar/non_straight_penalty: 1.5
 * /robot2/move_base/PathPlanner/hybrid_astar/retrospective_penalty: 0.025
 * /robot2/move_base/PathPlanner/hybrid_astar/reverse_penalty: 2.5
 * /robot2/move_base/PathPlanner/hybrid_astar/traverse_unknown: False
 * /robot2/move_base/PathPlanner/obstacle_factor: 0.5
 * /robot2/move_base/PathPlanner/outline_map: True
 * /robot2/move_base/PathPlanner/planner_name: theta_star
 * /robot2/move_base/PathPlanner/show_safety_corridor: False
 * /robot2/move_base/base_global_planner: path_planner/Path...
 * /robot2/move_base/base_local_planner: dwa_controller/DW...
 * /robot2/move_base/conservative_reset_dist: 3.0
 * /robot2/move_base/controller_frequency: 20.0
 * /robot2/move_base/controller_patience: 15.0
 * /robot2/move_base/global_costmap/footprint: [[-0.21, -0.165],...
 * /robot2/move_base/global_costmap/footprint_padding: 0.1
 * /robot2/move_base/global_costmap/global_frame: map
 * /robot2/move_base/global_costmap/inflation_layer/cost_scaling_factor: 5
 * /robot2/move_base/global_costmap/inflation_layer/enabled: True
 * /robot2/move_base/global_costmap/inflation_layer/inflation_radius: 0.2
 * /robot2/move_base/global_costmap/map_type: costmap
 * /robot2/move_base/global_costmap/meter_scoring: True
 * /robot2/move_base/global_costmap/obstacle_layer/observation_sources: scan
 * /robot2/move_base/global_costmap/obstacle_layer/scan/clearing: True
 * /robot2/move_base/global_costmap/obstacle_layer/scan/data_type: LaserScan
 * /robot2/move_base/global_costmap/obstacle_layer/scan/expected_update_rate: 1
 * /robot2/move_base/global_costmap/obstacle_layer/scan/inf_is_valid: True
 * /robot2/move_base/global_costmap/obstacle_layer/scan/marking: True
 * /robot2/move_base/global_costmap/obstacle_layer/scan/max_obstacle_height: 0.2
 * /robot2/move_base/global_costmap/obstacle_layer/scan/min_obstacle_height: 0.0
 * /robot2/move_base/global_costmap/obstacle_layer/scan/observation_persistence: 0.0
 * /robot2/move_base/global_costmap/obstacle_layer/scan/obstacle_range: 2.5
 * /robot2/move_base/global_costmap/obstacle_layer/scan/raytrace_range: 3.0
 * /robot2/move_base/global_costmap/obstacle_layer/scan/sensor_frame: robot2/base_footp...
 * /robot2/move_base/global_costmap/obstacle_layer/scan/topic: /robot2/scan
 * /robot2/move_base/global_costmap/origin_z: 0.0
 * /robot2/move_base/global_costmap/plugins: [{'name': 'static...
 * /robot2/move_base/global_costmap/publish_frequency: 0.5
 * /robot2/move_base/global_costmap/publish_voxel_map: False
 * /robot2/move_base/global_costmap/robot_base_frame: robot2/base_footp...
 * /robot2/move_base/global_costmap/scan/sensor_frame: robot2/base_scan
 * /robot2/move_base/global_costmap/scan/topic: /robot2/scan
 * /robot2/move_base/global_costmap/static_map/clear_time: 20
 * /robot2/move_base/global_costmap/static_map/enabled: True
 * /robot2/move_base/global_costmap/static_map/publish_static_map: True
 * /robot2/move_base/global_costmap/transform_tolerance: 0.2
 * /robot2/move_base/global_costmap/update_frequency: 1.0
 * /robot2/move_base/global_costmap/z_resolution: 1
 * /robot2/move_base/global_costmap/z_voxels: 2
 * /robot2/move_base/local_costmap/global_frame: robot2/odom
 * /robot2/move_base/local_costmap/height: 3
 * /robot2/move_base/local_costmap/inflation_radius: 0.2
 * /robot2/move_base/local_costmap/plugins: [{'name': 'obstac...
 * /robot2/move_base/local_costmap/publish_frequency: 0.5
 * /robot2/move_base/local_costmap/resolution: 0.05
 * /robot2/move_base/local_costmap/robot_base_frame: robot2/base_footp...
 * /robot2/move_base/local_costmap/rolling_window: True
 * /robot2/move_base/local_costmap/scan/sensor_frame: robot2/base_scan
 * /robot2/move_base/local_costmap/scan/topic: /robot2/scan
 * /robot2/move_base/local_costmap/static_map: False
 * /robot2/move_base/local_costmap/transform_tolerance: 1.0
 * /robot2/move_base/local_costmap/update_frequency: 1.0
 * /robot2/move_base/local_costmap/width: 3
 * /robot2/move_base/oscillation_distance: 0.2
 * /robot2/move_base/oscillation_timeout: 10.0
 * /robot2/move_base/planner_frequency: 2
 * /robot2/move_base/planner_patience: 5.0
 * /robot2/move_base/shutdown_costmaps: False
 * /robot2/move_base/transform_tolerance: 2.0
 * /robot2/robot_description: <?xml version="1....
 * /robot2/tf_map2odom_node/odom_frame_id: robot2/odom
 * /robot2/tf_prefix: robot2
 * /rosdistro: noetic
 * /rosversion: 1.17.4
 * /use_sim_time: True

NODES
  /
    gazebo (gazebo_ros/gzserver)
    map_server (map_server/map_server)
    rviz (rviz/rviz)
  /robot1/
    ground_truth_odom_publisher (sim_env/ground_truth_odom_publisher.py)
    joint_state_publisher (joint_state_publisher/joint_state_publisher)
    move_base (move_base/move_base)
    robot_state_publisher (robot_state_publisher/robot_state_publisher)
    tf_map2odom_node (sim_env/tf_map2odom.py)
    urdf_spawner (gazebo_ros/spawn_model)
  /robot2/
    ground_truth_odom_publisher (sim_env/ground_truth_odom_publisher.py)
    joint_state_publisher (joint_state_publisher/joint_state_publisher)
    move_base (move_base/move_base)
    robot_state_publisher (robot_state_publisher/robot_state_publisher)
    tf_map2odom_node (sim_env/tf_map2odom.py)
    urdf_spawner (gazebo_ros/spawn_model)
[33m[WARN] [1774193171.682187835]: link 'base_scan' material 'dark' undefined.[0m
[33m[WARN] [1774193171.682544053]: link 'base_scan' material 'dark' undefined.[0m
[33m[WARN] [1774193171.682747098]: The root link base_footprint has an inertia specified in the URDF, but KDL does not support a root link with an inertia.  As a workaround, you can add an extra dummy link to your URDF.[0m
[33m[WARN] [1774193171.710932254]: link 'base_scan' material 'dark' undefined.[0m
[33m[WARN] [1774193171.711381089]: link 'base_scan' material 'dark' undefined.[0m
[33m[WARN] [1774193171.711617380]: The root link base_footprint has an inertia specified in the URDF, but KDL does not support a root link with an inertia.  As a workaround, you can add an extra dummy link to your URDF.[0m
[33m[WARN] [1774193173.064803989]: link 'base_scan' material 'dark' undefined.[0m
[33m[WARN] [1774193173.064830112]: link 'base_scan' material 'dark' undefined.[0m
[33m[WARN] [1774193173.435510495, 83.618000000]: Timed out waiting for transform from robot2/base_footprint to map to become available before running costmap, tf error: canTransform: target_frame map does not exist.. canTransform returned after 83.618 timeout was 0.1.[0m
[33m[WARN] [1774193173.436513842, 83.620000000]: Timed out waiting for transform from robot1/base_footprint to map to become available before running costmap, tf error: canTransform: target_frame map does not exist.. canTransform returned after 83.62 timeout was 0.1.[0m
[33m[WARN] [1774193173.790636029]: link 'base_scan' material 'dark' undefined.[0m
[33m[WARN] [1774193173.790665714]: link 'base_scan' material 'dark' undefined.[0m
[INFO] [1774193172.218878, 0.000000]: Loading model XML from ros parameter robot_description
[INFO] [1774193172.222649, 0.000000]: Waiting for service /gazebo/spawn_urdf_model
[INFO] [1774193173.427530, 0.000000]: Calling service /gazebo/spawn_urdf_model
[INFO] [1774193175.212754, 0.000000]: Spawn status: SpawnModel: Successfully spawned entity
[33m[WARN] [1774193175.427507119, 83.934000000]: GazeboRosSkidSteerDrive Plugin (ns = /robot1//) missing <covariance_x>, defaults to 0.000100[0m
[33m[WARN] [1774193175.427542740, 83.934000000]: GazeboRosSkidSteerDrive Plugin (ns = /robot1//) missing <covariance_y>, defaults to 0.000100[0m
[33m[WARN] [1774193175.427555802, 83.934000000]: GazeboRosSkidSteerDrive Plugin (ns = /robot1//) missing <covariance_yaw>, defaults to 0.010000[0m
Warning: TF_REPEATED_DATA ignoring data with redundant timestamp for frame robot2/odom (parent map) at time 84.006000 according to authority unknown_publisher
         at line 277 in /tmp/binarydeb/ros-noetic-tf2-0.7.10/src/buffer_core.cpp
Warning: TF_REPEATED_DATA ignoring data with redundant timestamp for frame robot1/odom (parent map) at time 84.006000 according to authority unknown_publisher
         at line 277 in /tmp/binarydeb/ros-noetic-tf2-0.7.10/src/buffer_core.cpp
Warning: TF_REPEATED_DATA ignoring data with redundant timestamp for frame robot2/odom (parent map) at time 84.006000 according to authority unknown_publisher
         at line 277 in /tmp/binarydeb/ros-noetic-tf2-0.7.10/src/buffer_core.cpp
Warning: TF_REPEATED_DATA ignoring data with redundant timestamp for frame robot1/odom (parent map) at time 84.006000 according to authority unknown_publisher
         at line 277 in /tmp/binarydeb/ros-noetic-tf2-0.7.10/src/buffer_core.cpp
[33m[WARN] [1774193175.440672931, 83.956000000]: TF_REPEATED_DATA ignoring data with redundant timestamp for frame robot1/odom (parent map) at time 84.006000 according to authority unknown_publisher[0m
[33m[WARN] [1774193175.440722801, 83.956000000]: TF_REPEATED_DATA ignoring data with redundant timestamp for frame robot2/odom (parent map) at time 84.006000 according to authority unknown_publisher[0m
[INFO] [1774193172.245156, 0.000000]: Loading model XML from ros parameter robot_description
[INFO] [1774193172.249471, 0.000000]: Waiting for service /gazebo/spawn_urdf_model
[INFO] [1774193173.454030, 0.000000]: Calling service /gazebo/spawn_urdf_model
[INFO] [1774193175.738795, 84.334000]: Spawn status: SpawnModel: Successfully spawned entity
[33m[WARN] [1774193176.740773055, 84.334000000]: GazeboRosSkidSteerDrive Plugin (ns = /robot2//) missing <covariance_x>, defaults to 0.000100[0m
[33m[WARN] [1774193176.740801552, 84.334000000]: GazeboRosSkidSteerDrive Plugin (ns = /robot2//) missing <covariance_y>, defaults to 0.000100[0m
[33m[WARN] [1774193176.740812239, 84.334000000]: GazeboRosSkidSteerDrive Plugin (ns = /robot2//) missing <covariance_yaw>, defaults to 0.010000[0m
[33m[WARN] [1774193176.744881434, 84.338000000]: global_costmap: Pre-Hydro parameter "static_map" unused since "plugins" is provided[0m
[33m[WARN] [1774193176.745105851, 84.340000000]: global_costmap: Pre-Hydro parameter "map_type" unused since "plugins" is provided[0m
[33m[WARN] [1774193176.795769525, 84.440000000]: global_costmap: Pre-Hydro parameter "static_map" unused since "plugins" is provided[0m
[33m[WARN] [1774193176.795901325, 84.440000000]: global_costmap: Pre-Hydro parameter "map_type" unused since "plugins" is provided[0m
WARNING: Logging before InitGoogleLogging() is written to STDERR
I20260322 23:26:17.026247 297076 path_planner_factory.cpp:308] Using path planner: theta_star
[33m[WARN] [1774193177.029202624, 84.906000000]: local_costmap: Pre-Hydro parameter "static_map" unused since "plugins" is provided[0m
WARNING: Logging before InitGoogleLogging() is written to STDERR
I20260322 23:26:17.080507 297028 path_planner_factory.cpp:308] Using path planner: theta_star
[33m[WARN] [1774193177.083968734, 85.016000000]: local_costmap: Pre-Hydro parameter "static_map" unused since "plugins" is provided[0m
[33m[WARN] [1774193177.522025183, 85.890000000]: The /robot1/scan observation buffer has not been updated for 1.03 seconds, and it should be updated every 1.00 seconds.[0m
[33m[WARN] [1774193177.574453317, 85.996000000]: The /robot2/scan observation buffer has not been updated for 1.03 seconds, and it should be updated every 1.00 seconds.[0m
[33m[WARN] [1774193183.338102847, 97.462000000]: Received an empty transformed plan.[0m
[31m[ERROR] [1774193183.363057075, 97.512000000]: None of the points of the global plan were in the local costmap, global plan points too far from robot[0m
[31m[ERROR] [1774193183.363103383, 97.512000000]: None of the 37 first of 37 (6) points of the global plan were in the local costmap and free[0m
[31m[ERROR] [1774193183.363124756, 97.512000000]: None of the 37 first of 37 (6) points of the global plan were in the local costmap and free[0m
[31m[ERROR] [1774193183.363149691, 97.512000000]: None of the points of the global plan were in the local costmap, global plan points too far from robot[0m
[33m[WARN] [1774193183.366012493, 97.518000000]: DWA planner failed to produce path.[0m
[31m[ERROR] [1774193183.393728595, 97.564000000]: None of the points of the global plan were in the local costmap, global plan points too far from robot[0m
[31m[ERROR] [1774193183.393758279, 97.564000000]: None of the 37 first of 37 (6) points of the global plan were in the local costmap and free[0m
[31m[ERROR] [1774193183.393777278, 97.564000000]: None of the 37 first of 37 (6) points of the global plan were in the local costmap and free[0m
[31m[ERROR] [1774193183.393796276, 97.564000000]: None of the points of the global plan were in the local costmap, global plan points too far from robot[0m
[33m[WARN] [1774193183.395876587, 97.568000000]: DWA planner failed to produce path.[0m
[31m[ERROR] [1774193183.419332326, 97.614000000]: None of the points of the global plan were in the local costmap, global plan points too far from robot[0m
[31m[ERROR] [1774193183.419359636, 97.614000000]: None of the 37 first of 37 (6) points of the global plan were in the local costmap and free[0m
[31m[ERROR] [1774193183.419377447, 97.614000000]: None of the 37 first of 37 (6) points of the global plan were in the local costmap and free[0m
[31m[ERROR] [1774193183.419395258, 97.614000000]: None of the points of the global plan were in the local costmap, global plan points too far from robot[0m
[33m[WARN] [1774193183.421760542, 97.618000000]: DWA planner failed to produce path.[0m
[31m[ERROR] [1774193183.458067424, 97.662000000]: None of the points of the global plan were in the local costmap, global plan points too far from robot[0m
[31m[ERROR] [1774193183.458103046, 97.662000000]: None of the 37 first of 37 (6) points of the global plan were in the local costmap and free[0m
[31m[ERROR] [1774193183.458122044, 97.662000000]: None of the 37 first of 37 (6) points of the global plan were in the local costmap and free[0m
[31m[ERROR] [1774193183.458138668, 97.662000000]: None of the points of the global plan were in the local costmap, global plan points too far from robot[0m
[33m[WARN] [1774193183.460252225, 97.666000000]: DWA planner failed to produce path.[0m
[31m[ERROR] [1774193183.482766363, 97.712000000]: None of the points of the global plan were in the local costmap, global plan points too far from robot[0m
[31m[ERROR] [1774193183.482799610, 97.712000000]: None of the 37 first of 37 (6) points of the global plan were in the local costmap and free[0m
[31m[ERROR] [1774193183.482818608, 97.712000000]: None of the 37 first of 37 (6) points of the global plan were in the local costmap and free[0m
[31m[ERROR] [1774193183.482850668, 97.712000000]: None of the points of the global plan were in the local costmap, global plan points too far from robot[0m
[33m[WARN] [1774193183.485088901, 97.716000000]: DWA planner failed to produce path.[0m
[31m[ERROR] [1774193183.511847965, 97.762000000]: None of the points of the global plan were in the local costmap, global plan points too far from robot[0m
[31m[ERROR] [1774193183.511890711, 97.762000000]: None of the 37 first of 37 (6) points of the global plan were in the local costmap and free[0m
[31m[ERROR] [1774193183.511914459, 97.762000000]: None of the 37 first of 37 (6) points of the global plan were in the local costmap and free[0m
[31m[ERROR] [1774193183.511944144, 97.762000000]: None of the points of the global plan were in the local costmap, global plan points too far from robot[0m
[33m[WARN] [1774193183.515235594, 97.768000000]: DWA planner failed to produce path.[0m
[31m[ERROR] [1774193183.571652145, 97.862000000]: None of the points of the global plan were in the local costmap, global plan points too far from robot[0m
[31m[ERROR] [1774193183.571680642, 97.862000000]: None of the 37 first of 37 (6) points of the global plan were in the local costmap and free[0m
[31m[ERROR] [1774193183.571699641, 97.862000000]: None of the 37 first of 37 (6) points of the global plan were in the local costmap and free[0m
[31m[ERROR] [1774193183.571717451, 97.862000000]: None of the points of the global plan were in the local costmap, global plan points too far from robot[0m
[33m[WARN] [1774193183.574957844, 97.868000000]: DWA planner failed to produce path.[0m
[31m[ERROR] [1774193183.597451796, 97.914000000]: None of the points of the global plan were in the local costmap, global plan points too far from robot[0m
[31m[ERROR] [1774193183.597488605, 97.914000000]: None of the 37 first of 37 (6) points of the global plan were in the local costmap and free[0m
[31m[ERROR] [1774193183.597508791, 97.914000000]: None of the 37 first of 37 (6) points of the global plan were in the local costmap and free[0m
[31m[ERROR] [1774193183.597528976, 97.914000000]: None of the points of the global plan were in the local costmap, global plan points too far from robot[0m
[33m[WARN] [1774193183.599730401, 97.918000000]: DWA planner failed to produce path.[0m
[31m[ERROR] [1774193183.632864571, 97.962000000]: None of the points of the global plan were in the local costmap, global plan points too far from robot[0m
[31m[ERROR] [1774193183.632903755, 97.962000000]: None of the 37 first of 37 (6) points of the global plan were in the local costmap and free[0m
[31m[ERROR] [1774193183.632928691, 97.962000000]: None of the 37 first of 37 (6) points of the global plan were in the local costmap and free[0m
[31m[ERROR] [1774193183.632971437, 97.962000000]: None of the points of the global plan were in the local costmap, global plan points too far from robot[0m
[33m[WARN] [1774193183.635365219, 97.966000000]: DWA planner failed to produce path.[0m
[31m[ERROR] [1774193183.657887668, 98.012000000]: None of the points of the global plan were in the local costmap, global plan points too far from robot[0m
[31m[ERROR] [1774193183.657939913, 98.012000000]: None of the 37 first of 37 (6) points of the global plan were in the local costmap and free[0m
[31m[ERROR] [1774193183.657966036, 98.012000000]: None of the 37 first of 37 (6) points of the global plan were in the local costmap and free[0m
[31m[ERROR] [1774193183.657989784, 98.012000000]: None of the points of the global plan were in the local costmap, global plan points too far from robot[0m
[33m[WARN] [1774193183.660719598, 98.018000000]: DWA planner failed to produce path.[0m
[33m[WARN] [1774193183.720567711, 98.114000000]: Control loop missed its desired rate of 20.0000Hz... the loop actually took 0.0520 seconds[0m
[33m[WARN] [1774193183.928748381, 98.464000000]: Control loop missed its desired rate of 20.0000Hz... the loop actually took 0.0520 seconds[0m
[33m[WARN] [1774193183.990387082, 98.564000000]: Control loop missed its desired rate of 20.0000Hz... the loop actually took 0.0520 seconds[0m
[33m[WARN] [1774193184.051719430, 98.666000000]: Control loop missed its desired rate of 20.0000Hz... the loop actually took 0.0540 seconds[0m
[33m[WARN] [1774193184.113550481, 98.768000000]: Control loop missed its desired rate of 20.0000Hz... the loop actually took 0.0560 seconds[0m
[33m[WARN] [1774193184.173855734, 98.868000000]: Control loop missed its desired rate of 20.0000Hz... the loop actually took 0.0560 seconds[0m
[33m[WARN] [1774193184.255543538, 99.014000000]: Control loop missed its desired rate of 20.0000Hz... the loop actually took 0.0520 seconds[0m
[33m[WARN] [1774193184.317076555, 99.114000000]: Control loop missed its desired rate of 20.0000Hz... the loop actually took 0.0520 seconds[0m
[33m[WARN] [1774193184.378692688, 99.214000000]: Control loop missed its desired rate of 20.0000Hz... the loop actually took 0.0520 seconds[0m
[33m[WARN] [1774193184.439895609, 99.320000000]: Control loop missed its desired rate of 20.0000Hz... the loop actually took 0.0580 seconds[0m
[33m[WARN] [1774193184.497461550, 99.414000000]: Control loop missed its desired rate of 20.0000Hz... the loop actually took 0.0520 seconds[0m
[33m[WARN] [1774193184.556742084, 99.514000000]: Control loop missed its desired rate of 20.0000Hz... the loop actually took 0.0520 seconds[0m
[33m[WARN] [1774193184.617496171, 99.614000000]: Control loop missed its desired rate of 20.0000Hz... the loop actually took 0.0520 seconds[0m
[33m[WARN] [1774193184.678731152, 99.714000000]: Control loop missed its desired rate of 20.0000Hz... the loop actually took 0.0520 seconds[0m
[33m[WARN] [1774193184.765759844, 99.864000000]: Control loop missed its desired rate of 20.0000Hz... the loop actually took 0.0520 seconds[0m
[33m[WARN] [1774193184.885599733, 100.064000000]: Control loop missed its desired rate of 20.0000Hz... the loop actually took 0.0520 seconds[0m
E20260322 23:26:25.006479 297316 path_planner_node.cpp:250] Failed to get a path.
[33m[WARN] [1774193185.246931334, 100.716000000]: Control loop missed its desired rate of 20.0000Hz... the loop actually took 0.0540 seconds[0m
[33m[WARN] [1774193185.590119579, 101.318000000]: Control loop missed its desired rate of 20.0000Hz... the loop actually took 0.0560 seconds[0m
E20260322 23:26:26.470234 297316 path_planner_node.cpp:250] Failed to get a path.
[33m[WARN] [1774193186.474030496, 102.846000000]: Map update loop missed its desired rate of 1.0000Hz... the loop actually took 4.9560 seconds[0m
[33m[WARN] [1774193186.480469720, 102.858000000]: Clearing both costmaps outside a square (3.00m) large centered on the robot.[0m
[33m[WARN] [1774193186.710821301, 103.266000000]: Control loop missed its desired rate of 20.0000Hz... the loop actually took 0.0540 seconds[0m
[33m[WARN] [1774193187.164466591, 104.064000000]: Control loop missed its desired rate of 20.0000Hz... the loop actually took 0.0520 seconds[0m
E20260322 23:26:27.988860 297316 path_planner_node.cpp:250] Failed to get a path.
[33m[WARN] [1774193188.114980522, 105.764000000]: Control loop missed its desired rate of 20.0000Hz... the loop actually took 0.0520 seconds[0m
[33m[WARN] [1774193188.175085082, 105.868000000]: Control loop missed its desired rate of 20.0000Hz... the loop actually took 0.0560 seconds[0m
[33m[WARN] [1774193188.236870987, 105.972000000]: Control loop missed its desired rate of 20.0000Hz... the loop actually took 0.0600 seconds[0m
[33m[WARN] [1774193188.270161877, 106.014000000]: Control loop missed its desired rate of 20.0000Hz... the loop actually took 0.0520 seconds[0m
[33m[WARN] [1774193188.303852917, 106.082000000]: Control loop missed its desired rate of 20.0000Hz... the loop actually took 0.0700 seconds[0m
[33m[WARN] [1774193188.338132903, 106.128000000]: Control loop missed its desired rate of 20.0000Hz... the loop actually took 0.0660 seconds[0m
[33m[WARN] [1774193188.373094452, 106.198000000]: Control loop missed its desired rate of 20.0000Hz... the loop actually took 0.0860 seconds[0m
[33m[WARN] [1774193188.410807187, 106.250000000]: Control loop missed its desired rate of 20.0000Hz... the loop actually took 0.0880 seconds[0m
[33m[WARN] [1774193188.440220056, 106.308000000]: Control loop missed its desired rate of 20.0000Hz... the loop actually took 0.0960 seconds[0m
[33m[WARN] [1774193188.469676859, 106.348000000]: Control loop missed its desired rate of 20.0000Hz... the loop actually took 0.0860 seconds[0m
[33m[WARN] [1774193188.494062314, 106.398000000]: Control loop missed its desired rate of 20.0000Hz... the loop actually took 0.0860 seconds[0m
[33m[WARN] [1774193188.517966875, 106.434000000]: Control loop missed its desired rate of 20.0000Hz... the loop actually took 0.0720 seconds[0m
[33m[WARN] [1774193188.542334519, 106.476000000]: Control loop missed its desired rate of 20.0000Hz... the loop actually took 0.0640 seconds[0m
[33m[WARN] [1774193188.570765416, 106.534000000]: Control loop missed its desired rate of 20.0000Hz... the loop actually took 0.0720 seconds[0m
[33m[WARN] [1774193188.598748666, 106.568000000]: Control loop missed its desired rate of 20.0000Hz... the loop actually took 0.0560 seconds[0m
[33m[WARN] [1774193188.895588175, 107.070000000]: Control loop missed its desired rate of 20.0000Hz... the loop actually took 0.0580 seconds[0m
[33m[WARN] [1774193189.229925478, 107.612000000]: Clearing both costmaps outside a square (3.00m) large centered on the robot.[0m
E20260322 23:26:29.409360 297316 path_planner_node.cpp:250] Failed to get a path.
[33m[WARN] [1774193189.412769468, 107.928000000]: Map update loop missed its desired rate of 1.0000Hz... the loop actually took 4.0820 seconds[0m
[33m[WARN] [1774193189.431342641, 107.958000000]: Rotate recovery behavior started.[0m
[33m[WARN] [1774193189.707463331, 108.420000000]: Control loop missed its desired rate of 20.0000Hz... the loop actually took 0.0580 seconds[0m
[33m[WARN] [1774193190.098693274, 109.068000000]: Control loop missed its desired rate of 20.0000Hz... the loop actually took 0.0560 seconds[0m
[33m[WARN] [1774193190.161716428, 109.172000000]: Control loop missed its desired rate of 20.0000Hz... the loop actually took 0.0600 seconds[0m
[33m[WARN] [1774193190.200360069, 109.224000000]: Control loop missed its desired rate of 20.0000Hz... the loop actually took 0.0620 seconds[0m
[33m[WARN] [1774193190.234232774, 109.290000000]: Control loop missed its desired rate of 20.0000Hz... the loop actually took 0.0780 seconds[0m
[33m[WARN] [1774193190.267248182, 109.334000000]: Control loop missed its desired rate of 20.0000Hz... the loop actually took 0.0720 seconds[0m
[33m[WARN] [1774193190.300990273, 109.402000000]: Control loop missed its desired rate of 20.0000Hz... the loop actually took 0.0900 seconds[0m
[33m[WARN] [1774193190.351017432, 109.482000000]: Control loop missed its desired rate of 20.0000Hz... the loop actually took 0.1200 seconds[0m
[33m[WARN] [1774193190.401279695, 109.558000000]: Control loop missed its desired rate of 20.0000Hz... the loop actually took 0.0760 seconds[0m
[33m[WARN] [1774193190.455871186, 109.650000000]: Control loop missed its desired rate of 20.0000Hz... the loop actually took 0.1180 seconds[0m
[33m[WARN] [1774193190.513231672, 109.746000000]: Control loop missed its desired rate of 20.0000Hz... the loop actually took 0.0960 seconds[0m
[33m[WARN] [1774193190.570628968, 109.836000000]: Control loop missed its desired rate of 20.0000Hz... the loop actually took 0.1360 seconds[0m
[33m[WARN] [1774193190.628748197, 109.942000000]: Control loop missed its desired rate of 20.0000Hz... the loop actually took 0.1060 seconds[0m
[33m[WARN] [1774193190.663051924, 110.002000000]: Control loop missed its desired rate of 20.0000Hz... the loop actually took 0.0600 seconds[0m
[33m[WARN] [1774193190.697652499, 110.050000000]: Control loop missed its desired rate of 20.0000Hz... the loop actually took 0.0580 seconds[0m
[33m[WARN] [1774193190.725638119, 110.104000000]: Control loop missed its desired rate of 20.0000Hz... the loop actually took 0.0620 seconds[0m
[33m[WARN] [1774193190.753599990, 110.156000000]: Control loop missed its desired rate of 20.0000Hz... the loop actually took 0.0640 seconds[0m
E20260322 23:26:30.768088 297306 path_planner_node.cpp:250] Failed to get a path.
[33m[WARN] [1774193190.782603204, 110.194000000]: Control loop missed its desired rate of 20.0000Hz... the loop actually took 0.0520 seconds[0m
[33m[WARN] [1774193190.811455619, 110.250000000]: Control loop missed its desired rate of 20.0000Hz... the loop actually took 0.0580 seconds[0m
[33m[WARN] [1774193190.857405278, 110.322000000]: Control loop missed its desired rate of 20.0000Hz... the loop actually took 0.0800 seconds[0m
[33m[WARN] [1774193190.903473675, 110.394000000]: Control loop missed its desired rate of 20.0000Hz... the loop actually took 0.1000 seconds[0m
[33m[WARN] [1774193190.922205956, 110.430000000]: Control loop missed its desired rate of 20.0000Hz... the loop actually took 0.0880 seconds[0m
[33m[WARN] [1774193190.934161797, 110.454000000]: Control loop missed its desired rate of 20.0000Hz... the loop actually took 0.0620 seconds[0m
E20260322 23:26:31.060237 297306 path_planner_node.cpp:250] Failed to get a path.
E20260322 23:26:31.363139 297306 path_planner_node.cpp:250] Failed to get a path.
[33m[WARN] [1774193191.445694562, 111.308000000]: Control loop missed its desired rate of 20.0000Hz... the loop actually took 0.0660 seconds[0m
[33m[WARN] [1774193191.478276569, 111.356000000]: Control loop missed its desired rate of 20.0000Hz... the loop actually took 0.0640 seconds[0m
[33m[WARN] [1774193191.505625744, 111.412000000]: Control loop missed its desired rate of 20.0000Hz... the loop actually took 0.0700 seconds[0m
E20260322 23:26:31.664942 297306 path_planner_node.cpp:250] Failed to get a path.
E20260322 23:26:31.961655 297306 path_planner_node.cpp:250] Failed to get a path.
E20260322 23:26:32.264925 297306 path_planner_node.cpp:250] Failed to get a path.
[33m[WARN] [1774193192.414365661, 112.920000000]: Control loop missed its desired rate of 20.0000Hz... the loop actually took 0.0780 seconds[0m
[33m[WARN] [1774193192.453649298, 112.980000000]: Control loop missed its desired rate of 20.0000Hz... the loop actually took 0.0880 seconds[0m
[33m[WARN] [1774193192.472286584, 113.016000000]: Control loop missed its desired rate of 20.0000Hz... the loop actually took 0.0740 seconds[0m
E20260322 23:26:32.568714 297306 path_planner_node.cpp:250] Failed to get a path.
E20260322 23:26:32.863489 297306 path_planner_node.cpp:250] Failed to get a path.
[33m[WARN] [1774193192.974030442, 113.846000000]: Control loop missed its desired rate of 20.0000Hz... the loop actually took 0.0540 seconds[0m
[33m[WARN] [1774193193.096199884, 114.046000000]: Control loop missed its desired rate of 20.0000Hz... the loop actually took 0.0540 seconds[0m
[33m[WARN] [1774193193.120550892, 114.096000000]: Control loop missed its desired rate of 20.0000Hz... the loop actually took 0.0540 seconds[0m
E20260322 23:26:33.167229 297306 path_planner_node.cpp:250] Failed to get a path.
[33m[WARN] [1774193193.197156590, 114.204000000]: Control loop missed its desired rate of 20.0000Hz... the loop actually took 0.0620 seconds[0m
[33m[WARN] [1774193193.238524094, 114.284000000]: Control loop missed its desired rate of 20.0000Hz... the loop actually took 0.0920 seconds[0m
[33m[WARN] [1774193193.269975698, 114.332000000]: Control loop missed its desired rate of 20.0000Hz... the loop actually took 0.0900 seconds[0m
[33m[WARN] [1774193193.302755993, 114.398000000]: Control loop missed its desired rate of 20.0000Hz... the loop actually took 0.1060 seconds[0m
[33m[WARN] [1774193193.365901429, 114.500000000]: Control loop missed its desired rate of 20.0000Hz... the loop actually took 0.0520 seconds[0m
[33m[WARN] [1774193193.428025710, 114.604000000]: Control loop missed its desired rate of 20.0000Hz... the loop actually took 0.0560 seconds[0m
E20260322 23:26:33.470175 297306 path_planner_node.cpp:250] Failed to get a path.
[33m[WARN] [1774193193.487941444, 114.704000000]: Control loop missed its desired rate of 20.0000Hz... the loop actually took 0.0560 seconds[0m
[33m[WARN] [1774193193.546714908, 114.804000000]: Control loop missed its desired rate of 20.0000Hz... the loop actually took 0.0560 seconds[0m
[33m[WARN] [1774193193.575686053, 114.850000000]: Control loop missed its desired rate of 20.0000Hz... the loop actually took 0.0520 seconds[0m
[33m[WARN] [1774193193.604550333, 114.902000000]: Control loop missed its desired rate of 20.0000Hz... the loop actually took 0.0540 seconds[0m
[33m[WARN] [1774193193.633175948, 114.958000000]: Control loop missed its desired rate of 20.0000Hz... the loop actually took 0.0600 seconds[0m
[33m[WARN] [1774193193.693479958, 115.054000000]: Control loop missed its desired rate of 20.0000Hz... the loop actually took 0.0560 seconds[0m
E20260322 23:26:33.762485 297306 path_planner_node.cpp:250] Failed to get a path.
[33m[WARN] [1774193193.811812939, 115.252000000]: Control loop missed its desired rate of 20.0000Hz... the loop actually took 0.0540 seconds[0m
[33m[WARN] [1774193194.017815722, 115.600000000]: Control loop missed its desired rate of 20.0000Hz... the loop actually took 0.0520 seconds[0m
E20260322 23:26:34.063469 297306 path_planner_node.cpp:250] Failed to get a path.
E20260322 23:26:34.366575 297306 path_planner_node.cpp:250] Failed to get a path.
[33m[WARN] [1774193194.525313574, 116.450000000]: Control loop missed its desired rate of 20.0000Hz... the loop actually took 0.0520 seconds[0m
E20260322 23:26:34.659124 297306 path_planner_node.cpp:250] Failed to get a path.
E20260322 23:26:34.960351 297306 path_planner_node.cpp:250] Failed to get a path.
E20260322 23:26:35.260170 297306 path_planner_node.cpp:250] Failed to get a path.
E20260322 23:26:35.566883 297306 path_planner_node.cpp:250] Failed to get a path.
E20260322 23:26:35.862352 297306 path_planner_node.cpp:250] Failed to get a path.
E20260322 23:26:36.166083 297306 path_planner_node.cpp:250] Failed to get a path.
E20260322 23:26:36.470831 297306 path_planner_node.cpp:250] Failed to get a path.
[33m[WARN] [1774193196.605426889, 119.898000000]: Clearing both costmaps outside a square (3.00m) large centered on the robot.[0m
E20260322 23:26:36.630123 297306 path_planner_node.cpp:250] Failed to get a path.
E20260322 23:26:36.668852 297306 path_planner_node.cpp:250] Failed to get a path.
E20260322 23:26:36.690660 297306 path_planner_node.cpp:250] Failed to get a path.
E20260322 23:26:36.727927 297306 path_planner_node.cpp:250] Failed to get a path.
E20260322 23:26:36.753497 297306 path_planner_node.cpp:250] Failed to get a path.
E20260322 23:26:36.788582 297306 path_planner_node.cpp:250] Failed to get a path.
E20260322 23:26:36.813042 297306 path_planner_node.cpp:250] Failed to get a path.
E20260322 23:26:36.847155 297306 path_planner_node.cpp:250] Failed to get a path.
E20260322 23:26:36.872607 297306 path_planner_node.cpp:250] Failed to get a path.
E20260322 23:26:36.897130 297306 path_planner_node.cpp:250] Failed to get a path.
E20260322 23:26:36.934360 297306 path_planner_node.cpp:250] Failed to get a path.
E20260322 23:26:36.958859 297306 path_planner_node.cpp:250] Failed to get a path.
E20260322 23:26:36.992852 297306 path_planner_node.cpp:250] Failed to get a path.
E20260322 23:26:37.018419 297306 path_planner_node.cpp:250] Failed to get a path.
E20260322 23:26:37.052448 297306 path_planner_node.cpp:250] Failed to get a path.
E20260322 23:26:37.076926 297306 path_planner_node.cpp:250] Failed to get a path.
E20260322 23:26:37.110997 297306 path_planner_node.cpp:250] Failed to get a path.
E20260322 23:26:37.136466 297306 path_planner_node.cpp:250] Failed to get a path.
E20260322 23:26:37.172616 297306 path_planner_node.cpp:250] Failed to get a path.
E20260322 23:26:37.198092 297306 path_planner_node.cpp:250] Failed to get a path.
E20260322 23:26:37.232136 297306 path_planner_node.cpp:250] Failed to get a path.
E20260322 23:26:37.260169 297306 path_planner_node.cpp:250] Failed to get a path.
E20260322 23:26:37.291663 297306 path_planner_node.cpp:250] Failed to get a path.
E20260322 23:26:37.317144 297306 path_planner_node.cpp:250] Failed to get a path.
E20260322 23:26:37.341614 297306 path_planner_node.cpp:250] Failed to get a path.
E20260322 23:26:37.375604 297306 path_planner_node.cpp:250] Failed to get a path.
E20260322 23:26:37.400092 297306 path_planner_node.cpp:250] Failed to get a path.
E20260322 23:26:37.438320 297306 path_planner_node.cpp:250] Failed to get a path.
E20260322 23:26:37.462733 297306 path_planner_node.cpp:250] Failed to get a path.
E20260322 23:26:37.498886 297306 path_planner_node.cpp:250] Failed to get a path.
E20260322 23:26:37.524456 297306 path_planner_node.cpp:250] Failed to get a path.
E20260322 23:26:37.561573 297306 path_planner_node.cpp:250] Failed to get a path.
E20260322 23:26:37.585958 297306 path_planner_node.cpp:250] Failed to get a path.
E20260322 23:26:37.621037 297306 path_planner_node.cpp:250] Failed to get a path.
E20260322 23:26:37.646529 297306 path_planner_node.cpp:250] Failed to get a path.
E20260322 23:26:37.682646 297306 path_planner_node.cpp:250] Failed to get a path.
E20260322 23:26:37.707068 297306 path_planner_node.cpp:250] Failed to get a path.
E20260322 23:26:37.740027 297306 path_planner_node.cpp:250] Failed to get a path.
E20260322 23:26:37.765520 297306 path_planner_node.cpp:250] Failed to get a path.
E20260322 23:26:37.790017 297306 path_planner_node.cpp:250] Failed to get a path.
E20260322 23:26:37.828287 297306 path_planner_node.cpp:250] Failed to get a path.
E20260322 23:26:37.855682 297306 path_planner_node.cpp:250] Failed to get a path.
E20260322 23:26:37.887778 297306 path_planner_node.cpp:250] Failed to get a path.
E20260322 23:26:37.913327 297306 path_planner_node.cpp:250] Failed to get a path.
E20260322 23:26:37.950489 297306 path_planner_node.cpp:250] Failed to get a path.
E20260322 23:26:37.974920 297306 path_planner_node.cpp:250] Failed to get a path.
E20260322 23:26:38.008921 297306 path_planner_node.cpp:250] Failed to get a path.
E20260322 23:26:38.033341 297306 path_planner_node.cpp:250] Failed to get a path.
E20260322 23:26:38.070560 297306 path_planner_node.cpp:250] Failed to get a path.
E20260322 23:26:38.096104 297306 path_planner_node.cpp:250] Failed to get a path.
E20260322 23:26:38.130082 297306 path_planner_node.cpp:250] Failed to get a path.
E20260322 23:26:38.156574 297306 path_planner_node.cpp:250] Failed to get a path.
E20260322 23:26:38.190619 297306 path_planner_node.cpp:250] Failed to get a path.
E20260322 23:26:38.216171 297306 path_planner_node.cpp:250] Failed to get a path.
E20260322 23:26:38.251307 297306 path_planner_node.cpp:250] Failed to get a path.
E20260322 23:26:38.275691 297306 path_planner_node.cpp:250] Failed to get a path.
E20260322 23:26:38.301281 297306 path_planner_node.cpp:250] Failed to get a path.
E20260322 23:26:38.338462 297306 path_planner_node.cpp:250] Failed to get a path.
E20260322 23:26:38.364003 297306 path_planner_node.cpp:250] Failed to get a path.
E20260322 23:26:38.398082 297306 path_planner_node.cpp:250] Failed to get a path.
E20260322 23:26:38.423599 297306 path_planner_node.cpp:250] Failed to get a path.
E20260322 23:26:38.462779 297306 path_planner_node.cpp:250] Failed to get a path.
E20260322 23:26:38.485383 297306 path_planner_node.cpp:250] Failed to get a path.
E20260322 23:26:38.522584 297306 path_planner_node.cpp:250] Failed to get a path.
E20260322 23:26:38.547066 297306 path_planner_node.cpp:250] Failed to get a path.
E20260322 23:26:38.581149 297306 path_planner_node.cpp:250] Failed to get a path.
E20260322 23:26:38.606585 297306 path_planner_node.cpp:250] Failed to get a path.
E20260322 23:26:38.644944 297306 path_planner_node.cpp:250] Failed to get a path.
E20260322 23:26:38.670405 297306 path_planner_node.cpp:250] Failed to get a path.
E20260322 23:26:38.705530 297306 path_planner_node.cpp:250] Failed to get a path.
E20260322 23:26:38.729955 297306 path_planner_node.cpp:250] Failed to get a path.
E20260322 23:26:38.764012 297306 path_planner_node.cpp:250] Failed to get a path.
E20260322 23:26:38.789520 297306 path_planner_node.cpp:250] Failed to get a path.
E20260322 23:26:38.813970 297306 path_planner_node.cpp:250] Failed to get a path.
E20260322 23:26:38.848956 297306 path_planner_node.cpp:250] Failed to get a path.
E20260322 23:26:38.874459 297306 path_planner_node.cpp:250] Failed to get a path.
E20260322 23:26:38.911630 297306 path_planner_node.cpp:250] Failed to get a path.
E20260322 23:26:38.937165 297306 path_planner_node.cpp:250] Failed to get a path.
E20260322 23:26:38.965939 297306 path_planner_node.cpp:250] Failed to get a path.
E20260322 23:26:38.991438 297306 path_planner_node.cpp:250] Failed to get a path.
E20260322 23:26:39.027546 297306 path_planner_node.cpp:250] Failed to get a path.
E20260322 23:26:39.054615 297306 path_planner_node.cpp:250] Failed to get a path.
E20260322 23:26:39.081656 297306 path_planner_node.cpp:250] Failed to get a path.
E20260322 23:26:39.107183 297306 path_planner_node.cpp:250] Failed to get a path.
E20260322 23:26:39.136952 297306 path_planner_node.cpp:250] Failed to get a path.
E20260322 23:26:39.162468 297306 path_planner_node.cpp:250] Failed to get a path.
E20260322 23:26:39.192224 297306 path_planner_node.cpp:250] Failed to get a path.
E20260322 23:26:39.216588 297306 path_planner_node.cpp:250] Failed to get a path.
E20260322 23:26:39.242107 297306 path_planner_node.cpp:250] Failed to get a path.
E20260322 23:26:39.271845 297306 path_planner_node.cpp:250] Failed to get a path.
E20260322 23:26:39.297323 297306 path_planner_node.cpp:250] Failed to get a path.
E20260322 23:26:39.328121 297306 path_planner_node.cpp:250] Failed to get a path.
E20260322 23:26:39.353610 297306 path_planner_node.cpp:250] Failed to get a path.
E20260322 23:26:39.388655 297306 path_planner_node.cpp:250] Failed to get a path.
E20260322 23:26:39.414242 297306 path_planner_node.cpp:250] Failed to get a path.
E20260322 23:26:39.449321 297306 path_planner_node.cpp:250] Failed to get a path.
E20260322 23:26:39.475867 297306 path_planner_node.cpp:250] Failed to get a path.
E20260322 23:26:39.509912 297306 path_planner_node.cpp:250] Failed to get a path.
E20260322 23:26:39.535344 297306 path_planner_node.cpp:250] Failed to get a path.
E20260322 23:26:39.572587 297306 path_planner_node.cpp:250] Failed to get a path.
E20260322 23:26:39.596988 297306 path_planner_node.cpp:250] Failed to get a path.
[33m[WARN] [1774193199.632983197, 124.998000000]: Rotate recovery behavior started.[0m
E20260322 23:26:43.897694 297316 path_planner_node.cpp:250] Failed to get a path.
E20260322 23:26:45.383028 297316 path_planner_node.cpp:250] Failed to get a path.
[33m[WARN] [1774193205.387173027, 134.584000000]: Map update loop missed its desired rate of 1.0000Hz... the loop actually took 6.6560 seconds[0m
[33m[WARN] [1774193205.408779949, 134.608000000]: Clearing both costmaps outside a square (1.84m) large centered on the robot.[0m
E20260322 23:26:47.031564 297316 path_planner_node.cpp:250] Failed to get a path.
E20260322 23:26:48.560982 297316 path_planner_node.cpp:250] Failed to get a path.
[33m[WARN] [1774193208.563153886, 140.208000000]: Rotate recovery behavior started.[0m
[33m[WARN] [1774193208.564902910, 140.212000000]: Map update loop missed its desired rate of 1.0000Hz... the loop actually took 4.6280 seconds[0m
Error in XmlRpcClient::writeRequest: write error (Connection refused).
Error in XmlRpcDispatch::work: couldn't find source iterator
[0m[INFO] [1774193176.745477505, 84.340000000]: global_costmap: Using plugin "static_map"[0m
[0m[INFO] [1774193176.748967252, 84.348000000]: Requesting the map...[0m
[0m[INFO] [1774193176.951211109, 84.750000000]: Resizing costmap to 480 X 480 at 0.050000 m/pix[0m
[0m[INFO] [1774193177.000972364, 84.850000000]: Received a 480 X 480 map at 0.050000 m/pix[0m
[0m[INFO] [1774193177.002526661, 84.854000000]: global_costmap: Using plugin "obstacle_layer"[0m
[0m[INFO] [1774193177.003766299, 84.856000000]:     Subscribed to Topics: scan[0m
[0m[INFO] [1774193177.010006047, 84.868000000]: global_costmap: Using plugin "voronoi_layer"[0m
[0m[INFO] [1774193177.012011554, 84.872000000]: global_costmap: Using plugin "inflation_layer"[0m
[0m[INFO] [1774193177.029575465, 84.908000000]: local_costmap: Using plugin "obstacle_layer"[0m
[0m[INFO] [1774193177.030373393, 84.908000000]:     Subscribed to Topics: [0m
[0m[INFO] [1774193177.032814672, 84.914000000]: local_costmap: Using plugin "inflation_layer"[0m
[0m[INFO] [1774193177.049112823, 84.946000000]: Created local_planner pid_controller/PIDController[0m
[0m[INFO] [1774193177.059073860, 84.966000000]: PID Controller initialized![0m
[0m[INFO] [1774193177.548416171, 85.944000000]: Recovery behavior will clear layer 'obstacles'[0m
[0m[INFO] [1774193177.550476297, 85.948000000]: Recovery behavior will clear layer 'obstacles'[0m
[0m[INFO] [1774193177.561060715, 85.968000000]: odom received![0m
Error in XmlRpcClient::writeRequest: write error (Connection refused).
Error in XmlRpcClient::writeRequest: write error (Connection refused).
Error in XmlRpcDispatch::work: couldn't find source iterator
Error in XmlRpcDispatch::work: couldn't find source iterator
Error in XmlRpcClient::writeRequest: write error (Connection refused).
Error in XmlRpcDispatch::work: couldn't find source iterator
Error in XmlRpcClient::writeRequest: write error (Connection refused).
Error in XmlRpcDispatch::work: couldn't find source iterator
Error in XmlRpcClient::writeRequest: write error (Connection refused).
Error in XmlRpcDispatch::work: couldn't find source iterator
Error in XmlRpcClient::writeRequest: write error (Connection refused).
Error in XmlRpcDispatch::work: couldn't find source iterator
[0m[INFO] [1774193176.796173238, 84.440000000]: global_costmap: Using plugin "static_map"[0m
[0m[INFO] [1774193176.799217713, 84.446000000]: Requesting the map...[0m
[0m[INFO] [1774193177.000424976, 84.848000000]: Resizing costmap to 480 X 480 at 0.050000 m/pix[0m
[0m[INFO] [1774193177.050158916, 84.948000000]: Received a 480 X 480 map at 0.050000 m/pix[0m
[0m[INFO] [1774193177.052470770, 84.954000000]: global_costmap: Using plugin "obstacle_layer"[0m
[0m[INFO] [1774193177.054346850, 84.956000000]:     Subscribed to Topics: scan[0m
[0m[INFO] [1774193177.063019566, 84.974000000]: global_costmap: Using plugin "voronoi_layer"[0m
[0m[INFO] [1774193177.065044070, 84.978000000]: global_costmap: Using plugin "inflation_layer"[0m
[0m[INFO] [1774193177.084422318, 85.018000000]: local_costmap: Using plugin "obstacle_layer"[0m
[0m[INFO] [1774193177.085468411, 85.020000000]:     Subscribed to Topics: [0m
[0m[INFO] [1774193177.088911849, 85.026000000]: local_costmap: Using plugin "inflation_layer"[0m
[0m[INFO] [1774193177.104642427, 85.058000000]: Created local_planner dwa_controller/DWAController[0m
[0m[INFO] [1774193177.105757389, 85.060000000]: Sim period is set to 0.10[0m
[0m[INFO] [1774193177.107299812, 85.062000000]: Using local controller: DWAController[0m
[0m[INFO] [1774193177.606143638, 86.058000000]: Recovery behavior will clear layer 'obstacles'[0m
[0m[INFO] [1774193177.608206139, 86.062000000]: Recovery behavior will clear layer 'obstacles'[0m
[0m[INFO] [1774193177.619704849, 86.086000000]: odom received![0m
[0m[INFO] [1774193183.338009043, 97.462000000]: Got new plan[0m
[0m[INFO] [1774193183.362559558, 97.512000000]: Got new plan[0m
[0m[INFO] [1774193183.393625292, 97.562000000]: Got new plan[0m
[0m[INFO] [1774193183.419237335, 97.612000000]: Got new plan[0m
[0m[INFO] [1774193183.457955809, 97.662000000]: Got new plan[0m
[0m[INFO] [1774193183.482645249, 97.712000000]: Got new plan[0m
[0m[INFO] [1774193183.511666294, 97.762000000]: Got new plan[0m
[0m[INFO] [1774193183.571521532, 97.862000000]: Got new plan[0m
[0m[INFO] [1774193183.597316433, 97.912000000]: Got new plan[0m
[0m[INFO] [1774193183.632732771, 97.962000000]: Got new plan[0m
[0m[INFO] [1774193183.657739244, 98.012000000]: Got new plan[0m
[0m[INFO] [1774193183.694841679, 98.062000000]: Got new plan[0m
[0m[INFO] [1774193183.990493947, 98.566000000]: Got new plan[0m
[0m[INFO] [1774193184.290470667, 99.062000000]: Got new plan[0m
[0m[INFO] [1774193184.591848509, 99.562000000]: Got new plan[0m
[0m[INFO] [1774193184.885689974, 100.064000000]: Got new plan[0m
[0m[INFO] [1774193185.156946046, 100.562000000]: Got new plan[0m
[0m[INFO] [1774193185.451840698, 101.062000000]: Got new plan[0m
[0m[INFO] [1774193185.720755221, 101.562000000]: Got new plan[0m
[0m[INFO] [1774193186.000610370, 102.062000000]: Got new plan[0m
[0m[INFO] [1774193186.304246569, 102.562000000]: Got new plan[0m
[0m[INFO] [1774193186.603642592, 103.062000000]: Got new plan[0m
[0m[INFO] [1774193186.873693421, 103.562000000]: Got new plan[0m
[0m[INFO] [1774193187.164555645, 104.064000000]: Got new plan[0m
[0m[INFO] [1774193187.433326439, 104.562000000]: Got new plan[0m
[0m[INFO] [1774193187.726758165, 105.062000000]: Got new plan[0m
[0m[INFO] [1774193188.004588755, 105.562000000]: Got new plan[0m
[0m[INFO] [1774193188.303913474, 106.082000000]: Got new plan[0m
[0m[INFO] [1774193188.598816348, 106.568000000]: Got new plan[0m
[0m[INFO] [1774193188.895705727, 107.070000000]: Got new plan[0m
[0m[INFO] [1774193189.194701519, 107.562000000]: Got new plan[0m
[0m[INFO] [1774193189.279896835, 107.712000000]: Got new plan[0m
[0m[INFO] [1774193189.581285210, 108.212000000]: Got new plan[0m
[0m[INFO] [1774193189.888393247, 108.712000000]: Got new plan[0m
[0m[INFO] [1774193190.200457435, 109.226000000]: Got new plan[0m
[0m[INFO] [1774193190.513323101, 109.746000000]: Got new plan[0m
Error in XmlRpcClient::writeRequest: write error (Connection refused).
Error in XmlRpcClient::writeRequest: write error (Connection refused).
Error in XmlRpcDispatch::work: couldn't find source iterator
Error in XmlRpcDispatch::work: couldn't find source iterator
Error in XmlRpcClient::writeRequest: write error (Connection refused).
Error in XmlRpcDispatch::work: couldn't find source iterator
Error in XmlRpcClient::writeRequest: write error (Connection refused).
Error in XmlRpcClient::writeRequest: write error (Connection refused).
Error in XmlRpcDispatch::work: couldn't find source iterator
Error in XmlRpcDispatch::work: couldn't find source iterator
Error in XmlRpcClient::writeRequest: write error (Connection refused).
Error in XmlRpcDispatch::work: couldn't find source iterator
Error in XmlRpcClient::writeRequest: write error (Connection refused).
Error in XmlRpcDispatch::work: couldn't find source iterator
Error in XmlRpcClient::writeRequest: write error (Connection refused).
Error in XmlRpcClient::writeRequest: write error (Connection refused).
Error in XmlRpcDispatch::work: couldn't find source iterator
Error in XmlRpcDispatch::work: couldn't find source iterator
Error in XmlRpcClient::writeRequest: write error (Connection refused).
Error in XmlRpcDispatch::work: couldn't find source iterator
Error in XmlRpcClient::writeRequest: write error (Connection refused).
Error in XmlRpcDispatch::work: couldn't find source iterator
Error in XmlRpcClient::writeRequest: write error (Connection refused).
Error in XmlRpcDispatch::work: couldn't find source iterator
Error in XmlRpcClient::writeRequest: write error (Connection refused).
Error in XmlRpcDispatch::work: couldn't find source iterator
Error in XmlRpcClient::writeRequest: write error (Connection refused).
Error in XmlRpcDispatch::work: couldn't find source iterator
Error in XmlRpcClient::writeRequest: write error (Connection refused).
Error in XmlRpcDispatch::work: couldn't find source iterator
Error in XmlRpcClient::writeRequest: write error (Connection refused).
Error in XmlRpcDispatch::work: couldn't find source iterator
Error in XmlRpcClient::writeRequest: write error (Connection refused).
Error in XmlRpcClient::writeRequest: write error (Connection refused).
Error in XmlRpcDispatch::work: couldn't find source iterator
Error in XmlRpcDispatch::work: couldn't find source iterator
Error in XmlRpcClient::writeRequest: write error (Connection refused).
Error in XmlRpcDispatch::work: couldn't find source iterator
Error in XmlRpcClient::writeRequest: write error (Connection refused).
Error in XmlRpcDispatch::work: couldn't find source iterator
Error in XmlRpcClient::writeRequest: write error (Connection refused).
Error in XmlRpcDispatch::work: couldn't find source iterator
Error in XmlRpcClient::writeRequest: write error (Connection refused).
Error in XmlRpcDispatch::work: couldn't find source iterator
Error in XmlRpcClient::writeRequest: write error (Connection refused).
Error in XmlRpcDispatch::work: couldn't find source iterator
Error in XmlRpcClient::writeRequest: write error (Connection refused).
Error in XmlRpcDispatch::work: couldn't find source iterator
Error in XmlRpcClient::writeRequest: write error (Connection refused).
Error in XmlRpcDispatch::work: couldn't find source iterator
Error in XmlRpcClient::writeRequest: write error (Connection refused).
Error in XmlRpcDispatch::work: couldn't find source iterator
Error in XmlRpcClient::writeRequest: write error (Connection refused).
Error in XmlRpcDispatch::work: couldn't find source iterator
Error in XmlRpcClient::writeRequest: write error (Connection refused).
Error in XmlRpcDispatch::work: couldn't find source iterator
Error in XmlRpcClient::writeRequest: write error (Connection refused).
Error in XmlRpcDispatch::work: couldn't find source iterator
Error in XmlRpcClient::writeRequest: write error (Connection refused).
Error in XmlRpcClient::writeRequest: write error (Connection refused).
Error in XmlRpcDispatch::work: couldn't find source iterator
Error in XmlRpcDispatch::work: couldn't find source iterator
Error in XmlRpcClient::writeRequest: write error (Connection refused).
Error in XmlRpcDispatch::work: couldn't find source iterator
Error in XmlRpcClient::writeRequest: write error (Connection refused).
Error in XmlRpcDispatch::work: couldn't find source iterator
Error in XmlRpcClient::writeRequest: write error (Connection refused).
Error in XmlRpcDispatch::work: couldn't find source iterator
Error in XmlRpcClient::writeRequest: write error (Connection refused).
Error in XmlRpcDispatch::work: couldn't find source iterator
Error in XmlRpcClient::writeRequest: write error (Connection refused).
Error in XmlRpcDispatch::work: couldn't find source iterator
Error in XmlRpcClient::writeRequest: write error (Connection refused).
Error in XmlRpcDispatch::work: couldn't find source iterator
Error in XmlRpcClient::writeRequest: write error (Connection refused).
Error in XmlRpcDispatch::work: couldn't find source iterator
Error in XmlRpcClient::writeRequest: write error (Connection refused).
Error in XmlRpcDispatch::work: couldn't find source iterator
Error in XmlRpcClient::writeRequest: write error (Connection refused).
Error in XmlRpcDispatch::work: couldn't find source iterator
Error in XmlRpcClient::writeRequest: write error (Connection refused).
Error in XmlRpcDispatch::work: couldn't find source iterator
Error in XmlRpcClient::writeRequest: write error (Connection refused).
Error in XmlRpcDispatch::work: couldn't find source iterator
Error in XmlRpcClient::writeRequest: write error (Connection refused).
Error in XmlRpcDispatch::work: couldn't find source iterator
Error in XmlRpcClient::writeRequest: write error (Connection refused).
Error in XmlRpcDispatch::work: couldn't find source iterator
Error in XmlRpcClient::writeRequest: write error (Connection refused).
Error in XmlRpcDispatch::work: couldn't find source iterator
Error in XmlRpcClient::writeRequest: write error (Connection refused).
Error in XmlRpcDispatch::work: couldn't find source iterator
Error in XmlRpcClient::writeRequest: write error (Connection refused).
Error in XmlRpcDispatch::work: couldn't find source iterator
Error in XmlRpcClient::writeRequest: write error (Connection refused).
Error in XmlRpcDispatch::work: couldn't find source iterator
Error in XmlRpcClient::writeRequest: write error (Connection refused).
Error in XmlRpcDispatch::work: couldn't find source iterator
Error in XmlRpcClient::writeRequest: write error (Connection refused).
Error in XmlRpcDispatch::work: couldn't find source iterator
Error in XmlRpcClient::writeRequest: write error (Connection refused).
Error in XmlRpcDispatch::work: couldn't find source iterator
Error in XmlRpcClient::writeRequest: write error (Connection refused).
Error in XmlRpcDispatch::work: couldn't find source iterator
Error in XmlRpcClient::writeRequest: write error (Connection refused).
Error in XmlRpcDispatch::work: couldn't find source iterator
Error in XmlRpcClient::writeRequest: write error (Connection refused).
Error in XmlRpcDispatch::work: couldn't find source iterator
Error in XmlRpcClient::writeRequest: write error (Connection refused).
Error in XmlRpcDispatch::work: couldn't find source iterator
Error in XmlRpcClient::writeRequest: write error (Connection refused).
Error in XmlRpcDispatch::work: couldn't find source iterator
Error in XmlRpcClient::writeRequest: write error (Connection refused).
Error in XmlRpcDispatch::work: couldn't find source iterator
Error in XmlRpcClient::writeRequest: write error (Connection refused).
Error in XmlRpcDispatch::work: couldn't find source iterator
Error in XmlRpcClient::writeRequest: write error (Connection refused).
Error in XmlRpcDispatch::work: couldn't find source iterator
Error in XmlRpcClient::writeRequest: write error (Connection refused).
Error in XmlRpcDispatch::work: couldn't find source iterator
Error in XmlRpcClient::writeRequest: write error (Connection refused).
Error in XmlRpcDispatch::work: couldn't find source iterator
Error in XmlRpcClient::writeRequest: write error (Connection refused).
Error in XmlRpcDispatch::work: couldn't find source iterator
Error in XmlRpcClient::writeRequest: write error (Connection refused).
Error in XmlRpcDispatch::work: couldn't find source iterator
Error in XmlRpcClient::writeRequest: write error (Connection refused).
Error in XmlRpcDispatch::work: couldn't find source iterator
Error in XmlRpcClient::writeRequest: write error (Connection refused).
Error in XmlRpcDispatch::work: couldn't find source iterator
Error in XmlRpcClient::writeRequest: write error (Connection refused).
Error in XmlRpcClient::writeRequest: write error (Connection refused).
Error in XmlRpcDispatch::work: couldn't find source iterator
Error in XmlRpcDispatch::work: couldn't find source iterator
Error in XmlRpcClient::writeRequest: write error (Connection refused).
Error in XmlRpcClient::writeRequest: write error (Connection refused).
Error in XmlRpcDispatch::work: couldn't find source iterator
Error in XmlRpcDispatch::work: couldn't find source iterator
Error in XmlRpcClient::writeRequest: write error (Connection refused).
Error in XmlRpcClient::writeRequest: write error (Connection refused).
Error in XmlRpcDispatch::work: couldn't find source iterator
Error in XmlRpcDispatch::work: couldn't find source iterator
Error in XmlRpcClient::writeRequest: write error (Connection refused).
Error in XmlRpcClient::writeRequest: write error (Connection refused).
Error in XmlRpcDispatch::work: couldn't find source iterator
Error in XmlRpcDispatch::work: couldn't find source iterator
Error in XmlRpcClient::writeRequest: write error (Connection refused).
Error in XmlRpcClient::writeRequest: write error (Connection refused).
Error in XmlRpcDispatch::work: couldn't find source iterator
Error in XmlRpcDispatch::work: couldn't find source iterator
Error in XmlRpcClient::writeRequest: write error (Connection refused).
Error in XmlRpcDispatch::work: couldn't find source iterator
Error in XmlRpcClient::writeRequest: write error (Connection refused).
Error in XmlRpcDispatch::work: couldn't find source iterator
Error in XmlRpcClient::writeRequest: write error (Connection refused).
Error in XmlRpcDispatch::work: couldn't find source iterator
Error in XmlRpcClient::writeRequest: write error (Connection refused).
Error in XmlRpcDispatch::work: couldn't find source iterator
Error in XmlRpcClient::writeRequest: write error (Connection refused).
Error in XmlRpcDispatch::work: couldn't find source iterator
Error in XmlRpcClient::writeRequest: write error (Connection refused).
Error in XmlRpcDispatch::work: couldn't find source iterator
Error in XmlRpcClient::writeRequest: write error (Connection refused).
Error in XmlRpcDispatch::work: couldn't find source iterator
Error in XmlRpcClient::writeRequest: write error (Connection refused).
Error in XmlRpcDispatch::work: couldn't find source iterator
Error in XmlRpcClient::writeRequest: write error (Connection refused).
Error in XmlRpcDispatch::work: couldn't find source iterator
Error in XmlRpcClient::writeRequest: write error (Connection refused).
Error in XmlRpcDispatch::work: couldn't find source iterator
Error in XmlRpcClient::writeRequest: write error (Connection refused).
Error in XmlRpcDispatch::work: couldn't find source iterator
Error in XmlRpcClient::writeRequest: write error (Connection refused).
Error in XmlRpcDispatch::work: couldn't find source iterator
Error in XmlRpcClient::writeRequest: write error (Connection refused).
Error in XmlRpcDispatch::work: couldn't find source iterator
Error in XmlRpcClient::writeRequest: write error (Connection refused).
Error in XmlRpcDispatch::work: couldn't find source iterator
Error in XmlRpcClient::writeRequest: write error (Connection refused).
Error in XmlRpcClient::writeRequest: write error (Connection refused).
Error in XmlRpcDispatch::work: couldn't find source iterator
Error in XmlRpcDispatch::work: couldn't find source iterator
Error in XmlRpcClient::writeRequest: write error (Connection refused).
Error in XmlRpcClient::writeRequest: write error (Connection refused).
Error in XmlRpcDispatch::work: couldn't find source iterator
Error in XmlRpcDispatch::work: couldn't find source iterator
Error in XmlRpcClient::writeRequest: write error (Connection refused).
Error in XmlRpcDispatch::work: couldn't find source iterator
Error in XmlRpcClient::writeRequest: write error (Connection refused).
Error in XmlRpcDispatch::work: couldn't find source iterator
Error in XmlRpcClient::writeRequest: write error (Connection refused).
Error in XmlRpcDispatch::work: couldn't find source iterator
Error in XmlRpcClient::writeRequest: write error (Connection refused).
Error in XmlRpcDispatch::work: couldn't find source iterator
Error in XmlRpcClient::writeRequest: write error (Connection refused).
Error in XmlRpcDispatch::work: couldn't find source iterator
Error in XmlRpcClient::writeRequest: write error (Connection refused).
Error in XmlRpcDispatch::work: couldn't find source iterator
Error in XmlRpcClient::writeRequest: write error (Connection refused).
Error in XmlRpcDispatch::work: couldn't find source iterator
Error in XmlRpcClient::writeRequest: write error (Connection refused).
Error in XmlRpcDispatch::work: couldn't find source iterator
Error in XmlRpcClient::writeRequest: write error (Connection refused).
Error in XmlRpcDispatch::work: couldn't find source iterator
Error in XmlRpcClient::writeRequest: write error (Connection refused).
Error in XmlRpcClient::writeRequest: write error (Connection refused).
Error in XmlRpcDispatch::work: couldn't find source iterator
Error in XmlRpcDispatch::work: couldn't find source iterator
Error in XmlRpcClient::writeRequest: write error (Connection refused).
Error in XmlRpcDispatch::work: couldn't find source iterator
Error in XmlRpcClient::writeRequest: write error (Connection refused).
Error in XmlRpcDispatch::work: couldn't find source iterator
Error in XmlRpcClient::writeRequest: write error (Connection refused).
Error in XmlRpcDispatch::work: couldn't find source iterator
Error in XmlRpcClient::writeRequest: write error (Connection refused).
Error in XmlRpcDispatch::work: couldn't find source iterator
Error in XmlRpcClient::writeRequest: write error (Connection refused).
Error in XmlRpcClient::writeRequest: write error (Connection refused).
Error in XmlRpcDispatch::work: couldn't find source iterator
Error in XmlRpcDispatch::work: couldn't find source iterator
Error in XmlRpcClient::writeRequest: write error (Connection refused).
Error in XmlRpcClient::writeRequest: write error (Connection refused).
Error in XmlRpcDispatch::work: couldn't find source iterator
Error in XmlRpcDispatch::work: couldn't find source iterator
Error in XmlRpcClient::writeRequest: write error (Connection refused).
Error in XmlRpcDispatch::work: couldn't find source iterator
Error in XmlRpcClient::writeRequest: write error (Connection refused).
Error in XmlRpcDispatch::work: couldn't find source iterator
Error in XmlRpcClient::writeRequest: write error (Connection refused).
Error in XmlRpcDispatch::work: couldn't find source iterator
Error in XmlRpcClient::writeRequest: write error (Connection refused).
Error in XmlRpcDispatch::work: couldn't find source iterator
Error in XmlRpcClient::writeRequest: write error (Connection refused).
Error in XmlRpcDispatch::work: couldn't find source iterator
Error in XmlRpcClient::writeRequest: write error (Connection refused).
Error in XmlRpcDispatch::work: couldn't find source iterator
Error in XmlRpcClient::writeRequest: write error (Connection refused).
Error in XmlRpcDispatch::work: couldn't find source iterator
Error in XmlRpcClient::writeRequest: write error (Connection refused).
Error in XmlRpcDispatch::work: couldn't find source iterator
Error in XmlRpcClient::writeRequest: write error (Connection refused).
Error in XmlRpcDispatch::work: couldn't find source iterator
Error in XmlRpcClient::writeRequest: write error (Connection refused).
Error in XmlRpcDispatch::work: couldn't find source iterator
Error in XmlRpcClient::writeRequest: write error (Connection refused).
Error in XmlRpcDispatch::work: couldn't find source iterator
Error in XmlRpcClient::writeRequest: write error (Connection refused).
Error in XmlRpcDispatch::work: couldn't find source iterator
Error in XmlRpcClient::writeRequest: write error (Connection refused).
Error in XmlRpcDispatch::work: couldn't find source iterator
Error in XmlRpcClient::writeRequest: write error (Connection refused).
Error in XmlRpcDispatch::work: couldn't find source iterator
Error in XmlRpcClient::writeRequest: write error (Connection refused).
Error in XmlRpcDispatch::work: couldn't find source iterator
Error in XmlRpcClient::writeRequest: write error (Connection refused).
Error in XmlRpcDispatch::work: couldn't find source iterator
Error in XmlRpcClient::writeRequest: write error (Connection refused).
Error in XmlRpcDispatch::work: couldn't find source iterator
Error in XmlRpcClient::writeRequest: write error (Connection refused).
Error in XmlRpcDispatch::work: couldn't find source iterator
Error in XmlRpcClient::writeRequest: write error (Connection refused).
Error in XmlRpcDispatch::work: couldn't find source iterator
Error in XmlRpcClient::writeRequest: write error (Connection refused).
Error in XmlRpcDispatch::work: couldn't find source iterator
Error in XmlRpcClient::writeRequest: write error (Connection refused).
Error in XmlRpcDispatch::work: couldn't find source iterator
Error in XmlRpcClient::writeRequest: write error (Connection refused).
Error in XmlRpcDispatch::work: couldn't find source iterator
Error in XmlRpcClient::writeRequest: write error (Connection refused).
Error in XmlRpcDispatch::work: couldn't find source iterator
Error in XmlRpcClient::writeRequest: write error (Connection refused).
Error in XmlRpcDispatch::work: couldn't find source iterator
Error in XmlRpcClient::writeRequest: write error (Connection refused).
Error in XmlRpcDispatch::work: couldn't find source iterator
Error in XmlRpcClient::writeRequest: write error (Connection refused).
Error in XmlRpcDispatch::work: couldn't find source iterator
Error in XmlRpcClient::writeRequest: write error (Connection refused).
Error in XmlRpcDispatch::work: couldn't find source iterator
Error in XmlRpcClient::writeRequest: write error (Connection refused).
Error in XmlRpcDispatch::work: couldn't find source iterator
Error in XmlRpcClient::writeRequest: write error (Connection refused).
Error in XmlRpcDispatch::work: couldn't find source iterator
Error in XmlRpcClient::writeRequest: write error (Connection refused).
Error in XmlRpcDispatch::work: couldn't find source iterator
Error in XmlRpcClient::writeRequest: write error (Connection refused).
Error in XmlRpcDispatch::work: couldn't find source iterator
Error in XmlRpcClient::writeRequest: write error (Connection refused).
Error in XmlRpcDispatch::work: couldn't find source iterator
Error in XmlRpcClient::writeRequest: write error (Connection refused).
Error in XmlRpcDispatch::work: couldn't find source iterator
Error in XmlRpcClient::writeRequest: write error (Connection refused).
Error in XmlRpcDispatch::work: couldn't find source iterator
Error in XmlRpcClient::writeRequest: write error (Connection refused).
Error in XmlRpcDispatch::work: couldn't find source iterator
Error in XmlRpcClient::writeRequest: write error (Connection refused).
Error in XmlRpcDispatch::work: couldn't find source iterator
QFileSystemWatcher::removePaths: list is empty
QFileSystemWatcher::removePaths: list is empty
[INFO] [1774193172.270998, 0.000000]: Ground Truth Odom Publisher initialized
[INFO] [1774193172.235307, 0.000000]: Ground Truth Odom Publisher initialized
[31mWARNING: disk usage in log directory [/data/lzq/.ros/log] is over 1GB.
It's recommended that you use the 'rosclean' command.[0m
[31m================================================================================REQUIRED process [master] has died!
process has died [pid 296989, exit code -9, cmd rosmaster --core -p 11311 -w 3 __log:=/data/lzq/.ros/log/7470ccdc-2603-11f1-9841-ef63e69f4ffa/master.log].
log file: /data/lzq/.ros/log/7470ccdc-2603-11f1-9841-ef63e69f4ffa/master*.log
Initiating shutdown!
================================================================================[0m

auto-starting new master
[1mprocess[master]: started with pid [296989][0m
[1mROS_MASTER_URI=http://localhost:11311[0m
]2;/data/lzq/ros_motion_planning/src/sim_env/launch/main.launch http://localhost:11311
[1msetting /run_id to 7470ccdc-2603-11f1-9841-ef63e69f4ffa[0m
[1mprocess[rosout-1]: started with pid [296999][0m
started core service [/rosout]
[1mprocess[gazebo-2]: started with pid [297006][0m
[1mprocess[map_server-3]: started with pid [297008][0m
[1mprocess[robot2/robot_state_publisher-4]: started with pid [297010][0m
[1mprocess[robot2/joint_state_publisher-5]: started with pid [297013][0m
[1mprocess[robot2/urdf_spawner-6]: started with pid [297014][0m
[1mprocess[robot2/tf_map2odom_node-7]: started with pid [297021][0m
[1mprocess[robot2/ground_truth_odom_publisher-8]: started with pid [297027][0m
[1mprocess[robot2/move_base-9]: started with pid [297028][0m
[1mprocess[robot1/robot_state_publisher-10]: started with pid [297029][0m
[1mprocess[robot1/joint_state_publisher-11]: started with pid [297030][0m
[1mprocess[robot1/urdf_spawner-12]: started with pid [297031][0m
[1mprocess[robot1/tf_map2odom_node-13]: started with pid [297039][0m
[1mprocess[robot1/ground_truth_odom_publisher-14]: started with pid [297044][0m
[1mprocess[robot1/move_base-15]: started with pid [297076][0m
[1mprocess[rviz-16]: started with pid [297126][0m
[1m[robot1/urdf_spawner-12] process has finished cleanly
log file: /data/lzq/.ros/log/7470ccdc-2603-11f1-9841-ef63e69f4ffa/robot1-urdf_spawner-12*.log[0m
[1m[robot2/urdf_spawner-6] process has finished cleanly
log file: /data/lzq/.ros/log/7470ccdc-2603-11f1-9841-ef63e69f4ffa/robot2-urdf_spawner-6*.log[0m
[rviz-16] killing on exit
[robot1/move_base-15] killing on exit
[robot1/ground_truth_odom_publisher-14] killing on exit
[robot1/tf_map2odom_node-13] killing on exit
[robot1/joint_state_publisher-11] killing on exit
[robot1/robot_state_publisher-10] killing on exit
[robot2/move_base-9] killing on exit
[robot2/ground_truth_odom_publisher-8] killing on exit
[robot2/tf_map2odom_node-7] killing on exit
[robot2/joint_state_publisher-5] killing on exit
[robot2/robot_state_publisher-4] killing on exit
[map_server-3] killing on exit
[gazebo-2] killing on exit
[rosout-1] killing on exit
[master] killing on exit
shutting down processing monitor...
... shutting down processing monitor complete
[1mdone[0m
