xacro: in-order processing became default in ROS Melodic. You can drop the option.
xacro: in-order processing became default in ROS Melodic. You can drop the option.
... logging to /data/lzq/.ros/log/2497d2d4-25f7-11f1-9841-ef63e69f4ffa/roslaunch-lzq-139179.log
Checking log directory for disk usage. This may take a while.
Press Ctrl-C to interrupt
]2;/data/lzq/ros_motion_planning/src/sim_env/launch/main.launch
[1mstarted roslaunch server http://lzq:44439/[0m

SUMMARY
========

PARAMETERS
 * /gazebo/enable_ros_network: True
 * /robot1/move_base/PIDController/base_frame: base_link
 * /robot1/move_base/PIDController/convert_offset: 0.0
 * /robot1/move_base/PIDController/goal_dist_tolerance: 0.2
 * /robot1/move_base/PIDController/k: 1.0
 * /robot1/move_base/PIDController/k_theta: 0.7
 * /robot1/move_base/PIDController/k_v_d: 0.1
 * /robot1/move_base/PIDController/k_v_i: 0.1
 * /robot1/move_base/PIDController/k_v_p: 1.0
 * /robot1/move_base/PIDController/k_w_d: 0.1
 * /robot1/move_base/PIDController/k_w_i: 0.1
 * /robot1/move_base/PIDController/k_w_p: 1.0
 * /robot1/move_base/PIDController/l: 0.2
 * /robot1/move_base/PIDController/lookahead_time: 0.5
 * /robot1/move_base/PIDController/map_frame: map
 * /robot1/move_base/PIDController/max_lookahead_dist: 0.9
 * /robot1/move_base/PIDController/max_v: 0.5
 * /robot1/move_base/PIDController/max_v_inc: 0.5
 * /robot1/move_base/PIDController/max_w: 1.57
 * /robot1/move_base/PIDController/max_w_inc: 1.57
 * /robot1/move_base/PIDController/min_lookahead_dist: 0.3
 * /robot1/move_base/PIDController/min_v: 0.0
 * /robot1/move_base/PIDController/min_w: 0.0
 * /robot1/move_base/PIDController/rotate_tolerance: 0.5
 * /robot1/move_base/PathPlanner/convert_offset: 0.0
 * /robot1/move_base/PathPlanner/default_tolerance: 0.0
 * /robot1/move_base/PathPlanner/expand_zone: True
 * /robot1/move_base/PathPlanner/hybrid_astar/analytic_expansion_max_length: 5.0
 * /robot1/move_base/PathPlanner/hybrid_astar/analytic_expansion_ratio: 1.5
 * /robot1/move_base/PathPlanner/hybrid_astar/cache_obstacle_heuristic: False
 * /robot1/move_base/PathPlanner/hybrid_astar/change_penalty: 0.4
 * /robot1/move_base/PathPlanner/hybrid_astar/cost_penalty: 2.0
 * /robot1/move_base/PathPlanner/hybrid_astar/curve_sample_ratio: 0.15
 * /robot1/move_base/PathPlanner/hybrid_astar/dim_3_size: 32
 * /robot1/move_base/PathPlanner/hybrid_astar/downsample_obstacle_heuristic: True
 * /robot1/move_base/PathPlanner/hybrid_astar/goal_tolerance: 0.2
 * /robot1/move_base/PathPlanner/hybrid_astar/lookup_table_dim: 20.0
 * /robot1/move_base/PathPlanner/hybrid_astar/max_approach_iterations: 500
 * /robot1/move_base/PathPlanner/hybrid_astar/max_iterations: 20000
 * /robot1/move_base/PathPlanner/hybrid_astar/minimum_turning_radius: 0.3
 * /robot1/move_base/PathPlanner/hybrid_astar/motion_model: 2
 * /robot1/move_base/PathPlanner/hybrid_astar/non_straight_penalty: 1.5
 * /robot1/move_base/PathPlanner/hybrid_astar/retrospective_penalty: 0.025
 * /robot1/move_base/PathPlanner/hybrid_astar/reverse_penalty: 2.5
 * /robot1/move_base/PathPlanner/hybrid_astar/traverse_unknown: False
 * /robot1/move_base/PathPlanner/obstacle_factor: 0.5
 * /robot1/move_base/PathPlanner/outline_map: True
 * /robot1/move_base/PathPlanner/planner_name: theta_star
 * /robot1/move_base/PathPlanner/show_safety_corridor: False
 * /robot1/move_base/base_global_planner: path_planner/Path...
 * /robot1/move_base/base_local_planner: pid_controller/PI...
 * /robot1/move_base/conservative_reset_dist: 3.0
 * /robot1/move_base/controller_frequency: 20.0
 * /robot1/move_base/controller_patience: 15.0
 * /robot1/move_base/global_costmap/footprint: [[-0.21, -0.165],...
 * /robot1/move_base/global_costmap/footprint_padding: 0.1
 * /robot1/move_base/global_costmap/global_frame: map
 * /robot1/move_base/global_costmap/inflation_layer/cost_scaling_factor: 5
 * /robot1/move_base/global_costmap/inflation_layer/enabled: True
 * /robot1/move_base/global_costmap/inflation_layer/inflation_radius: 0.2
 * /robot1/move_base/global_costmap/map_type: costmap
 * /robot1/move_base/global_costmap/meter_scoring: True
 * /robot1/move_base/global_costmap/obstacle_layer/observation_sources: scan
 * /robot1/move_base/global_costmap/obstacle_layer/scan/clearing: True
 * /robot1/move_base/global_costmap/obstacle_layer/scan/data_type: LaserScan
 * /robot1/move_base/global_costmap/obstacle_layer/scan/expected_update_rate: 1
 * /robot1/move_base/global_costmap/obstacle_layer/scan/inf_is_valid: True
 * /robot1/move_base/global_costmap/obstacle_layer/scan/marking: True
 * /robot1/move_base/global_costmap/obstacle_layer/scan/max_obstacle_height: 0.2
 * /robot1/move_base/global_costmap/obstacle_layer/scan/min_obstacle_height: 0.0
 * /robot1/move_base/global_costmap/obstacle_layer/scan/observation_persistence: 0.0
 * /robot1/move_base/global_costmap/obstacle_layer/scan/obstacle_range: 2.5
 * /robot1/move_base/global_costmap/obstacle_layer/scan/raytrace_range: 3.0
 * /robot1/move_base/global_costmap/obstacle_layer/scan/sensor_frame: robot1/base_footp...
 * /robot1/move_base/global_costmap/obstacle_layer/scan/topic: /robot1/scan
 * /robot1/move_base/global_costmap/origin_z: 0.0
 * /robot1/move_base/global_costmap/plugins: [{'name': 'static...
 * /robot1/move_base/global_costmap/publish_frequency: 0.5
 * /robot1/move_base/global_costmap/publish_voxel_map: False
 * /robot1/move_base/global_costmap/robot_base_frame: robot1/base_footp...
 * /robot1/move_base/global_costmap/scan/sensor_frame: robot1/base_scan
 * /robot1/move_base/global_costmap/scan/topic: /robot1/scan
 * /robot1/move_base/global_costmap/static_map/clear_time: 20
 * /robot1/move_base/global_costmap/static_map/enabled: True
 * /robot1/move_base/global_costmap/static_map/publish_static_map: True
 * /robot1/move_base/global_costmap/transform_tolerance: 0.2
 * /robot1/move_base/global_costmap/update_frequency: 1.0
 * /robot1/move_base/global_costmap/z_resolution: 1
 * /robot1/move_base/global_costmap/z_voxels: 2
 * /robot1/move_base/local_costmap/global_frame: robot1/odom
 * /robot1/move_base/local_costmap/height: 3
 * /robot1/move_base/local_costmap/inflation_radius: 0.2
 * /robot1/move_base/local_costmap/plugins: [{'name': 'obstac...
 * /robot1/move_base/local_costmap/publish_frequency: 0.5
 * /robot1/move_base/local_costmap/resolution: 0.05
 * /robot1/move_base/local_costmap/robot_base_frame: robot1/base_footp...
 * /robot1/move_base/local_costmap/rolling_window: True
 * /robot1/move_base/local_costmap/scan/sensor_frame: robot1/base_scan
 * /robot1/move_base/local_costmap/scan/topic: /robot1/scan
 * /robot1/move_base/local_costmap/static_map: False
 * /robot1/move_base/local_costmap/transform_tolerance: 1.0
 * /robot1/move_base/local_costmap/update_frequency: 1.0
 * /robot1/move_base/local_costmap/width: 3
 * /robot1/move_base/oscillation_distance: 0.2
 * /robot1/move_base/oscillation_timeout: 10.0
 * /robot1/move_base/planner_frequency: 2
 * /robot1/move_base/planner_patience: 5.0
 * /robot1/move_base/shutdown_costmaps: False
 * /robot1/move_base/transform_tolerance: 2.0
 * /robot1/robot_description: <?xml version="1....
 * /robot1/tf_map2odom_node/odom_frame_id: robot1/odom
 * /robot1/tf_prefix: robot1
 * /robot2/move_base/NoMaDPlanner/connect_timeout: 5.0
 * /robot2/move_base/NoMaDPlanner/log_plan_summary: False
 * /robot2/move_base/NoMaDPlanner/request_timeout: 3.0
 * /robot2/move_base/NoMaDPlanner/retry_count: 1
 * /robot2/move_base/NoMaDPlanner/service_name: /nomad/make_plan
 * /robot2/move_base/PIDController/base_frame: base_link
 * /robot2/move_base/PIDController/convert_offset: 0.0
 * /robot2/move_base/PIDController/goal_dist_tolerance: 0.2
 * /robot2/move_base/PIDController/k: 1.0
 * /robot2/move_base/PIDController/k_theta: 0.7
 * /robot2/move_base/PIDController/k_v_d: 0.1
 * /robot2/move_base/PIDController/k_v_i: 0.1
 * /robot2/move_base/PIDController/k_v_p: 1.0
 * /robot2/move_base/PIDController/k_w_d: 0.1
 * /robot2/move_base/PIDController/k_w_i: 0.1
 * /robot2/move_base/PIDController/k_w_p: 1.0
 * /robot2/move_base/PIDController/l: 0.2
 * /robot2/move_base/PIDController/lookahead_time: 0.5
 * /robot2/move_base/PIDController/map_frame: map
 * /robot2/move_base/PIDController/max_lookahead_dist: 0.9
 * /robot2/move_base/PIDController/max_v: 0.5
 * /robot2/move_base/PIDController/max_v_inc: 0.5
 * /robot2/move_base/PIDController/max_w: 1.57
 * /robot2/move_base/PIDController/max_w_inc: 1.57
 * /robot2/move_base/PIDController/min_lookahead_dist: 0.3
 * /robot2/move_base/PIDController/min_v: 0.0
 * /robot2/move_base/PIDController/min_w: 0.0
 * /robot2/move_base/PIDController/rotate_tolerance: 0.5
 * /robot2/move_base/PathPlanner/convert_offset: 0.0
 * /robot2/move_base/PathPlanner/default_tolerance: 0.0
 * /robot2/move_base/PathPlanner/expand_zone: True
 * /robot2/move_base/PathPlanner/obstacle_factor: 0.5
 * /robot2/move_base/PathPlanner/outline_map: True
 * /robot2/move_base/PathPlanner/show_safety_corridor: False
 * /robot2/move_base/base_global_planner: nomad_planner/NoM...
 * /robot2/move_base/base_local_planner: pid_controller/PI...
 * /robot2/move_base/conservative_reset_dist: 3.0
 * /robot2/move_base/controller_frequency: 20.0
 * /robot2/move_base/controller_patience: 15.0
 * /robot2/move_base/global_costmap/footprint: [[-0.21, -0.165],...
 * /robot2/move_base/global_costmap/footprint_padding: 0.1
 * /robot2/move_base/global_costmap/global_frame: map
 * /robot2/move_base/global_costmap/inflation_layer/cost_scaling_factor: 5
 * /robot2/move_base/global_costmap/inflation_layer/enabled: True
 * /robot2/move_base/global_costmap/inflation_layer/inflation_radius: 0.2
 * /robot2/move_base/global_costmap/map_type: costmap
 * /robot2/move_base/global_costmap/meter_scoring: True
 * /robot2/move_base/global_costmap/obstacle_layer/observation_sources: scan
 * /robot2/move_base/global_costmap/obstacle_layer/scan/clearing: True
 * /robot2/move_base/global_costmap/obstacle_layer/scan/data_type: LaserScan
 * /robot2/move_base/global_costmap/obstacle_layer/scan/expected_update_rate: 1
 * /robot2/move_base/global_costmap/obstacle_layer/scan/inf_is_valid: True
 * /robot2/move_base/global_costmap/obstacle_layer/scan/marking: True
 * /robot2/move_base/global_costmap/obstacle_layer/scan/max_obstacle_height: 0.2
 * /robot2/move_base/global_costmap/obstacle_layer/scan/min_obstacle_height: 0.0
 * /robot2/move_base/global_costmap/obstacle_layer/scan/observation_persistence: 0.0
 * /robot2/move_base/global_costmap/obstacle_layer/scan/obstacle_range: 2.5
 * /robot2/move_base/global_costmap/obstacle_layer/scan/raytrace_range: 3.0
 * /robot2/move_base/global_costmap/obstacle_layer/scan/sensor_frame: robot2/base_footp...
 * /robot2/move_base/global_costmap/obstacle_layer/scan/topic: /robot2/scan
 * /robot2/move_base/global_costmap/origin_z: 0.0
 * /robot2/move_base/global_costmap/plugins: [{'name': 'static...
 * /robot2/move_base/global_costmap/publish_frequency: 0.5
 * /robot2/move_base/global_costmap/publish_voxel_map: False
 * /robot2/move_base/global_costmap/robot_base_frame: robot2/base_footp...
 * /robot2/move_base/global_costmap/scan/sensor_frame: robot2/base_scan
 * /robot2/move_base/global_costmap/scan/topic: /robot2/scan
 * /robot2/move_base/global_costmap/static_map/clear_time: 20
 * /robot2/move_base/global_costmap/static_map/enabled: True
 * /robot2/move_base/global_costmap/static_map/publish_static_map: True
 * /robot2/move_base/global_costmap/transform_tolerance: 0.2
 * /robot2/move_base/global_costmap/update_frequency: 1.0
 * /robot2/move_base/global_costmap/z_resolution: 1
 * /robot2/move_base/global_costmap/z_voxels: 2
 * /robot2/move_base/local_costmap/global_frame: robot2/odom
 * /robot2/move_base/local_costmap/height: 3
 * /robot2/move_base/local_costmap/inflation_radius: 0.2
 * /robot2/move_base/local_costmap/plugins: [{'name': 'obstac...
 * /robot2/move_base/local_costmap/publish_frequency: 0.5
 * /robot2/move_base/local_costmap/resolution: 0.05
 * /robot2/move_base/local_costmap/robot_base_frame: robot2/base_footp...
 * /robot2/move_base/local_costmap/rolling_window: True
 * /robot2/move_base/local_costmap/scan/sensor_frame: robot2/base_scan
 * /robot2/move_base/local_costmap/scan/topic: /robot2/scan
 * /robot2/move_base/local_costmap/static_map: False
 * /robot2/move_base/local_costmap/transform_tolerance: 1.0
 * /robot2/move_base/local_costmap/update_frequency: 1.0
 * /robot2/move_base/local_costmap/width: 3
 * /robot2/move_base/oscillation_distance: 0.2
 * /robot2/move_base/oscillation_timeout: 10.0
 * /robot2/move_base/planner_frequency: 2
 * /robot2/move_base/planner_patience: 5.0
 * /robot2/move_base/shutdown_costmaps: False
 * /robot2/move_base/transform_tolerance: 2.0
 * /robot2/robot_description: <?xml version="1....
 * /robot2/tf_map2odom_node/odom_frame_id: robot2/odom
 * /robot2/tf_prefix: robot2
 * /rosdistro: noetic
 * /rosversion: 1.17.4
 * /use_sim_time: True

NODES
  /
    gazebo (gazebo_ros/gzserver)
    map_server (map_server/map_server)
    rviz (rviz/rviz)
  /robot1/
    ground_truth_odom_publisher (sim_env/ground_truth_odom_publisher.py)
    joint_state_publisher (joint_state_publisher/joint_state_publisher)
    move_base (move_base/move_base)
    robot_state_publisher (robot_state_publisher/robot_state_publisher)
    tf_map2odom_node (sim_env/tf_map2odom.py)
    urdf_spawner (gazebo_ros/spawn_model)
  /robot2/
    ground_truth_odom_publisher (sim_env/ground_truth_odom_publisher.py)
    joint_state_publisher (joint_state_publisher/joint_state_publisher)
    move_base (move_base/move_base)
    robot_state_publisher (robot_state_publisher/robot_state_publisher)
    tf_map2odom_node (sim_env/tf_map2odom.py)
    urdf_spawner (gazebo_ros/spawn_model)
[33m[WARN] [1774187883.559449287]: link 'base_scan' material 'dark' undefined.[0m
[33m[WARN] [1774187883.559735433]: link 'base_scan' material 'dark' undefined.[0m
[33m[WARN] [1774187883.559899284]: The root link base_footprint has an inertia specified in the URDF, but KDL does not support a root link with an inertia.  As a workaround, you can add an extra dummy link to your URDF.[0m
[33m[WARN] [1774187883.583930749]: link 'base_scan' material 'dark' undefined.[0m
[33m[WARN] [1774187883.584237079]: link 'base_scan' material 'dark' undefined.[0m
[33m[WARN] [1774187883.584432987]: The root link base_footprint has an inertia specified in the URDF, but KDL does not support a root link with an inertia.  As a workaround, you can add an extra dummy link to your URDF.[0m
[33m[WARN] [1774187884.922237573]: link 'base_scan' material 'dark' undefined.[0m
[33m[WARN] [1774187884.922257758]: link 'base_scan' material 'dark' undefined.[0m
Warning: Warning: TF_REPEATED_DATA ignoring data with redundant timestamp for frame robot1/odom (parent map) at time 83.426000 according to authority unknown_publisher
TF_REPEATED_DATA ignoring data with redundant timestamp for frame robot1/odom (parent map) at time 83.426000 according to authority unknown_publisher         at line 
277         at line  in /tmp/binarydeb/ros-noetic-tf2-0.7.10/src/buffer_core.cpp277
 in /tmp/binarydeb/ros-noetic-tf2-0.7.10/src/buffer_core.cpp
[33m[WARN] [1774187885.120493598]: TF_REPEATED_DATA ignoring data with redundant timestamp for frame robot1/odom (parent map) at time 83.426000 according to authority unknown_publisher[0m
Warning: TF_REPEATED_DATA ignoring data with redundant timestamp for frame robot2/odom (parent map) at time 83.430000 according to authority unknown_publisher
         at line 277 in Warning: /tmp/binarydeb/ros-noetic-tf2-0.7.10/src/buffer_core.cppTF_REPEATED_DATA ignoring data with redundant timestamp for frame robot2/odom (parent map) at time 83.430000 according to authority unknown_publisher

         at line [33m[WARN] [1774187885.122449123]: TF_REPEATED_DATA ignoring data with redundant timestamp for frame robot2/odom (parent map) at time 83.430000 according to authority unknown_publisher[0m
277 in /tmp/binarydeb/ros-noetic-tf2-0.7.10/src/buffer_core.cpp
[33m[WARN] [1774187885.308548125, 83.752000000]: Timed out waiting for transform from robot1/base_footprint to map to become available before running costmap, tf error: Could not find a connection between 'map' and 'robot1/base_footprint' because they are not part of the same tree.Tf has two or more unconnected trees.. canTransform returned after 83.752 timeout was 0.1.[0m
[33m[WARN] [1774187885.308548125, 83.752000000]: Timed out waiting for transform from robot2/base_footprint to map to become available before running costmap, tf error: Could not find a connection between 'map' and 'robot2/base_footprint' because they are not part of the same tree.Tf has two or more unconnected trees.. canTransform returned after 83.752 timeout was 0.1.[0m
[33m[WARN] [1774187885.587181327, 83.942000000]: link 'base_scan' material 'dark' undefined.[0m
[33m[WARN] [1774187885.587206261, 83.942000000]: link 'base_scan' material 'dark' undefined.[0m
[INFO] [1774187884.026677, 0.000000]: Loading model XML from ros parameter robot_description
[INFO] [1774187884.029799, 0.000000]: Waiting for service /gazebo/spawn_urdf_model
[INFO] [1774187885.234010, 83.602000]: Calling service /gazebo/spawn_urdf_model
[INFO] [1774187887.020950, 83.942000]: Spawn status: SpawnModel: Successfully spawned entity
[33m[WARN] [1774187887.231924970, 83.942000000]: GazeboRosSkidSteerDrive Plugin (ns = /robot2//) missing <covariance_x>, defaults to 0.000100[0m
[33m[WARN] [1774187887.231957028, 83.942000000]: GazeboRosSkidSteerDrive Plugin (ns = /robot2//) missing <covariance_y>, defaults to 0.000100[0m
[33m[WARN] [1774187887.231967714, 83.942000000]: GazeboRosSkidSteerDrive Plugin (ns = /robot2//) missing <covariance_yaw>, defaults to 0.010000[0m
[INFO] [1774187884.068056, 0.000000]: Loading model XML from ros parameter robot_description
[INFO] [1774187884.071246, 0.000000]: Waiting for service /gazebo/spawn_urdf_model
[INFO] [1774187885.275359, 83.684000]: Calling service /gazebo/spawn_urdf_model
[INFO] [1774187887.520953, 84.344000]: Spawn status: SpawnModel: Successfully spawned entity
[33m[WARN] [1774187888.222759864, 84.344000000]: GazeboRosSkidSteerDrive Plugin (ns = /robot1//) missing <covariance_x>, defaults to 0.000100[0m
[33m[WARN] [1774187888.222794296, 84.344000000]: GazeboRosSkidSteerDrive Plugin (ns = /robot1//) missing <covariance_y>, defaults to 0.000100[0m
[33m[WARN] [1774187888.222808544, 84.344000000]: GazeboRosSkidSteerDrive Plugin (ns = /robot1//) missing <covariance_yaw>, defaults to 0.010000[0m
[33m[WARN] [1774187888.276510083, 84.448000000]: global_costmap: Pre-Hydro parameter "static_map" unused since "plugins" is provided[0m
[33m[WARN] [1774187888.276650188, 84.448000000]: global_costmap: Pre-Hydro parameter "static_map" unused since "plugins" is provided[0m
[33m[WARN] [1774187888.276770108, 84.448000000]: global_costmap: Pre-Hydro parameter "map_type" unused since "plugins" is provided[0m
[33m[WARN] [1774187888.276929209, 84.450000000]: global_costmap: Pre-Hydro parameter "map_type" unused since "plugins" is provided[0m
WARNING: Logging before InitGoogleLogging() is written to STDERR
I20260322 21:58:08.520920 139370 path_planner_factory.cpp:308] Using path planner: theta_star
[33m[WARN] [1774187888.523698166, 84.940000000]: local_costmap: Pre-Hydro parameter "static_map" unused since "plugins" is provided[0m
[33m[WARN] [1774187889.012510524, 85.918000000]: The /robot1/scan observation buffer has not been updated for 1.04 seconds, and it should be updated every 1.00 seconds.[0m
[33m[WARN] [1774187893.529546310, 94.900000000]: Timed out waiting for NoMaD service /nomad/make_plan (5.00s).[0m
[33m[WARN] [1774187893.529610426, 94.900000000]: NoMaD service /nomad/make_plan not available yet.[0m
[33m[WARN] [1774187893.531372417, 94.902000000]: local_costmap: Pre-Hydro parameter "static_map" unused since "plugins" is provided[0m
[33m[WARN] [1774187894.038746246, 95.918000000]: The /robot2/scan observation buffer has not been updated for 11.04 seconds, and it should be updated every 1.00 seconds.[0m
[33m[WARN] [1774187903.261682470, 113.942000000]: Map update loop missed its desired rate of 1.0000Hz... the loop actually took 2.0240 seconds[0m
E20260322 21:58:31.297536 139570 path_planner_node.cpp:250] Failed to get a path.
E20260322 21:58:32.303375 139570 path_planner_node.cpp:250] Failed to get a path.
E20260322 21:58:33.300012 139570 path_planner_node.cpp:250] Failed to get a path.
[33m[WARN] [1774187913.302945266, 131.052000000]: Map update loop missed its desired rate of 1.0000Hz... the loop actually took 4.1340 seconds[0m
[0m[INFO] [1774187888.277571552, 84.450000000]: global_costmap: Using plugin "static_map"[0m
[0m[INFO] [1774187888.282655680, 84.460000000]: Requesting the map...[0m
[0m[INFO] [1774187888.434494410, 84.764000000]: Resizing costmap to 480 X 480 at 0.050000 m/pix[0m
[0m[INFO] [1774187888.484036749, 84.862000000]: Received a 480 X 480 map at 0.050000 m/pix[0m
[0m[INFO] [1774187888.486511135, 84.868000000]: global_costmap: Using plugin "obstacle_layer"[0m
[0m[INFO] [1774187888.488041597, 84.870000000]:     Subscribed to Topics: scan[0m
[0m[INFO] [1774187888.496828992, 84.888000000]: global_costmap: Using plugin "voronoi_layer"[0m
[0m[INFO] [1774187888.498932933, 84.892000000]: global_costmap: Using plugin "inflation_layer"[0m
[0m[INFO] [1774187888.516633580, 84.928000000]: waitForService: Service [/nomad/make_plan] has not been advertised, waiting...[0m
[0m[INFO] [1774187893.529627048, 94.900000000]: NoMaDPlanner initialized for frame map[0m
[0m[INFO] [1774187893.531702493, 94.904000000]: local_costmap: Using plugin "obstacle_layer"[0m
[0m[INFO] [1774187893.532465943, 94.906000000]:     Subscribed to Topics: [0m
[0m[INFO] [1774187893.534801412, 94.910000000]: local_costmap: Using plugin "inflation_layer"[0m
[0m[INFO] [1774187893.547151971, 94.934000000]: Created local_planner pid_controller/PIDController[0m
[0m[INFO] [1774187893.552110242, 94.944000000]: PID Controller initialized![0m
[0m[INFO] [1774187894.049647080, 95.940000000]: Recovery behavior will clear layer 'obstacles'[0m
[0m[INFO] [1774187894.051466063, 95.944000000]: Recovery behavior will clear layer 'obstacles'[0m
[0m[INFO] [1774187894.062772963, 95.966000000]: odom received![0m
[0m[INFO] [1774187903.283040080, 113.984000000]: Got new plan[0m
[0m[INFO] [1774187903.343390647, 114.084000000]: Got new plan[0m
[0m[INFO] [1774187903.652368353, 114.584000000]: Got new plan[0m
[0m[INFO] [1774187903.939937395, 115.084000000]: Got new plan[0m
[0m[INFO] [1774187904.348434349, 115.786000000]: Got new plan[0m
[0m[INFO] [1774187904.643681826, 116.334000000]: Got new plan[0m
[0m[INFO] [1774187904.878243910, 116.734000000]: Got new plan[0m
[0m[INFO] [1774187905.186484290, 117.236000000]: Got new plan[0m
[0m[INFO] [1774187905.518538858, 117.788000000]: Got new plan[0m
[0m[INFO] [1774187905.701320492, 118.084000000]: Got new plan[0m
[0m[INFO] [1774187906.003824904, 118.586000000]: Got new plan[0m
[0m[INFO] [1774187906.310442212, 119.086000000]: Got new plan[0m
[0m[INFO] [1774187906.738587034, 119.784000000]: Got new plan[0m
[0m[INFO] [1774187907.010374149, 120.236000000]: Got new plan[0m
[0m[INFO] [1774187907.318651341, 120.734000000]: Got new plan[0m
[0m[INFO] [1774187907.626590144, 121.234000000]: Got new plan[0m
[0m[INFO] [1774187907.833562349, 121.584000000]: Got new plan[0m
[0m[INFO] [1774187908.203011738, 122.184000000]: Got new plan[0m
[0m[INFO] [1774187908.557781036, 122.784000000]: Got new plan[0m
[0m[INFO] [1774187908.860632151, 123.334000000]: Got new plan[0m
[0m[INFO] [1774187909.110453748, 123.784000000]: Got new plan[0m
[0m[INFO] [1774187909.404497284, 124.284000000]: Got new plan[0m
[0m[INFO] [1774187909.677797057, 124.784000000]: Got new plan[0m
[0m[INFO] [1774187909.938138358, 125.234000000]: Got new plan[0m
[0m[INFO] [1774187910.242974685, 125.784000000]: Got new plan[0m
[0m[INFO] [1774187910.520319676, 126.284000000]: Got new plan[0m
[0m[INFO] [1774187910.766680222, 126.686000000]: Got new plan[0m
[0m[INFO] [1774187911.070690170, 127.184000000]: Got new plan[0m
[0m[INFO] [1774187911.367123796, 127.684000000]: Got new plan[0m
[0m[INFO] [1774187911.709395310, 128.234000000]: Got new plan[0m
[0m[INFO] [1774187911.980519905, 128.684000000]: Got new plan[0m
[0m[INFO] [1774187912.338112670, 129.284000000]: Got new plan[0m
[0m[INFO] [1774187912.554164359, 129.684000000]: Got new plan[0m
[0m[INFO] [1774187912.831212522, 130.184000000]: Got new plan[0m
[0m[INFO] [1774187913.074312674, 130.636000000]: Got new plan[0m
[0m[INFO] [1774187913.323756708, 131.084000000]:E20260322 21:58:36.702105 139570 path_planner_node.cpp:250] Failed to get a path.
[33m[WARN] [1774187916.704136635, 136.994000000]: Map update loop missed its desired rate of 1.0000Hz... the loop actually took 1.9420 seconds[0m
[0m[INFO] [1774187888.277416013, 84.450000000]: global_costmap: Using plugin "static_map"[0m
[0m[INFO] [1774187888.282583253, 84.460000000]: Requesting the map...[0m
[0m[INFO] [1774187888.434494410, 84.764000000]: Resizing costmap to 480 X 480 at 0.050000 m/pix[0m
[0m[INFO] [1774187888.484036749, 84.862000000]: Received a 480 X 480 map at 0.050000 m/pix[0m
[0m[INFO] [1774187888.485899662, 84.866000000]: global_costmap: Using plugin "obstacle_layer"[0m
[0m[INFO] [1774187888.487520361, 84.870000000]:     Subscribed to Topics: scan[0m
[0m[INFO] [1774187888.496544034, 84.888000000]: global_costmap: Using plugin "voronoi_layer"[0m
[0m[INFO] [1774187888.498824886, 84.892000000]: global_costmap: Using plugin "inflation_layer"[0m
[0m[INFO] [1774187888.523994997, 84.940000000]: local_costmap: Using plugin "obstacle_layer"[0m
[0m[INFO] [1774187888.524808315, 84.944000000]:     Subscribed to Topics: [0m
[0m[INFO] [1774187888.526814895, 84.948000000]: local_costmap: Using plugin "inflation_layer"[0m
[0m[INFO] [1774187888.538780760, 84.972000000]: Created local_planner pid_controller/PIDController[0m
[0m[INFO] [1774187888.543606050, 84.982000000]: PID Controller initialized![0m
[0m[INFO] [1774187889.042661464, 85.978000000]: Recovery behavior will clear layer 'obstacles'[0m
[0m[INFO] [1774187889.044379524, 85.980000000]: Recovery behavior will clear layer 'obstacles'[0m
[0m[INFO] [1774187889.053384200, 85.998000000]: odom received![0m
[0m[INFO] [1774187902.049076472, 111.880000000]: Got new plan[0m
[0m[INFO] [1774187902.343059444, 112.380000000]: Got new plan[0m
[0m[INFO] [1774187902.647969372, 112.880000000]: Got new plan[0m
[0m[INFO] [1774187902.950900029, 113.382000000]: Got new plan[0m
[0m[INFO] [1774187903.222981596, 113.880000000]: Got new plan[0m
[0m[INFO] [1774187903.523942481, 114.380000000]: Got new plan[0m
[0m[INFO] [1774187903.830981286, 114.880000000]: Got new plan[0m
[0m[INFO] [1774187904.106037104, 115.380000000]: Got new plan[0m
[0m[INFO] [1774187904.399520215, 115.882000000]: Got new plan[0m
[0m[INFO] [1774187904.667005648, 116.380000000]: Got new plan[0m
[0m[INFO] [1774187904.961632153, 116.880000000]: Got new plan[0m
[0m[INFO] [1774187905.267537064, 117.380000000]: Got new plan[0m
[0m[INFO] [1774187905.363335234, 117.530000000]: Got new plan[0m
[0m[INFO] [1774187905.665226985, 118.030000000]: Got new plan[0m
[0m[INFO] [1774187905.975884761, 118.530000000]: Got new plan[0m
[0m[INFO] [1774187906.283550477, 119.032000000]: Got new plan[0m
[0m[INFO] [1774187906.576466050, 119.532000000]: Got new plan[0m
[0m[INFO] [1774187906.888061814, 120.030000000]: Got new plan[0m
[0m[INFO] [1774187907.201551364, 120.532000000]: Got new plan[0m
[0m[INFO] [1774187907.465536565, 120.980000000]: Got new plan[0m
[0m[INFO] [1774187907.770213785, 121.480000000]: Got new plan[0m
[0m[INFO] [1774187908.080617477, 121.980000000]: Got new plan[0m
[0m[INFO] [1774187908.389149944, 122.480000000]: Got new plan[0m
[0m[INFO] [1774187908.665929766, 122.982000000]: Got new plan[0m
[0m[INFO] [1774187908.937326254, 123.480000000]: Got new plan[0m
[0m[INFO] [1774187909.232326775, 123.980000000]: Got new plan[0m
[0m[INFO] [1774187909.512511848, 124.480000000]: Got new plan[0m
[0m[INFO] [1774187909.778583182, 124.980000000]: Got new plan[0m
[0m[INFO] [1774187910.066186665, 125.480000000]: Got new plan[0m
[0m[INFO] [1774187913.321835615, 131.080000000]: Got new plan[0m
[0m[INFO] [1774187913.615663064, 131.580000000]: Got new plan[0m
[0m[INFO] [1774187913.891313747, 132.080000000]: Got new plan[0m
[0m[INFO] [1774187914.170109655, 132.580000000]: Got new plan[0m
[0m[INFO] [1774187914.474332141, 133.080000000]: Got new plan[0m
[0m[INFO] [1774187914.769900211, 133.580000000]: Got new plan[0m
[0m[INFO] [1774187915.046626612, 134.080000000]: Got new plan[0m
[0m[INFO] [1774187915.324323059, 134.580000000]: Got new plan[0m
[0m[INFO] [1774187916.734498924, 137.032000000]: Got new plan[0m
[0m[INFO] [1774187917.032410778, 137.530000000]: Got new plan[0m
[0m[E20260322 21:58:42.779156 139570 path_planner_node.cpp:250] Failed to get a path.
E20260322 21:58:43.770102 139570 path_planner_node.cpp:250] Failed to get a path.
E20260322 21:58:44.778175 139570 path_planner_node.cpp:250] Failed to get a path.
[33m[WARN] [1774187924.783874110, 150.496000000]: Map update loop missed its desired rate of 1.0000Hz... the loop actually took 4.4440 seconds[0m
[33m[WARN] [1774187924.808061120, 150.530000000]: Clearing both costmaps outside a square (3.00m) large centered on the robot.[0m
E20260322 21:58:47.692958 139570 path_planner_node.cpp:250] Failed to get a path.
 Got new plan[0m
[0m[INFO] [1774187913.618113704, 131.584000000]: Got new plan[0m
[0m[INFO] [1774187913.921932497, 132.134000000]: Got new plan[0m
[0m[INFO] [1774187914.147130157, 132.534000000]: Got new plan[0m
[0m[INFO] [1774187914.476354156, 133.084000000]: Got new plan[0m
[0m[INFO] [1774187914.781862516, 133.584000000]: Got new plan[0m
[0m[INFO] [1774187915.080638739, 134.134000000]: Got new plan[0m
[0m[INFO] [1774187915.325994813, 134.584000000]: Got new plan[0m
[0m[INFO] [1774187915.605522117, 135.086000000]: Got new plan[0m
[0m[INFO] [1774187915.879529544, 135.586000000]: Got new plan[0m
[0m[INFO] [1774187916.164174221, 136.084000000]: Got new plan[0m
[0m[INFO] [1774187916.370549211, 136.436000000]: Got new plan[0m
[0m[INFO] [1774187916.699475195, 136.984000000]: Got new plan[0m
[0m[INFO] [1774187916.975872710, 137.434000000]: Got new plan[0m
[0m[INFO] [1774187917.285580644, 137.934000000]: Got new plan[0m
[0m[INFO] [1774187917.579021031, 138.434000000]: Got new plan[0m
[0m[INFO] [1774187917.866296824, 138.934000000]: Got new plan[0m
[0m[INFO] [1774187918.136572490, 139.434000000]: Got new plan[0m
[0m[INFO] [1774187918.439652774, 139.934000000]: Got new plan[0m
[0m[INFO] [1774187918.738515679, 140.434000000]: Got new plan[0m
[0m[INFO] [1774187919.049313580, 140.934000000]: Got new plan[0m
[0m[INFO] [1774187919.352297693, 141.434000000]: Got new plan[0m
[0m[INFO] [1774187919.655244999, 141.934000000]: Got new plan[0m
[0m[INFO] [1774187919.939825565, 142.434000000]: Got new plan[0m
[0m[INFO] [1774187920.242322876, 142.934000000]: Got new plan[0m
[0m[INFO] [1774187920.551331480, 143.434000000]: Got new plan[0m
[0m[INFO] [1774187920.899498082, 144.034000000]: Got new plan[0m
[0m[INFO] [1774187921.146934357, 144.434000000]: Got new plan[0m
[0m[INFO] [1774187921.450565566, 144.934000000]: Got new plan[0m
[0m[INFO] [1774187921.735355105, 145.388000000]: Got new plan[0m
[0m[INFO] [1774187921.986695307, 145.838000000]: Got new plan[0m
[0m[INFO] [1774187922.230871188, 146.234000000]: Got new plan[0m
[0m[INFO] [1774187922.541518305, 146.734000000]: Got new plan[0m
[0m[INFO] [1774187922.870004989, 147.286000000]: Got new plan[0m
[0m[INFO] [1774187923.138181470, 147.734000000]: Got new plan[0m
[0m[INFO] [1774187923.417155491, 148.234000000]: Got new plan[0m
[0m[INFO] [1774187923.663196662, 148.636000000]: Got new plan[0m
[0m[INFO] [1774187923.965482634, 149.136000000]: Got new plan[0m
[0m[INFO] [1774187924.296547005, 149.684000000]: Got new plan[0m
[0m[INFO] [1774187924.565504748, 150.134000000]: Got new plan[0m
[0m[INFO] [1774187924.872731183, 150.636000000]: Got new plan[0m
[0m[INFO] [1774187925.141570195, 151.084000000]: Got new plan[0m
[0m[INFO] [1774187925.472115706, 151.634000000]: Got new plan[0m
[0m[INFO] [1774187925.725030307, 152.084000000]: Got new plan[0m
[0m[INFO] [1774187926.023320932, 152.584000000]: Got new plan[0m
[0m[INFO] [1774187926.275106388, 152.984000000]: Got new plan[0m
[0m[INFO] [1774187926.611575468, 153.536000000]: Got new plan[0m
[0m[INFO] [1774187926.915105761, 154.034000000]: Got new plan[0m
[0m[INFO] [1774187927.215759166, 154.534000000]: Got new plan[0m
[0m[INFO] [1774187927.493839136, 154.984000000]: Got new plan[0m
[0m[INFO] [1774187927.876511807, 155.636000000]: Got new plan[0m
[0m[INFO] [1774187928.186298122, 156.134000000]: Got new plan[0m
[0m[INFO] [1774187928.489100588, 156.684000000]: Got new plan[0m
[0m[INFO] [1774187928.790259795, 157.184000000]: Got new plan[0m
[0m[INFO] [1774187929.099783712, 157.684000000]: Got new plan[0m
[0m[INFO] [1774187929.373097760, 158.134000000]: Got new plan[0m
[0m[INFO] [1774187929.706331383, 158.684000000]: Got new plan[0m
[0m[INFO] [1774187930.010455344, 159.186000000]: Got new plan[0m
[0m[INFO] [1774187930.315614654, 159.684000000]: Got new plan[0m
[0m[INFO] [1774187930.587765124, 160.134000000]: Got new plan[0m
[0m[INFO] [1774187930.895035499, 160.634000000]: Got new plan[0m
[0m[INFO] [1774187931.252335029, 161.234000000]: Got new INFO] [1774187917.337755291, 138.030000000]: Got new plan[0m
[0m[INFO] [1774187917.630493968, 138.530000000]: Got new plan[0m
[0m[INFO] [1774187917.921033719, 139.030000000]: Got new plan[0m
[0m[INFO] [1774187918.188219964, 139.530000000]: Got new plan[0m
[0m[INFO] [1774187918.491022415, 140.030000000]: Got new plan[0m
[0m[INFO] [1774187918.798483931, 140.532000000]: Got new plan[0m
[0m[INFO] [1774187919.107160081, 141.030000000]: Got new plan[0m
[0m[INFO] [1774187919.405138430, 141.530000000]: Got new plan[0m
[0m[INFO] [1774187919.708203281, 142.030000000]: Got new plan[0m
[0m[INFO] [1774187919.992232928, 142.530000000]: Got new plan[0m
[0m[INFO] [1774187920.301532427, 143.032000000]: Got new plan[0m
[0m[INFO] [1774187920.611210683, 143.530000000]: Got new plan[0m
[0m[INFO] [1774187920.897971181, 144.030000000]: Got new plan[0m
[0m[INFO] [1774187921.202516630, 144.530000000]: Got new plan[0m
[0m[INFO] [1774187921.505499558, 145.030000000]: Got new plan[0m
[0m[INFO] [1774187924.869698753, 150.630000000]: Got new plan[0m
[0m[INFO] [1774187925.166293876, 151.132000000]: Got new plan[0m
[0m[INFO] [1774187925.471051862, 151.630000000]: Got new plan[0m
[0m[INFO] [1774187925.748230650, 152.130000000]: Got new plan[0m
[0m[INFO] [1774187926.058499015, 152.632000000]: Got new plan[0m
[0m[INFO] [1774187926.367696413, 153.132000000]: Got new plan[0m
[0m[INFO] [1774187926.663385608, 153.630000000]: Got new plan[0m
[0m[INFO] [1774187926.966052716, 154.130000000]: Got new plan[0m
[0m[INFO] [1774187927.275513702, 154.630000000]: Got new plan[0m
[0m[INFO] [1774187927.434927601, 154.880000000]: Got new plan[0m
[0m[INFO] [1774187928.041019334, 155.880000000]: Got new plan[0m
[0m[INFO] [1774187928.321774350, 156.380000000]: Got new plan[0m
[0m[INFO] [1774187928.608040932, 156.880000000]: Got new plan[0m
[0m[INFO] [1774187928.915343362, 157.380000000]: Got new plan[0m
[0m[INFO] [1774187929.228041000, 157.880000000]: Got new plan[0m
[0m[INFO] [1774187929.519053324, 158.380000000]: Got new plan[0m
[0m[INFO] [1774187929.821870040, 158.880000000]: Got new plan[0m
[0m[INFO] [1774187930.130981956, 159.380000000]: Got new plan[0m
[0m[INFO] [1774187930.442035151, 159.880000000]: Got new plan[0m
[0m[INFO] [1774187930.735229780, 160.380000000]: Got new plan[0m
[0m[INFO] [1774187931.042103589, 160.880000000]: Got new plan[0m
[0m[INFO] [1774187931.331154454, 161.382000000]: Got new plan[0m
[0m[INFO] [1774187931.593675715, 161.830000000]: Got new plan[0m
[0m[INFO] [1774187931.894389679, 162.330000000]: Got new plan[0m
[0m[INFO] [1774187932.189924530, 162.830000000]: Got new plan[0m
[0m[INFO] [1774187932.485508062, 163.332000000]: Got new plan[0m
[0m[INFO] [1774187932.773737299, 163.830000000]: Got new plan[0m
[0m[INFO] [1774187933.081796062, 164.330000000]: Got new plan[0m
[0m[INFO] [1774187933.395233411, 164.830000000]: Got new plan[0m
[0m[INFO] [1774187933.703280302, 165.330000000]: Got new plan[0m
[0m[INFO] [1774187933.990342399, 165.830000000]: Got new plan[0m
[0m[INFO] [1774187934.277393812, 166.330000000]: Got new plan[0m
[0m[INFO] [1774187934.580303146, 166.830000000]: Got new plan[0m
[0m[INFO] [1774187934.795298139, 167.180000000]: Got new plan[0m
[0m[INFO] [1774187935.098380824, 167.680000000]: Got new plan[0m
[0m[INFO] [1774187935.412161313, 168.180000000]: Got new plan[0m
[0m[INFO] [1774187935.698210624, 168.680000000]: Got new plan[0m
[0m[INFO] [1774187935.979509445, 169.180000000]: Got new plan[0m
[0m[INFO] [1774187936.285045147, 169.682000000]: Got new plan[0m
[0m[INFO] [1774187936.593169218, 170.180000000]: Got new plan[0m
[0m[INFO] [1774187936.905656712, 170.680000000]: Got new plan[0m
[0m[INFO] [1774187937.194404817, 171.180000000]: Got new plan[0m
[0m[INFO] [1774187937.503941807, 171.680000000]: Got new plan[0m
[0m[INFO] [1774187937.809080943, 172.180000000]: Got new plan[0m
[0m[INFO] [1774187938.118874397, 172.680000000]: Got new plan[0m
[0m[INFO] [1774187938.410226309, 173.180000000]: Got new plan[0m
[0m[INFO] [1774187938.722801667, 173.680000000]: Got new plan[0m
[0m[INFO] [1774187939.025038981, 174.182000000]: Got new plan[0m
[0m[INFO] [1774187939.331057929, 174.680000000]: Got new plan[0m
[0m[INFO] [1774187939.620106431, 175.180000000]: Got new plan[0m
[0m[INFO] [1774187939.926142001, 175.680000000]: Got new plan[0m
[0m[INFO] [1774187940.242051372, 176.180000000]: Got new plan[0m
[0m[INFO] [1774187940.527492780, 176.682000000]: Got new plan[0m
[0m[INFO] [1774187940.810798189, 177.180000000]: Got new plan[0m
[0m[INFO] [1774187941.108886990, 177.680000000]: Got new plan[0m
[0m[INFO] [1774187941.387875284, 178.180000000]: Got new plan[0m
[0m[INFO] [1774187941.682958965, 178.680000000]: Got new plan[0m
[0m[INFO] [1774187941.961087635, 179.180000000]: Got new plan[0m
[0m[INFO] [1774187942.243580915, 179.680000000]: Got new plan[0m
[0m[INFO] [1774187942.509911131, 180.184000000]: Got new plan[0m
[0m[INFO] [1774187942.813101873, 180.680000000]: Got new plan[0m
[0m[INFO] [1774187943.093279869, 181.180000000]: Got new plan[0m
[0m[INFO] [1774187943.407334643, 181.680000000]: Got new plan[0m
Error in XmlRpcClient::writeRequest: write error (Connection refused).
Error in XmlRpcDispatch::work: couldn't find source iterator
Error in XmlRpcClient::writeRequest: write error (Connection refused).
Error in XmlRpcDispatch::work: couldn't find source iterator
plan[0m
[0m[INFO] [1774187931.505830240, 161.684000000]: Got new plan[0m
[0m[INFO] [1774187931.776319643, 162.134000000]: Got new plan[0m
[0m[INFO] [1774187931.999519053, 162.486000000]: Got new plan[0m
[0m[INFO] [1774187932.325599044, 163.086000000]: Got new plan[0m
[0m[INFO] [1774187932.628221043, 163.584000000]: Got new plan[0m
[0m[INFO] [1774187932.997079190, 164.188000000]: Got new plan[0m
[0m[INFO] [1774187933.267878487, 164.634000000]: Got new plan[0m
[0m[INFO] [1774187933.579544347, 165.136000000]: Got new plan[0m
[0m[INFO] [1774187933.785926479, 165.484000000]: Got new plan[0m
[0m[INFO] [1774187934.054560095, 165.938000000]: Got new plan[0m
[0m[INFO] [1774187934.342580365, 166.434000000]: Got new plan[0m
[0m[INFO] [1774187934.642096323, 166.934000000]: Got new plan[0m
[0m[INFO] [1774187934.855258085, 167.284000000]: Got new plan[0m
[0m[INFO] [1774187935.164502990, 167.784000000]: Got new plan[0m
[0m[INFO] [1774187935.468220894, 168.284000000]: Got new plan[0m
[0m[INFO] [1774187935.753135122, 168.784000000]: Got new plan[0m
[0m[INFO] [1774187936.048618923, 169.286000000]: Got new plan[0m
[0m[INFO] [1774187936.355013061, 169.786000000]: Got new plan[0m
[0m[INFO] [1774187936.654856724, 170.284000000]: Got new plan[0m
[0m[INFO] [1774187936.962947550, 170.784000000]: Got new plan[0m
[0m[INFO] [1774187937.262774591, 171.284000000]: Got new plan[0m
[0m[INFO] [1774187937.571089823, 171.784000000]: Got new plan[0m
[0m[INFO] [1774187937.873171596, 172.284000000]: Got new plan[0m
[0m[INFO] [1774187938.178856903, 172.784000000]: Got new plan[0m
[0m[INFO] [1774187938.481995397, 173.288000000]: Got new plan[0m
[0m[INFO] [1774187938.814640121, 173.834000000]: Got new plan[0m
[0m[INFO] [1774187939.081499880, 174.284000000]: Got new plan[0m
[0m[INFO] [1774187939.391692277, 174.784000000]: Got new plan[0m
[0m[INFO] [1774187939.683641415, 175.284000000]: Got new plan[0m
[0m[INFO] [1774187939.992542002, 175.784000000]: Got new plan[0m
[0m[INFO] [1774187940.299118995, 176.284000000]: Got new plan[0m
[0m[INFO] [1774187940.583439567, 176.784000000]: Got new plan[0m
[0m[INFO] [1774187940.877060461, 177.284000000]: Got new plan[0m
[0m[INFO] [1774187941.164744727, 177.786000000]: Got new plan[0m
[0m[INFO] [1774187941.445985378, 178.284000000]: Got new plan[0m
[0m[INFO] [1774187941.741865754, 178.784000000]: Got new plan[0m
[0m[INFO] [1774187942.016684160, 179.284000000]: Got new plan[0m
[0m[INFO] [1774187942.271316843, 179.734000000]: Got new plan[0m
[0m[INFO] [1774187942.554273181, 180.234000000]: Got new plan[0m
[0m[INFO] [1774187942.869947466, 180.784000000]: Got new plan[0m
[0m[INFO] [1774187943.161235269, 181.286000000]: Got new plan[0m
[0m[INFO] [1774187943.463288554, 181.784000000]: Got new plan[0m
Error in XmlRpcClient::writeRequest: write error (Connection refused).
Error in XmlRpcClient::writeRequest: write error (Connection refused).
Error in XmlRpcDispatch::work: couldn't find source iterator
Error in XmlRpcDispatch::work: couldn't find source iterator
Error in XmlRpcClient::writeRequest: write error (Connection refused).
Error in XmlRpcDispatch::work: couldn't find source iterator
Error in XmlRpcClient::writeRequest: write error (Connection refused).
Error in XmlRpcDispatch::work: couldn't find source iterator
Error in XmlRpcClient::writeRequest: write error (Connection refused).
Error in XmlRpcClient::writeRequest: write error (Connection refused).
Error in XmlRpcDispatch::work: couldn't find source iterator
Error in XmlRpcDispatch::work: couldn't find source iterator
Error in XmlRpcClient::writeRequest: write error (Connection refused).
Error in XmlRpcDispatch::work: couldn't find source iterator
Error in XmlRpcClient::writeRequest: write error (Connection refused).
Error in XmlRpcDispatch::work: couldn't find source iterator
Error in XmlRpcClient::writeRequest: write error (Connection refused).
Error in XmlRpcDispatch::work: couldn't find source iterator
Error in XmlRpcClient::writeRequest: write error (Connection refused).
Error in XmlRpcDispatch::work: couldn't find source iterator
Error in XmlRpcClient::writeRequest: write error (Connection refused).
Error in XmlRpcDispatch::work: couldn't find source iterator
Error in XmlRpcClient::writeRequest: write error (Connection refused).
Error in XmlRpcDispatch::work: couldn't find source iterator
Error in XmlRpcClient::writeRequest: write error (Connection refused).
Error in XmlRpcDispatch::work: couldn't find source iterator
Error in XmlRpcClient::writeRequest: write error (Connection refused).
Error in XmlRpcDispatch::work: couldn't find source iterator
Error in XmlRpcClient::writeRequest: write error (Connection refused).
Error in XmlRpcDispatch::work: couldn't find source iterator
Error in XmlRpcClient::writeRequest: write error (Connection refused).
Error in XmlRpcDispatch::work: couldn't find source iterator
Error in XmlRpcClient::writeRequest: write error (Connection refused).
Error in XmlRpcDispatch::work: couldn't find source iterator
Error in XmlRpcClient::writeRequest: write error (Connection refused).
Error in XmlRpcDispatch::work: couldn't find source iterator
Error in XmlRpcClient::writeRequest: write error (Connection refused).
Error in XmlRpcDispatch::work: couldn't find source iterator
Error in XmlRpcClient::writeRequest: write error (Connection refused).
Error in XmlRpcDispatch::work: couldn't find source iterator
Error in XmlRpcClient::writeRequest: write error (Connection refused).
Error in XmlRpcDispatch::work: couldn't find source iterator
Error in XmlRpcClient::writeRequest: write error (Connection refused).
Error in XmlRpcDispatch::work: couldn't find source iterator
Error in XmlRpcClient::writeRequest: write error (Connection refused).
Error in XmlRpcDispatch::work: couldn't find source iterator
Error in XmlRpcClient::writeRequest: write error (Connection refused).
Error in XmlRpcDispatch::work: couldn't find source iterator
Error in XmlRpcClient::writeRequest: write error (Connection refused).
Error in XmlRpcDispatch::work: couldn't find source iterator
Error in XmlRpcClient::writeRequest: write error (Connection refused).
Error in XmlRpcDispatch::work: couldn't find source iterator
Error in XmlRpcClient::writeRequest: write error (Connection refused).
Error in XmlRpcDispatch::work: couldn't find source iterator
Error in XmlRpcClient::writeRequest: write error (Connection refused).
Error in XmlRpcClient::writeRequest: write error (Connection refused).
Error in XmlRpcDispatch::work: couldn't find source iterator
Error in XmlRpcDispatch::work: couldn't find source iterator
Error in XmlRpcClient::writeRequest: write error (Connection refused).
Error in XmlRpcDispatch::work: couldn't find source iterator
Error in XmlRpcClient::writeRequest: write error (Connection refused).
Error in XmlRpcDispatch::work: couldn't find source iterator
Error in XmlRpcClient::writeRequest: write error (Connection refused).
Error in XmlRpcDispatch::work: couldn't find source iterator
Error in XmlRpcClient::writeRequest: write error (Connection refused).
Error in XmlRpcClient::writeRequest: write error (Connection refused).
Error in XmlRpcDispatch::work: couldn't find source iterator
Error in XmlRpcDispatch::work: couldn't find source iterator
Error in XmlRpcClient::writeRequest: write error (Connection refused).
Error in XmlRpcDispatch::work: couldn't find source iterator
Error in XmlRpcClient::writeRequest: write error (Connection refused).
Error in XmlRpcDispatch::work: couldn't find source iterator
Error in XmlRpcClient::writeRequest: write error (Connection refused).
Error in XmlRpcDispatch::work: couldn't find source iterator
Error in XmlRpcClient::writeRequest: write error (Connection refused).
Error in XmlRpcDispatch::work: couldn't find source iterator
Error in XmlRpcClient::writeRequest: write error (Connection refused).
Error in XmlRpcDispatch::work: couldn't find source iterator
Error in XmlRpcClient::writeRequest: write error (Connection refused).
Error in XmlRpcDispatch::work: couldn't find source iterator
Error in XmlRpcClient::writeRequest: write error (Connection refused).
Error in XmlRpcDispatch::work: couldn't find source iterator
Error in XmlRpcClient::writeRequest: write error (Connection refused).
Error in XmlRpcDispatch::work: couldn't find source iterator
Error in XmlRpcClient::writeRequest: write error (Connection refused).
Error in XmlRpcClient::writeRequest: write error (Connection refused).
Error in XmlRpcDispatch::work: couldn't find source iterator
Error in XmlRpcDispatch::work: couldn't find source iterator
Error in XmlRpcClient::writeRequest: write error (Connection refused).
Error in XmlRpcDispatch::work: couldn't find source iterator
Error in XmlRpcClient::writeRequest: write error (Connection refused).
Error in XmlRpcDispatch::work: couldn't find source iterator
Error in XmlRpcClient::writeRequest: write error (Connection refused).
Error in XmlRpcDispatch::work: couldn't find source iterator
Error in XmlRpcClient::writeRequest: write error (Connection refused).
Error in XmlRpcDispatch::work: couldn't find source iterator
Error in XmlRpcClient::writeRequest: write error (Connection refused).
Error in XmlRpcDispatch::work: couldn't find source iterator
Error in XmlRpcClient::writeRequest: write error (Connection refused).
Error in XmlRpcClient::writeRequest: write error (Connection refused).
Error in XmlRpcDispatch::work: couldn't find source iterator
Error in XmlRpcDispatch::work: couldn't find source iterator
Error in XmlRpcClient::writeRequest: write error (Connection refused).
Error in XmlRpcDispatch::work: couldn't find source iterator
Error in XmlRpcClient::writeRequest: write error (Connection refused).
Error in XmlRpcDispatch::work: couldn't find source iterator
Error in XmlRpcClient::writeRequest: write error (Connection refused).
Error in XmlRpcDispatch::work: couldn't find source iterator
Error in XmlRpcClient::writeRequest: write error (Connection refused).
Error in XmlRpcDispatch::work: couldn't find source iterator
Error in XmlRpcClient::writeRequest: write error (Connection refused).
Error in XmlRpcDispatch::work: couldn't find source iterator
Error in XmlRpcClient::writeRequest: write error (Connection refused).
Error in XmlRpcClient::writeRequest: write error (Connection refused).
Error in XmlRpcDispatch::work: couldn't find source iterator
Error in XmlRpcDispatch::work: couldn't find source iterator
Error in XmlRpcClient::writeRequest: write error (Connection refused).
Error in XmlRpcDispatch::work: couldn't find source iterator
Error in XmlRpcClient::writeRequest: write error (Connection refused).
Error in XmlRpcDispatch::work: couldn't find source iterator
Error in XmlRpcClient::writeRequest: write error (Connection refused).
Error in XmlRpcDispatch::work: couldn't find source iterator
Error in XmlRpcClient::writeRequest: write error (Connection refused).
Error in XmlRpcDispatch::work: couldn't find source iterator
Error in XmlRpcClient::writeRequest: write error (Connection refused).
Error in XmlRpcDispatch::work: couldn't find source iterator
Error in XmlRpcClient::writeRequest: write error (Connection refused).
Error in XmlRpcDispatch::work: couldn't find source iterator
Error in XmlRpcClient::writeRequest: write error (Connection refused).
Error in XmlRpcDispatch::work: couldn't find source iterator
Error in XmlRpcClient::writeRequest: write error (Connection refused).
Error in XmlRpcClient::writeRequest: write error (Connection refused).
Error in XmlRpcDispatch::work: couldn't find source iterator
Error in XmlRpcDispatch::work: couldn't find source iterator
Error in XmlRpcClient::writeRequest: write error (Connection refused).
Error in XmlRpcDispatch::work: couldn't find source iterator
Error in XmlRpcClient::writeRequest: write error (Connection refused).
Error in XmlRpcDispatch::work: couldn't find source iterator
Error in XmlRpcClient::writeRequest: write error (Connection refused).
Error in XmlRpcDispatch::work: couldn't find source iterator
Error in XmlRpcClient::writeRequest: write error (Connection refused).
Error in XmlRpcDispatch::work: couldn't find source iterator
Error in XmlRpcClient::writeRequest: write error (Connection refused).
Error in XmlRpcDispatch::work: couldn't find source iterator
Error in XmlRpcClient::writeRequest: write error (Connection refused).
Error in XmlRpcDispatch::work: couldn't find source iterator
Error in XmlRpcClient::writeRequest: write error (Connection refused).
Error in XmlRpcDispatch::work: couldn't find source iterator
Error in XmlRpcClient::writeRequest: write error (Connection refused).
Error in XmlRpcDispatch::work: couldn't find source iterator
Error in XmlRpcClient::writeRequest: write error (Connection refused).
Error in XmlRpcDispatch::work: couldn't find source iterator
Error in XmlRpcClient::writeRequest: write error (Connection refused).
Error in XmlRpcDispatch::work: couldn't find source iterator
Error in XmlRpcClient::writeRequest: write error (Connection refused).
Error in XmlRpcDispatch::work: couldn't find source iterator
Error in XmlRpcClient::writeRequest: write error (Connection refused).
Error in XmlRpcDispatch::work: couldn't find source iterator
Error in XmlRpcClient::writeRequest: write error (Connection refused).
Error in XmlRpcDispatch::work: couldn't find source iterator
Error in XmlRpcClient::writeRequest: write error (Connection refused).
Error in XmlRpcDispatch::work: couldn't find source iterator
Error in XmlRpcClient::writeRequest: write error (Connection refused).
Error in XmlRpcDispatch::work: couldn't find source iterator
Error in XmlRpcClient::writeRequest: write error (Connection refused).
Error in XmlRpcDispatch::work: couldn't find source iterator
Error in XmlRpcClient::writeRequest: write error (Connection refused).
Error in XmlRpcDispatch::work: couldn't find source iterator
Error in XmlRpcClient::writeRequest: write error (Connection refused).
Error in XmlRpcDispatch::work: couldn't find source iterator
Error in XmlRpcClient::writeRequest: write error (Connection refused).
Error in XmlRpcDispatch::work: couldn't find source iterator
Error in XmlRpcClient::writeRequest: write error (Connection refused).
Error in XmlRpcDispatch::work: couldn't find source iterator
Error in XmlRpcClient::writeRequest: write error (Connection refused).
Error in XmlRpcDispatch::work: couldn't find source iterator
Error in XmlRpcClient::writeRequest: write error (Connection refused).
Error in XmlRpcDispatch::work: couldn't find source iterator
Error in XmlRpcClient::writeRequest: write error (Connection refused).
Error in XmlRpcDispatch::work: couldn't find source iterator
Error in XmlRpcClient::writeRequest: write error (Connection refused).
Error in XmlRpcDispatch::work: couldn't find source iterator
Error in XmlRpcClient::writeRequest: write error (Connection refused).
Error in XmlRpcDispatch::work: couldn't find source iterator
Error in XmlRpcClient::writeRequest: write error (Connection refused).
Error in XmlRpcDispatch::work: couldn't find source iterator
Error in XmlRpcClient::writeRequest: write error (Connection refused).
Error in XmlRpcDispatch::work: couldn't find source iterator
Error in XmlRpcClient::writeRequest: write error (Connection refused).
Error in XmlRpcClient::writeRequest: write error (Connection refused).
Error in XmlRpcDispatch::work: couldn't find source iterator
Error in XmlRpcDispatch::work: couldn't find source iterator
Error in XmlRpcClient::writeRequest: write error (Connection refused).
Error in XmlRpcDispatch::work: couldn't find source iterator
Error in XmlRpcClient::writeRequest: write error (Connection refused).
Error in XmlRpcDispatch::work: couldn't find source iterator
Error in XmlRpcClient::writeRequest: write error (Connection refused).
Error in XmlRpcDispatch::work: couldn't find source iterator
Error in XmlRpcClient::writeRequest: write error (Connection refused).
Error in XmlRpcDispatch::work: couldn't find source iterator
Error in XmlRpcClient::writeRequest: write error (Connection refused).
Error in XmlRpcDispatch::work: couldn't find source iterator
Error in XmlRpcClient::writeRequest: write error (Connection refused).
Error in XmlRpcDispatch::work: couldn't find source iterator
Error in XmlRpcClient::writeRequest: write error (Connection refused).
Error in XmlRpcDispatch::work: couldn't find source iterator
Error in XmlRpcClient::writeRequest: write error (Connection refused).
Error in XmlRpcDispatch::work: couldn't find source iterator
Error in XmlRpcClient::writeRequest: write error (Connection refused).
Error in XmlRpcDispatch::work: couldn't find source iterator
Error in XmlRpcClient::writeRequest: write error (Connection refused).
Error in XmlRpcDispatch::work: couldn't find source iterator
Error in XmlRpcClient::writeRequest: write error (Connection refused).
Error in XmlRpcDispatch::work: couldn't find source iterator
Error in XmlRpcClient::writeRequest: write error (Connection refused).
Error in XmlRpcDispatch::work: couldn't find source iterator
Error in XmlRpcClient::writeRequest: write error (Connection refused).
Error in XmlRpcDispatch::work: couldn't find source iterator
Error in XmlRpcClient::writeRequest: write error (Connection refused).
Error in XmlRpcDispatch::work: couldn't find source iterator
Error in XmlRpcClient::writeRequest: write error (Connection refused).
Error in XmlRpcDispatch::work: couldn't find source iterator
Error in XmlRpcClient::writeRequest: write error (Connection refused).
Error in XmlRpcDispatch::work: couldn't find source iterator
Error in XmlRpcClient::writeRequest: write error (Connection refused).
Error in XmlRpcClient::writeRequest: write error (Connection refused).
Error in XmlRpcDispatch::work: couldn't find source iterator
Error in XmlRpcDispatch::work: couldn't find source iterator
Error in XmlRpcClient::writeRequest: write error (Connection refused).
Error in XmlRpcClient::writeRequest: write error (Connection refused).
Error in XmlRpcDispatch::work: couldn't find source iterator
Error in XmlRpcDispatch::work: couldn't find source iterator
Error in XmlRpcClient::writeRequest: write error (Connection refused).
Error in XmlRpcDispatch::work: couldn't find source iterator
Error in XmlRpcClient::writeRequest: write error (Connection refused).
Error in XmlRpcDispatch::work: couldn't find source iterator
Error in XmlRpcClient::writeRequest: write error (Connection refused).
Error in XmlRpcDispatch::work: couldn't find source iterator
Error in XmlRpcClient::writeRequest: write error (Connection refused).
Error in XmlRpcDispatch::work: couldn't find source iterator
Error in XmlRpcClient::writeRequest: write error (Connection refused).
Error in XmlRpcDispatch::work: couldn't find source iterator
Error in XmlRpcClient::writeRequest: write error (Connection refused).
Error in XmlRpcDispatch::work: couldn't find source iterator
Error in XmlRpcClient::writeRequest: write error (Connection refused).
Error in XmlRpcDispatch::work: couldn't find source iterator
Error in XmlRpcClient::writeRequest: write error (Connection refused).
Error in XmlRpcDispatch::work: couldn't find source iterator
Error in XmlRpcClient::writeRequest: write error (Connection refused).
Error in XmlRpcDispatch::work: couldn't find source iterator
Error in XmlRpcClient::writeRequest: write error (Connection refused).
Error in XmlRpcDispatch::work: couldn't find source iterator
Error in XmlRpcClient::writeRequest: write error (Connection refused).
Error in XmlRpcDispatch::work: couldn't find source iterator
Error in XmlRpcClient::writeRequest: write error (Connection refused).
Error in XmlRpcDispatch::work: couldn't find source iterator
Error in XmlRpcClient::writeRequest: write error (Connection refused).
Error in XmlRpcDispatch::work: couldn't find source iterator
Error in XmlRpcClient::writeRequest: write error (Connection refused).
Error in XmlRpcDispatch::work: couldn't find source iterator
Error in XmlRpcClient::writeRequest: write error (Connection refused).
Error in XmlRpcDispatch::work: couldn't find source iterator
Error in XmlRpcClient::writeRequest: write error (Connection refused).
Error in XmlRpcDispatch::work: couldn't find source iterator
Error in XmlRpcClient::writeRequest: write error (Connection refused).
Error in XmlRpcDispatch::work: couldn't find source iterator
Error in XmlRpcClient::writeRequest: write error (Connection refused).
Error in XmlRpcDispatch::work: couldn't find source iterator
Error in XmlRpcClient::writeRequest: write error (Connection refused).
Error in XmlRpcDispatch::work: couldn't find source iterator
Error in XmlRpcClient::writeRequest: write error (Connection refused).
Error in XmlRpcDispatch::work: couldn't find source iterator
Error in XmlRpcClient::writeRequest: write error (Connection refused).
Error in XmlRpcDispatch::work: couldn't find source iterator
Error in XmlRpcClient::writeRequest: write error (Connection refused).
Error in XmlRpcDispatch::work: couldn't find source iterator
Error in XmlRpcClient::writeRequest: write error (Connection refused).
Error in XmlRpcDispatch::work: couldn't find source iterator
Error in XmlRpcClient::writeRequest: write error (Connection refused).
Error in XmlRpcDispatch::work: couldn't find source iterator
Error in XmlRpcClient::writeRequest: write error (Connection refused).
Error in XmlRpcDispatch::work: couldn't find source iterator
[INFO] [1774187884.063010, 0.000000]: Ground Truth Odom Publisher initialized
[INFO] [1774187884.039745, 0.000000]: Ground Truth Odom Publisher initialized
[31mWARNING: disk usage in log directory [/data/lzq/.ros/log] is over 1GB.
It's recommended that you use the 'rosclean' command.[0m
[31m================================================================================REQUIRED process [master] has died!
process has died [pid 139251, exit code -9, cmd rosmaster --core -p 11311 -w 3 __log:=/data/lzq/.ros/log/2497d2d4-25f7-11f1-9841-ef63e69f4ffa/master.log].
log file: /data/lzq/.ros/log/2497d2d4-25f7-11f1-9841-ef63e69f4ffa/master*.log
Initiating shutdown!
================================================================================[0m
[31m[rviz-16] escalating to SIGTERM[0m

auto-starting new master
[1mprocess[master]: started with pid [139251][0m
[1mROS_MASTER_URI=http://localhost:11311[0m
]2;/data/lzq/ros_motion_planning/src/sim_env/launch/main.launch http://localhost:11311
[1msetting /run_id to 2497d2d4-25f7-11f1-9841-ef63e69f4ffa[0m
[1mprocess[rosout-1]: started with pid [139261][0m
started core service [/rosout]
[1mprocess[gazebo-2]: started with pid [139268][0m
[1mprocess[map_server-3]: started with pid [139270][0m
[1mprocess[robot2/robot_state_publisher-4]: started with pid [139272][0m
[1mprocess[robot2/joint_state_publisher-5]: started with pid [139274][0m
[1mprocess[robot2/urdf_spawner-6]: started with pid [139276][0m
[1mprocess[robot2/tf_map2odom_node-7]: started with pid [139287][0m
[1mprocess[robot2/ground_truth_odom_publisher-8]: started with pid [139289][0m
[1mprocess[robot2/move_base-9]: started with pid [139290][0m
[1mprocess[robot1/robot_state_publisher-10]: started with pid [139291][0m
[1mprocess[robot1/joint_state_publisher-11]: started with pid [139292][0m
[1mprocess[robot1/urdf_spawner-12]: started with pid [139293][0m
[1mprocess[robot1/tf_map2odom_node-13]: started with pid [139304][0m
[1mprocess[robot1/ground_truth_odom_publisher-14]: started with pid [139338][0m
[1mprocess[robot1/move_base-15]: started with pid [139370][0m
[1mprocess[rviz-16]: started with pid [139372][0m
[1m[robot2/urdf_spawner-6] process has finished cleanly
log file: /data/lzq/.ros/log/2497d2d4-25f7-11f1-9841-ef63e69f4ffa/robot2-urdf_spawner-6*.log[0m
[1m[robot1/urdf_spawner-12] process has finished cleanly
log file: /data/lzq/.ros/log/2497d2d4-25f7-11f1-9841-ef63e69f4ffa/robot1-urdf_spawner-12*.log[0m
[rviz-16] killing on exit
[robot1/move_base-15] killing on exit
[robot1/ground_truth_odom_publisher-14] killing on exit
[robot1/joint_state_publisher-11] killing on exit
[robot1/tf_map2odom_node-13] killing on exit
[robot1/robot_state_publisher-10] killing on exit
[robot2/move_base-9] killing on exit
[robot2/ground_truth_odom_publisher-8] killing on exit
[robot2/tf_map2odom_node-7] killing on exit
[robot2/joint_state_publisher-5] killing on exit
[robot2/robot_state_publisher-4] killing on exit
[map_server-3] killing on exit
[gazebo-2] killing on exit
[rosout-1] killing on exit
[master] killing on exit
shutting down processing monitor...
... shutting down processing monitor complete
[1mdone[0m
