xacro: in-order processing became default in ROS Melodic. You can drop the option.
xacro: in-order processing became default in ROS Melodic. You can drop the option.
... logging to /data/lzq/.ros/log/7defe150-2688-11f1-959d-99ad9226bd72/roslaunch-lzq-492921.log
Checking log directory for disk usage. This may take a while.
Press Ctrl-C to interrupt
]2;/data/lzq/ros_motion_planning/src/sim_env/launch/main.launch
[1mstarted roslaunch server http://lzq:43621/[0m

SUMMARY
========

PARAMETERS
 * /gazebo/enable_ros_network: True
 * /robot1/move_base/PIDController/base_frame: base_link
 * /robot1/move_base/PIDController/convert_offset: 0.0
 * /robot1/move_base/PIDController/goal_dist_tolerance: 0.2
 * /robot1/move_base/PIDController/k: 1.0
 * /robot1/move_base/PIDController/k_theta: 0.7
 * /robot1/move_base/PIDController/k_v_d: 0.1
 * /robot1/move_base/PIDController/k_v_i: 0.1
 * /robot1/move_base/PIDController/k_v_p: 1.0
 * /robot1/move_base/PIDController/k_w_d: 0.1
 * /robot1/move_base/PIDController/k_w_i: 0.1
 * /robot1/move_base/PIDController/k_w_p: 1.0
 * /robot1/move_base/PIDController/l: 0.2
 * /robot1/move_base/PIDController/lookahead_time: 0.5
 * /robot1/move_base/PIDController/map_frame: map
 * /robot1/move_base/PIDController/max_lookahead_dist: 0.9
 * /robot1/move_base/PIDController/max_v: 0.5
 * /robot1/move_base/PIDController/max_v_inc: 0.5
 * /robot1/move_base/PIDController/max_w: 1.57
 * /robot1/move_base/PIDController/max_w_inc: 1.57
 * /robot1/move_base/PIDController/min_lookahead_dist: 0.3
 * /robot1/move_base/PIDController/min_v: 0.0
 * /robot1/move_base/PIDController/min_w: 0.0
 * /robot1/move_base/PIDController/rotate_tolerance: 0.5
 * /robot1/move_base/PathPlanner/convert_offset: 0.0
 * /robot1/move_base/PathPlanner/default_tolerance: 0.0
 * /robot1/move_base/PathPlanner/expand_zone: True
 * /robot1/move_base/PathPlanner/hybrid_astar/analytic_expansion_max_length: 5.0
 * /robot1/move_base/PathPlanner/hybrid_astar/analytic_expansion_ratio: 1.5
 * /robot1/move_base/PathPlanner/hybrid_astar/cache_obstacle_heuristic: False
 * /robot1/move_base/PathPlanner/hybrid_astar/change_penalty: 0.4
 * /robot1/move_base/PathPlanner/hybrid_astar/cost_penalty: 2.0
 * /robot1/move_base/PathPlanner/hybrid_astar/curve_sample_ratio: 0.15
 * /robot1/move_base/PathPlanner/hybrid_astar/dim_3_size: 32
 * /robot1/move_base/PathPlanner/hybrid_astar/downsample_obstacle_heuristic: True
 * /robot1/move_base/PathPlanner/hybrid_astar/goal_tolerance: 0.2
 * /robot1/move_base/PathPlanner/hybrid_astar/lookup_table_dim: 20.0
 * /robot1/move_base/PathPlanner/hybrid_astar/max_approach_iterations: 500
 * /robot1/move_base/PathPlanner/hybrid_astar/max_iterations: 20000
 * /robot1/move_base/PathPlanner/hybrid_astar/minimum_turning_radius: 0.3
 * /robot1/move_base/PathPlanner/hybrid_astar/motion_model: 2
 * /robot1/move_base/PathPlanner/hybrid_astar/non_straight_penalty: 1.5
 * /robot1/move_base/PathPlanner/hybrid_astar/retrospective_penalty: 0.025
 * /robot1/move_base/PathPlanner/hybrid_astar/reverse_penalty: 2.5
 * /robot1/move_base/PathPlanner/hybrid_astar/traverse_unknown: False
 * /robot1/move_base/PathPlanner/obstacle_factor: 0.5
 * /robot1/move_base/PathPlanner/outline_map: True
 * /robot1/move_base/PathPlanner/planner_name: theta_star
 * /robot1/move_base/PathPlanner/show_safety_corridor: False
 * /robot1/move_base/base_global_planner: path_planner/Path...
 * /robot1/move_base/base_local_planner: pid_controller/PI...
 * /robot1/move_base/conservative_reset_dist: 3.0
 * /robot1/move_base/controller_frequency: 20.0
 * /robot1/move_base/controller_patience: 15.0
 * /robot1/move_base/global_costmap/footprint: [[-0.21, -0.165],...
 * /robot1/move_base/global_costmap/footprint_padding: 0.1
 * /robot1/move_base/global_costmap/global_frame: map
 * /robot1/move_base/global_costmap/inflation_layer/cost_scaling_factor: 5
 * /robot1/move_base/global_costmap/inflation_layer/enabled: True
 * /robot1/move_base/global_costmap/inflation_layer/inflation_radius: 0.2
 * /robot1/move_base/global_costmap/map_type: costmap
 * /robot1/move_base/global_costmap/meter_scoring: True
 * /robot1/move_base/global_costmap/obstacle_layer/observation_sources: scan
 * /robot1/move_base/global_costmap/obstacle_layer/scan/clearing: True
 * /robot1/move_base/global_costmap/obstacle_layer/scan/data_type: LaserScan
 * /robot1/move_base/global_costmap/obstacle_layer/scan/expected_update_rate: 1
 * /robot1/move_base/global_costmap/obstacle_layer/scan/inf_is_valid: True
 * /robot1/move_base/global_costmap/obstacle_layer/scan/marking: True
 * /robot1/move_base/global_costmap/obstacle_layer/scan/max_obstacle_height: 0.2
 * /robot1/move_base/global_costmap/obstacle_layer/scan/min_obstacle_height: 0.0
 * /robot1/move_base/global_costmap/obstacle_layer/scan/observation_persistence: 0.0
 * /robot1/move_base/global_costmap/obstacle_layer/scan/obstacle_range: 2.5
 * /robot1/move_base/global_costmap/obstacle_layer/scan/raytrace_range: 3.0
 * /robot1/move_base/global_costmap/obstacle_layer/scan/sensor_frame: robot1/base_footp...
 * /robot1/move_base/global_costmap/obstacle_layer/scan/topic: /robot1/scan
 * /robot1/move_base/global_costmap/origin_z: 0.0
 * /robot1/move_base/global_costmap/plugins: [{'name': 'static...
 * /robot1/move_base/global_costmap/publish_frequency: 0.5
 * /robot1/move_base/global_costmap/publish_voxel_map: False
 * /robot1/move_base/global_costmap/robot_base_frame: robot1/base_footp...
 * /robot1/move_base/global_costmap/scan/sensor_frame: robot1/base_scan
 * /robot1/move_base/global_costmap/scan/topic: /robot1/scan
 * /robot1/move_base/global_costmap/static_map/clear_time: 20
 * /robot1/move_base/global_costmap/static_map/enabled: True
 * /robot1/move_base/global_costmap/static_map/publish_static_map: True
 * /robot1/move_base/global_costmap/transform_tolerance: 0.2
 * /robot1/move_base/global_costmap/update_frequency: 1.0
 * /robot1/move_base/global_costmap/z_resolution: 1
 * /robot1/move_base/global_costmap/z_voxels: 2
 * /robot1/move_base/local_costmap/global_frame: robot1/odom
 * /robot1/move_base/local_costmap/height: 3
 * /robot1/move_base/local_costmap/inflation_radius: 0.2
 * /robot1/move_base/local_costmap/plugins: [{'name': 'obstac...
 * /robot1/move_base/local_costmap/publish_frequency: 0.5
 * /robot1/move_base/local_costmap/resolution: 0.05
 * /robot1/move_base/local_costmap/robot_base_frame: robot1/base_footp...
 * /robot1/move_base/local_costmap/rolling_window: True
 * /robot1/move_base/local_costmap/scan/sensor_frame: robot1/base_scan
 * /robot1/move_base/local_costmap/scan/topic: /robot1/scan
 * /robot1/move_base/local_costmap/static_map: False
 * /robot1/move_base/local_costmap/transform_tolerance: 1.0
 * /robot1/move_base/local_costmap/update_frequency: 1.0
 * /robot1/move_base/local_costmap/width: 3
 * /robot1/move_base/oscillation_distance: 0.2
 * /robot1/move_base/oscillation_timeout: 10.0
 * /robot1/move_base/planner_frequency: 2
 * /robot1/move_base/planner_patience: 5.0
 * /robot1/move_base/shutdown_costmaps: False
 * /robot1/move_base/transform_tolerance: 2.0
 * /robot1/robot_description: <?xml version="1....
 * /robot1/tf_map2odom_node/odom_frame_id: robot1/odom
 * /robot1/tf_prefix: robot1
 * /robot2/move_base/PIDController/base_frame: base_link
 * /robot2/move_base/PIDController/convert_offset: 0.0
 * /robot2/move_base/PIDController/goal_dist_tolerance: 0.2
 * /robot2/move_base/PIDController/k: 1.0
 * /robot2/move_base/PIDController/k_theta: 0.7
 * /robot2/move_base/PIDController/k_v_d: 0.1
 * /robot2/move_base/PIDController/k_v_i: 0.1
 * /robot2/move_base/PIDController/k_v_p: 1.0
 * /robot2/move_base/PIDController/k_w_d: 0.1
 * /robot2/move_base/PIDController/k_w_i: 0.1
 * /robot2/move_base/PIDController/k_w_p: 1.0
 * /robot2/move_base/PIDController/l: 0.2
 * /robot2/move_base/PIDController/lookahead_time: 0.5
 * /robot2/move_base/PIDController/map_frame: map
 * /robot2/move_base/PIDController/max_lookahead_dist: 0.9
 * /robot2/move_base/PIDController/max_v: 0.5
 * /robot2/move_base/PIDController/max_v_inc: 0.5
 * /robot2/move_base/PIDController/max_w: 1.57
 * /robot2/move_base/PIDController/max_w_inc: 1.57
 * /robot2/move_base/PIDController/min_lookahead_dist: 0.3
 * /robot2/move_base/PIDController/min_v: 0.0
 * /robot2/move_base/PIDController/min_w: 0.0
 * /robot2/move_base/PIDController/rotate_tolerance: 0.5
 * /robot2/move_base/PathPlanner/convert_offset: 0.0
 * /robot2/move_base/PathPlanner/default_tolerance: 0.0
 * /robot2/move_base/PathPlanner/expand_zone: True
 * /robot2/move_base/PathPlanner/hybrid_astar/analytic_expansion_max_length: 5.0
 * /robot2/move_base/PathPlanner/hybrid_astar/analytic_expansion_ratio: 1.5
 * /robot2/move_base/PathPlanner/hybrid_astar/cache_obstacle_heuristic: False
 * /robot2/move_base/PathPlanner/hybrid_astar/change_penalty: 0.4
 * /robot2/move_base/PathPlanner/hybrid_astar/cost_penalty: 2.0
 * /robot2/move_base/PathPlanner/hybrid_astar/curve_sample_ratio: 0.15
 * /robot2/move_base/PathPlanner/hybrid_astar/dim_3_size: 32
 * /robot2/move_base/PathPlanner/hybrid_astar/downsample_obstacle_heuristic: True
 * /robot2/move_base/PathPlanner/hybrid_astar/goal_tolerance: 0.2
 * /robot2/move_base/PathPlanner/hybrid_astar/lookup_table_dim: 20.0
 * /robot2/move_base/PathPlanner/hybrid_astar/max_approach_iterations: 500
 * /robot2/move_base/PathPlanner/hybrid_astar/max_iterations: 20000
 * /robot2/move_base/PathPlanner/hybrid_astar/minimum_turning_radius: 0.3
 * /robot2/move_base/PathPlanner/hybrid_astar/motion_model: 2
 * /robot2/move_base/PathPlanner/hybrid_astar/non_straight_penalty: 1.5
 * /robot2/move_base/PathPlanner/hybrid_astar/retrospective_penalty: 0.025
 * /robot2/move_base/PathPlanner/hybrid_astar/reverse_penalty: 2.5
 * /robot2/move_base/PathPlanner/hybrid_astar/traverse_unknown: False
 * /robot2/move_base/PathPlanner/obstacle_factor: 0.5
 * /robot2/move_base/PathPlanner/outline_map: True
 * /robot2/move_base/PathPlanner/planner_name: theta_star
 * /robot2/move_base/PathPlanner/show_safety_corridor: False
 * /robot2/move_base/base_global_planner: path_planner/Path...
 * /robot2/move_base/base_local_planner: pid_controller/PI...
 * /robot2/move_base/conservative_reset_dist: 3.0
 * /robot2/move_base/controller_frequency: 20.0
 * /robot2/move_base/controller_patience: 15.0
 * /robot2/move_base/global_costmap/footprint: [[-0.21, -0.165],...
 * /robot2/move_base/global_costmap/footprint_padding: 0.1
 * /robot2/move_base/global_costmap/global_frame: map
 * /robot2/move_base/global_costmap/inflation_layer/cost_scaling_factor: 5
 * /robot2/move_base/global_costmap/inflation_layer/enabled: True
 * /robot2/move_base/global_costmap/inflation_layer/inflation_radius: 0.2
 * /robot2/move_base/global_costmap/map_type: costmap
 * /robot2/move_base/global_costmap/meter_scoring: True
 * /robot2/move_base/global_costmap/obstacle_layer/observation_sources: scan
 * /robot2/move_base/global_costmap/obstacle_layer/scan/clearing: True
 * /robot2/move_base/global_costmap/obstacle_layer/scan/data_type: LaserScan
 * /robot2/move_base/global_costmap/obstacle_layer/scan/expected_update_rate: 1
 * /robot2/move_base/global_costmap/obstacle_layer/scan/inf_is_valid: True
 * /robot2/move_base/global_costmap/obstacle_layer/scan/marking: True
 * /robot2/move_base/global_costmap/obstacle_layer/scan/max_obstacle_height: 0.2
 * /robot2/move_base/global_costmap/obstacle_layer/scan/min_obstacle_height: 0.0
 * /robot2/move_base/global_costmap/obstacle_layer/scan/observation_persistence: 0.0
 * /robot2/move_base/global_costmap/obstacle_layer/scan/obstacle_range: 2.5
 * /robot2/move_base/global_costmap/obstacle_layer/scan/raytrace_range: 3.0
 * /robot2/move_base/global_costmap/obstacle_layer/scan/sensor_frame: robot2/base_footp...
 * /robot2/move_base/global_costmap/obstacle_layer/scan/topic: /robot2/scan
 * /robot2/move_base/global_costmap/origin_z: 0.0
 * /robot2/move_base/global_costmap/plugins: [{'name': 'static...
 * /robot2/move_base/global_costmap/publish_frequency: 0.5
 * /robot2/move_base/global_costmap/publish_voxel_map: False
 * /robot2/move_base/global_costmap/robot_base_frame: robot2/base_footp...
 * /robot2/move_base/global_costmap/scan/sensor_frame: robot2/base_scan
 * /robot2/move_base/global_costmap/scan/topic: /robot2/scan
 * /robot2/move_base/global_costmap/static_map/clear_time: 20
 * /robot2/move_base/global_costmap/static_map/enabled: True
 * /robot2/move_base/global_costmap/static_map/publish_static_map: True
 * /robot2/move_base/global_costmap/transform_tolerance: 0.2
 * /robot2/move_base/global_costmap/update_frequency: 1.0
 * /robot2/move_base/global_costmap/z_resolution: 1
 * /robot2/move_base/global_costmap/z_voxels: 2
 * /robot2/move_base/local_costmap/global_frame: robot2/odom
 * /robot2/move_base/local_costmap/height: 3
 * /robot2/move_base/local_costmap/inflation_radius: 0.2
 * /robot2/move_base/local_costmap/plugins: [{'name': 'obstac...
 * /robot2/move_base/local_costmap/publish_frequency: 0.5
 * /robot2/move_base/local_costmap/resolution: 0.05
 * /robot2/move_base/local_costmap/robot_base_frame: robot2/base_footp...
 * /robot2/move_base/local_costmap/rolling_window: True
 * /robot2/move_base/local_costmap/scan/sensor_frame: robot2/base_scan
 * /robot2/move_base/local_costmap/scan/topic: /robot2/scan
 * /robot2/move_base/local_costmap/static_map: False
 * /robot2/move_base/local_costmap/transform_tolerance: 1.0
 * /robot2/move_base/local_costmap/update_frequency: 1.0
 * /robot2/move_base/local_costmap/width: 3
 * /robot2/move_base/oscillation_distance: 0.2
 * /robot2/move_base/oscillation_timeout: 10.0
 * /robot2/move_base/planner_frequency: 2
 * /robot2/move_base/planner_patience: 5.0
 * /robot2/move_base/shutdown_costmaps: False
 * /robot2/move_base/transform_tolerance: 2.0
 * /robot2/robot_description: <?xml version="1....
 * /robot2/tf_map2odom_node/odom_frame_id: robot2/odom
 * /robot2/tf_prefix: robot2
 * /rosdistro: noetic
 * /rosversion: 1.17.4
 * /use_sim_time: True

NODES
  /
    gazebo (gazebo_ros/gzserver)
    map_server (map_server/map_server)
    rviz (rviz/rviz)
  /robot1/
    ground_truth_odom_publisher (sim_env/ground_truth_odom_publisher.py)
    joint_state_publisher (joint_state_publisher/joint_state_publisher)
    move_base (move_base/move_base)
    robot_state_publisher (robot_state_publisher/robot_state_publisher)
    tf_map2odom_node (sim_env/tf_map2odom.py)
    urdf_spawner (gazebo_ros/spawn_model)
  /robot2/
    ground_truth_odom_publisher (sim_env/ground_truth_odom_publisher.py)
    joint_state_publisher (joint_state_publisher/joint_state_publisher)
    move_base (move_base/move_base)
    robot_state_publisher (robot_state_publisher/robot_state_publisher)
    tf_map2odom_node (sim_env/tf_map2odom.py)
    urdf_spawner (gazebo_ros/spawn_model)
[33m[WARN] [1774250310.635174825]: link 'base_scan' material 'dark' undefined.[0m
[33m[WARN] [1774250310.635534571]: link 'base_scan' material 'dark' undefined.[0m
[33m[WARN] [1774250310.635713851]: The root link base_footprint has an inertia specified in the URDF, but KDL does not support a root link with an inertia.  As a workaround, you can add an extra dummy link to your URDF.[0m
[33m[WARN] [1774250310.667474772]: link 'base_scan' material 'dark' undefined.[0m
[33m[WARN] [1774250310.667965119]: link 'base_scan' material 'dark' undefined.[0m
[33m[WARN] [1774250310.668196638]: The root link base_footprint has an inertia specified in the URDF, but KDL does not support a root link with an inertia.  As a workaround, you can add an extra dummy link to your URDF.[0m
[33m[WARN] [1774250311.665529497]: link 'base_scan' material 'dark' undefined.[0m
[33m[WARN] [1774250311.665554429]: link 'base_scan' material 'dark' undefined.[0m
Warning: Warning: TF_REPEATED_DATA ignoring data with redundant timestamp for frame robot2/odom (parent map) at time 83.350000 according to authority unknown_publisherTF_REPEATED_DATA ignoring data with redundant timestamp for frame robot2/odom (parent map) at time 83.350000 according to authority unknown_publisher

         at line [33m[WARN] [1774250311.935558487]: TF_REPEATED_DATA ignoring data with redundant timestamp for frame robot2/odom (parent map) at time 83.350000 according to authority unknown_publisher[0m
         at line 277277 in  in /tmp/binarydeb/ros-noetic-tf2-0.7.10/src/buffer_core.cpp/tmp/binarydeb/ros-noetic-tf2-0.7.10/src/buffer_core.cpp

Warning: TF_REPEATED_DATA ignoring data with redundant timestamp for frame robot1/odom (parent map) at time 83.352000 according to authority unknown_publisher
         at line 277 in /tmp/binarydeb/ros-noetic-tf2-0.7.10/src/buffer_core.cpp
Warning: TF_REPEATED_DATA ignoring data with redundant timestamp for frame robot1/odom (parent map) at time 83.352000 according to authority unknown_publisher
         at line 277 in [33m[WARN] [1774250311.936454883]: TF_REPEATED_DATA ignoring data with redundant timestamp for frame robot1/odom (parent map) at time 83.352000 according to authority unknown_publisher[0m
/tmp/binarydeb/ros-noetic-tf2-0.7.10/src/buffer_core.cpp
[33m[WARN] [1774250312.122424466, 83.670000000]: Timed out waiting for transform from robot2/base_footprint to map to become available before running costmap, tf error: Could not find a connection between 'map' and 'robot2/base_footprint' because they are not part of the same tree.Tf has two or more unconnected trees.. canTransform returned after 83.67 timeout was 0.1.[0m
[33m[WARN] [1774250312.123374290, 83.672000000]: Timed out waiting for transform from robot1/base_footprint to map to become available before running costmap, tf error: canTransform: source_frame robot1/base_footprint does not exist.. canTransform returned after 83.672 timeout was 0.1.[0m
[33m[WARN] [1774250312.341602270, 83.920000000]: link 'base_scan' material 'dark' undefined.[0m
[33m[WARN] [1774250312.341631952, 83.920000000]: link 'base_scan' material 'dark' undefined.[0m
[INFO] [1774250310.959296, 0.000000]: Loading model XML from ros parameter robot_description
[INFO] [1774250310.962361, 0.000000]: Waiting for service /gazebo/spawn_urdf_model
[INFO] [1774250312.166553, 83.758000]: Calling service /gazebo/spawn_urdf_model
[INFO] [1774250313.862586, 83.920000]: Spawn status: SpawnModel: Successfully spawned entity
[33m[WARN] [1774250314.074113197, 83.920000000]: GazeboRosSkidSteerDrive Plugin (ns = /robot1//) missing <covariance_x>, defaults to 0.000100[0m
[33m[WARN] [1774250314.074145254, 83.920000000]: GazeboRosSkidSteerDrive Plugin (ns = /robot1//) missing <covariance_y>, defaults to 0.000100[0m
[33m[WARN] [1774250314.074154752, 83.920000000]: GazeboRosSkidSteerDrive Plugin (ns = /robot1//) missing <covariance_yaw>, defaults to 0.010000[0m
[INFO] [1774250310.959434, 0.000000]: Loading model XML from ros parameter robot_description
[INFO] [1774250310.962743, 0.000000]: Waiting for service /gazebo/spawn_urdf_model
[INFO] [1774250312.166679, 83.758000]: Calling service /gazebo/spawn_urdf_model
[INFO] [1774250314.364162, 84.320000]: Spawn status: SpawnModel: Successfully spawned entity
[33m[WARN] [1774250315.065290162, 84.320000000]: GazeboRosSkidSteerDrive Plugin (ns = /robot2//) missing <covariance_x>, defaults to 0.000100[0m
[33m[WARN] [1774250315.065316282, 84.320000000]: GazeboRosSkidSteerDrive Plugin (ns = /robot2//) missing <covariance_y>, defaults to 0.000100[0m
[33m[WARN] [1774250315.065329342, 84.320000000]: GazeboRosSkidSteerDrive Plugin (ns = /robot2//) missing <covariance_yaw>, defaults to 0.010000[0m
[33m[WARN] [1774250315.067512750, 84.322000000]: global_costmap: Pre-Hydro parameter "static_map" unused since "plugins" is provided[0m
[33m[WARN] [1774250315.067665909, 84.324000000]: global_costmap: Pre-Hydro parameter "map_type" unused since "plugins" is provided[0m
[33m[WARN] [1774250315.118222668, 84.424000000]: global_costmap: Pre-Hydro parameter "static_map" unused since "plugins" is provided[0m
[33m[WARN] [1774250315.118366329, 84.424000000]: global_costmap: Pre-Hydro parameter "map_type" unused since "plugins" is provided[0m
WARNING: Logging before InitGoogleLogging() is written to STDERR
I20260323 15:18:35.361363 492981 path_planner_factory.cpp:308] Using path planner: theta_star
WARNING: Logging before InitGoogleLogging() is written to STDERR
I20260323 15:18:35.361409 493009 path_planner_factory.cpp:308] Using path planner: theta_star
[33m[WARN] [1774250315.365369258, 84.918000000]: local_costmap: Pre-Hydro parameter "static_map" unused since "plugins" is provided[0m
[33m[WARN] [1774250315.365439308, 84.918000000]: local_costmap: Pre-Hydro parameter "static_map" unused since "plugins" is provided[0m
[33m[WARN] [1774250315.854743538, 85.896000000]: The /robot2/scan observation buffer has not been updated for 1.04 seconds, and it should be updated every 1.00 seconds.[0m
[33m[WARN] [1774250315.854951312, 85.896000000]: The /robot1/scan observation buffer has not been updated for 1.04 seconds, and it should be updated every 1.00 seconds.[0m
[0m[INFO] [1774250315.067922361, 84.324000000]: global_costmap: Using plugin "static_map"[0m
[0m[INFO] [1774250315.071094774, 84.330000000]: Requesting the map...[0m
[0m[INFO] [1774250315.272178460, 84.730000000]: Resizing costmap to 480 X 480 at 0.050000 m/pix[0m
[0m[INFO] [1774250315.321834073, 84.830000000]: Received a 480 X 480 map at 0.050000 m/pix[0m
[0m[INFO] [1774250315.324620620, 84.836000000]: global_costmap: Using plugin "obstacle_layer"[0m
[0m[INFO] [1774250315.326802840, 84.840000000]:     Subscribed to Topics: scan[0m
[0m[INFO] [1774250315.338298086, 84.864000000]: global_costmap: Using plugin "voronoi_layer"[0m
[0m[INFO] [1774250315.340698766, 84.868000000]: global_costmap: Using plugin "inflation_layer"[0m
[0m[INFO] [1774250315.365922531, 84.918000000]: local_costmap: Using plugin "obstacle_layer"[0m
[0m[INFO] [1774250315.367114560, 84.920000000]:     Subscribed to Topics: [0m
[0m[INFO] [1774250315.371412514, 84.930000000]: local_costmap: Using plugin "inflation_layer"[0m
[0m[INFO] [1774250315.390486168, 84.968000000]: Created local_planner pid_controller/PIDController[0m
[0m[INFO] [1774250315.399749327, 84.986000000]: PID Controller initialized![0m
[0m[INFO] [1774250315.892380315, 85.972000000]: Recovery behavior will clear layer 'obstacles'[0m
[0m[INFO] [1774250315.895343766, 85.978000000]: Recovery behavior will clear layer 'obstacles'[0m
[0m[INFO] [1774250315.913701490, 86.012000000]: odom received![0m
[0m[INFO] [1774250321.752485644, 97.648000000]: Got new plan[0m
[0m[INFO] [1774250322.034448112, 98.148000000]: Got new plan[0m
[0m[INFO] [1774250322.306822113, 98.648000000]: Got new plan[0m
[0m[INFO] [1774250322.573932901, 99.148000000]: Got new plan[0m
[0m[INFO] [1774250322.847598664, 99.648000000]: Got new plan[0m
[0m[INFO] [1774250323.122126397, 100.148000000]: Got new plan[0m
[0m[INFO] [1774250323.395667508, 100.648000000]: Got new plan[0m
[0m[INFO] [1774250323.665883046, 101.148000000]: Got new plan[0m
[0m[INFO] [1774250323.941311932, 101.648000000]: Got new plan[0m
[0m[INFO] [1774250324.214539610, 102.148000000]: Got new plan[0m
[0m[INFO] [1774250324.490113357, 102.648000000]: Got new plan[0m
[0m[INFO] [1774250324.769957752, 103.148000000]: Got new plan[0m
[0m[INFO] [1774250325.043190183, 103.650000000]: Got new plan[0m
[0m[INFO] [1774250325.268488546, 104.048000000]: Got new plan[0m
[0m[INFO] [1774250325.551158681, 104.548000000]: Got new plan[0m
[0m[INFO] [1774250325.575734201, 104.598000000]: Got new plan[0m
[0m[INFO] [1774250325.849258714, 105.100000000]: Got new plan[0m
[0m[INFO] [1774250326.126733315, 105.598000000]: Got new plan[0m
[0m[INFO] [1774250326.398665696, 106.098000000]: Got new plan[0m
[0m[INFO] [1774250326.666399853, 106.598000000]: Got new plan[0m
[0m[INFO] [1774250326.940541763, 107.100000000]: Got new plan[0m
[0m[INFO] [1774250327.214729987, 107.598000000]: Got new plan[0m
[0m[INFO] [1774250327.489256589, 108.100000000]: Got new plan[0m
[0m[INFO] [1774250327.762555542, 108.598000000]: Got new plan[0m
[0m[INFO] [1774250328.031304837, 109.098000000]: Got new plan[0m
[0m[INFO] [1774250328.306302801, 109.598000000]: Got new plan[0m
[0m[INFO] [1774250328.579118543, 110.098000000]: Got new plan[0m
[0m[INFO] [1774250328.827422874, 110.548000000]: Got new plan[0m
[0m[INFO] [1774250329.102715288, 111.050000000]: Got new plan[0m
[0m[INFO] [1774250329.375542915, 111.548000000]: Got new plan[0m
[0m[INFO] [1774250329.650844835, 112.048000000]: Got new plan[0m
[0m[INFO] [1774250329.917907026, 112.548000000]: Got new plan[0m
[0m[INFO] [1774250330.190263311, 113.050000000]: Got new plan[0m
[0m[INFO] [1774250330.459437686, 113.548000000]: Got new plan[0m
[0m[INFO] [1774250330.731780914, 114.048000000]: Got new plan[0m
[0m[INFO] [1774250330.998565293, 114.548000000]: Got new plan[0m
[0m[INFO] [1774250331.276155127, 115.048000000]: Got new plan[0m
[0m[INFO] [1774250331.547581786, 115.548000000]: Got new plan[0m
[0m[INFO] [1774250331.820259839, 116.050000000]: Got new plan[0m
[0m[INFO] [1774250332.093432993, 116.548000000]: Got new plan[0m
[0m[INFO] [1774250332.363506163, 117.048000000]: Got new plan[0m
[0m[INFO] [1774250332.637726506, 117.548000000]: Got new plan[0m
[0m[INFO] [1774250332.908037133, 118.048000000]: Got new plan[0m
[0m[INFO] [1774250333.180685523, 118.550000000]: Got new plan[0m
[0m[INFO] [1774250333.450789575, 119.048000000]: Got new plan[0m
[0m[INFO] [1774250333.718618796, 119.548000000]: Got new plan[0m
[0m[INFO] [1774250334.002308904, 120.048000000]: Got new plan[0m
[0m[INFO] [1774250334.272379723, 120.548000000]: Got new plan[0m
[0m[INFO] [1774250334.551865682, 121.048000000]: Got new plan[0m
[0m[INFO] [1774250334.819938307, 121.548000000]: Got new plan[0m
[0m[INFO] [1774250335.092065501, 122.048000000]: Got new plan[0m
[0m[INFO] [1774250335.365489214, 122.548000000]: Got new plan[0m
[0m[INFO] [1774250335.639869875, 123.048000000]: Got new plan[0m
[0m[INFO] [1774250335.916309282, 123.550000000]: Got new plan[0m
[0m[INFO] [1774250336.188317764, 124.048000000]: Got new plan[0m
[0m[INFO] [1774250336.467859548, 124.548000000]: Got new plan[0m
[0m[INFO] [1774250336.744234854, 125.048000000]: Got new plan[0m
[0m[INFO] [1774250337.018204728, 125.550000000]: Got new plan[0m
[0m[INFO] [1774250337.289557846, 126.048000000]: Got new plan[0m
[0m[INFO] [1774250337.567268855, 126.548000000]: Got new plan[0m
[0m[INFO] [1774250337.850266827, 127.050000000]: Got new plan[0m
[0m[INFO] [1774250338.129434635, 127.548000000]: Got new plan[0m
[0m[INFO] [1774250338.413427561, 128.048000000]: Got new plan[0m
[0m[INFO] [1774250338.692151333, 128.548000000]: Got new plan[0m
[0m[INFO] [1774250338.965743675, 129.048000000]: Got new plan[0m
[0m[INFO] [1774250339.240423577, 129.548000000]: Got new plan[0m
[0m[INFO] [1774250339.510608433, 130.048000000]: Got new plan[0m
[0m[INFO] [1774250339.789250294, 130.548000000]: Got new plan[0m
[0m[INFO] [1774250340.065874967, 131.048000000]: Got new plan[0m
[0m[INFO] [1774250340.338486638, 131.548000000]: Got new plan[0m
[0m[INFO] [1774250340.615344027, 132.048000000]: Got new plan[0m
[0m[INFO] [1774250340.888970824, 132.548000000]: Got new plan[0m
[0m[INFO] [1774250341.165488658, 133.048000000]: Got new plan[0m
[0m[INFO] [1774250341.437859322, 133.548000000]: Got new plan[0m
[0m[INFO] [1774250341.711323473, 134.048000000]: Got new plan[0m
[0m[INFO] [1774250341.982801302, 134.548000000]: Got new plan[0m
[0m[INFO] [1774250342.267860454, 135.048000000]: Got new plan[0m
[0m[INFO] [1774250342.544643068, 135.548000000]: Got new plan[0m
[0m[INFO] [1774250342.828499505, 136.048000000]: Got new plan[0m
[0m[INFO] [1774250343.107148530, 136.548000000]: Got new plan[0m
[0m[INFO] [1774250343.381910403, 137.048000000]: Got new plan[0m
[0m[INFO] [1774250343.657522369, 137.548000000]: Got new plan[0m
[0m[INFO] [1774250343.933199636, 138.048000000]: Got new plan[0m
[0m[INFO] [1774250344.211998274, 138.550000000]: Got new plan[0m
[0m[INFO] [1774250344.483260053, 139.048000000]: Got new plan[0m
[0m[INFO] [1774250344.761043568, 139.548000000]: Got new plan[0m
[0m[INFO] [1774250345.039344741, 140.048000000]: Got new plan[0m
[0m[INFO] [1774250345.318206320, 140.548000000]: Got new plan[0m
[0m[INFO] [1774250345.589377876, 141.048000000]: Got new plan[0m
[0m[INFO] [1774250345.864759533, 141.548000000]: Got new plan[0m
[0m[INFO] [1774250346.142133455, 142.048000000]: Got new plan[0m
[0m[INFO] [1774250346.418811635, 142.548000000]: Got new plan[0m
[0m[INFO] [1774250346.646450334, 142.948000000]: Got new plan[0m
[0m[INFO] [1774250346.917944842, 143.448000000]: Got new plan[0m
[0m[INFO] [1774250347.188051426, 143.948000000]: Got new plan[0m
[0m[INFO] [1774250347.466983079, 144.450000000]: Got new plan[0m
[0m[INFO] [1774250347.737255886, 144.948000000]: Got new plan[0m
[0m[INFO] [1774250348.009557758, 145.448000000]: Got new plan[0m
[0m[INFO] [1774250348.284162967, 145.948000000]: Got new plan[0m
[0m[INFO] [1774250348.562067633, 146.448000000]: Got new plan[0m
[0m[INFO] [1774250348.835337150, 146.948000000]: Got new plan[0m
[0m[INFO] [1774250349.109845007, 147.448000000]: Got new plan[0m
[0m[INFO] [1774250349.382329743, 147.950000000]: Got new plan[0m
[0m[INFO] [1774250349.497207568, 148.148000000]: Got new plan[0m
[0m[INFO] [1774250349.771815164, 148.648000000]: Got new plan[0m
[0m[INFO] [1774250350.050922560, 149.148000000]: Got new plan[0m
[0m[INFO] [1774250350.318977558, 149.648000000]: Got new plan[0m
[0m[INFO] [1774250350.594188304, 150.148000000]: Got new plan[0m
[0m[INFO] [1774250350.871605020, 150.648000000]: Got new plan[0m
[0m[INFO] [1774250351.148070730, 151.148000000]: Got new plan[0m
[0m[INFO] [1774250351.424547130, 151.648000000]: Got new plan[0m
[0m[INFO] [1774250351.696660269, 152.148000000]: Got new plan[0m
[0m[INFO] [1774250351.970782290, 152.648000000]: Got new plan[0m
[0m[INFO] [1774250352.243255186, 153.148000000]: Got new plan[0m
[0m[INFO] [1774250352.521861581, 153.648000000]: Got new plan[0m
[0m[INFO] [1774250352.795456460, 154.150000000]: Got new plan[0m
[0m[INFO] [1774250353.073085726, 154.648000000]: Got new plan[0m
[0m[INFO] [1774250353.347600759, 155.148000000]: Got new plan[0m
[0m[INFO] [1774250353.623211654, 155.650000000]: Got new plan[0m
[0m[INFO] [1774250353.899897039, 156.148000000]: Got new plan[0m
[0m[INFO] [1774250354.125588667, 156.548000000]: Got new plan[0m
[0m[INFO] [1774250354.401328987, 157.050000000]: Got new plan[0m
[0m[INFO] [1774250354.676872218, 157.548000000]: Got new plan[0m
[0m[INFO] [1774250354.950446936, 158.050000000]: Got new plan[0m
[0m[INFO] [1774250355.220759011, 158.548000000]: Got new plan[0m
[0m[INFO] [1774250355.500956400, 159.048000000]: Got new plan[0m
[0m[INFO] [1774250355.775811019, 159.548000000]: Got new plan[0m
[0m[INFO] [1774250356.051733007, 160.048000000]: Got new plan[0m
[0m[INFO] [1774250356.321082210, 160.548000000]: Got new plan[0m
[0m[INFO] [1774250356.594832668, 161.048000000]: Got new plan[0m
[0m[INFO] [1774250356.871279443, 161.550000000]: Got new plan[0m
[0m[INFO] [1774250357.146217190, 162.050000000]: Got new plan[0m
[0m[INFO] [1774250357.414426613, 162.548000000]: Got new plan[0m
[0m[INFO] [1774250357.689142343, 163.048000000]: Got new plan[0m
[0m[INFO] [1774250357.962990169, 163.548000000]: Got new plan[0m
[0m[INFO] [1774250358.237907747, 164.048000000]: Got new plan[0m
[0m[INFO] [1774250358.513600621, 164.548000000]: Got new plan[0m
[0m[INFO] [1774250358.784105072, 165.048000000]: Got new plan[0m
[0m[INFO] [1774250359.057257164, 165.550000000]: Got new plan[0m
[0m[INFO] [1774250359.330425888, 166.048000000]: Got new plan[0m
[0m[INFO] [1774250359.604575307, 166.548000000]: Got new plan[0m
[0m[INFO] [1774250359.875799262, 167.048000000]: Got new plan[0m
[0m[INFO] [1774250360.166067232, 167.548000000]: Got new plan[0m
[0m[INFO] [1774250360.436331874, 168.048000000]: Got new plan[0m
[0m[INFO] [1774250360.717259499, 168.550000000]: Got new plan[0m
[0m[INFO] [1774250360.988678180, 169.048000000]: Got new plan[0m
[0m[INFO] [1774250361.264255921, 169.548000000]: Got new plan[0m
[0m[INFO] [1774250361.541024507, 170.048000000]: Got new plan[0m
[0m[INFO] [1774250361.813280233, 170.550000000]: Got new plan[0m
[0m[INFO] [1774250362.083465342, 171.048000000]: Got new plan[0m
[0m[INFO] [1774250362.362156150, 171.548000000]: Got new plan[0m
[0m[INFO] [1774250362.639102840, 172.048000000]: Got new plan[0m
[0m[INFO] [1774250362.913866117, 172.548000000]: Got new plan[0m
[0m[INFO] [1774250363.191525184, 173.048000000]: Got new plan[0m
[0m[INFO] [1774250363.308439266, 173.248000000]: Got new plan[0m
[0m[INFO] [1774250363.586803582, 173.748000000]: Got new plan[0m
[0m[INFO] [1774250363.865433850, 174.250000000]: Got new plan[0m
[0m[INFO] [1774250364.144074809, 174.748000000]: Got new plan[0m
[0m[INFO] [1774250364.412649993, 175.248000000]: Got new plan[0m
[0m[INFO] [1774250364.688714554, 175.748000000]: Got new plan[0m
[0m[INFO] [1774250364.962647944, 176.248000000]: Got new plan[0m
[0m[INFO] [1774250365.235143543, 176.748000000]: Got new plan[0m
[0m[INFO] [1774250365.513042468, 177.248000000]: Got new plan[0m
[0m[INFO] [1774250365.783054274, 177.748000000]: Got new plan[0m
[0m[INFO] [1774250366.061202530, 178.250000000]: Got new plan[0m
[0m[INFO] [1774250366.331593091, 178.748000000]: Got new plan[0m
[0m[INFO] [1774250366.604055459, 179.248000000]: Got new plan[0m
[0m[INFO] [1774250366.872250734, 179.750000000]: Got new plan[0m
[0m[INFO] [1774250367.146814599, 180.248000000]: Got new plan[0m
[0m[INFO] [1774250367.209486502, 180.348000000]: Got new plan[0m
[0m[INFO] [1774250367.482898708, 180.848000000]: Got new plan[0m
[0m[INFO] [1774250367.796166806, 181.348000000]: Got new plan[0m
[0m[INFO] [1774250368.064369218, 181.848000000]: Got new plan[0m
[0m[INFO] [1774250368.340196368, 182.350000000]: Got new plan[0m
[0m[INFO] [1774250368.617927919, 182.848000000]: Got new plan[0m
[0m[INFO] [1774250368.892649709, 183.348000000]: Got new plan[0m
[0m[INFO] [1774250369.168260780, 183.848000000]: Got new plan[0m
[0m[INFO] [1774250369.440622263, 184.348000000]: Got new plan[0m
[0m[INFO] [1774250369.719718013, 184.848000000]: Got new plan[0m
[0m[INFO] [1774250369.998749650, 185.348000000]: Got new plan[0m
[0m[INFO] [1774250370.279703510, 185.848000000]: Got new plan[0m
[0m[INFO] [1774250370.553654775, 186.350000000]: Got new plan[0m
[0m[INFO] [1774250370.832130775, 186.848000000]: Got new plan[0m
[0m[INFO] [1774250371.101911120, 187.348000000]: Got new plan[0m
[0m[INFO] [1774250371.370361714, 187.848000000]: Got new plan[0m
[0m[INFO] [1774250371.640957729, 188.348000000]: Got new plan[0m
[0m[INFO] [1774250371.907308021, 188.848000000]: Got new plan[0m
[0m[INFO] [1774250371.974074873, 188.950000000]: Got new plan[0m
[0m[INFO] [1774250372.243727008, 189.448000000]: Got new plan[0m
[0m[INFO] [1774250372.512239352, 189.950000000]: Got new plan[0m
[0m[INFO] [1774250372.781740703, 190.450000000]: Got new plan[0m
[0m[INFO] [1774250373.051379781, 190.950000000]: Got new plan[0m
[0m[INFO] [1774250373.315670157, 191.448000000]: Got new plan[0m
[0m[INFO] [1774250373.586438350, 191.948000000]: Got new plan[0m
[0m[INFO] [1774250373.859128754, 192.448000000]: Got new plan[0m
[0m[INFO] [1774250374.127539007, 192.948000000]: Got new plan[0m
[0m[INFO] [1774250374.395905337, 193.448000000]: Got new plan[0m
[0m[INFO] [1774250374.666307858, 193.948000000]: Got new plan[0m
[0m[INFO] [1774250374.929299357, 194.448000000]: Got new plan[0m
[0m[INFO] [1774250375.200809620, 194.948000000]: Got new plan[0m
[0m[INFO] [1774250375.470320502, 195.448000000]: Got new plan[0m
[0m[INFO] [1774250375.740712347, 195.948000000]: Got new plan[0m
[0m[INFO] [1774250376.010160303, 196.448000000]: Got new plan[0m
[0m[INFO] [1774250376.259722465, 196.898000000]: Got new plan[0m
[0m[INFO] [1774250376.532507884, 197.398000000]: Got new plan[0m
[0m[INFO] [1774250376.803037465, 197.898000000]: Got new plan[0m
[0m[INFO] [1774250377.073717834, 198.398000000]: Got new plan[0m
[0m[INFO] [1774250377.374126594, 198.898000000]: Got new plan[0m
[0m[INFO] [1774250377.640533938, 199.398000000]: Got new plan[0m
[0m[INFO] [1774250377.910836759, 199.898000000]: Got new plan[0m
[0m[INFO] [1774250378.180190948, 200.398000000]: Got new plan[0m
[0m[INFO] [1774250378.449676929, 200.898000000]: Got new plan[0m
[0m[INFO] [1774250378.716864329, 201.398000000]: Got new plan[0m
[0m[INFO] [1774250378.980812821, 201.898000000]: Got new plan[0m
[0m[INFO] [1774250379.257887926, 202.398000000]: Got new plan[0m
[0m[INFO] [1774250379.526560628, 202.898000000]: Got new plan[0m
[0m[INFO] [1774250379.795064736, 203.398000000]: Got new plan[0m
[0m[INFO] [1774250380.066026523, 203.898000000]: Got new plan[0m
[0m[INFO] [1774250380.333304178, 204.400000000]: Got new plan[0m
[0m[INFO] [1774250380.607305419, 204.898000000]: Got new plan[0m
[0m[INFO] [1774250380.877789926, 205.398000000]: Got new plan[0m
[0m[INFO] [1774250381.148377733, 205.898000000]: Got new plan[0m
[0m[INFO] [1774250381.294882561, 206.150000000]: Got new plan[0m
[0m[INFO] [1774250381.567614607, 206.648000000]: Got new plan[0m
[0m[INFO] [1774250381.841365341, 207.148000000]: Got new plan[0m
[0m[INFO] [1774250382.114851316, 207.648000000]: Got new plan[0m
[0m[INFO] [1774250382.386259551, 208.148000000]: Got new plan[0m
[0m[INFO] [1774250382.651241021, 208.648000000]: Got new plan[0m
[0m[INFO] [1774250382.925019074, 209.148000000]: Got new plan[0m
[0m[INFO] [1774250383.196834555, 209.648000000]: Got new plan[0m
[0m[INFO] [1774250383.467866432, 210.148000000]: Got new plan[0m
[0m[INFO] [1774250383.739001602, 210.648000000]: Got new plan[0m
[0m[INFO] [1774250384.002795799, 211.148000000]: Got new plan[0m
[0m[INFO] [1774250384.278258629, 211.650000000]: Got new plan[0m
[0m[INFO] [1774250384.548973511, 212.148000000]: Got new plan[0m
[0m[INFO] [1774250384.819550669, 212.648000000]: Got new plan[0m
[0m[INFO] [1774250385.088676970, 213.148000000]: Got new plan[0m
[0m[INFO] [1774250385.359235142, 213.650000000]: Got new plan[0m
[0m[INFO] [1774250385.501184387, 213.900000000]: Got new plan[0m
[0m[INFO] [1774250385.771869598, 214.398000000]: Got new plan[0m
[0m[INFO] [1774250386.042173693, 214.898000000]: Got new plan[0m
[0m[INFO] [1774250386.304899366, 215.398000000]: Got new plan[0m
[0m[INFO] [1774250386.575185661, 215.898000000]: Got new plan[0m
[0m[INFO] [1774250386.845793709, 216.398000000]: Got new plan[0m
[0m[INFO] [1774250387.117387208, 216.898000000]: Got new plan[0m
[0m[INFO] [1774250387.390071826, 217.398000000]: Got new plan[0m
[0m[INFO] [1774250387.655303864, 217.898000000]: Got new plan[0m
[0m[INFO] [1774250387.932193841, 218.398000000]: Got new plan[0m
[0m[INFO] [1774250388.203671000, 218.898000000]: Got new plan[0m
[0m[INFO] [1774250388.398888930, 219.250000000]: Got new plan[0m
[0m[INFO] [1774250388.669491064, 219.750000000]: Got new plan[0m
[0m[INFO] [1774250388.936944520, 220.248000000]: Got new plan[0m
[0m[INFO] [1774250389.210799819, 220.748000000]: Got new plan[0m
[0m[INFO] [1774250389.481193001, 221.248000000]: Got new plan[0m
[0m[INFO] [1774250389.751891314, 221.748000000]: Got new plan[0m
[0m[INFO] [1774250390.021257496, 222.250000000]: Got new plan[0m
[0m[INFO] [1774250390.287618673, 222.748000000]: Got new plan[0m
[0m[INFO] [1774250390.511361111, 223.148000000]: Got new plan[0m
[0m[INFO] [1774250390.779738296, 223.648000000]: Got new plan[0m
[0m[INFO] [1774250391.049071245, 224.148000000]: Got new plan[0m
[0m[INFO] [1774250391.319289917, 224.648000000]: Got new plan[0m
[0m[INFO] [1774250391.592916094, 225.148000000]: Got new plan[0m
[0m[INFO] [1774250391.857756370, 225.648000000]: Got new plan[0m
[0m[INFO] [1774250392.130071790, 226.148000000]: Got new plan[0m
[0m[INFO] [1774250392.398310083, 226.648000000]: Got new plan[0m
[0m[INFO] [1774250392.666724094, 227.148000000]: Got new plan[0m
[0m[INFO] [1774250392.942270119, 227.650000000]: Got new plan[0m
[0m[INFO] [1774250393.218221016, 228.148000000]: Got new plan[0m
[0m[INFO] [1774250393.489681608, 228.648000000]: Got new plan[0m
[0m[INFO] [1774250393.765713242, 229.150000000]: Got new plan[0m
[0m[INFO] [1774250394.042922664, 229.648000000]: Got new plan[0m
[0m[INFO] [1774250394.322428303, 230.148000000]: Got new plan[0m
[0m[INFO] [1774250394.494798186, 230.448000000]: Got new plan[0m
[0m[INFO] [1774250394.768560932, 230.948000000]: Got new plan[0m
[0m[INFO] [1774250395.045135168, 231.448000000]: Got new plan[0m
[0m[INFO] [1774250395.323962878, 231.948000000]: Got new plan[0m
[0m[INFO] [1774250395.596923030, 232.448000000]: Got new plan[0m
[0m[INFO] [1774250395.871679543, 232.948000000]: Got new plan[0m
[0m[INFO] [1774250396.149322349, 233.450000000]: Got new plan[0m
[0m[INFO] [1774250396.424201163, 233.950000000]: Got new plan[0m
[0m[INFO] [1774250396.698857954, 234.448000000]: Got new plan[0m
[0m[INFO] [1774250396.971583035, 234.948000000]: Got new plan[0m
[0m[INFO] [1774250397.247747687, 235.448000000]: Got new plan[0m
[0m[INFO] [1774250397.522316630, 235.950000000]: Got new plan[0m
[0m[INFO] [1774250397.798173776, 236.448000000]: Got new plan[0m
[0m[INFO] [1774250398.075695498, 236.948000000]: Got new plan[0m
[0m[INFO] [1774250398.347143081, 237.448000000]: Got new plan[0m
[0m[INFO] [1774250398.468891945, 237.648000000]: Got new plan[0m
[0m[INFO] [1774250398.741612297, 238.148000000]: Got new plan[0m
[0m[INFO] [1774250399.018836019, 238.648000000]: Got new plan[0m
[0m[INFO] [1774250399.296066874, 239.150000000]: Got new plan[0m
[0m[INFO] [1774250399.572095010, 239.648000000]: Got new plan[0m
[0m[INFO] [1774250399.842330387, 240.148000000]: Got new plan[0m
[0m[INFO] [1774250400.119132637, 240.648000000]: Got new plan[0m
[0m[INFO] [1774250400.396922714, 241.148000000]: Got new plan[0m
[0m[INFO] [1774250400.673933932, 241.648000000]: Got new plan[0m
[0m[INFO] [1774250400.941567979, 242.148000000]: Got new plan[0m
[0m[INFO] [1774250401.215342669, 242.650000000]: Got new plan[0m
[0m[INFO] [1774250401.491079941, 243.148000000]: Got new plan[0m
[0m[INFO] [1774250401.761412696, 243.648000000]: Got new plan[0m
[0m[INFO] [1774250402.045443151, 244.148000000]: Got new plan[0m
[0m[INFO] [1774250402.070902088, 244.198000000]: Got new plan[0m
[0m[INFO] [1774250402.340441747, 244.698000000]: Got new plan[0m
[0m[INFO] [1774250402.612079337, 245.198000000]: Got new plan[0m
[0m[INFO] [1774250402.882706549, 245.698000000]: Got new plan[0m
[0m[INFO] [1774250403.152458737, 246.198000000]: Got new plan[0m
[0m[INFO] [1774250403.425333488, 246.698000000]: Got new plan[0m
[0m[INFO] [1774250403.699992728, 247.198000000]: Got new plan[0m
[0m[INFO] [1774250403.971922400, 247.698000000]: Got new plan[0m
[0m[INFO] [1774250404.243859206, 248.198000000]: Got new plan[0m
[0m[INFO] [1774250404.512314894, 248.698000000]: Got new plan[0m
[0m[INFO] [1774250404.778373456, 249.198000000]: Got new plan[0m
[0m[INFO] [1774250405.051026196, 249.698000000]: Got new plan[0m
[0m[INFO] [1774250405.168074634, 249.898000000]: Got new plan[0m
[0m[INFO] [1774250405.444993296, 250.398000000]: Got new plan[0m
[0m[INFO] [1774250405.719213261, 250.900000000]: Got new plan[0m
[0m[INFO] [1774250405.994289257, 251.400000000]: Got new plan[0m
[0m[INFO] [1774250406.269548106, 251.898000000]: Got new plan[0m
[0m[INFO] [1774250406.542332654, 252.398000000]: Got new plan[0m
[0m[INFO] [1774250406.814799010, 252.898000000]: Got new plan[0m
[0m[INFO] [1774250407.081288579, 253.398000000]: Got new plan[0m
[0m[INFO] [1774250407.353975780, 253.898000000]: Got new plan[0m
[0m[INFO] [1774250407.626420775, 254.398000000]: Got new plan[0m
[0m[INFO] [1774250407.897074157, 254.898000000]: Got new plan[0m
[0m[INFO] [1774250408.169268641, 255.398000000]: Got new plan[0m
[0m[INFO] [1774250408.439633524, 255.900000000]: Got new plan[0m
[0m[INFO] [1774250408.705974699, 256.398000000]: Got new plan[0m
[0m[INFO] [1774250408.976999712, 256.898000000]: Got new plan[0m
[0m[INFO] [1774250409.259387048, 257.398000000]: Got new plan[0m
[0m[INFO] [1774250409.530061822, 257.898000000]: Got new plan[0m
[0m[INFO] [1774250409.801592628, 258.398000000]: Got new plan[0m
[0m[INFO] [1774250410.068576136, 258.898000000]: Got new plan[0m
[0m[INFO] [1774250410.344212583, 259.400000000]: Got new plan[0m
[0m[INFO] [1774250410.615627045, 259.898000000]: Got new plan[0m
[0m[INFO] [1774250410.885037371, 260.398000000]: Got new plan[0m
[0m[INFO] [1774250411.153476504, 260.898000000]: Got new plan[0m
[0m[INFO] [1774250411.425345706, 261.400000000]: Got new plan[0m
[0m[INFO] [1774250411.690340530, 261.898000000]: Got new plan[0m
[0m[INFO] [1774250411.958621758, 262.398000000]: Got new plan[0m
[0m[INFO] [1774250412.228296867, 262.898000000]: Got new plan[0m
[0m[INFO] [1774250412.499621116, 263.398000000]: Got new plan[0m
[0m[INFO] [1774250412.780518442, 263.898000000]: Got new plan[0m
[0m[INFO] [1774250413.053073907, 264.398000000]: Got new plan[0m
[0m[INFO] [1774250413.330732330, 264.898000000]: Got new plan[0m
[0m[INFO] [1774250413.622346099, 265.400000000]: Got new plan[0m
[0m[INFO] [1774250413.903601996, 265.898000000]: Got new plan[0m
[0m[INFO] [1774250414.185484785, 266.398000000]: Got new plan[0m
[0m[INFO] [1774250414.459267921, 266.898000000]: Got new plan[0m
[0m[INFO] [1774250414.736362394, 267.398000000]: Got new plan[0m
[0m[INFO] [1774250415.012079618, 267.898000000]: Got new plan[0m
[0m[INFO] [1774250415.286844648, 268.398000000]: Got new plan[0m
[0m[INFO] [1774250415.559871494, 268.900000000]: Got new plan[0m
[0m[INFO] [1774250415.837550122, 269.398000000]: Got new plan[0m
[0m[INFO] [1774250416.113250737, 269.900000000]: Got new plan[0m
[0m[INFO] [1774250416.389726655, 270.398000000]: Got new plan[0m
[0m[INFO] [1774250416.534130185, 270.648000000]: Got new plan[0m
[0m[INFO] [1774250416.806476726, 271.148000000]: Got new plan[0m
[0m[INFO] [1774250417.081079112, 271.648000000]: Got new plan[0m
[0m[INFO] [1774250417.349192992, 272.150000000]: Got new plan[0m
[0m[INFO] [1774250417.627200518, 272.650000000]: Got new plan[0m
[0m[INFO] [1774250417.900997932, 273.148000000]: Got new plan[0m
[0m[INFO] [1774250418.177552228, 273.648000000]: Got new plan[0m
[0m[INFO] [1774250418.453765776, 274.148000000]: Got new plan[0m
[0m[INFO] [1774250418.723338840, 274.648000000]: Got new plan[0m
[0m[INFO] [1774250419.003647335, 275.148000000]: Got new plan[0m
[0m[INFO] [1774250419.282687819, 275.648000000]: Got new plan[0m
[0m[INFO] [1774250419.561871965, 276.148000000]: Got new plan[0m
[0m[INFO] [1774250419.837145194, 276.648000000]: Got new plan[0m
[0m[INFO] [1774250420.111118350, 277.148000000]: Got new plan[0m
[0m[INFO] [1774250420.391303388, 277.650000000]: Got new plan[0m
[0m[INFO] [1774250420.672287468, 278.150000000]: Got new plan[0m
[0m[INFO] [1774250420.940560474, 278.648000000]: Got new plan[0m
[0m[INFO] [1774250421.211324412, 279.148000000]: Got new plan[0m
[0m[INFO] [1774250421.476671957, 279.648000000]: Got new plan[0m
[0m[INFO] [1774250421.753990899, 280.148000000]: Got new plan[0m
[0m[INFO] [1774250422.022821939, 280.648000000]: Got new plan[0m
[0m[INFO] [1774250422.295256399, 281.148000000]: Got new plan[0m
[0m[INFO] [1774250422.565674849, 281.648000000]: Got new plan[0m
[0m[INFO] [1774250422.831944925, 282.148000000]: Got new plan[0m
[0m[INFO] [1774250422.946793396, 282.348000000]: Got new plan[0m
[0m[INFO] [1774250423.213128780, 282.848000000]: Got new plan[0m
[0m[INFO] [1774250423.483581671, 283.350000000]: Got new plan[0m
[0m[INFO] [1774250423.753096607, 283.848000000]: Got new plan[0m
[0m[INFO] [1774250424.019923529, 284.350000000]: Got new plan[0m
[0m[INFO] [1774250424.288589566, 284.848000000]: Got new plan[0m
[0m[INFO] [1774250424.560365103, 285.348000000]: Got new plan[0m
[0m[INFO] [1774250424.830052205, 285.848000000]: Got new plan[0m
[0m[INFO] [1774250425.104247432, 286.350000000]: Got new plan[0m
[0m[INFO] [1774250425.374712216, 286.848000000]: Got new plan[0m
[0m[INFO] [1774250425.645130695, 287.348000000]: Got new plan[0m
[0m[INFO] [1774250425.925246921, 287.850000000]: Got new plan[0m
[0m[INFO] [1774250426.158544931, 288.248000000]: Got new plan[0m
[0m[INFO] [1774250426.435823555, 288.748000000]: Got new plan[0m
[0m[INFO] [1774250426.713897660, 289.248000000]: Got new plan[0m
[0m[INFO] [1774250426.988718603, 289.748000000]: Got new plan[0m
[0m[INFO] [1774250427.265712288, 290.248000000]: Got new plan[0m
[0m[INFO] [1774250427.545796478, 290.748000000]: Got new plan[0m
[0m[INFO] [1774250427.822657187, 291.248000000]: Got new plan[0m
[0m[INFO] [1774250428.093244284, 291.748000000]: Got new plan[0m
[0m[INFO] [1774250428.372258739, 292.248000000]: Got new plan[0m
[0m[INFO] [1774250428.650117966, 292.748000000]: Got new plan[0m
[0m[INFO] [1774250428.924900936, 293.248000000]: Got new plan[0m
[0m[INFO] [1774250429.200663423, 293.748000000]: Got new plan[0m
[0m[INFO] [1774250429.454247421, 294.198000000]: Got new plan[0m
[0m[INFO] [1774250429.478654448, 294.248000000]: Got new plan[0m
[0m[INFO] [1774250429.754543978, 294.748000000]: Got new plan[0m
[0m[INFO] [1774250430.029533547, 295.248000000]: Got new plan[0m
[0m[INFO] [1774250430.303244418, 295.748000000]: Got new plan[0m
[0m[INFO] [1774250430.578058277, 296.248000000]: Got new plan[0m
[0m[INFO] [1774250430.856088492, 296.748000000]: Got new plan[0m
[0m[INFO] [1774250431.133971489, 297.248000000]: Got new plan[0m
[0m[INFO] [1774250431.409843230, 297.748000000]: Got new plan[0m
[0m[INFO] [1774250431.686854764, 298.248000000]: Got new plan[0m
[0m[INFO] [1774250431.968202266, 298.750000000]: Got new plan[0m
[0m[INFO] [1774250432.240955015, 299.248000000]: Got new plan[0m
[0m[INFO] [1774250432.521065375, 299.748000000]: Got new plan[0m
[0m[INFO] [1774250432.800304268, 300.250000000]: Got new plan[0m
[0m[INFO] [1774250433.076998809, 300.748000000]: Got new plan[0m
[0m[INFO] [1774250433.356069117, 301.248000000]: Got new plan[0m
[0m[INFO] [1774250433.628951292, 301.748000000]: Got new plan[0m
[0m[INFO] [1774250433.908122519, 302.248000000]: Got new plan[0m
[0m[INFO] [1774250434.187183335, 302.750000000]: Got new plan[0m
[0m[INFO] [1774250434.462075594, 303.248000000]: Got new plan[0m
Error in XmlRpcClient::writeRequest: write error (Connection refused).
Error in XmlRpcDispatch::work: couldn't find source iterator
Error in XmlRpcClient::writeRequest: write error (Connection refused).
Error in XmlRpcDispatch::work: couldn't find source iterator
Error in XmlRpcClient::writeRequest: write error (Connection refused).
Error in XmlRpcDispatch::work: couldn't find source iterator
Error in XmlRpcClient::writeRequest: write error (Connection refused).
Error in XmlRpcDispatch::work: couldn't find source iterator
Error in XmlRpcClient::writeRequest: write error (Connection refused).
Error in XmlRpcDispatch::work: couldn't find source iterator
Error in XmlRpcClient::writeRequest: write error (Connection refused).
Error in XmlRpcDispatch::work: couldn't find source iterator
Error in XmlRpcClient::writeRequest: write error (Connection refused).
Error in XmlRpcDispatch::work: couldn't find source iterator
Error in XmlRpcClient::writeRequest: write error (Connection refused).
Error in XmlRpcDispatch::work: couldn't find source iterator
Error in XmlRpcClient::writeRequest: write error (Connection refused).
Error in XmlRpcDispatch::work: couldn't find source iterator
Error in XmlRpcClient::writeRequest: write error (Connection refused).
Error in XmlRpcDispatch::work: couldn't find source iterator
Error in XmlRpcClient::writeRequest: write error (Connection refused).
Error in XmlRpcDispatch::work: couldn't find source iterator
Error in XmlRpcClient::writeRequest: write error (Connection refused).
Error in XmlRpcDispatch::work: couldn't find source iterator
Error in XmlRpcClient::writeRequest: write error (Connection refused).
Error in XmlRpcDispatch::work: couldn't find source iterator
Error in XmlRpcClient::writeRequest: write error (Connection refused).
Error in XmlRpcDispatch::work: couldn't find source iterator
Error in XmlRpcClient::writeRequest: write error (Connection refused).
Error in XmlRpcDispatch::work: couldn't find source iterator
Error in XmlRpcClient::writeRequest: write error (Connection refused).
Error in XmlRpcDispatch::work: couldn't find source iterator
Error in XmlRpcClient::writeRequest: write error (Connection refused).
Error in XmlRpcDispatch::work: couldn't find source iterator
Error in XmlRpcClient::writeRequest: write error (Connection refused).
Error in XmlRpcDispatch::work: couldn't find source iterator
Error in XmlRpcClient::writeRequest: write error (Connection refused).
Error in XmlRpcDispatch::work: couldn't find source iterator
Error in XmlRpcClient::writeRequest: write error (Connection refused).
Error in XmlRpcDispatch::work: couldn't find source iterator
Error in XmlRpcClient::writeRequest: write error (Connection refused).
Error in XmlRpcDispatch::work: couldn't find source iterator
Error in XmlRpcClient::writeRequest: write error (Connection refused).
Error in XmlRpcDispatch::work: couldn't find source iterator
Error in XmlRpcClient::writeRequest: write error (Connection refused).
Error in XmlRpcDispatch::work: couldn't find source iterator
Error in XmlRpcClient::writeRequest: write error (Connection refused).
Error in XmlRpcDispatch::work: couldn't find source iterator
Error in XmlRpcClient::writeRequest: write error (Connection refused).
Error in XmlRpcDispatch::work: couldn't find source iterator
Error in XmlRpcClient::writeRequest: write error (Connection refused).
Error in XmlRpcDispatch::work: couldn't find source iterator
Error in XmlRpcClient::writeRequest: write error (Connection refused).
Error in XmlRpcDispatch::work: couldn't find source iterator
Error in XmlRpcClient::writeRequest: write error (Connection refused).
Error in XmlRpcDispatch::work: couldn't find source iterator
Error in XmlRpcClient::writeRequest: write error (Connection refused).
Error in XmlRpcDispatch::work: couldn't find source iterator
Error in XmlRpcClient::writeRequest: write error (Connection refused).
Error in XmlRpcDispatch::work: couldn't find source iterator
Error in XmlRpcClient::writeRequest: write error (Connection refused).
Error in XmlRpcDispatch::work: couldn't find source iterator
Error in XmlRpcClient::writeRequest: write error (Connection refused).
Error in XmlRpcDispatch::work: couldn't find source iterator
Error in XmlRpcClient::writeRequest: write error (Connection refused).
Error in XmlRpcDispatch::work: couldn't find source iterator
Error in XmlRpcClient::writeRequest: write error (Connection refused).
Error in XmlRpcDispatch::work: couldn't find source iterator
Error in XmlRpcClient::writeRequest: write error (Connection refused).
Error in XmlRpcDispatch::work: couldn't find source iterator
Error in XmlRpcClient::writeRequest: write error (Connection refused).
Error in XmlRpcDispatch::work: couldn't find source iterator
Error in XmlRpcClient::writeRequest: write error (Connection refused).
Error in XmlRpcDispatch::work: couldn't find source iterator
Error in XmlRpcClient::writeRequest: write error (Connection refused).
Error in XmlRpcDispatch::work: couldn't find source iterator
Error in XmlRpcClient::writeRequest: write error (Connection refused).
Error in XmlRpcDispatch::work: couldn't find source iterator
Error in XmlRpcClient::writeRequest: write error (Connection refused).
Error in XmlRpcDispatch::work: couldn't find source iterator
Error in XmlRpcClient::writeRequest: write error (Connection refused).
Error in XmlRpcDispatch::work: couldn't find source iterator
Error in XmlRpcClient::writeRequest: write error (Connection refused).
Error in XmlRpcDispatch::work: couldn't find source iterator
Error in XmlRpcClient::writeRequest: write error (Connection refused).
Error in XmlRpcDispatch::work: couldn't find source iterator
Error in XmlRpcClient::writeRequest: write error (Connection refused).
Error in XmlRpcDispatch::work: couldn't find source iterator
Error in XmlRpcClient::writeRequest: write error (Connection refused).
Error in XmlRpcDispatch::work: couldn't find source iterator
Error in XmlRpcClient::writeRequest: write error (Connection refused).
Error in XmlRpcDispatch::work: couldn't find source iterator
Error in XmlRpcClient::writeRequest: write error (Connection refused).
Error in XmlRpcDispatch::work: couldn't find source iterator
Error in XmlRpcClient::writeRequest: write error (Connection refused).
Error in XmlRpcDispatch::work: couldn't find source iterator
Error in XmlRpcClient::writeRequest: write error (Connection refused).
Error in XmlRpcDispatch::work: couldn't find source iterator
Error in XmlRpcClient::writeRequest: write error (Connection refused).
Error in XmlRpcDispatch::work: couldn't find source iterator
Error in XmlRpcClient::writeRequest: write error (Connection refused).
Error in XmlRpcDispatch::work: couldn't find source iterator
Error in XmlRpcClient::writeRequest: write error (Connection refused).
Error in XmlRpcDispatch::work: couldn't find source iterator
Error in XmlRpcClient::writeRequest: write error (Connection refused).
Error in XmlRpcDispatch::work: couldn't find source iterator
Error in XmlRpcClient::writeRequest: write error (Connection refused).
Error in XmlRpcDispatch::work: couldn't find source iterator
Error in XmlRpcClient::writeRequest: write error (Connection refused).
Error in XmlRpcDispatch::work: couldn't find source iterator
Error in XmlRpcClient::writeRequest: write error (Connection refused).
Error in XmlRpcDispatch::work: couldn't find source iterator
Error in XmlRpcClient::writeRequest: write error (Connection refused).
Error in XmlRpcDispatch::work: couldn't find source iterator
Error in XmlRpcClient::writeRequest: write error (Connection refused).
Error in XmlRpcDispatch::work: couldn't find source iterator
Error in XmlRpcClient::writeRequest: write error (Connection refused).
Error in XmlRpcDispatch::work: couldn't find source iterator
Error in XmlRpcClient::writeRequest: write error (Connection refused).
Error in XmlRpcDispatch::work: couldn't find source iterator
Error in XmlRpcClient::writeRequest: write error (Connection refused).
Error in XmlRpcDispatch::work: couldn't find source iterator
Error in XmlRpcClient::writeRequest: write error (Connection refused).
Error in XmlRpcDispatch::work: couldn't find source iterator
Error in XmlRpcClient::writeRequest: write error (Connection refused).
Error in XmlRpcDispatch::work: couldn't find source iterator
Error in XmlRpcClient::writeRequest: write error (Connection refused).
Error in XmlRpcDispatch::work: couldn't find source iterator
Error in XmlRpcClient::writeRequest: write error (Connection refused).
Error in XmlRpcDispatch::work: couldn't find source iterator
Error in XmlRpcClient::writeRequest: write error (Connection refused).
Error in XmlRpcDispatch::work: couldn't find source iterator
Error in XmlRpcClient::writeRequest: write error (Connection refused).
Error in XmlRpcDispatch::work: couldn't find source iterator
Error in XmlRpcClient::writeRequest: write error (Connection refused).
Error in XmlRpcDispatch::work: couldn't find source iterator
Error in XmlRpcClient::writeRequest: write error (Connection refused).
Error in XmlRpcDispatch::work: couldn't find source iterator
[0m[INFO] [1774250315.118661962, 84.424000000]: global_costmap: Using plugin "static_map"[0m
[0m[INFO] [1774250315.122033837, 84.430000000]: Requesting the map...[0m
[0m[INFO] [1774250315.272636750, 84.732000000]: Resizing costmap to 480 X 480 at 0.050000 m/pix[0m
[0m[INFO] [1774250315.322341042, 84.832000000]: Received a 480 X 480 map at 0.050000 m/pix[0m
[0m[INFO] [1774250315.325530076, 84.838000000]: global_costmap: Using plugin "obstacle_layer"[0m
[0m[INFO] [1774250315.327918884, 84.842000000]:     Subscribed to Topics: scan[0m
[0m[INFO] [1774250315.338580659, 84.864000000]: global_costmap: Using plugin "voronoi_layer"[0m
[0m[INFO] [1774250315.340742695, 84.868000000]: global_costmap: Using plugin "inflation_layer"[0m
[0m[INFO] [1774250315.365834672, 84.918000000]: local_costmap: Using plugin "obstacle_layer"[0m
[0m[INFO] [1774250315.366982772, 84.920000000]:     Subscribed to Topics: [0m
[0m[INFO] [1774250315.371268853, 84.930000000]: local_costmap: Using plugin "inflation_layer"[0m
[0m[INFO] [1774250315.390445800, 84.968000000]: Created local_planner pid_controller/PIDController[0m
[0m[INFO] [1774250315.399882302, 84.986000000]: PID Controller initialized![0m
[0m[INFO] [1774250315.892656951, 85.972000000]: Recovery behavior will clear layer 'obstacles'[0m
[0m[INFO] [1774250315.895619215, 85.978000000]: Recovery behavior will clear layer 'obstacles'[0m
[0m[INFO] [1774250315.912967751, 86.012000000]: odom received![0m
Error in XmlRpcClient::writeRequest: write error (Connection refused).
Error in XmlRpcDispatch::work: couldn't find source iterator
Error in XmlRpcClient::writeRequest: write error (Connection refused).
Error in XmlRpcDispatch::work: couldn't find source iterator
Error in XmlRpcClient::writeRequest: write error (Connection refused).
Error in XmlRpcDispatch::work: couldn't find source iterator
Error in XmlRpcClient::writeRequest: write error (Connection refused).
Error in XmlRpcDispatch::work: couldn't find source iterator
Error in XmlRpcClient::writeRequest: write error (Connection refused).
Error in XmlRpcDispatch::work: couldn't find source iterator
Error in XmlRpcClient::writeRequest: write error (Connection refused).
Error in XmlRpcDispatch::work: couldn't find source iterator
Error in XmlRpcClient::writeRequest: write error (Connection refused).
Error in XmlRpcDispatch::work: couldn't find source iterator
Error in XmlRpcClient::writeRequest: write error (Connection refused).
Error in XmlRpcDispatch::work: couldn't find source iterator
Error in XmlRpcClient::writeRequest: write error (Connection refused).
Error in XmlRpcDispatch::work: couldn't find source iterator
Error in XmlRpcClient::writeRequest: write error (Connection refused).
Error in XmlRpcDispatch::work: couldn't find source iterator
Error in XmlRpcClient::writeRequest: write error (Connection refused).
Error in XmlRpcDispatch::work: couldn't find source iterator
Error in XmlRpcClient::writeRequest: write error (Connection refused).
Error in XmlRpcDispatch::work: couldn't find source iterator
Error in XmlRpcClient::writeRequest: write error (Connection refused).
Error in XmlRpcDispatch::work: couldn't find source iterator
Error in XmlRpcClient::writeRequest: write error (Connection refused).
Error in XmlRpcDispatch::work: couldn't find source iterator
Error in XmlRpcClient::writeRequest: write error (Connection refused).
Error in XmlRpcDispatch::work: couldn't find source iterator
Error in XmlRpcClient::writeRequest: write error (Connection refused).
Error in XmlRpcDispatch::work: couldn't find source iterator
Error in XmlRpcClient::writeRequest: write error (Connection refused).
Error in XmlRpcClient::writeRequest: write error (Connection refused).
Error in XmlRpcDispatch::work: couldn't find source iterator
Error in XmlRpcDispatch::work: couldn't find source iterator
Error in XmlRpcClient::writeRequest: write error (Connection refused).
Error in XmlRpcDispatch::work: couldn't find source iterator
Error in XmlRpcClient::writeRequest: write error (Connection refused).
Error in XmlRpcDispatch::work: couldn't find source iterator
Error in XmlRpcClient::writeRequest: write error (Connection refused).
Error in XmlRpcDispatch::work: couldn't find source iterator
Error in XmlRpcClient::writeRequest: write error (Connection refused).
Error in XmlRpcDispatch::work: couldn't find source iterator
Error in XmlRpcClient::writeRequest: write error (Connection refused).
Error in XmlRpcDispatch::work: couldn't find source iterator
Error in XmlRpcClient::writeRequest: write error (Connection refused).
Error in XmlRpcDispatch::work: couldn't find source iterator
Error in XmlRpcClient::writeRequest: write error (Connection refused).
Error in XmlRpcDispatch::work: couldn't find source iterator
Error in XmlRpcClient::writeRequest: write error (Connection refused).
Error in XmlRpcDispatch::work: couldn't find source iterator
Error in XmlRpcClient::writeRequest: write error (Connection refused).
Error in XmlRpcDispatch::work: couldn't find source iterator
Error in XmlRpcClient::writeRequest: write error (Connection refused).
Error in XmlRpcDispatch::work: couldn't find source iterator
Error in XmlRpcClient::writeRequest: write error (Connection refused).
Error in XmlRpcDispatch::work: couldn't find source iterator
Error in XmlRpcClient::writeRequest: write error (Connection refused).
Error in XmlRpcDispatch::work: couldn't find source iterator
Error in XmlRpcClient::writeRequest: write error (Connection refused).
Error in XmlRpcDispatch::work: couldn't find source iterator
Error in XmlRpcClient::writeRequest: write error (Connection refused).
Error in XmlRpcDispatch::work: couldn't find source iterator
Error in XmlRpcClient::writeRequest: write error (Connection refused).
Error in XmlRpcDispatch::work: couldn't find source iterator
Error in XmlRpcClient::writeRequest: write error (Connection refused).
Error in XmlRpcDispatch::work: couldn't find source iterator
Error in XmlRpcClient::writeRequest: write error (Connection refused).
Error in XmlRpcDispatch::work: couldn't find source iterator
Error in XmlRpcClient::writeRequest: write error (Connection refused).
Error in XmlRpcDispatch::work: couldn't find source iterator
Error in XmlRpcClient::writeRequest: write error (Connection refused).
Error in XmlRpcDispatch::work: couldn't find source iterator
Error in XmlRpcClient::writeRequest: write error (Connection refused).
Error in XmlRpcDispatch::work: couldn't find source iterator
Error in XmlRpcClient::writeRequest: write error (Connection refused).
Error in XmlRpcDispatch::work: couldn't find source iterator
Error in XmlRpcClient::writeRequest: write error (Connection refused).
Error in XmlRpcDispatch::work: couldn't find source iterator
Error in XmlRpcClient::writeRequest: write error (Connection refused).
Error in XmlRpcDispatch::work: couldn't find source iterator
Error in XmlRpcClient::writeRequest: write error (Connection refused).
Error in XmlRpcDispatch::work: couldn't find source iterator
Error in XmlRpcClient::writeRequest: write error (Connection refused).
Error in XmlRpcDispatch::work: couldn't find source iterator
Error in XmlRpcClient::writeRequest: write error (Connection refused).
Error in XmlRpcDispatch::work: couldn't find source iterator
Error in XmlRpcClient::writeRequest: write error (Connection refused).
Error in XmlRpcDispatch::work: couldn't find source iterator
Error in XmlRpcClient::writeRequest: write error (Connection refused).
Error in XmlRpcDispatch::work: couldn't find source iterator
Error in XmlRpcClient::writeRequest: write error (Connection refused).
Error in XmlRpcDispatch::work: couldn't find source iterator
Error in XmlRpcClient::writeRequest: write error (Connection refused).
Error in XmlRpcDispatch::work: couldn't find source iterator
Error in XmlRpcClient::writeRequest: write error (Connection refused).
Error in XmlRpcDispatch::work: couldn't find source iterator
Error in XmlRpcClient::writeRequest: write error (Connection refused).
Error in XmlRpcDispatch::work: couldn't find source iterator
Error in XmlRpcClient::writeRequest: write error (Connection refused).
Error in XmlRpcDispatch::work: couldn't find source iterator
Error in XmlRpcClient::writeRequest: write error (Connection refused).
Error in XmlRpcDispatch::work: couldn't find source iterator
Error in XmlRpcClient::writeRequest: write error (Connection refused).
Error in XmlRpcDispatch::work: couldn't find source iterator
Error in XmlRpcClient::writeRequest: write error (Connection refused).
Error in XmlRpcDispatch::work: couldn't find source iterator
Error in XmlRpcClient::writeRequest: write error (Connection refused).
Error in XmlRpcDispatch::work: couldn't find source iterator
Error in XmlRpcClient::writeRequest: write error (Connection refused).
Error in XmlRpcDispatch::work: couldn't find source iterator
Error in XmlRpcClient::writeRequest: write error (Connection refused).
Error in XmlRpcDispatch::work: couldn't find source iterator
Error in XmlRpcClient::writeRequest: write error (Connection refused).
Error in XmlRpcDispatch::work: couldn't find source iterator
Error in XmlRpcClient::writeRequest: write error (Connection refused).
Error in XmlRpcDispatch::work: couldn't find source iterator
Error in XmlRpcClient::writeRequest: write error (Connection refused).
Error in XmlRpcDispatch::work: couldn't find source iterator
Error in XmlRpcClient::writeRequest: write error (Connection refused).
Error in XmlRpcDispatch::work: couldn't find source iterator
Error in XmlRpcClient::writeRequest: write error (Connection refused).
Error in XmlRpcDispatch::work: couldn't find source iterator
Error in XmlRpcClient::writeRequest: write error (Connection refused).
Error in XmlRpcDispatch::work: couldn't find source iterator
Error in XmlRpcClient::writeRequest: write error (Connection refused).
Error in XmlRpcDispatch::work: couldn't find source iterator
Error in XmlRpcClient::writeRequest: write error (Connection refused).
Error in XmlRpcDispatch::work: couldn't find source iterator
Error in XmlRpcClient::writeRequest: write error (Connection refused).
Error in XmlRpcDispatch::work: couldn't find source iterator
Error in XmlRpcClient::writeRequest: write error (Connection refused).
Error in XmlRpcDispatch::work: couldn't find source iterator
Error in XmlRpcClient::writeRequest: write error (Connection refused).
Error in XmlRpcDispatch::work: couldn't find source iterator
Error in XmlRpcClient::writeRequest: write error (Connection refused).
Error in XmlRpcDispatch::work: couldn't find source iterator
Error in XmlRpcClient::writeRequest: write error (Connection refused).
Error in XmlRpcDispatch::work: couldn't find source iterator
Error in XmlRpcClient::writeRequest: write error (Connection refused).
Error in XmlRpcDispatch::work: couldn't find source iterator
Error in XmlRpcClient::writeRequest: write error (Connection refused).
Error in XmlRpcDispatch::work: couldn't find source iterator
Error in XmlRpcClient::writeRequest: write error (Connection refused).
Error in XmlRpcDispatch::work: couldn't find source iterator
Error in XmlRpcClient::writeRequest: write error (Connection refused).
Error in XmlRpcDispatch::work: couldn't find source iterator
Error in XmlRpcClient::writeRequest: write error (Connection refused).
Error in XmlRpcDispatch::work: couldn't find source iterator
Error in XmlRpcClient::writeRequest: write error (Connection refused).
Error in XmlRpcDispatch::work: couldn't find source iterator
Error in XmlRpcClient::writeRequest: write error (Connection refused).
Error in XmlRpcDispatch::work: couldn't find source iterator
Error in XmlRpcClient::writeRequest: write error (Connection refused).
Error in XmlRpcDispatch::work: couldn't find source iterator
Error in XmlRpcClient::writeRequest: write error (Connection refused).
Error in XmlRpcDispatch::work: couldn't find source iterator
Error in XmlRpcClient::writeRequest: write error (Connection refused).
Error in XmlRpcDispatch::work: couldn't find source iterator
Error in XmlRpcClient::writeRequest: write error (Connection refused).
Error in XmlRpcDispatch::work: couldn't find source iterator
QFileSystemWatcher::removePaths: list is empty
QFileSystemWatcher::removePaths: list is empty
[INFO] [1774250310.967129, 0.000000]: Ground Truth Odom Publisher initialized
[INFO] [1774250310.951152, 0.000000]: Ground Truth Odom Publisher initialized
[31mWARNING: disk usage in log directory [/data/lzq/.ros/log] is over 1GB.
It's recommended that you use the 'rosclean' command.[0m

auto-starting new master
[1mprocess[master]: started with pid [492942][0m
[1mROS_MASTER_URI=http://localhost:11311[0m
]2;/data/lzq/ros_motion_planning/src/sim_env/launch/main.launch http://localhost:11311
[1msetting /run_id to 7defe150-2688-11f1-959d-99ad9226bd72[0m
[1mprocess[rosout-1]: started with pid [492952][0m
started core service [/rosout]
[1mprocess[gazebo-2]: started with pid [492959][0m
[1mprocess[map_server-3]: started with pid [492961][0m
[1mprocess[robot2/robot_state_publisher-4]: started with pid [492963][0m
[1mprocess[robot2/joint_state_publisher-5]: started with pid [492966][0m
[1mprocess[robot2/urdf_spawner-6]: started with pid [492967][0m
[1mprocess[robot2/tf_map2odom_node-7]: started with pid [492978][0m
[1mprocess[robot2/ground_truth_odom_publisher-8]: started with pid [492980][0m
[1mprocess[robot2/move_base-9]: started with pid [492981][0m
[1mprocess[robot1/robot_state_publisher-10]: started with pid [492982][0m
[1mprocess[robot1/joint_state_publisher-11]: started with pid [492984][0m
[1mprocess[robot1/urdf_spawner-12]: started with pid [492985][0m
[1mprocess[robot1/tf_map2odom_node-13]: started with pid [493001][0m
[1mprocess[robot1/ground_truth_odom_publisher-14]: started with pid [493008][0m
[1mprocess[robot1/move_base-15]: started with pid [493009][0m
[1mprocess[rviz-16]: started with pid [493010][0m
[1m[robot1/urdf_spawner-12] process has finished cleanly
log file: /data/lzq/.ros/log/7defe150-2688-11f1-959d-99ad9226bd72/robot1-urdf_spawner-12*.log[0m
[1m[robot2/urdf_spawner-6] process has finished cleanly
log file: /data/lzq/.ros/log/7defe150-2688-11f1-959d-99ad9226bd72/robot2-urdf_spawner-6*.log[0m
[rviz-16] killing on exit
[robot1/move_base-15] killing on exit
[robot1/ground_truth_odom_publisher-14] killing on exit
[robot1/tf_map2odom_node-13] killing on exit
[robot1/joint_state_publisher-11] killing on exit
[robot1/robot_state_publisher-10] killing on exit
[robot2/move_base-9] killing on exit
[robot2/ground_truth_odom_publisher-8] killing on exit
[robot2/tf_map2odom_node-7] killing on exit
[robot2/joint_state_publisher-5] killing on exit
[robot2/robot_state_publisher-4] killing on exit
[map_server-3] killing on exit
[gazebo-2] killing on exit
[rosout-1] killing on exit
[master] killing on exit
shutting down processing monitor...
... shutting down processing monitor complete
[1mdone[0m
